Command: /project/lhansen/HMC_rep26_robust_mac/amazon-carbon-prices/.venv/bin/python pysrc/bash/shadow_price.py --id 61 --xi 10000 --sites 1043
Working directory: /project/lhansen/HMC_rep26_robust_mac/amazon-carbon-prices
Program starts Tue Jul  7 16:00:03 CDT 2026

Data successfully loaded from /project/lhansen/HMC_rep26_robust_mac/amazon-carbon-prices/data/calibration
Solving the optimization problem...
Set parameter TokenServer to value "licenses.rcc.uchicago.edu"
Read LP format model from file /scratch/local/jobs/51504897/tmpw_2rp5a_.pyomo.lp
Reading time = 2.17 seconds
x1: 417600 rows, 834801 columns, 2083271 nonzeros
Gurobi Optimizer version 11.0.0 build v11.0.0rc2 (linux64 - "CentOS Linux 8")

CPU model: Intel(R) Xeon(R) Gold 6248R CPU @ 3.00GHz, instruction set [SSE2|AVX|AVX2|AVX512]
Thread count: 48 physical cores, 48 logical processors, using up to 32 threads

Optimize a model with 417600 rows, 834801 columns and 2083271 nonzeros
Model fingerprint: 0xdc83057c
Model has 400 quadratic objective terms
Coefficient statistics:
  Matrix range     [1e+00, 9e+02]
  Objective range  [2e-03, 1e+03]
  QObjective range [2e+03, 2e+05]
  Bounds range     [2e-06, 1e+00]
  RHS range        [6e-10, 4e-01]
Presolve removed 209011 rows and 209422 columns
Presolve time: 0.81s
Presolved: 208589 rows, 625379 columns, 1249315 nonzeros
Presolved model has 400 quadratic objective terms
Ordering time: 1.23s

Barrier statistics:
 AA' NZ     : 6.239e+05
 Factor NZ  : 6.769e+07 (roughly 900 MB of memory)
 Factor Ops : 2.541e+10 (less than 1 second per iteration)
 Threads    : 32

                  Objective                Residual
Iter       Primal          Dual         Primal    Dual     Compl     Time
   0  -1.64883842e+11  1.10640510e+11  1.04e+06 1.13e-13  1.00e+06     5s
   1  -6.51317309e+10  6.29192021e+10  4.42e+04 3.07e+01  4.64e+04     7s
   2  -3.03897305e+10  3.04528241e+10  4.47e+02 1.24e-01  5.40e+02     9s
   3  -1.08293740e+10  1.09167417e+10  3.61e+00 1.51e-12  2.88e+01    11s
   4  -2.46831573e+09  2.56611023e+09  2.90e-01 1.32e-12  6.12e+00    16s
   5  -5.87263743e+08  6.54580840e+08  3.72e-02 4.48e-12  1.47e+00    21s
   6  -9.80997663e+07  1.11685677e+08  2.90e-03 1.45e-12  2.46e-01    25s
   7  -1.45034458e+07  1.73509612e+07  7.59e-06 1.31e-12  3.73e-02    30s
   8  -2.12930371e+06  2.53159692e+06  7.74e-12 1.13e-12  5.46e-03    33s
   9  -3.18207004e+05  3.89366751e+05  4.84e-14 3.12e-13  8.29e-04    35s
  10  -4.82751403e+04  5.61693445e+04  2.00e-14 7.48e-14  1.22e-04    36s
  11  -7.68788843e+03  8.69618258e+03  1.30e-14 9.73e-15  1.92e-05    38s
  12  -1.49860690e+03  2.31214761e+03  1.15e-14 2.16e-15  4.46e-06    41s
  13  -3.69222392e+02  7.34804607e+02  2.42e-15 7.90e-16  1.29e-06    43s
  14   1.72200041e+00  3.85115523e+02  3.84e-16 6.66e-16  4.49e-07    46s
  15   1.18172810e+02  2.59022352e+02  1.94e-16 6.66e-16  1.65e-07    48s
  16   1.68535374e+02  2.16849822e+02  1.58e-16 6.66e-16  5.66e-08    50s
  17   1.77181216e+02  2.11751547e+02  1.44e-16 4.44e-16  4.05e-08    52s
  18   1.86497217e+02  2.06757895e+02  8.83e-17 6.66e-16  2.37e-08    53s
  19   1.91798761e+02  2.03857660e+02  6.90e-17 6.66e-16  1.41e-08    55s
  20   1.94941654e+02  2.02312862e+02  1.45e-16 6.66e-16  8.63e-09    57s
  21   1.97618738e+02  2.01018215e+02  1.79e-16 6.66e-16  3.98e-09    59s
  22   1.98455531e+02  2.00623732e+02  1.17e-16 4.44e-16  2.54e-09    60s
  23   1.99077957e+02  2.00344561e+02  7.91e-17 6.66e-16  1.48e-09    62s
  24   1.99261882e+02  2.00265000e+02  6.55e-17 6.66e-16  1.17e-09    64s
  25   1.99533332e+02  2.00150411e+02  1.37e-16 6.66e-16  7.23e-10    66s
  26   1.99817173e+02  2.00031543e+02  1.83e-16 6.66e-16  2.51e-10    68s
  27   1.99846108e+02  2.00020086e+02  2.17e-16 4.44e-16  2.04e-10    69s
  28   1.99935988e+02  1.99984507e+02  3.57e-16 6.66e-16  5.68e-11    71s
  29   1.99947978e+02  1.99979822e+02  2.36e-16 6.66e-16  3.73e-11    73s
  30   1.99965947e+02  1.99972854e+02  1.41e-15 6.66e-16  8.09e-12    75s
  31   1.99969272e+02  1.99971571e+02  4.00e-15 6.66e-16  2.69e-12    77s
  32   1.99970538e+02  1.99971086e+02  1.85e-15 6.66e-16  6.41e-13    80s
  33   1.99970836e+02  1.99970972e+02  1.94e-15 6.66e-16  1.59e-13    81s
  34   1.99970923e+02  1.99970939e+02  3.51e-15 1.11e-15  1.91e-14    83s
  35   1.99970934e+02  1.99970934e+02  1.87e-15 8.88e-16  1.20e-16    85s

Barrier solved model in 35 iterations and 84.72 seconds (15.98 work units)
Optimal objective 1.99970934e+02

Done! Time elapsed: 115.98366689682007 seconds.
min_result 0.11407118447821697 min_pe 6.1

Program ends Tue Jul  7 16:04:47 CDT 2026
Exit code: 0
Elapsed time: 284 seconds
