Command: /project/lhansen/HMC_rep26_robust_mac/amazon-carbon-prices/.venv/bin/python pysrc/bash/shadow_price.py --id 63 --xi 10000 --sites 1043
Working directory: /project/lhansen/HMC_rep26_robust_mac/amazon-carbon-prices
Program starts Tue Jul  7 16:00:02 CDT 2026

Data successfully loaded from /project/lhansen/HMC_rep26_robust_mac/amazon-carbon-prices/data/calibration
Solving the optimization problem...
Set parameter TokenServer to value "licenses.rcc.uchicago.edu"
Read LP format model from file /scratch/local/jobs/51504899/tmp934xwcrb.pyomo.lp
Reading time = 2.15 seconds
x1: 417600 rows, 834801 columns, 2083271 nonzeros
Gurobi Optimizer version 11.0.0 build v11.0.0rc2 (linux64 - "CentOS Linux 8")

CPU model: Intel(R) Xeon(R) Gold 6248R CPU @ 3.00GHz, instruction set [SSE2|AVX|AVX2|AVX512]
Thread count: 48 physical cores, 48 logical processors, using up to 32 threads

Optimize a model with 417600 rows, 834801 columns and 2083271 nonzeros
Model fingerprint: 0xa10775d7
Model has 400 quadratic objective terms
Coefficient statistics:
  Matrix range     [1e+00, 9e+02]
  Objective range  [2e-04, 1e+03]
  QObjective range [2e+03, 2e+05]
  Bounds range     [2e-06, 1e+00]
  RHS range        [6e-10, 4e-01]
Presolve removed 209011 rows and 209422 columns
Presolve time: 0.81s
Presolved: 208589 rows, 625379 columns, 1249315 nonzeros
Presolved model has 400 quadratic objective terms
Ordering time: 1.10s

Barrier statistics:
 AA' NZ     : 6.239e+05
 Factor NZ  : 6.769e+07 (roughly 900 MB of memory)
 Factor Ops : 2.541e+10 (less than 1 second per iteration)
 Threads    : 32

                  Objective                Residual
Iter       Primal          Dual         Primal    Dual     Compl     Time
   0  -1.66756188e+11  1.10640510e+11  1.04e+06 1.13e-13  1.00e+06     6s
   1  -6.52107378e+10  6.29189054e+10  4.42e+04 3.07e+01  4.64e+04     7s
   2  -3.03904719e+10  3.04526788e+10  4.47e+02 1.24e-01  5.40e+02     9s
   3  -1.08293639e+10  1.09166726e+10  3.61e+00 1.46e-12  2.88e+01    11s
   4  -2.46830088e+09  2.56606878e+09  2.90e-01 1.40e-12  6.12e+00    16s
   5  -5.87264529e+08  6.54568205e+08  3.72e-02 3.58e-12  1.47e+00    21s
   6  -9.81013605e+07  1.11681784e+08  2.90e-03 1.45e-12  2.46e-01    25s
   7  -1.45055195e+07  1.73515295e+07  7.66e-06 2.04e-12  3.73e-02    30s
   8  -2.12987111e+06  2.53141379e+06  7.81e-12 1.02e-12  5.46e-03    33s
   9  -3.18411448e+05  3.89313889e+05  5.49e-14 2.95e-13  8.29e-04    35s
  10  -4.83585146e+04  5.61397487e+04  1.65e-14 6.35e-14  1.22e-04    37s
  11  -7.72438961e+03  8.68516458e+03  1.33e-14 1.02e-14  1.92e-05    39s
  12  -1.50532260e+03  2.25413390e+03  1.11e-14 2.15e-15  4.40e-06    42s
  13  -3.74004660e+02  7.19277534e+02  1.70e-15 9.99e-16  1.28e-06    44s
  14  -2.18979162e+01  4.09240239e+02  4.21e-16 6.66e-16  5.05e-07    46s
  15   1.16843320e+02  2.57538374e+02  1.83e-16 6.66e-16  1.65e-07    48s
  16   1.58738660e+02  2.16171704e+02  1.01e-16 6.66e-16  6.73e-08    51s
  17   1.74471625e+02  2.05684112e+02  7.81e-17 4.44e-16  3.65e-08    52s
  18   1.77908022e+02  2.03628073e+02  6.83e-17 4.44e-16  3.01e-08    54s
  19   1.83713533e+02  2.00450733e+02  5.36e-17 4.44e-16  1.96e-08    56s
  20   1.88765573e+02  1.97746823e+02  5.38e-17 6.66e-16  1.05e-08    58s
  21   1.91696166e+02  1.96162704e+02  8.09e-17 6.66e-16  5.23e-09    59s
  22   1.92430025e+02  1.95821682e+02  6.53e-17 6.66e-16  3.97e-09    61s
  23   1.93625925e+02  1.95286218e+02  8.04e-17 8.88e-16  1.94e-09    63s
  24   1.93665482e+02  1.95268586e+02  7.59e-17 8.88e-16  1.88e-09    65s
  25   1.94065293e+02  1.95093334e+02  8.67e-17 6.66e-16  1.20e-09    67s
  26   1.94200751e+02  1.95030822e+02  7.07e-17 6.66e-16  9.72e-10    69s
  27   1.94435470e+02  1.94933721e+02  1.14e-16 6.66e-16  5.83e-10    70s
  28   1.94637810e+02  1.94851370e+02  2.48e-16 8.88e-16  2.50e-10    72s
  29   1.94642375e+02  1.94849528e+02  2.39e-16 1.11e-15  2.43e-10    74s
  30   1.94672564e+02  1.94837286e+02  1.52e-16 6.66e-16  1.93e-10    76s
  31   1.94755497e+02  1.94804094e+02  4.66e-16 8.88e-16  5.69e-11    79s
  32   1.94775410e+02  1.94796354e+02  7.31e-16 6.66e-16  2.45e-11    81s
  33   1.94786011e+02  1.94792231e+02  1.08e-15 6.66e-16  7.28e-12    82s
  34   1.94788258e+02  1.94791363e+02  1.14e-15 6.66e-16  3.64e-12    84s
  35   1.94789579e+02  1.94790855e+02  1.30e-15 6.66e-16  1.49e-12    86s
  36   1.94790231e+02  1.94790604e+02  2.99e-15 8.88e-16  4.38e-13    88s
  37   1.94790386e+02  1.94790545e+02  2.08e-15 6.66e-16  1.86e-13    90s
  38   1.94790456e+02  1.94790518e+02  1.73e-15 8.88e-16  7.32e-14    92s
  39   1.94790489e+02  1.94790505e+02  1.41e-15 1.11e-15  1.85e-14    94s
  40   1.94790501e+02  1.94790501e+02  7.35e-16 6.66e-16  5.20e-16    96s

Barrier solved model in 40 iterations and 95.60 seconds (18.05 work units)
Optimal objective 1.94790501e+02

Done! Time elapsed: 126.27017259597778 seconds.
min_result 0.08076390345532843 min_pe 6.3

Program ends Tue Jul  7 16:05:00 CDT 2026
Exit code: 0
Elapsed time: 298 seconds
