Command: /project/lhansen/HMC_rep26_robust_mac/amazon-carbon-prices/.venv/bin/python pysrc/bash/shadow_price.py --id 64 --xi 10000 --sites 1043
Working directory: /project/lhansen/HMC_rep26_robust_mac/amazon-carbon-prices
Program starts Fri May 22 01:57:38 CDT 2026

Data successfully loaded from /project/lhansen/HMC_rep26_robust_mac/amazon-carbon-prices/data/calibration
Solving the optimization problem...
Set parameter TokenServer to value "licenses.rcc.uchicago.edu"
Read LP format model from file /scratch/local/jobs/49992682/tmp6j99s52o.pyomo.lp
Reading time = 2.19 seconds
x1: 417600 rows, 834801 columns, 2083271 nonzeros
Gurobi Optimizer version 11.0.0 build v11.0.0rc2 (linux64 - "CentOS Linux 8")

CPU model: Intel(R) Xeon(R) Gold 6248R CPU @ 3.00GHz, instruction set [SSE2|AVX|AVX2|AVX512]
Thread count: 48 physical cores, 48 logical processors, using up to 32 threads

Optimize a model with 417600 rows, 834801 columns and 2083271 nonzeros
Model fingerprint: 0xe5a6ff98
Model has 400 quadratic objective terms
Coefficient statistics:
  Matrix range     [1e+00, 9e+02]
  Objective range  [3e-04, 1e+03]
  QObjective range [2e+03, 2e+05]
  Bounds range     [2e-06, 1e+00]
  RHS range        [6e-10, 4e-01]
Presolve removed 209011 rows and 209422 columns
Presolve time: 0.82s
Presolved: 208589 rows, 625379 columns, 1249315 nonzeros
Presolved model has 400 quadratic objective terms
Ordering time: 0.85s

Barrier statistics:
 AA' NZ     : 6.239e+05
 Factor NZ  : 6.769e+07 (roughly 900 MB of memory)
 Factor Ops : 2.541e+10 (less than 1 second per iteration)
 Threads    : 32

                  Objective                Residual
Iter       Primal          Dual         Primal    Dual     Compl     Time
   0  -5.72421069e+10  1.08054401e+08  1.04e+06 4.83e+02  1.08e+06     5s
   1  -3.31642230e+09  4.78976466e+07  5.94e+04 1.63e-12  7.32e+04     7s
   2  -1.58433862e+07  7.77617010e+06  1.47e+02 2.34e-12  2.00e+02     9s
   3  -1.35251624e+06  1.32802602e+06  1.98e+00 3.04e-12  5.51e+00    11s
   4  -2.36181588e+05  3.11682834e+05  7.86e-02 2.00e-12  7.34e-01    13s
   5  -5.10653614e+04  6.91969378e+04  3.08e-03 1.23e-12  1.45e-01    14s
   6  -1.01123078e+04  1.20900566e+04  2.49e-04 2.25e-12  2.67e-02    17s
   7  -4.77569548e+03  6.06507465e+03  1.00e-04 1.11e-12  1.30e-02    18s
   8  -1.69682191e+03  2.59516436e+03  1.77e-05 1.06e-12  5.15e-03    20s
   9  -8.54889242e+02  1.30995451e+03  7.82e-06 7.62e-13  2.60e-03    22s
  10  -3.57788151e+02  7.70102943e+02  2.67e-06 4.55e-13  1.35e-03    24s
  11   5.03237736e+01  2.93268938e+02  2.10e-07 4.55e-13  2.91e-04    27s
  12   1.22413180e+02  2.40290371e+02  4.74e-08 4.55e-13  1.41e-04    29s
  13   1.55195207e+02  2.16944994e+02  1.26e-08 2.56e-13  7.40e-05    31s
  14   1.77095855e+02  2.01450416e+02  2.42e-09 4.55e-13  2.92e-05    32s
  15   1.83659334e+02  1.96880278e+02  7.33e-10 4.55e-13  1.59e-05    34s
  16   1.85997501e+02  1.95490036e+02  4.05e-10 4.55e-13  1.14e-05    36s
  17   1.89278852e+02  1.93734060e+02  8.98e-11 5.68e-13  5.34e-06    38s
  18   1.90785162e+02  1.92986083e+02  2.66e-11 4.55e-13  2.64e-06    40s
  19   1.91223778e+02  1.92790382e+02  1.88e-11 4.55e-13  1.88e-06    42s
  20   1.91630689e+02  1.92609301e+02  9.03e-12 6.82e-13  1.17e-06    44s
  21   1.91901187e+02  1.92491396e+02  3.53e-12 5.68e-13  7.08e-07    46s
  22   1.91981867e+02  1.92457197e+02  2.41e-12 6.82e-13  5.70e-07    48s
  23   1.92169499e+02  1.92378720e+02  2.19e-13 6.82e-13  2.51e-07    50s
  24   1.92212127e+02  1.92361557e+02  7.77e-14 6.82e-13  1.79e-07    51s
  25   1.92283766e+02  1.92333112e+02  1.37e-16 1.14e-12  5.92e-08    54s
  26   1.92284835e+02  1.92332696e+02  1.32e-16 9.09e-13  5.74e-08    55s
  27   1.92307821e+02  1.92323751e+02  4.38e-16 6.82e-13  1.91e-08    57s
  28   1.92315708e+02  1.92320720e+02  9.12e-16 9.09e-13  6.01e-09    60s
  29   1.92318573e+02  1.92319620e+02  2.48e-15 9.09e-13  1.26e-09    62s
  30   1.92318895e+02  1.92319497e+02  9.17e-16 6.82e-13  7.21e-10    64s
  31   1.92319104e+02  1.92319417e+02  1.49e-15 9.09e-13  3.75e-10    66s
  32   1.92319302e+02  1.92319342e+02  1.60e-15 9.09e-13  4.79e-11    67s
  33   1.92319329e+02  1.92319331e+02  3.40e-16 6.82e-13  2.63e-12    69s
  34   1.92319331e+02  1.92319331e+02  6.68e-17 1.14e-12  2.69e-15    71s

Barrier solved model in 34 iterations and 71.14 seconds (15.45 work units)
Optimal objective 1.92319331e+02

Done! Time elapsed: 101.98847699165344 seconds.
min_result 0.06388791137456196 min_pe 6.4

Program ends Fri May 22 02:01:48 CDT 2026
Exit code: 0
Elapsed time: 250 seconds
