Command: /project/lhansen/HMC_rep26_robust_mac/amazon-carbon-prices/.venv/bin/python pysrc/bash/shadow_price.py --id 67 --xi 10000 --sites 1043
Working directory: /project/lhansen/HMC_rep26_robust_mac/amazon-carbon-prices
Program starts Tue Jul  7 16:00:03 CDT 2026

Data successfully loaded from /project/lhansen/HMC_rep26_robust_mac/amazon-carbon-prices/data/calibration
Solving the optimization problem...
Set parameter TokenServer to value "licenses.rcc.uchicago.edu"
Read LP format model from file /scratch/local/jobs/51504904/tmppgr6_zi3.pyomo.lp
Reading time = 2.16 seconds
x1: 417600 rows, 834801 columns, 2083271 nonzeros
Gurobi Optimizer version 11.0.0 build v11.0.0rc2 (linux64 - "CentOS Linux 8")

CPU model: Intel(R) Xeon(R) Gold 6248R CPU @ 3.00GHz, instruction set [SSE2|AVX|AVX2|AVX512]
Thread count: 48 physical cores, 48 logical processors, using up to 32 threads

Optimize a model with 417600 rows, 834801 columns and 2083271 nonzeros
Model fingerprint: 0xace384d7
Model has 400 quadratic objective terms
Coefficient statistics:
  Matrix range     [1e+00, 9e+02]
  Objective range  [2e-04, 1e+03]
  QObjective range [2e+03, 2e+05]
  Bounds range     [2e-06, 1e+00]
  RHS range        [6e-10, 4e-01]
Presolve removed 209011 rows and 209422 columns
Presolve time: 0.82s
Presolved: 208589 rows, 625379 columns, 1249315 nonzeros
Presolved model has 400 quadratic objective terms
Ordering time: 1.02s

Barrier statistics:
 AA' NZ     : 6.239e+05
 Factor NZ  : 6.769e+07 (roughly 900 MB of memory)
 Factor Ops : 2.541e+10 (less than 1 second per iteration)
 Threads    : 32

                  Objective                Residual
Iter       Primal          Dual         Primal    Dual     Compl     Time
   0  -1.70500882e+11  1.10640510e+11  1.04e+06 1.13e-13  1.00e+06     5s
   1  -6.53687512e+10  6.29183120e+10  4.42e+04 3.07e+01  4.64e+04     7s
   2  -3.03919549e+10  3.04523881e+10  4.47e+02 1.24e-01  5.40e+02     9s
   3  -1.08293437e+10  1.09165344e+10  3.61e+00 1.69e-12  2.88e+01    11s
   4  -2.46827118e+09  2.56598588e+09  2.90e-01 1.36e-12  6.12e+00    16s
   5  -5.87266101e+08  6.54542934e+08  3.72e-02 4.24e-12  1.47e+00    20s
   6  -9.81045487e+07  1.11673997e+08  2.90e-03 1.39e-12  2.46e-01    25s
   7  -1.45097130e+07  1.73527227e+07  7.80e-06 1.40e-12  3.73e-02    30s
   8  -2.13101228e+06  2.53105540e+06  7.96e-12 9.56e-13  5.46e-03    32s
   9  -3.18825104e+05  3.89235073e+05  4.13e-14 3.35e-13  8.29e-04    34s
  10  -4.85251191e+04  5.60793079e+04  2.18e-14 9.50e-14  1.22e-04    36s
  11  -7.79706712e+03  8.66713949e+03  1.23e-14 9.66e-15  1.93e-05    38s
  12  -1.54632844e+03  2.17122850e+03  1.06e-14 2.18e-15  4.35e-06    41s
  13  -3.96803925e+02  8.17075181e+02  2.49e-15 1.06e-15  1.42e-06    43s
  14  -7.74595626e+00  3.69451162e+02  1.06e-15 6.66e-16  4.42e-07    46s
  15   1.13395762e+02  2.21871378e+02  1.61e-16 8.88e-16  1.27e-07    48s
  16   1.52906528e+02  2.01298553e+02  1.29e-16 6.66e-16  5.67e-08    50s
  17   1.67239786e+02  1.93968776e+02  1.01e-16 6.66e-16  3.13e-08    52s
  18   1.75016735e+02  1.90069574e+02  7.39e-17 8.88e-16  1.76e-08    54s
  19   1.76758088e+02  1.89240486e+02  5.75e-17 6.66e-16  1.46e-08    55s
  20   1.80882022e+02  1.87305986e+02  4.90e-17 6.66e-16  7.52e-09    57s
  21   1.81550259e+02  1.87008944e+02  4.81e-17 6.66e-16  6.39e-09    59s
  22   1.83295805e+02  1.86256615e+02  1.04e-16 6.66e-16  3.47e-09    61s
  23   1.84164429e+02  1.85881307e+02  9.43e-17 5.55e-16  2.01e-09    63s
  24   1.84731788e+02  1.85639333e+02  9.45e-17 6.66e-16  1.06e-09    64s
  25   1.84756663e+02  1.85628809e+02  9.37e-17 6.66e-16  1.02e-09    66s
  26   1.85039867e+02  1.85510304e+02  9.69e-17 6.66e-16  5.51e-10    68s
  27   1.85049754e+02  1.85506263e+02  9.95e-17 8.88e-16  5.35e-10    70s
  28   1.85176602e+02  1.85454093e+02  1.31e-16 6.66e-16  3.25e-10    72s
  29   1.85268742e+02  1.85417107e+02  2.14e-16 6.66e-16  1.74e-10    73s
  30   1.85318110e+02  1.85397587e+02  3.32e-16 6.66e-16  9.31e-11    75s
  31   1.85322649e+02  1.85395815e+02  3.11e-16 6.66e-16  8.57e-11    77s
  32   1.85356120e+02  1.85382788e+02  4.87e-16 6.66e-16  3.12e-11    79s
  33   1.85356795e+02  1.85382530e+02  4.43e-16 8.88e-16  3.01e-11    81s
  34   1.85366080e+02  1.85378979e+02  6.35e-16 6.66e-16  1.51e-11    83s
  35   1.85372844e+02  1.85376404e+02  1.54e-15 6.66e-16  4.17e-12    85s
  36   1.85374446e+02  1.85375794e+02  2.98e-15 8.88e-16  1.58e-12    87s
  37   1.85375031e+02  1.85375572e+02  8.61e-16 6.66e-16  6.33e-13    89s
  38   1.85375366e+02  1.85375445e+02  2.19e-15 1.11e-15  9.30e-14    91s
  39   1.85375407e+02  1.85375429e+02  2.11e-15 8.88e-16  2.65e-14    93s
  40   1.85375423e+02  1.85375423e+02  2.50e-15 1.11e-15  1.37e-16    95s

Barrier solved model in 40 iterations and 94.84 seconds (18.21 work units)
Optimal objective 1.85375423e+02

Done! Time elapsed: 126.4042956829071 seconds.
min_result 0.010273314380461307 min_pe 6.7

Program ends Tue Jul  7 16:05:05 CDT 2026
Exit code: 0
Elapsed time: 302 seconds
