Command: /project/lhansen/HMC_rep26_robust_mac/amazon-carbon-prices/.venv/bin/python pysrc/bash/shadow_price.py --id 68 --xi 10000 --sites 1043
Working directory: /project/lhansen/HMC_rep26_robust_mac/amazon-carbon-prices
Program starts Tue Jul  7 16:00:03 CDT 2026

Data successfully loaded from /project/lhansen/HMC_rep26_robust_mac/amazon-carbon-prices/data/calibration
Solving the optimization problem...
Set parameter TokenServer to value "licenses.rcc.uchicago.edu"
Read LP format model from file /scratch/local/jobs/51504905/tmphjabqu1h.pyomo.lp
Reading time = 2.18 seconds
x1: 417600 rows, 834801 columns, 2083271 nonzeros
Gurobi Optimizer version 11.0.0 build v11.0.0rc2 (linux64 - "CentOS Linux 8")

CPU model: Intel(R) Xeon(R) Gold 6248R CPU @ 3.00GHz, instruction set [SSE2|AVX|AVX2|AVX512]
Thread count: 48 physical cores, 48 logical processors, using up to 32 threads

Optimize a model with 417600 rows, 834801 columns and 2083271 nonzeros
Model fingerprint: 0x7ffe64cd
Model has 400 quadratic objective terms
Coefficient statistics:
  Matrix range     [1e+00, 9e+02]
  Objective range  [2e-04, 1e+03]
  QObjective range [2e+03, 2e+05]
  Bounds range     [2e-06, 1e+00]
  RHS range        [6e-10, 4e-01]
Presolve removed 209011 rows and 209422 columns
Presolve time: 0.85s
Presolved: 208589 rows, 625379 columns, 1249315 nonzeros
Presolved model has 400 quadratic objective terms
Ordering time: 1.21s

Barrier statistics:
 AA' NZ     : 6.239e+05
 Factor NZ  : 6.769e+07 (roughly 900 MB of memory)
 Factor Ops : 2.541e+10 (less than 1 second per iteration)
 Threads    : 32

                  Objective                Residual
Iter       Primal          Dual         Primal    Dual     Compl     Time
   0  -1.71437055e+11  1.10640510e+11  1.04e+06 1.13e-13  1.00e+06     5s
   1  -6.54082544e+10  6.29181636e+10  4.42e+04 3.07e+01  4.64e+04     7s
   2  -3.03923256e+10  3.04523154e+10  4.47e+02 1.24e-01  5.40e+02     9s
   3  -1.08293387e+10  1.09164999e+10  3.61e+00 1.47e-12  2.88e+01    11s
   4  -2.46826376e+09  2.56596515e+09  2.90e-01 1.54e-12  6.12e+00    16s
   5  -5.87266494e+08  6.54536617e+08  3.72e-02 4.85e-12  1.47e+00    21s
   6  -9.81053457e+07  1.11672050e+08  2.90e-03 1.93e-12  2.46e-01    26s
   7  -1.45107712e+07  1.73530332e+07  7.84e-06 1.35e-12  3.73e-02    31s
   8  -2.13129893e+06  2.53096747e+06  7.99e-12 1.74e-12  5.46e-03    33s
   9  -3.18928642e+05  3.89215655e+05  5.25e-14 3.38e-13  8.29e-04    35s
  10  -4.85666745e+04  5.60641954e+04  2.12e-14 8.39e-14  1.23e-04    37s
  11  -7.81498483e+03  8.66246872e+03  1.40e-14 1.02e-14  1.93e-05    39s
  12  -1.55590617e+03  2.15087210e+03  1.16e-14 2.66e-15  4.34e-06    43s
  13  -3.96581409e+02  8.02306523e+02  2.61e-15 8.88e-16  1.40e-06    44s
  14  -1.23155419e+01  3.74081453e+02  6.96e-16 6.66e-16  4.52e-07    47s
  15   1.10462985e+02  2.19956882e+02  1.75e-16 6.66e-16  1.28e-07    49s
  16   1.49228808e+02  1.99850369e+02  1.69e-16 4.44e-16  5.93e-08    51s
  17   1.51465370e+02  1.98699178e+02  1.65e-16 6.66e-16  5.53e-08    53s
  18   1.66663448e+02  1.90773817e+02  1.32e-16 4.44e-16  2.82e-08    55s
  19   1.67829433e+02  1.90221120e+02  1.29e-16 6.66e-16  2.62e-08    57s
  20   1.75080009e+02  1.86767103e+02  7.00e-17 6.66e-16  1.37e-08    59s
  21   1.77564101e+02  1.85660755e+02  7.59e-17 6.66e-16  9.48e-09    61s
  22   1.79910916e+02  1.84651526e+02  5.62e-17 4.44e-16  5.55e-09    63s
  23   1.81523071e+02  1.83953409e+02  5.96e-17 6.66e-16  2.85e-09    64s
  24   1.81743936e+02  1.83856800e+02  6.68e-17 8.88e-16  2.47e-09    66s
  25   1.82418942e+02  1.83569282e+02  5.29e-17 6.66e-16  1.35e-09    68s
  26   1.82818277e+02  1.83400208e+02  8.22e-17 6.66e-16  6.81e-10    70s
  27   1.82847289e+02  1.83388211e+02  8.83e-17 6.66e-16  6.33e-10    72s
  28   1.83060507e+02  1.83300966e+02  1.81e-16 8.88e-16  2.82e-10    74s
  29   1.83077372e+02  1.83294215e+02  1.62e-16 8.88e-16  2.54e-10    75s
  30   1.83149411e+02  1.83265658e+02  1.99e-16 8.88e-16  1.36e-10    78s
  31   1.83200985e+02  1.83245378e+02  3.05e-16 1.11e-15  5.20e-11    80s
  32   1.83214831e+02  1.83240078e+02  2.32e-16 6.66e-16  2.96e-11    82s
  33   1.83225416e+02  1.83236057e+02  8.13e-16 6.66e-16  1.25e-11    84s
  34   1.83230301e+02  1.83234199e+02  2.11e-15 6.66e-16  4.56e-12    85s
  35   1.83232409e+02  1.83233399e+02  1.65e-15 8.88e-16  1.16e-12    87s
  36   1.83232877e+02  1.83233222e+02  8.02e-16 8.88e-16  4.04e-13    89s
  37   1.83233088e+02  1.83233142e+02  1.41e-15 8.88e-16  6.37e-14    91s
  38   1.83233127e+02  1.83233128e+02  2.27e-15 8.88e-16  3.80e-16    93s

Barrier solved model in 38 iterations and 93.45 seconds (17.41 work units)
Optimal objective 1.83233127e+02

Done! Time elapsed: 125.65142774581909 seconds.
min_result -0.004210364121938025 min_pe 6.8

Program ends Tue Jul  7 16:04:53 CDT 2026
Exit code: 0
Elapsed time: 290 seconds
