Command: /project/lhansen/HMC_rep26_robust_mac/amazon-carbon-prices/.venv/bin/python pysrc/bash/shadow_price.py --id 69 --xi 10000 --sites 1043
Working directory: /project/lhansen/HMC_rep26_robust_mac/amazon-carbon-prices
Program starts Fri May 22 01:58:25 CDT 2026

Data successfully loaded from /project/lhansen/HMC_rep26_robust_mac/amazon-carbon-prices/data/calibration
Solving the optimization problem...
Set parameter TokenServer to value "licenses.rcc.uchicago.edu"
Read LP format model from file /scratch/local/jobs/49992687/tmpykj4g_jd.pyomo.lp
Reading time = 2.20 seconds
x1: 417600 rows, 834801 columns, 2083271 nonzeros
Gurobi Optimizer version 11.0.0 build v11.0.0rc2 (linux64 - "CentOS Linux 8")

CPU model: Intel(R) Xeon(R) Gold 6248R CPU @ 3.00GHz, instruction set [SSE2|AVX|AVX2|AVX512]
Thread count: 48 physical cores, 48 logical processors, using up to 32 threads

Optimize a model with 417600 rows, 834801 columns and 2083271 nonzeros
Model fingerprint: 0x27131309
Model has 400 quadratic objective terms
Coefficient statistics:
  Matrix range     [1e+00, 9e+02]
  Objective range  [2e-03, 1e+03]
  QObjective range [2e+03, 2e+05]
  Bounds range     [2e-06, 1e+00]
  RHS range        [6e-10, 4e-01]
Presolve removed 209011 rows and 209422 columns
Presolve time: 0.84s
Presolved: 208589 rows, 625379 columns, 1249315 nonzeros
Presolved model has 400 quadratic objective terms
Ordering time: 1.54s

Barrier statistics:
 AA' NZ     : 6.239e+05
 Factor NZ  : 6.769e+07 (roughly 900 MB of memory)
 Factor Ops : 2.541e+10 (less than 1 second per iteration)
 Threads    : 32

                  Objective                Residual
Iter       Primal          Dual         Primal    Dual     Compl     Time
   0  -1.72373228e+11  1.10640510e+11  1.04e+06 1.13e-13  1.00e+06     6s
   1  -6.54477575e+10  6.29180153e+10  4.42e+04 3.07e+01  4.64e+04     8s
   2  -3.03926963e+10  3.04522428e+10  4.47e+02 1.24e-01  5.40e+02    10s
   3  -1.08293336e+10  1.09164653e+10  3.61e+00 1.47e-12  2.88e+01    12s
   4  -2.46825633e+09  2.56594442e+09  2.90e-01 1.37e-12  6.12e+00    17s
   5  -5.87266887e+08  6.54530299e+08  3.72e-02 3.44e-12  1.47e+00    22s
   6  -9.81061426e+07  1.11670104e+08  2.90e-03 1.69e-12  2.46e-01    27s
   7  -1.45118334e+07  1.73533485e+07  7.88e-06 1.70e-12  3.73e-02    31s
   8  -2.13158613e+06  2.53088023e+06  8.04e-12 9.90e-13  5.46e-03    34s
   9  -3.19032232e+05  3.89196352e+05  4.35e-14 3.13e-13  8.29e-04    36s
  10  -4.86081920e+04  5.60490822e+04  2.11e-14 8.41e-14  1.23e-04    38s
  11  -7.83280280e+03  8.65773263e+03  1.37e-14 9.58e-15  1.93e-05    39s
  12  -1.56529695e+03  2.13073537e+03  1.05e-14 2.10e-15  4.33e-06    43s
  13  -3.99401475e+02  7.95277929e+02  2.15e-15 9.16e-16  1.40e-06    45s
  14  -1.58525148e+01  3.75728204e+02  5.79e-16 6.66e-16  4.59e-07    48s
  15   1.07453549e+02  2.18546377e+02  2.08e-16 8.88e-16  1.30e-07    51s
  16   1.32447581e+02  2.05260732e+02  1.40e-16 6.66e-16  8.53e-08    53s
  17   1.49340486e+02  1.98888816e+02  1.18e-16 6.66e-16  5.80e-08    55s
  18   1.66637684e+02  1.88798444e+02  9.76e-17 6.66e-16  2.59e-08    57s
  19   1.69687308e+02  1.87003343e+02  7.59e-17 6.66e-16  2.03e-08    59s
  20   1.75641164e+02  1.83805293e+02  1.44e-16 6.66e-16  9.56e-09    60s
  21   1.76639944e+02  1.83274518e+02  9.82e-17 6.66e-16  7.77e-09    63s
  22   1.78520906e+02  1.82337467e+02  5.96e-17 8.88e-16  4.47e-09    64s
  23   1.79727141e+02  1.81765599e+02  5.01e-17 6.66e-16  2.39e-09    66s
  24   1.80426512e+02  1.81451459e+02  6.57e-17 8.88e-16  1.20e-09    68s
  25   1.80665476e+02  1.81348798e+02  6.27e-17 8.88e-16  8.00e-10    70s
  26   1.80902396e+02  1.81251214e+02  1.29e-16 6.66e-16  4.08e-10    72s
  27   1.81015383e+02  1.81205392e+02  1.21e-16 6.66e-16  2.22e-10    74s
  28   1.81043377e+02  1.81194223e+02  1.19e-16 6.66e-16  1.77e-10    76s
  29   1.81107900e+02  1.81168892e+02  2.23e-16 6.66e-16  7.14e-11    78s
  30   1.81138515e+02  1.81156986e+02  4.43e-16 6.66e-16  2.16e-11    80s
  31   1.81147324e+02  1.81153610e+02  1.36e-15 8.88e-16  7.36e-12    83s
  32   1.81150406e+02  1.81152443e+02  1.03e-14 6.66e-16  2.39e-12    85s
  33   1.81151427e+02  1.81152058e+02  4.40e-15 6.66e-16  7.38e-13    87s
  34   1.81151718e+02  1.81151948e+02  1.88e-15 1.11e-15  2.70e-13    88s
  35   1.81151851e+02  1.81151897e+02  1.49e-15 1.11e-15  5.40e-14    90s
  36   1.81151884e+02  1.81151885e+02  8.75e-16 8.88e-16  1.13e-15    92s

Barrier solved model in 36 iterations and 92.20 seconds (16.32 work units)
Optimal objective 1.81151884e+02

Done! Time elapsed: 123.95350313186646 seconds.
min_result -0.016669291843589853 min_pe 6.9

Program ends Fri May 22 02:02:53 CDT 2026
Exit code: 0
Elapsed time: 268 seconds
