Command: /project/lhansen/HMC_rep26_robust_mac/amazon-carbon-prices/.venv/bin/python pysrc/bash/shadow_price.py --id 70 --xi 10000 --sites 1043
Working directory: /project/lhansen/HMC_rep26_robust_mac/amazon-carbon-prices
Program starts Fri May 22 01:58:25 CDT 2026

Data successfully loaded from /project/lhansen/HMC_rep26_robust_mac/amazon-carbon-prices/data/calibration
Solving the optimization problem...
Set parameter TokenServer to value "licenses.rcc.uchicago.edu"
Read LP format model from file /scratch/local/jobs/49992688/tmpodorj0m_.pyomo.lp
Reading time = 2.19 seconds
x1: 417600 rows, 834801 columns, 2083271 nonzeros
Gurobi Optimizer version 11.0.0 build v11.0.0rc2 (linux64 - "CentOS Linux 8")

CPU model: Intel(R) Xeon(R) Gold 6248R CPU @ 3.00GHz, instruction set [SSE2|AVX|AVX2|AVX512]
Thread count: 48 physical cores, 48 logical processors, using up to 32 threads

Optimize a model with 417600 rows, 834801 columns and 2083271 nonzeros
Model fingerprint: 0x88354efd
Model has 400 quadratic objective terms
Coefficient statistics:
  Matrix range     [1e+00, 9e+02]
  Objective range  [1e-04, 1e+03]
  QObjective range [2e+03, 2e+05]
  Bounds range     [2e-06, 1e+00]
  RHS range        [6e-10, 4e-01]
Presolve removed 209011 rows and 209422 columns
Presolve time: 0.83s
Presolved: 208589 rows, 625379 columns, 1249315 nonzeros
Presolved model has 400 quadratic objective terms
Ordering time: 1.49s

Barrier statistics:
 AA' NZ     : 6.239e+05
 Factor NZ  : 6.769e+07 (roughly 900 MB of memory)
 Factor Ops : 2.541e+10 (less than 1 second per iteration)
 Threads    : 32

                  Objective                Residual
Iter       Primal          Dual         Primal    Dual     Compl     Time
   0  -1.73309402e+11  1.10640510e+11  1.04e+06 1.13e-13  1.00e+06     7s
   1  -6.54872606e+10  6.29178669e+10  4.42e+04 3.07e+01  4.64e+04     9s
   2  -3.03930671e+10  3.04521701e+10  4.47e+02 1.24e-01  5.40e+02    10s
   3  -1.08293286e+10  1.09164308e+10  3.61e+00 1.39e-12  2.88e+01    13s
   4  -2.46824891e+09  2.56592370e+09  2.90e-01 1.25e-12  6.12e+00    17s
   5  -5.87267280e+08  6.54523982e+08  3.72e-02 3.19e-12  1.47e+00    21s
   6  -9.81069395e+07  1.11668158e+08  2.90e-03 1.37e-12  2.46e-01    25s
   7  -1.45128996e+07  1.73536689e+07  7.92e-06 1.44e-12  3.73e-02    30s
   8  -2.13187389e+06  2.53079367e+06  8.06e-12 1.16e-12  5.46e-03    34s
   9  -3.19135875e+05  3.89177167e+05  4.50e-14 4.19e-13  8.29e-04    36s
  10  -4.86496718e+04  5.60339685e+04  2.38e-14 6.02e-14  1.23e-04    39s
  11  -7.85052147e+03  8.65293150e+03  1.52e-14 9.69e-15  1.93e-05    41s
  12  -1.57415703e+03  2.11044628e+03  1.03e-14 2.24e-15  4.31e-06    49s
  13  -4.01925958e+02  7.88025676e+02  2.43e-15 1.09e-15  1.39e-06    51s
  14  -2.09010730e+01  3.42506590e+02  5.54e-16 6.66e-16  4.26e-07    56s
  15   9.82134816e+01  2.22836430e+02  2.04e-16 6.66e-16  1.46e-07    58s
  16   1.23705598e+02  2.08446527e+02  1.74e-16 4.44e-16  9.92e-08    62s
  17   1.53910522e+02  1.92345106e+02  1.41e-16 6.66e-16  4.50e-08    64s
  18   1.62658960e+02  1.87314547e+02  7.46e-17 6.66e-16  2.89e-08    66s
  19   1.70795497e+02  1.83133144e+02  7.24e-17 6.66e-16  1.44e-08    69s
  20   1.72845976e+02  1.82055989e+02  7.05e-17 6.66e-16  1.08e-08    70s
  21   1.75412663e+02  1.80810503e+02  4.94e-17 6.66e-16  6.32e-09    72s
  22   1.76817712e+02  1.80138352e+02  5.75e-17 6.66e-16  3.89e-09    73s
  23   1.77978662e+02  1.79614580e+02  6.27e-17 6.66e-16  1.92e-09    75s
  24   1.78063625e+02  1.79576573e+02  5.42e-17 6.66e-16  1.77e-09    77s
  25   1.78529160e+02  1.79373278e+02  1.23e-16 6.66e-16  9.88e-10    79s
  26   1.78593162e+02  1.79345810e+02  1.49e-16 6.66e-16  8.81e-10    81s
  27   1.78840826e+02  1.79241976e+02  2.35e-16 6.66e-16  4.70e-10    83s
  28   1.78849303e+02  1.79238472e+02  2.30e-16 8.88e-16  4.56e-10    85s
  29   1.78965170e+02  1.79191026e+02  1.73e-16 6.66e-16  2.64e-10    88s
  30   1.79050341e+02  1.79156725e+02  3.42e-16 8.88e-16  1.25e-10    90s
  31   1.79098384e+02  1.79138040e+02  5.28e-16 6.66e-16  4.64e-11    92s
  32   1.79110936e+02  1.79133189e+02  4.03e-16 8.88e-16  2.61e-11    95s
  33   1.79121173e+02  1.79129281e+02  1.46e-15 6.66e-16  9.49e-12    98s
  34   1.79123769e+02  1.79128297e+02  1.47e-14 8.88e-16  5.30e-12   100s
  35   1.79126068e+02  1.79127427e+02  1.38e-14 8.88e-16  1.59e-12   103s
  36   1.79126677e+02  1.79127197e+02  4.77e-15 8.88e-16  6.08e-13   104s
  37   1.79126839e+02  1.79127136e+02  1.31e-15 1.11e-15  3.48e-13   106s
  38   1.79127045e+02  1.79127058e+02  1.82e-15 8.88e-16  1.41e-14   110s
  39   1.79127052e+02  1.79127055e+02  5.74e-16 8.88e-16  4.21e-15   114s

Barrier solved model in 39 iterations and 113.55 seconds (17.61 work units)
Optimal objective 1.79127052e+02

Done! Time elapsed: 147.38744115829468 seconds.
min_result -0.02996564297745215 min_pe 7.0

Program ends Fri May 22 02:03:21 CDT 2026
Exit code: 0
Elapsed time: 296 seconds
