Command: /project/lhansen/HMC_rep26_robust_mac/amazon-carbon-prices/.venv/bin/python pysrc/bash/shadow_price.py --id 60 --xi 10000 --sites 78
Working directory: /project/lhansen/HMC_rep26_robust_mac/amazon-carbon-prices
Program starts Tue Jul  7 16:00:37 CDT 2026

Data successfully loaded from /project/lhansen/HMC_rep26_robust_mac/amazon-carbon-prices/data/calibration
Solving the optimization problem...
Set parameter TokenServer to value "licenses.rcc.uchicago.edu"
Read LP format model from file /scratch/local/jobs/51504908/tmp2aefexaf.pyomo.lp
Reading time = 0.16 seconds
x1: 31600 rows, 62801 columns, 156166 nonzeros
Gurobi Optimizer version 11.0.0 build v11.0.0rc2 (linux64 - "CentOS Linux 8")

CPU model: Intel(R) Xeon(R) Gold 6248R CPU @ 3.00GHz, instruction set [SSE2|AVX|AVX2|AVX512]
Thread count: 48 physical cores, 48 logical processors, using up to 32 threads

Optimize a model with 31600 rows, 62801 columns and 156166 nonzeros
Model fingerprint: 0x9326586c
Model has 400 quadratic objective terms
Coefficient statistics:
  Matrix range     [1e+00, 1e+03]
  Objective range  [2e-03, 1e+03]
  QObjective range [2e+03, 2e+05]
  Bounds range     [2e-04, 1e+00]
  RHS range        [8e-07, 6e+00]
Presolve removed 15601 rows and 15602 columns
Presolve time: 0.06s
Presolved: 15999 rows, 47199 columns, 93920 nonzeros
Presolved model has 400 quadratic objective terms
Ordering time: 0.03s

Barrier statistics:
 AA' NZ     : 4.672e+04
 Factor NZ  : 5.040e+05 (roughly 30 MB of memory)
 Factor Ops : 4.218e+07 (less than 1 second per iteration)
 Threads    : 32

                  Objective                Residual
Iter       Primal          Dual         Primal    Dual     Compl     Time
   0  -1.14470108e+11  1.10640386e+11  7.89e+04 5.68e-14  1.00e+06     0s
   1  -6.66514335e+10  6.64529070e+10  5.75e+03 5.33e+01  8.25e+04     0s
   2  -2.89536866e+10  2.90377632e+10  6.76e+01 5.43e-01  1.83e+03     0s
   3  -5.47521830e+09  5.56442036e+09  6.20e-01 1.23e-12  1.78e+02     0s
   4  -1.35896389e+09  1.45070073e+09  8.52e-02 1.23e-12  4.45e+01     0s
   5  -1.95979579e+08  2.18273499e+08  8.52e-08 1.12e-12  6.44e+00     0s
   6  -2.83099837e+07  3.19926823e+07  1.57e-13 7.88e-13  9.38e-01     0s
   7  -4.16305742e+06  5.01611128e+06  2.35e-14 5.07e-13  1.43e-01     1s
   8  -6.14333790e+05  7.28167307e+05  9.24e-15 1.08e-13  2.09e-02     1s
   9  -9.26443199e+04  1.11020369e+05  4.60e-15 1.88e-14  3.17e-03     1s
  10  -1.43629611e+04  1.60714140e+04  1.61e-15 2.66e-15  4.73e-04     1s
  11  -2.32096268e+03  2.56981224e+03  6.26e-16 1.33e-15  7.61e-05     1s
  12  -4.42005023e+02  1.00435813e+03  3.04e-16 6.66e-16  2.25e-05     1s
  13   8.47222586e+00  3.18514176e+02  1.01e-16 6.66e-16  4.82e-06     1s
  14   1.17125721e+02  2.20319434e+02  3.49e-17 6.66e-16  1.60e-06     1s
  15   1.45054201e+02  1.94192621e+02  2.67e-17 4.44e-16  7.64e-07     1s
  16   1.66036342e+02  1.78722191e+02  5.65e-17 6.66e-16  1.97e-07     1s
  17   1.70484917e+02  1.75602229e+02  7.03e-17 6.66e-16  7.96e-08     1s
  18   1.72665063e+02  1.74502279e+02  6.37e-17 6.66e-16  2.86e-08     1s
  19   1.72735404e+02  1.74469370e+02  6.42e-17 6.66e-16  2.70e-08     1s
  20   1.73345796e+02  1.74184605e+02  7.91e-17 4.44e-16  1.30e-08     1s
  21   1.73527030e+02  1.74103134e+02  5.42e-17 4.44e-16  8.96e-09     1s
  22   1.73719124e+02  1.74018911e+02  7.72e-17 4.44e-16  4.66e-09     1s
  23   1.73725699e+02  1.74016011e+02  6.87e-17 4.44e-16  4.51e-09     1s
  24   1.73737924e+02  1.74010595e+02  6.40e-17 4.58e-16  4.24e-09     1s
  25   1.73859507e+02  1.73957097e+02  7.95e-17 6.66e-16  1.52e-09     1s
  26   1.73897144e+02  1.73940893e+02  1.46e-16 6.66e-16  6.80e-10     1s
  27   1.73918134e+02  1.73931978e+02  2.55e-16 8.88e-16  2.15e-10     1s
  28   1.73925947e+02  1.73928687e+02  1.72e-16 5.55e-16  4.26e-11     1s
  29   1.73927124e+02  1.73928198e+02  3.07e-16 6.66e-16  1.67e-11     1s
  30   1.73927572e+02  1.73928013e+02  1.64e-16 6.66e-16  6.86e-12     1s
  31   1.73927849e+02  1.73927898e+02  1.72e-16 6.66e-16  7.74e-13     1s
  32   1.73927881e+02  1.73927885e+02  5.86e-16 6.66e-16  5.49e-14     2s

Barrier solved model in 32 iterations and 1.52 seconds (0.48 work units)
Optimal objective 1.73927881e+02

Done! Time elapsed: 5.437813997268677 seconds.
min_result 0.10865667626936375 min_pe 6.0

Program ends Tue Jul  7 16:00:55 CDT 2026
Exit code: 0
Elapsed time: 18 seconds
