Command: /project/lhansen/HMC_rep26_robust_mac/amazon-carbon-prices/.venv/bin/python pysrc/bash/shadow_price.py --id 63 --xi 10000 --sites 78
Working directory: /project/lhansen/HMC_rep26_robust_mac/amazon-carbon-prices
Program starts Fri May 22 01:58:53 CDT 2026

Data successfully loaded from /project/lhansen/HMC_rep26_robust_mac/amazon-carbon-prices/data/calibration
Solving the optimization problem...
Set parameter TokenServer to value "licenses.rcc.uchicago.edu"
Read LP format model from file /scratch/local/jobs/49992692/tmp5fg4t68q.pyomo.lp
Reading time = 0.15 seconds
x1: 31600 rows, 62801 columns, 156166 nonzeros
Gurobi Optimizer version 11.0.0 build v11.0.0rc2 (linux64 - "CentOS Linux 8")

CPU model: Intel(R) Xeon(R) Gold 6248R CPU @ 3.00GHz, instruction set [SSE2|AVX|AVX2|AVX512]
Thread count: 48 physical cores, 48 logical processors, using up to 32 threads

Optimize a model with 31600 rows, 62801 columns and 156166 nonzeros
Model fingerprint: 0x40c68767
Model has 400 quadratic objective terms
Coefficient statistics:
  Matrix range     [1e+00, 1e+03]
  Objective range  [2e-03, 1e+03]
  QObjective range [2e+03, 2e+05]
  Bounds range     [2e-04, 1e+00]
  RHS range        [8e-07, 6e+00]
Presolve removed 15601 rows and 15602 columns
Presolve time: 0.05s
Presolved: 15999 rows, 47199 columns, 93920 nonzeros
Presolved model has 400 quadratic objective terms
Ordering time: 0.03s

Barrier statistics:
 AA' NZ     : 4.672e+04
 Factor NZ  : 5.040e+05 (roughly 30 MB of memory)
 Factor Ops : 4.218e+07 (less than 1 second per iteration)
 Threads    : 32

                  Objective                Residual
Iter       Primal          Dual         Primal    Dual     Compl     Time
   0  -1.14676314e+11  1.10640386e+11  7.89e+04 5.68e-14  1.00e+06     0s
   1  -6.66665205e+10  6.64527859e+10  5.75e+03 5.33e+01  8.25e+04     0s
   2  -2.89539183e+10  2.90376905e+10  6.76e+01 5.43e-01  1.83e+03     0s
   3  -5.47525623e+09  5.56439806e+09  6.20e-01 1.37e-12  1.78e+02     0s
   4  -1.35899492e+09  1.45070255e+09  8.52e-02 1.14e-12  4.45e+01     0s
   5  -1.95987601e+08  2.18270942e+08  8.52e-08 1.23e-12  6.44e+00     0s
   6  -2.83125367e+07  3.19911658e+07  1.37e-13 8.30e-13  9.38e-01     0s
   7  -4.16399421e+06  5.01552464e+06  2.22e-14 4.83e-13  1.43e-01     0s
   8  -6.14699993e+05  7.27924546e+05  1.11e-14 1.21e-13  2.09e-02     0s
   9  -9.28042032e+04  1.10961462e+05  4.05e-15 1.88e-14  3.17e-03     0s
  10  -1.44347040e+04  1.60514670e+04  1.88e-15 2.66e-15  4.74e-04     0s
  11  -2.34827105e+03  2.54944080e+03  5.09e-16 8.88e-16  7.62e-05     0s
  12  -4.44135879e+02  9.41955547e+02  3.28e-16 4.44e-16  2.16e-05     1s
  13  -2.43866265e+01  3.44716070e+02  6.79e-17 4.44e-16  5.74e-06     1s
  14   8.84746598e+01  2.34766027e+02  3.67e-17 4.44e-16  2.27e-06     1s
  15   1.33289887e+02  1.87556402e+02  3.05e-17 4.44e-16  8.44e-07     1s
  16   1.58084726e+02  1.70525568e+02  1.06e-16 6.66e-16  1.93e-07     1s
  17   1.64214346e+02  1.66715722e+02  1.61e-16 6.66e-16  3.89e-08     1s
  18   1.65448330e+02  1.66181277e+02  2.58e-16 6.66e-16  1.14e-08     1s
  19   1.65693291e+02  1.66079136e+02  1.82e-16 4.44e-16  6.00e-09     1s
  20   1.65785171e+02  1.66037836e+02  1.13e-16 5.55e-16  3.93e-09     1s
  21   1.65861395e+02  1.66005020e+02  1.19e-16 8.88e-16  2.23e-09     1s
  22   1.65943149e+02  1.65970080e+02  2.28e-16 6.66e-16  4.19e-10     1s
  23   1.65958628e+02  1.65963745e+02  1.81e-16 4.44e-16  7.96e-11     1s
  24   1.65960993e+02  1.65962791e+02  2.20e-16 6.66e-16  2.80e-11     1s
  25   1.65961784e+02  1.65962470e+02  2.26e-16 6.66e-16  1.07e-11     1s
  26   1.65962236e+02  1.65962287e+02  2.35e-16 6.66e-16  7.89e-13     1s
  27   1.65962272e+02  1.65962273e+02  2.27e-16 4.44e-16  1.94e-14     1s

Barrier solved model in 27 iterations and 1.26 seconds (0.53 work units)
Optimal objective 1.65962272e+02

Done! Time elapsed: 4.2917046546936035 seconds.
min_result 0.05644565769592582 min_pe 6.3

Program ends Fri May 22 01:59:04 CDT 2026
Exit code: 0
Elapsed time: 11 seconds
