Command: /project/lhansen/HMC_rep26_robust_mac/amazon-carbon-prices/.venv/bin/python pysrc/bash/shadow_price.py --id 67 --xi 10000 --sites 78
Working directory: /project/lhansen/HMC_rep26_robust_mac/amazon-carbon-prices
Program starts Tue Jul  7 16:01:51 CDT 2026

Data successfully loaded from /project/lhansen/HMC_rep26_robust_mac/amazon-carbon-prices/data/calibration
Solving the optimization problem...
Set parameter TokenServer to value "licenses.rcc.uchicago.edu"
Read LP format model from file /scratch/local/jobs/51504915/tmpv3vivr5o.pyomo.lp
Reading time = 0.15 seconds
x1: 31600 rows, 62801 columns, 156166 nonzeros
Gurobi Optimizer version 11.0.0 build v11.0.0rc2 (linux64 - "CentOS Linux 8")

CPU model: Intel(R) Xeon(R) Gold 6248R CPU @ 3.00GHz, instruction set [SSE2|AVX|AVX2|AVX512]
Thread count: 48 physical cores, 48 logical processors, using up to 32 threads

Optimize a model with 31600 rows, 62801 columns and 156166 nonzeros
Model fingerprint: 0xb0e3f85a
Model has 400 quadratic objective terms
Coefficient statistics:
  Matrix range     [1e+00, 1e+03]
  Objective range  [3e-03, 1e+03]
  QObjective range [2e+03, 2e+05]
  Bounds range     [2e-04, 1e+00]
  RHS range        [8e-07, 6e+00]
Presolve removed 15601 rows and 15602 columns
Presolve time: 0.05s
Presolved: 15999 rows, 47199 columns, 93920 nonzeros
Presolved model has 400 quadratic objective terms
Ordering time: 0.03s

Barrier statistics:
 AA' NZ     : 4.672e+04
 Factor NZ  : 5.040e+05 (roughly 30 MB of memory)
 Factor Ops : 4.218e+07 (less than 1 second per iteration)
 Threads    : 32

                  Objective                Residual
Iter       Primal          Dual         Primal    Dual     Compl     Time
   0  -1.14951255e+11  1.10640385e+11  7.89e+04 5.68e-14  1.00e+06     0s
   1  -6.66866366e+10  6.64526244e+10  5.75e+03 5.33e+01  8.25e+04     0s
   2  -2.89542271e+10  2.90375936e+10  6.76e+01 5.43e-01  1.83e+03     0s
   3  -5.47530681e+09  5.56436832e+09  6.20e-01 1.19e-12  1.78e+02     0s
   4  -1.35903628e+09  1.45070496e+09  8.52e-02 1.17e-12  4.45e+01     0s
   5  -1.95998296e+08  2.18267531e+08  8.52e-08 1.12e-12  6.44e+00     0s
   6  -2.83159399e+07  3.19891439e+07  1.54e-13 1.01e-12  9.38e-01     0s
   7  -4.16524274e+06  5.01474273e+06  2.77e-14 3.95e-13  1.43e-01     0s
   8  -6.15187730e+05  7.27601102e+05  9.19e-15 1.06e-13  2.09e-02     0s
   9  -9.30166888e+04  1.10882702e+05  3.42e-15 1.58e-14  3.17e-03     0s
  10  -1.45303881e+04  1.60309417e+04  1.66e-15 2.56e-15  4.75e-04     0s
  11  -2.38291597e+03  2.52142744e+03  4.51e-16 8.88e-16  7.63e-05     0s
  12  -4.36996918e+02  8.59329563e+02  1.86e-16 4.44e-16  2.02e-05     1s
  13  -2.51435783e+01  2.96284748e+02  6.66e-17 4.44e-16  5.00e-06     1s
  14   9.36986021e+01  2.07457415e+02  2.84e-17 4.44e-16  1.77e-06     1s
  15   1.36243415e+02  1.67604921e+02  7.65e-17 4.44e-16  4.88e-07     1s
  16   1.50838895e+02  1.59586569e+02  1.30e-16 4.44e-16  1.36e-07     1s
  17   1.51414911e+02  1.59312986e+02  1.11e-16 6.66e-16  1.23e-07     1s
  18   1.53660311e+02  1.58258855e+02  1.14e-16 4.44e-16  7.15e-08     1s
  19   1.54019661e+02  1.58094662e+02  9.46e-17 4.44e-16  6.34e-08     1s
  20   1.55450116e+02  1.57432249e+02  1.20e-16 4.44e-16  3.08e-08     1s
  21   1.56207429e+02  1.57101415e+02  1.07e-16 6.66e-16  1.39e-08     1s
  22   1.56227339e+02  1.57092496e+02  1.01e-16 6.66e-16  1.35e-08     1s
  23   1.56254561e+02  1.57080428e+02  9.64e-17 6.66e-16  1.28e-08     1s
  24   1.56580876e+02  1.56936587e+02  8.93e-17 6.66e-16  5.53e-09     1s
  25   1.56687771e+02  1.56891083e+02  7.87e-17 4.44e-16  3.16e-09     1s
  26   1.56794189e+02  1.56846467e+02  1.49e-16 4.44e-16  8.13e-10     1s
  27   1.56819545e+02  1.56835932e+02  1.61e-16 4.44e-16  2.55e-10     1s
  28   1.56829138e+02  1.56831981e+02  2.24e-16 6.66e-16  4.42e-11     1s
  29   1.56830464e+02  1.56831437e+02  2.35e-16 4.44e-16  1.51e-11     1s
  30   1.56831022e+02  1.56831209e+02  3.06e-16 6.66e-16  2.90e-12     1s
  31   1.56831154e+02  1.56831155e+02  6.42e-16 6.66e-16  7.39e-15     1s

Barrier solved model in 31 iterations and 1.04 seconds (0.44 work units)
Optimal objective 1.56831154e+02

Done! Time elapsed: 4.853729724884033 seconds.
min_result 0.006837417275017298 min_pe 6.7

Program ends Tue Jul  7 16:02:01 CDT 2026
Exit code: 0
Elapsed time: 10 seconds
