Command: /project/lhansen/HMC_rep26_robust_mac/amazon-carbon-prices/.venv/bin/python pysrc/bash/shadow_price.py --id 68 --xi 10000 --sites 78
Working directory: /project/lhansen/HMC_rep26_robust_mac/amazon-carbon-prices
Program starts Tue Jul  7 16:02:13 CDT 2026

Data successfully loaded from /project/lhansen/HMC_rep26_robust_mac/amazon-carbon-prices/data/calibration
Solving the optimization problem...
Set parameter TokenServer to value "licenses.rcc.uchicago.edu"
Read LP format model from file /scratch/local/jobs/51504916/tmp6raazjcn.pyomo.lp
Reading time = 0.15 seconds
x1: 31600 rows, 62801 columns, 156166 nonzeros
Gurobi Optimizer version 11.0.0 build v11.0.0rc2 (linux64 - "CentOS Linux 8")

CPU model: Intel(R) Xeon(R) Gold 6248R CPU @ 3.00GHz, instruction set [SSE2|AVX|AVX2|AVX512]
Thread count: 48 physical cores, 48 logical processors, using up to 32 threads

Optimize a model with 31600 rows, 62801 columns and 156166 nonzeros
Model fingerprint: 0x06b5a9a8
Model has 400 quadratic objective terms
Coefficient statistics:
  Matrix range     [1e+00, 1e+03]
  Objective range  [2e-03, 1e+03]
  QObjective range [2e+03, 2e+05]
  Bounds range     [2e-04, 1e+00]
  RHS range        [8e-07, 6e+00]
Presolve removed 15601 rows and 15602 columns
Presolve time: 0.05s
Presolved: 15999 rows, 47199 columns, 93920 nonzeros
Presolved model has 400 quadratic objective terms
Ordering time: 0.03s

Barrier statistics:
 AA' NZ     : 4.672e+04
 Factor NZ  : 5.040e+05 (roughly 30 MB of memory)
 Factor Ops : 4.218e+07 (less than 1 second per iteration)
 Threads    : 32

                  Objective                Residual
Iter       Primal          Dual         Primal    Dual     Compl     Time
   0  -1.15019990e+11  1.10640385e+11  7.89e+04 1.04e-13  1.00e+06     0s
   1  -6.66916656e+10  6.64525841e+10  5.75e+03 5.33e+01  8.25e+04     0s
   2  -2.89543043e+10  2.90375694e+10  6.76e+01 5.43e-01  1.83e+03     0s
   3  -5.47531945e+09  5.56436089e+09  6.20e-01 1.37e-12  1.78e+02     0s
   4  -1.35904662e+09  1.45070557e+09  8.52e-02 1.47e-12  4.45e+01     0s
   5  -1.96000970e+08  2.18266678e+08  8.52e-08 1.35e-12  6.44e+00     0s
   6  -2.83167906e+07  3.19886385e+07  1.31e-13 7.87e-13  9.38e-01     0s
   7  -4.16555478e+06  5.01454730e+06  2.46e-14 4.54e-13  1.43e-01     0s
   8  -6.15309568e+05  7.27520284e+05  1.06e-14 9.49e-14  2.09e-02     0s
   9  -9.30696868e+04  1.10862973e+05  3.66e-15 1.30e-14  3.17e-03     0s
  10  -1.45540881e+04  1.60255983e+04  2.15e-15 2.72e-15  4.76e-04     0s
  11  -2.39128810e+03  2.51459316e+03  7.21e-16 1.11e-15  7.63e-05     1s
  12  -4.36514062e+02  8.40954917e+02  2.43e-16 4.44e-16  1.99e-05     1s
  13  -2.86403816e+01  2.96857892e+02  9.78e-17 4.44e-16  5.06e-06     1s
  14   9.39268870e+01  2.02161360e+02  4.49e-17 4.44e-16  1.68e-06     1s
  15   1.25125264e+02  1.74805191e+02  5.92e-17 4.44e-16  7.73e-07     1s
  16   1.47243016e+02  1.59060030e+02  8.96e-17 4.44e-16  1.84e-07     1s
  17   1.50766323e+02  1.56726151e+02  8.53e-17 6.66e-16  9.27e-08     1s
  18   1.52398289e+02  1.55795516e+02  6.93e-17 4.44e-16  5.28e-08     1s
  19   1.53727208e+02  1.55135643e+02  7.12e-17 6.66e-16  2.19e-08     1s
  20   1.53791989e+02  1.55104218e+02  6.47e-17 6.66e-16  2.04e-08     1s
  21   1.54223996e+02  1.54901454e+02  6.89e-17 4.44e-16  1.05e-08     1s
  22   1.54515006e+02  1.54767537e+02  7.95e-17 4.44e-16  3.93e-09     1s
  23   1.54614173e+02  1.54724353e+02  8.63e-17 6.66e-16  1.71e-09     1s
  24   1.54670070e+02  1.54700788e+02  1.09e-16 6.66e-16  4.78e-10     1s
  25   1.54674483e+02  1.54698949e+02  6.38e-17 6.66e-16  3.80e-10     1s
  26   1.54688689e+02  1.54693075e+02  1.38e-16 4.44e-16  6.82e-11     1s
  27   1.54690907e+02  1.54692160e+02  2.03e-16 6.66e-16  1.95e-11     1s
  28   1.54691378e+02  1.54691966e+02  1.31e-16 6.66e-16  9.15e-12     1s
  29   1.54691787e+02  1.54691799e+02  2.85e-16 6.66e-16  1.89e-13     1s
  30   1.54691795e+02  1.54691795e+02  3.95e-15 8.88e-16  1.64e-15     1s

Barrier solved model in 30 iterations and 1.08 seconds (0.42 work units)
Optimal objective 1.54691795e+02

Done! Time elapsed: 5.3924174308776855 seconds.
min_result -0.009460011554421253 min_pe 6.8

Program ends Tue Jul  7 16:02:24 CDT 2026
Exit code: 0
Elapsed time: 11 seconds
