Command: /project/lhansen/HMC_rep26_robust_mac/amazon-carbon-prices/.venv/bin/python pysrc/bash/shadow_price.py --id 47 --xi 10000 --sites 1043 --delta 0.03
Working directory: /project/lhansen/HMC_rep26_robust_mac/amazon-carbon-prices
Program starts Tue Jul  7 16:37:59 CDT 2026

Data successfully loaded from /project/lhansen/HMC_rep26_robust_mac/amazon-carbon-prices/data/calibration
Solving the optimization problem...
Set parameter TokenServer to value "licenses.rcc.uchicago.edu"
Read LP format model from file /scratch/local/jobs/51504923/tmp61hd5y0x.pyomo.lp
Reading time = 2.17 seconds
x1: 417600 rows, 834801 columns, 2083271 nonzeros
Gurobi Optimizer version 11.0.0 build v11.0.0rc2 (linux64 - "CentOS Linux 8")

CPU model: Intel(R) Xeon(R) Gold 6248R CPU @ 3.00GHz, instruction set [SSE2|AVX|AVX2|AVX512]
Thread count: 48 physical cores, 48 logical processors, using up to 32 threads

Optimize a model with 417600 rows, 834801 columns and 2083271 nonzeros
Model fingerprint: 0x234fdbc7
Model has 400 quadratic objective terms
Coefficient statistics:
  Matrix range     [1e+00, 9e+02]
  Objective range  [4e-04, 1e+03]
  QObjective range [3e+02, 2e+05]
  Bounds range     [2e-06, 1e+00]
  RHS range        [6e-10, 4e-01]
Presolve removed 209011 rows and 209422 columns
Presolve time: 0.81s
Presolved: 208589 rows, 625379 columns, 1249315 nonzeros
Presolved model has 400 quadratic objective terms
Ordering time: 1.19s

Barrier statistics:
 AA' NZ     : 6.239e+05
 Factor NZ  : 6.769e+07 (roughly 900 MB of memory)
 Factor Ops : 2.541e+10 (less than 1 second per iteration)
 Threads    : 32

                  Objective                Residual
Iter       Primal          Dual         Primal    Dual     Compl     Time
   0  -3.65028557e+10  1.06646612e+08  1.04e+06 4.63e+02  1.04e+06     5s
   1  -2.13010099e+09  4.70894087e+07  5.95e+04 1.41e-12  7.03e+04     7s
   2  -1.49323664e+07  7.89237288e+06  2.02e+02 2.57e-12  2.58e+02     9s
   3  -1.49436864e+06  1.47673224e+06  2.96e+00 3.22e-12  6.90e+00    11s
   4  -2.67476542e+05  3.46719858e+05  8.63e-02 2.25e-12  8.18e-01    13s
   5  -6.32691964e+04  8.77429885e+04  5.22e-03 1.26e-12  1.83e-01    15s
   6  -1.62275897e+04  2.02700253e+04  7.67e-04 1.72e-12  4.39e-02    17s
   7  -7.04438138e+03  9.54642124e+03  2.74e-04 9.84e-13  1.99e-02    19s
   8  -2.04315425e+03  3.06761739e+03  3.26e-05 9.03e-13  6.13e-03    21s
   9  -1.02707830e+03  1.72966517e+03  1.34e-05 1.02e-12  3.31e-03    23s
  10  -3.13397889e+02  6.81717970e+02  2.54e-06 4.55e-13  1.19e-03    25s
  11   6.29409262e+00  2.40226621e+02  2.04e-07 4.55e-13  2.81e-04    27s
  12   7.72174375e+01  1.70258879e+02  1.95e-08 4.55e-13  1.12e-04    29s
  13   1.03264865e+02  1.45091953e+02  3.96e-09 6.82e-13  5.02e-05    31s
  14   1.14026242e+02  1.36208294e+02  1.49e-09 4.55e-13  2.66e-05    33s
  15   1.18411437e+02  1.33212853e+02  6.10e-10 4.55e-13  1.77e-05    34s
  16   1.23113084e+02  1.30039742e+02  1.85e-10 4.55e-13  8.31e-06    36s
  17   1.25009233e+02  1.28768373e+02  5.61e-11 4.55e-13  4.51e-06    38s
  18   1.25536482e+02  1.28462477e+02  3.91e-11 6.82e-13  3.51e-06    40s
  19   1.26621751e+02  1.27867330e+02  8.81e-12 6.82e-13  1.49e-06    42s
  20   1.27018685e+02  1.27672760e+02  3.01e-12 9.09e-13  7.84e-07    44s
  21   1.27108192e+02  1.27630567e+02  2.04e-12 4.55e-13  6.26e-07    46s
  22   1.27286333e+02  1.27548899e+02  4.66e-13 6.82e-13  3.15e-07    48s
  23   1.27376487e+02  1.27508888e+02  1.43e-13 6.82e-13  1.59e-07    50s
  24   1.27380252e+02  1.27507252e+02  1.33e-13 6.82e-13  1.52e-07    52s
  25   1.27382109e+02  1.27506454e+02  1.31e-13 6.82e-13  1.49e-07    54s
  26   1.27386483e+02  1.27504558e+02  1.19e-13 6.82e-13  1.42e-07    56s
  27   1.27415198e+02  1.27492213e+02  6.29e-14 6.82e-13  9.23e-08    58s
  28   1.27432062e+02  1.27485018e+02  3.10e-14 4.55e-13  6.35e-08    60s
  29   1.27454091e+02  1.27475761e+02  6.52e-15 6.82e-13  2.60e-08    62s
  30   1.27462074e+02  1.27472475e+02  3.23e-15 6.82e-13  1.25e-08    64s
  31   1.27466514e+02  1.27470667e+02  3.18e-15 4.55e-13  4.98e-09    66s
  32   1.27468462e+02  1.27469883e+02  1.29e-14 9.09e-13  1.70e-09    67s
  33   1.27469130e+02  1.27469616e+02  4.84e-15 6.82e-13  5.82e-10    69s
  34   1.27469372e+02  1.27469519e+02  3.71e-15 6.82e-13  1.76e-10    71s
  35   1.27469455e+02  1.27469486e+02  1.57e-15 6.82e-13  3.76e-11    73s
  36   1.27469473e+02  1.27469479e+02  1.78e-15 6.82e-13  6.57e-12    75s
  37   1.27469477e+02  1.27469477e+02  1.67e-15 6.82e-13  8.36e-14    77s

Barrier solved model in 37 iterations and 76.66 seconds (16.74 work units)
Optimal objective 1.27469477e+02

Done! Time elapsed: 108.0593638420105 seconds.
min_result 0.04725055203309989 min_pe 4.7

Program ends Tue Jul  7 16:42:12 CDT 2026
Exit code: 0
Elapsed time: 253 seconds
