Command: /project/lhansen/HMC_rep26_robust_mac/amazon-carbon-prices/.venv/bin/python pysrc/bash/shadow_price.py --id 52 --xi 10000 --sites 1043 --delta 0.03
Working directory: /project/lhansen/HMC_rep26_robust_mac/amazon-carbon-prices
Program starts Tue Jul  7 16:37:59 CDT 2026

Data successfully loaded from /project/lhansen/HMC_rep26_robust_mac/amazon-carbon-prices/data/calibration
Solving the optimization problem...
Set parameter TokenServer to value "licenses.rcc.uchicago.edu"
Read LP format model from file /scratch/local/jobs/51504928/tmplz4jh5ho.pyomo.lp
Reading time = 2.18 seconds
x1: 417600 rows, 834801 columns, 2083271 nonzeros
Gurobi Optimizer version 11.0.0 build v11.0.0rc2 (linux64 - "CentOS Linux 8")

CPU model: Intel(R) Xeon(R) Gold 6248R CPU @ 3.00GHz, instruction set [SSE2|AVX|AVX2|AVX512]
Thread count: 48 physical cores, 48 logical processors, using up to 32 threads

Optimize a model with 417600 rows, 834801 columns and 2083271 nonzeros
Model fingerprint: 0xf70df70c
Model has 400 quadratic objective terms
Coefficient statistics:
  Matrix range     [1e+00, 9e+02]
  Objective range  [4e-04, 1e+03]
  QObjective range [3e+02, 2e+05]
  Bounds range     [2e-06, 1e+00]
  RHS range        [6e-10, 4e-01]
Presolve removed 209011 rows and 209422 columns
Presolve time: 0.82s
Presolved: 208589 rows, 625379 columns, 1249315 nonzeros
Presolved model has 400 quadratic objective terms
Ordering time: 1.27s

Barrier statistics:
 AA' NZ     : 6.239e+05
 Factor NZ  : 6.769e+07 (roughly 900 MB of memory)
 Factor Ops : 2.541e+10 (less than 1 second per iteration)
 Threads    : 32

                  Objective                Residual
Iter       Primal          Dual         Primal    Dual     Compl     Time
   0  -1.49590553e+11  1.09202732e+11  1.04e+06 1.13e-13  1.00e+06     6s
   1  -1.21714444e+11  1.09562584e+11  3.16e+05 2.23e+02  3.23e+05     8s
   2  -1.52492810e+11  1.52358908e+11  5.85e+03 3.90e+00  6.98e+03    10s
   3  -7.59633667e+10  7.60560972e+10  2.94e+01 1.48e-12  2.09e+02    12s
   4  -1.34198231e+10  1.35242033e+10  1.27e+00 4.57e-12  3.27e+01    15s
   5  -3.15437998e+09  3.26465736e+09  1.92e-01 1.42e-12  7.67e+00    19s
   6  -7.01322255e+08  7.69124933e+08  2.92e-02 2.79e-12  1.74e+00    24s
   7  -1.35600554e+08  1.51450059e+08  2.86e-03 2.48e-12  3.37e-01    28s
   8  -1.97355101e+07  2.30165547e+07  2.86e-09 1.62e-12  5.01e-02    32s
   9  -2.88694343e+06  3.41913788e+06  4.22e-13 1.66e-12  7.38e-03    37s
  10  -4.27445344e+05  5.18294142e+05  2.39e-13 5.52e-13  1.11e-03    39s
  11  -6.42157938e+04  7.71276921e+04  6.26e-14 7.46e-14  1.66e-04    41s
  12  -9.98816167e+03  1.18348688e+04  3.64e-14 1.01e-14  2.56e-05    43s
  13  -2.34709742e+03  2.45242633e+03  1.22e-14 3.22e-15  5.62e-06    47s
  14  -6.42185429e+02  1.19867633e+03  1.45e-14 6.66e-16  2.16e-06    49s
  15  -8.29509885e+01  3.37366583e+02  5.67e-15 8.38e-16  4.92e-07    52s
  16   4.29913266e+01  1.80465888e+02  1.18e-15 6.66e-16  1.61e-07    54s
  17   8.81630436e+01  1.36497552e+02  4.04e-16 6.66e-16  5.66e-08    57s
  18   9.23560036e+01  1.33824406e+02  3.38e-16 4.44e-16  4.86e-08    59s
  19   1.02549059e+02  1.27075992e+02  2.51e-16 6.66e-16  2.87e-08    61s
  20   1.10260320e+02  1.22493081e+02  2.32e-16 6.66e-16  1.43e-08    62s
  21   1.11838791e+02  1.21657528e+02  1.89e-16 6.66e-16  1.15e-08    64s
  22   1.15080924e+02  1.20130665e+02  1.72e-16 6.66e-16  5.91e-09    66s
  23   1.15693439e+02  1.19786447e+02  1.36e-16 6.66e-16  4.79e-09    68s
  24   1.17132781e+02  1.19034209e+02  8.76e-17 8.88e-16  2.23e-09    70s
  25   1.17244625e+02  1.18975652e+02  8.41e-17 8.88e-16  2.03e-09    71s
  26   1.17733431e+02  1.18729311e+02  1.13e-16 6.66e-16  1.17e-09    73s
  27   1.18020151e+02  1.18588659e+02  7.96e-17 6.66e-16  6.66e-10    75s
  28   1.18141554e+02  1.18533189e+02  6.48e-17 6.66e-16  4.59e-10    77s
  29   1.18291116e+02  1.18465602e+02  9.24e-17 6.66e-16  2.04e-10    79s
  30   1.18340982e+02  1.18444425e+02  1.65e-16 6.66e-16  1.21e-10    80s
  31   1.18366776e+02  1.18433503e+02  2.74e-16 6.66e-16  7.81e-11    82s
  32   1.18385000e+02  1.18425831e+02  2.08e-16 8.88e-16  4.78e-11    84s
  33   1.18403931e+02  1.18417994e+02  2.28e-16 6.66e-16  1.65e-11    86s
  34   1.18407667e+02  1.18416466e+02  2.02e-15 8.88e-16  1.03e-11    88s
  35   1.18410063e+02  1.18415486e+02  2.31e-15 6.66e-16  6.35e-12    89s
  36   1.18412534e+02  1.18414483e+02  9.40e-15 6.66e-16  2.28e-12    91s
  37   1.18413430e+02  1.18414122e+02  3.06e-15 8.88e-16  8.10e-13    93s
  38   1.18413784e+02  1.18413979e+02  1.63e-15 6.66e-16  2.28e-13    95s
  39   1.18413870e+02  1.18413945e+02  7.05e-16 6.66e-16  8.83e-14    97s
  40   1.18413915e+02  1.18413927e+02  4.25e-16 6.66e-16  1.36e-14    99s
  41   1.18413923e+02  1.18413924e+02  1.06e-15 6.66e-16  5.90e-16   101s

Barrier solved model in 41 iterations and 101.06 seconds (18.70 work units)
Optimal objective 1.18413923e+02

Done! Time elapsed: 133.46173310279846 seconds.
min_result -0.039124392715564595 min_pe 5.2

Program ends Tue Jul  7 16:42:42 CDT 2026
Exit code: 0
Elapsed time: 283 seconds
