Command: /project/lhansen/HMC_rep26_robust_mac/amazon-carbon-prices/.venv/bin/python pysrc/bash/shadow_price.py --id 57 --xi 10000 --sites 1043 --delta 0.03
Working directory: /project/lhansen/HMC_rep26_robust_mac/amazon-carbon-prices
Program starts Tue Jul  7 16:38:00 CDT 2026

Data successfully loaded from /project/lhansen/HMC_rep26_robust_mac/amazon-carbon-prices/data/calibration
Solving the optimization problem...
Set parameter TokenServer to value "licenses.rcc.uchicago.edu"
Read LP format model from file /scratch/local/jobs/51504933/tmpht415_a_.pyomo.lp
Reading time = 2.19 seconds
x1: 417600 rows, 834801 columns, 2083271 nonzeros
Gurobi Optimizer version 11.0.0 build v11.0.0rc2 (linux64 - "CentOS Linux 8")

CPU model: Intel(R) Xeon(R) Gold 6248R CPU @ 3.00GHz, instruction set [SSE2|AVX|AVX2|AVX512]
Thread count: 48 physical cores, 48 logical processors, using up to 32 threads

Optimize a model with 417600 rows, 834801 columns and 2083271 nonzeros
Model fingerprint: 0x09af9b1f
Model has 400 quadratic objective terms
Coefficient statistics:
  Matrix range     [1e+00, 9e+02]
  Objective range  [5e-05, 1e+03]
  QObjective range [3e+02, 2e+05]
  Bounds range     [2e-06, 1e+00]
  RHS range        [6e-10, 4e-01]
Presolve removed 209011 rows and 209422 columns
Presolve time: 0.85s
Presolved: 208589 rows, 625379 columns, 1249315 nonzeros
Presolved model has 400 quadratic objective terms
Ordering time: 1.19s

Barrier statistics:
 AA' NZ     : 6.239e+05
 Factor NZ  : 6.769e+07 (roughly 900 MB of memory)
 Factor Ops : 2.541e+10 (less than 1 second per iteration)
 Threads    : 32

                  Objective                Residual
Iter       Primal          Dual         Primal    Dual     Compl     Time
   0  -4.46497522e+10  1.06663970e+08  1.04e+06 5.60e+02  1.26e+06     6s
   1  -2.60354078e+09  5.40251140e+07  5.95e+04 1.54e-12  8.51e+04     7s
   2  -1.81967428e+07  9.36000592e+06  2.07e+02 3.02e-12  3.19e+02     9s
   3  -1.81492473e+06  1.78914448e+06  2.98e+00 4.20e-12  8.40e+00    11s
   4  -3.26573898e+05  4.21699813e+05  8.61e-02 2.61e-12  9.95e-01    13s
   5  -7.70299580e+04  1.05981658e+05  5.20e-03 1.28e-12  2.22e-01    14s
   6  -1.84550547e+04  2.22592129e+04  6.55e-04 1.39e-12  4.89e-02    16s
   7  -7.76686937e+03  1.01126602e+04  2.21e-04 1.01e-12  2.15e-02    17s
   8  -2.27798376e+03  3.07749243e+03  3.04e-05 1.10e-12  6.42e-03    19s
   9  -1.08305407e+03  1.68776006e+03  1.04e-05 9.02e-13  3.32e-03    21s
  10  -3.11059945e+02  5.88424328e+02  1.57e-06 4.65e-13  1.08e-03    22s
  11  -7.81777870e+00  2.35796426e+02  1.23e-07 4.55e-13  2.92e-04    25s
  12   6.35598342e+01  1.47397773e+02  9.92e-09 4.55e-13  1.01e-04    26s
  13   8.76415583e+01  1.26240191e+02  2.54e-09 4.55e-13  4.63e-05    28s
  14   9.95129465e+01  1.17408602e+02  5.91e-10 4.55e-13  2.15e-05    29s
  15   1.01835019e+02  1.15909558e+02  4.01e-10 4.55e-13  1.69e-05    31s
  16   1.06007709e+02  1.13459173e+02  1.49e-10 4.55e-13  8.93e-06    32s
  17   1.08415481e+02  1.12044853e+02  4.50e-11 6.82e-13  4.35e-06    34s
  18   1.09521084e+02  1.11458913e+02  1.65e-11 6.82e-13  2.32e-06    36s
  19   1.10041075e+02  1.11203929e+02  6.24e-12 6.82e-13  1.39e-06    38s
  20   1.10104845e+02  1.11173985e+02  5.40e-12 6.82e-13  1.28e-06    39s
  21   1.10458022e+02  1.11012143e+02  1.96e-12 6.82e-13  6.64e-07    41s
  22   1.10471890e+02  1.11006026e+02  1.88e-12 6.82e-13  6.40e-07    42s
  23   1.10577121e+02  1.10959743e+02  1.35e-12 6.82e-13  4.59e-07    44s
  24   1.10643408e+02  1.10929740e+02  4.31e-13 6.82e-13  3.43e-07    46s
  25   1.10751365e+02  1.10883895e+02  1.10e-13 9.09e-13  1.59e-07    48s
  26   1.10766293e+02  1.10877598e+02  8.08e-14 6.82e-13  1.33e-07    49s
  27   1.10813410e+02  1.10857992e+02  1.27e-14 9.09e-13  5.35e-08    51s
  28   1.10827079e+02  1.10852393e+02  1.22e-15 9.09e-13  3.04e-08    52s
  29   1.10839993e+02  1.10847222e+02  7.52e-16 9.09e-13  8.67e-09    54s
  30   1.10843109e+02  1.10845989e+02  1.80e-15 6.82e-13  3.45e-09    56s
  31   1.10844500e+02  1.10845440e+02  1.73e-15 9.09e-13  1.13e-09    57s
  32   1.10844954e+02  1.10845262e+02  1.30e-15 1.14e-12  3.69e-10    59s
  33   1.10845104e+02  1.10845203e+02  9.49e-16 6.82e-13  1.19e-10    61s
  34   1.10845158e+02  1.10845182e+02  4.19e-16 9.09e-13  2.89e-11    62s
  35   1.10845173e+02  1.10845176e+02  3.34e-15 9.09e-13  3.22e-12    64s
  36   1.10845175e+02  1.10845175e+02  8.89e-16 9.09e-13  1.41e-13    66s

Barrier solved model in 36 iterations and 65.81 seconds (16.39 work units)
Optimal objective 1.10845175e+02

Done! Time elapsed: 98.63812708854675 seconds.
min_result -0.12808274489926727 min_pe 5.7

Program ends Tue Jul  7 16:42:08 CDT 2026
Exit code: 0
Elapsed time: 248 seconds
