Command: /project/lhansen/HMC_rep26_robust_mac/amazon-carbon-prices/.venv/bin/python pysrc/bash/shadow_price.py --id 67 --xi 10000 --sites 1043 --delta 0.03
Working directory: /project/lhansen/HMC_rep26_robust_mac/amazon-carbon-prices
Program starts Thu Jul  2 12:53:11 CDT 2026

Data successfully loaded from /project/lhansen/HMC_rep26_robust_mac/amazon-carbon-prices/data/calibration
Solving the optimization problem...
Set parameter TokenServer to value "licenses.rcc.uchicago.edu"
Read LP format model from file /scratch/local/jobs/51374964/tmpvg3to3kl.pyomo.lp
Reading time = 2.49 seconds
x1: 417600 rows, 834801 columns, 2083271 nonzeros
Gurobi Optimizer version 11.0.0 build v11.0.0rc2 (linux64 - "CentOS Linux 8")

CPU model: Intel(R) Xeon(R) Gold 6248R CPU @ 3.00GHz, instruction set [SSE2|AVX|AVX2|AVX512]
Thread count: 48 physical cores, 48 logical processors, using up to 32 threads

Optimize a model with 417600 rows, 834801 columns and 2083271 nonzeros
Model fingerprint: 0xed9b9f66
Model has 400 quadratic objective terms
Coefficient statistics:
  Matrix range     [1e+00, 9e+02]
  Objective range  [3e-05, 1e+03]
  QObjective range [3e+02, 2e+05]
  Bounds range     [2e-06, 1e+00]
  RHS range        [6e-10, 4e-01]
Presolve removed 209011 rows and 209422 columns
Presolve time: 0.83s
Presolved: 208589 rows, 625379 columns, 1249315 nonzeros
Presolved model has 400 quadratic objective terms
Ordering time: 1.36s

Barrier statistics:
 AA' NZ     : 6.239e+05
 Factor NZ  : 6.769e+07 (roughly 900 MB of memory)
 Factor Ops : 2.541e+10 (less than 1 second per iteration)
 Threads    : 32

                  Objective                Residual
Iter       Primal          Dual         Primal    Dual     Compl     Time
   0  -1.61810898e+11  1.09202732e+11  1.04e+06 1.13e-13  1.00e+06     6s
   1  -1.25406905e+11  1.09559707e+11  3.16e+05 2.23e+02  3.23e+05     7s
   2  -1.52557514e+11  1.52354268e+11  5.85e+03 3.90e+00  6.98e+03     9s
   3  -7.59607685e+10  7.60525407e+10  2.94e+01 1.47e-12  2.09e+02    11s
   4  -1.34191342e+10  1.35232004e+10  1.27e+00 3.98e-12  3.27e+01    14s
   5  -3.15441292e+09  3.26453942e+09  1.92e-01 1.44e-12  7.67e+00    19s
   6  -7.01339882e+08  7.69067800e+08  2.92e-02 3.75e-12  1.74e+00    23s
   7  -1.35613039e+08  1.51429493e+08  2.86e-03 1.92e-12  3.37e-01    27s
   8  -1.97421907e+07  2.30143914e+07  2.86e-09 1.66e-12  5.01e-02    31s
   9  -2.88974087e+06  3.41774188e+06  4.64e-13 1.74e-12  7.39e-03    36s
  10  -4.28684901e+05  5.18105386e+05  2.08e-13 4.97e-13  1.11e-03    38s
  11  -6.47820586e+04  7.71647894e+04  8.30e-14 7.40e-14  1.66e-04    40s
  12  -1.02289111e+04  1.18186128e+04  4.56e-14 1.07e-14  2.58e-05    42s
  13  -2.35752277e+03  2.30964532e+03  1.23e-14 2.52e-15  5.47e-06    46s
  14  -6.59381788e+02  9.59142725e+02  1.01e-14 8.88e-16  1.90e-06    49s
  15  -1.48272344e+02  3.15187942e+02  5.19e-15 8.88e-16  5.43e-07    52s
  16   7.16672054e+00  1.70439086e+02  1.79e-15 8.88e-16  1.91e-07    54s
  17   6.29500717e+01  1.19206300e+02  6.87e-16 6.66e-16  6.59e-08    56s
  18   8.25458774e+01  1.07792809e+02  4.53e-16 6.66e-16  2.96e-08    58s
  19   8.85256390e+01  1.04409822e+02  3.84e-16 1.11e-15  1.86e-08    60s
  20   9.24461981e+01  1.02260666e+02  2.54e-16 8.88e-16  1.15e-08    62s
  21   9.50521309e+01  1.00929424e+02  2.04e-16 8.88e-16  6.88e-09    63s
  22   9.64604939e+01  1.00281760e+02  1.30e-16 8.88e-16  4.47e-09    65s
  23   9.75226618e+01  9.97790980e+01  1.00e-16 6.66e-16  2.64e-09    67s
  24   9.82294968e+01  9.94493330e+01  7.57e-17 8.88e-16  1.43e-09    68s
  25   9.86068673e+01  9.92769750e+01  8.04e-17 8.88e-16  7.85e-10    70s
  26   9.88117120e+01  9.91873009e+01  1.59e-16 8.88e-16  4.40e-10    72s
  27   9.88280922e+01  9.91802803e+01  1.45e-16 8.88e-16  4.12e-10    74s
  28   9.89609849e+01  9.91240057e+01  1.81e-16 6.66e-16  1.91e-10    75s
  29   9.90244853e+01  9.90979677e+01  1.23e-16 8.88e-16  8.60e-11    77s
  30   9.90523450e+01  9.90867023e+01  1.29e-16 6.66e-16  4.02e-11    79s
  31   9.90629317e+01  9.90824555e+01  5.74e-16 8.88e-16  2.29e-11    81s
  32   9.90723038e+01  9.90787570e+01  1.25e-15 8.88e-16  7.56e-12    82s
  33   9.90748028e+01  9.90777763e+01  1.37e-15 8.88e-16  3.48e-12    84s
  34   9.90762381e+01  9.90772167e+01  2.64e-15 6.66e-16  1.15e-12    86s
  35   9.90766578e+01  9.90770537e+01  1.41e-15 6.66e-16  4.64e-13    88s
  36   9.90768794e+01  9.90769677e+01  7.81e-16 8.88e-16  1.03e-13    90s
  37   9.90769293e+01  9.90769484e+01  5.44e-16 8.88e-16  2.23e-14    91s
  38   9.90769419e+01  9.90769435e+01  6.72e-16 8.88e-16  1.88e-15    93s

Barrier solved model in 38 iterations and 92.69 seconds (17.60 work units)
Optimal objective 9.90769419e+01

Done! Time elapsed: 124.46598553657532 seconds.
min_result -0.2974617957123982 min_pe 6.7

Program ends Thu Jul  2 12:57:50 CDT 2026
Exit code: 0
Elapsed time: 279 seconds
