Command: /project/lhansen/HMC_rep26_robust_mac/amazon-carbon-prices/.venv/bin/python pysrc/bash/shadow_price.py --id 68 --xi 10000 --sites 1043 --delta 0.03
Working directory: /project/lhansen/HMC_rep26_robust_mac/amazon-carbon-prices
Program starts Thu Jul  2 12:53:11 CDT 2026

Data successfully loaded from /project/lhansen/HMC_rep26_robust_mac/amazon-carbon-prices/data/calibration
Solving the optimization problem...
Set parameter TokenServer to value "licenses.rcc.uchicago.edu"
Read LP format model from file /scratch/local/jobs/51374965/tmpbi87fa0v.pyomo.lp
Reading time = 2.50 seconds
x1: 417600 rows, 834801 columns, 2083271 nonzeros
Gurobi Optimizer version 11.0.0 build v11.0.0rc2 (linux64 - "CentOS Linux 8")

CPU model: Intel(R) Xeon(R) Gold 6248R CPU @ 3.00GHz, instruction set [SSE2|AVX|AVX2|AVX512]
Thread count: 48 physical cores, 48 logical processors, using up to 32 threads

Optimize a model with 417600 rows, 834801 columns and 2083271 nonzeros
Model fingerprint: 0xc933a7ee
Model has 400 quadratic objective terms
Coefficient statistics:
  Matrix range     [1e+00, 9e+02]
  Objective range  [3e-05, 1e+03]
  QObjective range [3e+02, 2e+05]
  Bounds range     [2e-06, 1e+00]
  RHS range        [6e-10, 4e-01]
Presolve removed 209011 rows and 209422 columns
Presolve time: 0.83s
Presolved: 208589 rows, 625379 columns, 1249315 nonzeros
Presolved model has 400 quadratic objective terms
Ordering time: 1.06s

Barrier statistics:
 AA' NZ     : 6.239e+05
 Factor NZ  : 6.769e+07 (roughly 900 MB of memory)
 Factor Ops : 2.541e+10 (less than 1 second per iteration)
 Threads    : 32

                  Objective                Residual
Iter       Primal          Dual         Primal    Dual     Compl     Time
   0  -1.62625587e+11  1.09202732e+11  1.04e+06 1.13e-13  1.00e+06     5s
   1  -1.25653064e+11  1.09559515e+11  3.16e+05 2.23e+02  3.23e+05     7s
   2  -1.52561828e+11  1.52353959e+11  5.85e+03 3.90e+00  6.98e+03     9s
   3  -7.59605953e+10  7.60523036e+10  2.94e+01 1.47e-12  2.09e+02    11s
   4  -1.34190883e+10  1.35231336e+10  1.27e+00 3.67e-12  3.27e+01    14s
   5  -3.15441512e+09  3.26453156e+09  1.92e-01 1.38e-12  7.67e+00    19s
   6  -7.01341057e+08  7.69063992e+08  2.92e-02 2.86e-12  1.74e+00    23s
   7  -1.35613872e+08  1.51428122e+08  2.86e-03 2.02e-12  3.37e-01    27s
   8  -1.97426358e+07  2.30142473e+07  2.86e-09 1.83e-12  5.01e-02    32s
   9  -2.88992701e+06  3.41764871e+06  4.27e-13 1.87e-12  7.39e-03    36s
  10  -4.28767147e+05  5.18092473e+05  2.86e-13 5.25e-13  1.11e-03    38s
  11  -6.48195939e+04  7.71682835e+04  6.55e-14 9.16e-14  1.66e-04    40s
  12  -1.02446699e+04  1.18190101e+04  3.74e-14 1.11e-14  2.58e-05    42s
  13  -2.36665983e+03  2.31047490e+03  1.38e-14 3.94e-15  5.48e-06    46s
  14  -6.62482650e+02  9.56792404e+02  1.27e-14 6.66e-16  1.90e-06    49s
  15  -1.49989785e+02  3.13890281e+02  4.73e-15 6.66e-16  5.43e-07    52s
  16   6.31064914e+00  1.68813190e+02  1.58e-15 8.88e-16  1.90e-07    54s
  17   6.29308477e+01  1.17366284e+02  7.39e-16 8.88e-16  6.37e-08    57s
  18   7.36425515e+01  1.11269368e+02  5.10e-16 6.66e-16  4.41e-08    59s
  19   8.43586529e+01  1.05604416e+02  3.71e-16 8.88e-16  2.49e-08    61s
  20   9.01275837e+01  1.02487977e+02  3.79e-16 6.66e-16  1.45e-08    63s
  21   9.42138080e+01  1.00189930e+02  2.31e-16 8.88e-16  7.00e-09    64s
  22   9.60080930e+01  9.92020277e+01  1.54e-16 6.66e-16  3.74e-09    66s
  23   9.60860993e+01  9.91627128e+01  1.54e-16 8.88e-16  3.60e-09    68s
  24   9.62204904e+01  9.90930027e+01  1.41e-16 8.88e-16  3.36e-09    70s
  25   9.70515310e+01  9.86760728e+01  1.00e-16 6.66e-16  1.90e-09    71s
  26   9.75829687e+01  9.84256833e+01  1.45e-16 8.88e-16  9.87e-10    73s
  27   9.78046007e+01  9.83258530e+01  1.65e-16 8.88e-16  6.10e-10    75s
  28   9.78272152e+01  9.83159120e+01  1.51e-16 6.66e-16  5.72e-10    77s
  29   9.80382195e+01  9.82250750e+01  1.15e-16 8.88e-16  2.19e-10    78s
  30   9.80716388e+01  9.82111519e+01  1.05e-16 6.66e-16  1.63e-10    80s
  31   9.81340268e+01  9.81856985e+01  2.16e-16 8.88e-16  6.05e-11    82s
  32   9.81556984e+01  9.81770389e+01  1.51e-16 8.88e-16  2.50e-11    84s
  33   9.81663279e+01  9.81728531e+01  1.50e-15 8.88e-16  7.64e-12    86s
  34   9.81690337e+01  9.81717960e+01  6.64e-16 8.88e-16  3.23e-12    87s
  35   9.81703725e+01  9.81712751e+01  5.50e-16 6.66e-16  1.06e-12    89s
  36   9.81708101e+01  9.81711052e+01  2.62e-16 8.88e-16  3.45e-13    91s
  37   9.81709786e+01  9.81710399e+01  1.41e-16 1.11e-15  7.18e-14    92s
  38   9.81710115e+01  9.81710272e+01  1.94e-15 8.88e-16  1.84e-14    94s
  39   9.81710217e+01  9.81710233e+01  9.67e-16 8.88e-16  1.86e-15    96s

Barrier solved model in 39 iterations and 95.97 seconds (18.09 work units)
Optimal objective 9.81710217e+01

Done! Time elapsed: 127.29611253738403 seconds.
min_result -0.318197515006512 min_pe 6.8

Program ends Thu Jul  2 12:57:53 CDT 2026
Exit code: 0
Elapsed time: 282 seconds
