Command: /project/lhansen/HMC_rep26_robust_mac/amazon-carbon-prices/.venv/bin/python pysrc/bash/shadow_price.py --id 69 --xi 10000 --sites 1043 --delta 0.03
Working directory: /project/lhansen/HMC_rep26_robust_mac/amazon-carbon-prices
Program starts Thu Jul  2 12:53:10 CDT 2026

Data successfully loaded from /project/lhansen/HMC_rep26_robust_mac/amazon-carbon-prices/data/calibration
Solving the optimization problem...
Set parameter TokenServer to value "licenses.rcc.uchicago.edu"
Read LP format model from file /scratch/local/jobs/51374966/tmpjrtuexst.pyomo.lp
Reading time = 2.17 seconds
x1: 417600 rows, 834801 columns, 2083271 nonzeros
Gurobi Optimizer version 11.0.0 build v11.0.0rc2 (linux64 - "CentOS Linux 8")

CPU model: Intel(R) Xeon(R) Gold 6248R CPU @ 3.00GHz, instruction set [SSE2|AVX|AVX2|AVX512]
Thread count: 48 physical cores, 48 logical processors, using up to 32 threads

Optimize a model with 417600 rows, 834801 columns and 2083271 nonzeros
Model fingerprint: 0x5f77d8d2
Model has 400 quadratic objective terms
Coefficient statistics:
  Matrix range     [1e+00, 9e+02]
  Objective range  [3e-04, 1e+03]
  QObjective range [3e+02, 2e+05]
  Bounds range     [2e-06, 1e+00]
  RHS range        [6e-10, 4e-01]
Presolve removed 209011 rows and 209422 columns
Presolve time: 0.81s
Presolved: 208589 rows, 625379 columns, 1249315 nonzeros
Presolved model has 400 quadratic objective terms
Ordering time: 0.89s

Barrier statistics:
 AA' NZ     : 6.239e+05
 Factor NZ  : 6.769e+07 (roughly 900 MB of memory)
 Factor Ops : 2.541e+10 (less than 1 second per iteration)
 Threads    : 32

                  Objective                Residual
Iter       Primal          Dual         Primal    Dual     Compl     Time
   0  -5.44260281e+10  1.06684798e+08  1.04e+06 6.77e+02  1.52e+06     5s
   1  -3.17065697e+09  6.13438499e+07  5.95e+04 1.62e-12  1.03e+05     7s
   2  -2.19864879e+07  1.10189528e+07  2.11e+02 3.79e-12  3.91e+02     9s
   3  -2.19050520e+06  2.15778776e+06  2.94e+00 5.59e-12  1.01e+01    11s
   4  -3.96696703e+05  5.10466805e+05  8.57e-02 3.29e-12  1.20e+00    13s
   5  -9.27878380e+04  1.26533054e+05  5.06e-03 1.82e-12  2.66e-01    15s
   6  -2.12355643e+04  2.47022952e+04  5.25e-04 2.38e-12  5.52e-02    17s
   7  -8.40903141e+03  1.04766242e+04  1.59e-04 1.51e-12  2.27e-02    19s
   8  -2.57592957e+03  3.24077172e+03  2.54e-05 1.38e-12  6.98e-03    21s
   9  -1.29513107e+03  1.88555594e+03  8.80e-06 9.16e-13  3.81e-03    22s
  10  -3.10590068e+02  4.79424274e+02  8.74e-07 7.37e-13  9.47e-04    24s
  11  -3.36025592e+01  1.98290246e+02  4.13e-08 4.55e-13  2.78e-04    27s
  12   3.88375506e+01  1.39210192e+02  7.67e-09 4.55e-13  1.20e-04    29s
  13   6.83122164e+01  1.15743929e+02  2.30e-09 4.55e-13  5.69e-05    31s
  14   7.81631435e+01  1.08774802e+02  1.03e-09 4.55e-13  3.67e-05    32s
  15   8.61702467e+01  1.03753085e+02  3.62e-10 4.55e-13  2.11e-05    34s
  16   9.25409964e+01  9.98657075e+01  7.54e-11 9.09e-13  8.78e-06    36s
  17   9.36297001e+01  9.92059183e+01  4.65e-11 6.82e-13  6.69e-06    38s
  18   9.58572721e+01  9.79981133e+01  5.86e-12 9.09e-13  2.57e-06    40s
  19   9.66702168e+01  9.75883674e+01  7.14e-13 9.09e-13  1.10e-06    42s
  20   9.68081920e+01  9.75276043e+01  4.77e-13 6.82e-13  8.63e-07    44s
  21   9.70556897e+01  9.74213911e+01  1.35e-13 6.82e-13  4.39e-07    46s
  22   9.72016591e+01  9.73594520e+01  2.66e-14 9.09e-13  1.89e-07    48s
  23   9.72647732e+01  9.73337200e+01  7.40e-15 9.09e-13  8.27e-08    50s
  24   9.72914209e+01  9.73230530e+01  2.23e-15 9.09e-13  3.79e-08    51s
  25   9.73065007e+01  9.73171059e+01  1.66e-15 9.09e-13  1.27e-08    53s
  26   9.73102385e+01  9.73156523e+01  1.01e-15 9.09e-13  6.49e-09    55s
  27   9.73127867e+01  9.73146602e+01  6.09e-15 9.09e-13  2.25e-09    57s
  28   9.73139056e+01  9.73142269e+01  6.53e-15 1.36e-12  3.85e-10    59s
  29   9.73140736e+01  9.73141621e+01  1.32e-15 9.09e-13  1.06e-10    62s
  30   9.73141191e+01  9.73141446e+01  6.12e-16 9.09e-13  3.05e-11    63s
  31   9.73141334e+01  9.73141390e+01  1.10e-15 9.09e-13  6.74e-12    65s
  32   9.73141370e+01  9.73141376e+01  1.31e-15 1.14e-12  7.63e-13    67s
  33   9.73141375e+01  9.73141375e+01  4.07e-16 1.36e-12  2.77e-15    69s

Barrier solved model in 33 iterations and 68.76 seconds (14.99 work units)
Optimal objective 9.73141375e+01

Done! Time elapsed: 99.76804256439209 seconds.
min_result -0.3311060973869921 min_pe 6.9

Program ends Thu Jul  2 12:57:25 CDT 2026
Exit code: 0
Elapsed time: 255 seconds
