Command: /project/lhansen/HMC_rep26_robust_mac/amazon-carbon-prices/.venv/bin/python pysrc/bash/shadow_price.py --id 74 --xi 10000 --sites 1043 --delta 0.03
Working directory: /project/lhansen/HMC_rep26_robust_mac/amazon-carbon-prices
Program starts Thu Jul  2 12:53:12 CDT 2026

Data successfully loaded from /project/lhansen/HMC_rep26_robust_mac/amazon-carbon-prices/data/calibration
Solving the optimization problem...
Set parameter TokenServer to value "licenses.rcc.uchicago.edu"
Read LP format model from file /scratch/local/jobs/51374972/tmpl7bmcc1m.pyomo.lp
Reading time = 2.18 seconds
x1: 417600 rows, 834801 columns, 2083271 nonzeros
Gurobi Optimizer version 11.0.0 build v11.0.0rc2 (linux64 - "CentOS Linux 8")

CPU model: Intel(R) Xeon(R) Gold 6248R CPU @ 3.00GHz, instruction set [SSE2|AVX|AVX2|AVX512]
Thread count: 48 physical cores, 48 logical processors, using up to 32 threads

Optimize a model with 417600 rows, 834801 columns and 2083271 nonzeros
Model fingerprint: 0x7632c7f8
Model has 400 quadratic objective terms
Coefficient statistics:
  Matrix range     [1e+00, 9e+02]
  Objective range  [2e-05, 2e+03]
  QObjective range [3e+02, 2e+05]
  Bounds range     [2e-06, 1e+00]
  RHS range        [6e-10, 4e-01]
Presolve removed 209011 rows and 209422 columns
Presolve time: 0.81s
Presolved: 208589 rows, 625379 columns, 1249315 nonzeros
Presolved model has 400 quadratic objective terms
Ordering time: 1.11s

Barrier statistics:
 AA' NZ     : 6.239e+05
 Factor NZ  : 6.769e+07 (roughly 900 MB of memory)
 Factor Ops : 2.541e+10 (less than 1 second per iteration)
 Threads    : 32

                  Objective                Residual
Iter       Primal          Dual         Primal    Dual     Compl     Time
   0  -5.84994764e+10  1.06693477e+08  1.04e+06 7.26e+02  1.63e+06     5s
   1  -3.40667249e+09  6.41127573e+07  5.95e+04 1.70e-12  1.10e+05     7s
   2  -2.35244020e+07  1.16810588e+07  2.12e+02 3.65e-12  4.21e+02     9s
   3  -2.34399870e+06  2.30962900e+06  2.91e+00 4.41e-12  1.07e+01    11s
   4  -4.25652919e+05  5.47044931e+05  8.55e-02 3.05e-12  1.29e+00    13s
   5  -9.90763701e+04  1.34609672e+05  4.97e-03 1.70e-12  2.83e-01    15s
   6  -2.23731274e+04  2.56867070e+04  4.81e-04 1.64e-12  5.77e-02    17s
   7  -8.60428959e+03  1.05522219e+04  1.38e-04 1.57e-12  2.30e-02    19s
   8  -2.63280089e+03  3.22970815e+03  2.19e-05 1.62e-12  7.03e-03    21s
   9  -1.35333637e+03  1.92443097e+03  7.69e-06 9.09e-13  3.93e-03    23s
  10  -3.29117082e+02  4.79724719e+02  7.71e-07 8.92e-13  9.70e-04    25s
  11  -4.52191341e+01  2.01388321e+02  3.30e-08 4.55e-13  2.96e-04    27s
  12   3.71776007e+01  1.33077217e+02  4.10e-09 9.09e-13  1.15e-04    29s
  13   5.73024139e+01  1.17460261e+02  2.05e-09 4.55e-13  7.21e-05    31s
  14   7.57078632e+01  1.05066396e+02  5.08e-10 4.55e-13  3.52e-05    33s
  15   8.49086529e+01  9.86764835e+01  1.54e-10 4.55e-13  1.65e-05    35s
  16   8.90559807e+01  9.61782081e+01  4.23e-11 6.82e-13  8.54e-06    36s
  17   9.14375338e+01  9.49429979e+01  4.75e-12 9.09e-13  4.20e-06    38s
  18   9.28089313e+01  9.42716545e+01  1.22e-12 9.09e-13  1.75e-06    41s
  19   9.34535297e+01  9.39836571e+01  1.27e-13 9.09e-13  6.36e-07    43s
  20   9.35587118e+01  9.39401148e+01  4.95e-14 9.09e-13  4.57e-07    45s
  21   9.37097308e+01  9.38783941e+01  8.69e-15 9.09e-13  2.02e-07    46s
  22   9.37131682e+01  9.38770064e+01  8.44e-15 9.09e-13  1.96e-07    48s
  23   9.37438995e+01  9.38645511e+01  4.76e-15 9.09e-13  1.45e-07    50s
  24   9.37985198e+01  9.38427091e+01  1.70e-15 9.09e-13  5.30e-08    52s
  25   9.38162691e+01  9.38357196e+01  3.26e-15 9.09e-13  2.33e-08    54s
  26   9.38239458e+01  9.38327241e+01  2.02e-15 9.09e-13  1.05e-08    56s
  27   9.38282329e+01  9.38310605e+01  6.58e-15 9.09e-13  3.39e-09    58s
  28   9.38289832e+01  9.38307701e+01  2.50e-15 6.82e-13  2.14e-09    60s
  29   9.38297735e+01  9.38304656e+01  3.62e-15 1.14e-12  8.30e-10    62s
  30   9.38299028e+01  9.38304156e+01  1.48e-15 9.09e-13  6.15e-10    63s
  31   9.38301953e+01  9.38303033e+01  3.99e-15 9.09e-13  1.30e-10    65s
  32   9.38302569e+01  9.38302797e+01  1.46e-15 9.09e-13  2.73e-11    67s
  33   9.38302716e+01  9.38302741e+01  1.40e-15 9.09e-13  2.95e-12    69s
  34   9.38302733e+01  9.38302735e+01  4.50e-16 1.36e-12  2.10e-13    71s

Barrier solved model in 34 iterations and 70.88 seconds (15.45 work units)
Optimal objective 9.38302733e+01

Done! Time elapsed: 102.26684761047363 seconds.
min_result -0.42154114292809064 min_pe 7.4

Program ends Thu Jul  2 12:57:30 CDT 2026
Exit code: 0
Elapsed time: 258 seconds
