Command: /project/lhansen/HMC_rep26_robust_mac/amazon-carbon-prices/.venv/bin/python pysrc/bash/shadow_price.py --id 77 --xi 10000 --sites 1043 --delta 0.03
Working directory: /project/lhansen/HMC_rep26_robust_mac/amazon-carbon-prices
Program starts Thu Jul  2 12:53:12 CDT 2026

Data successfully loaded from /project/lhansen/HMC_rep26_robust_mac/amazon-carbon-prices/data/calibration
Solving the optimization problem...
Set parameter TokenServer to value "licenses.rcc.uchicago.edu"
Read LP format model from file /scratch/local/jobs/51374975/tmpf2berf1f.pyomo.lp
Reading time = 2.17 seconds
x1: 417600 rows, 834801 columns, 2083271 nonzeros
Gurobi Optimizer version 11.0.0 build v11.0.0rc2 (linux64 - "CentOS Linux 8")

CPU model: Intel(R) Xeon(R) Gold 6248R CPU @ 3.00GHz, instruction set [SSE2|AVX|AVX2|AVX512]
Thread count: 48 physical cores, 48 logical processors, using up to 32 threads

Optimize a model with 417600 rows, 834801 columns and 2083271 nonzeros
Model fingerprint: 0x4f941667
Model has 400 quadratic objective terms
Coefficient statistics:
  Matrix range     [1e+00, 9e+02]
  Objective range  [5e-05, 2e+03]
  QObjective range [3e+02, 2e+05]
  Bounds range     [2e-06, 1e+00]
  RHS range        [6e-10, 4e-01]
Presolve removed 209011 rows and 209422 columns
Presolve time: 0.84s
Presolved: 208589 rows, 625379 columns, 1249315 nonzeros
Presolved model has 400 quadratic objective terms
Ordering time: 1.32s

Barrier statistics:
 AA' NZ     : 6.239e+05
 Factor NZ  : 6.769e+07 (roughly 900 MB of memory)
 Factor Ops : 2.541e+10 (less than 1 second per iteration)
 Threads    : 32

                  Objective                Residual
Iter       Primal          Dual         Primal    Dual     Compl     Time
   0  -1.69957794e+11  1.09202732e+11  1.04e+06 1.13e-13  1.00e+06     6s
   1  -1.27868470e+11  1.09557789e+11  3.16e+05 2.23e+02  3.23e+05     8s
   2  -1.52600647e+11  1.52351175e+11  5.85e+03 3.90e+00  6.98e+03    10s
   3  -7.59590361e+10  7.60501695e+10  2.94e+01 1.47e-12  2.09e+02    12s
   4  -1.34186751e+10  1.35225320e+10  1.27e+00 4.09e-12  3.27e+01    14s
   5  -3.15443493e+09  3.26446084e+09  1.92e-01 1.37e-12  7.67e+00    18s
   6  -7.01351632e+08  7.69029720e+08  2.92e-02 3.58e-12  1.74e+00    23s
   7  -1.35621358e+08  1.51415787e+08  2.86e-03 2.15e-12  3.37e-01    27s
   8  -1.97466423e+07  2.30129683e+07  2.86e-09 5.60e-12  5.01e-02    31s
   9  -2.89160750e+06  3.41685153e+06  4.99e-13 1.16e-12  7.39e-03    36s
  10  -4.29505781e+05  5.17972899e+05  2.51e-13 5.38e-13  1.11e-03    38s
  11  -6.51547457e+04  7.71963373e+04  6.17e-14 6.25e-14  1.67e-04    40s
  12  -1.03845727e+04  1.18293792e+04  4.18e-14 1.03e-14  2.60e-05    42s
  13  -2.41961759e+03  2.28700782e+03  1.34e-14 3.24e-15  5.51e-06    46s
  14  -6.95717642e+02  9.57504434e+02  1.07e-14 8.88e-16  1.94e-06    49s
  15  -1.70617615e+02  3.50237783e+02  4.75e-15 8.88e-16  6.10e-07    52s
  16  -4.06019073e+01  1.93681646e+02  2.36e-15 8.88e-16  2.74e-07    54s
  17   3.00200378e+01  1.30149409e+02  1.26e-15 8.88e-16  1.17e-07    57s
  18   6.08996271e+01  1.09564265e+02  8.81e-16 8.88e-16  5.70e-08    59s
  19   6.78227903e+01  1.05411646e+02  7.05e-16 8.88e-16  4.40e-08    61s
  20   7.76797203e+01  9.99361030e+01  5.20e-16 6.66e-16  2.61e-08    62s
  21   8.44435918e+01  9.62335930e+01  3.37e-16 8.88e-16  1.38e-08    64s
  22   8.81967587e+01  9.42632840e+01  2.10e-16 8.88e-16  7.10e-09    66s
  23   8.97000217e+01  9.34661446e+01  1.30e-16 8.88e-16  4.41e-09    67s
  24   9.09228350e+01  9.28841806e+01  9.52e-17 8.88e-16  2.30e-09    69s
  25   9.13254051e+01  9.26980323e+01  9.02e-17 6.66e-16  1.61e-09    71s
  26   9.18998534e+01  9.24434412e+01  1.85e-16 1.33e-15  6.37e-10    73s
  27   9.20561999e+01  9.23779987e+01  1.90e-16 8.88e-16  3.77e-10    75s
  28   9.21486916e+01  9.23399130e+01  2.14e-16 8.88e-16  2.24e-10    76s
  29   9.22123427e+01  9.23143878e+01  5.28e-16 8.88e-16  1.19e-10    78s
  30   9.22485335e+01  9.23001368e+01  4.22e-16 8.88e-16  6.04e-11    80s
  31   9.22594172e+01  9.22958884e+01  8.97e-16 8.88e-16  4.27e-11    82s
  32   9.22777388e+01  9.22888041e+01  2.50e-15 8.88e-16  1.30e-11    83s
  33   9.22795697e+01  9.22880981e+01  1.63e-15 8.88e-16  9.99e-12    85s
  34   9.22836619e+01  9.22865299e+01  3.72e-15 8.88e-16  3.36e-12    87s
  35   9.22850966e+01  9.22859818e+01  3.39e-15 8.88e-16  1.04e-12    88s
  36   9.22854969e+01  9.22858294e+01  1.92e-15 8.88e-16  3.89e-13    90s
  37   9.22856778e+01  9.22857607e+01  2.02e-16 8.88e-16  9.71e-14    92s
  38   9.22857226e+01  9.22857437e+01  6.91e-16 8.88e-16  2.47e-14    94s
  39   9.22857363e+01  9.22857385e+01  1.04e-15 8.88e-16  2.58e-15    96s

Barrier solved model in 39 iterations and 95.58 seconds (17.80 work units)
Optimal objective 9.22857363e+01

Done! Time elapsed: 127.81015348434448 seconds.
min_result -0.4701659901264425 min_pe 7.7

Program ends Thu Jul  2 12:57:57 CDT 2026
Exit code: 0
Elapsed time: 285 seconds
