Command: /project/lhansen/HMC_rep26_robust_mac/amazon-carbon-prices/.venv/bin/python pysrc/scripts/run_mpc_hmc_job.py --id 997 --xi 10000 --b 0 --trig 0 --type unconstrained --stop-after-year 2
Working directory: /project/lhansen/HMC_rep26_robust_mac/amazon-carbon-prices
Program starts Sun May 31 21:59:21 CDT 2026

Running MPC-HMC job: xi=10000 pe=6.9 id=997 trig=0 type=unconstrained
MPC-HMC command: /project/lhansen/HMC_rep26_robust_mac/amazon-carbon-prices/.venv/bin/python -u pysrc/mpc/mpc_hmc.py --id 997 --pe 6.9 --xi 10000 --trig 0 --type unconstrained --stop-after-year 2
MPC-HMC child starts Sun May 31 21:59:23 2026
unconstrained price used
Stopping MPC loop after year done: 2
Time 1: 1
Optimization Iteration[1/20000]

Solving the optimization problem...
Set parameter TokenServer to value "licenses.rcc.uchicago.edu"
Read LP format model from file /scratch/local/jobs/50330006/tmpvxyfgrjd.pyomo.lp
Reading time = 1.36 seconds
x1: 258121 rows, 502401 columns, 1259970 nonzeros
Set parameter Threads to value 8
Set parameter BarConvTol to value 1e-12
Gurobi Optimizer version 11.0.0 build v11.0.0rc2 (linux64 - "CentOS Linux 8")

CPU model: Intel(R) Xeon(R) Gold 6248R CPU @ 3.00GHz, instruction set [SSE2|AVX|AVX2|AVX512]
Thread count: 48 physical cores, 48 logical processors, using up to 8 threads

Optimize a model with 258121 rows, 502401 columns and 1259970 nonzeros
Model fingerprint: 0x7042a1bd
Model has 3166 quadratic objective terms
Coefficient statistics:
  Matrix range     [1e+00, 1e+03]
  Objective range  [8e-07, 3e+01]
  QObjective range [6e-01, 3e+03]
  Bounds range     [3e-04, 1e+00]
  RHS range        [6e-07, 5e+00]
Presolve removed 131481 rows and 128813 columns
Presolve time: 0.59s
Presolved: 126640 rows, 373588 columns, 743932 nonzeros
Presolved model has 3166 quadratic objective terms
Ordering time: 0.16s

Barrier statistics:
 AA' NZ     : 3.709e+05
 Factor NZ  : 3.905e+06 (roughly 230 MB of memory)
 Factor Ops : 2.623e+08 (less than 1 second per iteration)
 Threads    : 8

                  Objective                Residual
Iter       Primal          Dual         Primal    Dual     Compl     Time
   0  -9.51706485e+08  8.62553945e+08  7.80e+04 1.11e-13  1.00e+06     1s
   1  -4.78936003e+08  4.62113538e+08  1.51e+04 1.42e+02  1.98e+05     1s
   2  -2.35618628e+08  2.36028552e+08  1.91e+02 7.07e-01  3.48e+03     1s
   3  -5.58235348e+07  5.64663233e+07  1.59e+00 1.44e-12  2.44e+02     1s
   4  -1.05041264e+07  1.11281325e+07  1.29e-01 6.42e-12  4.47e+01     1s
   5  -1.85232212e+06  2.06682909e+06  8.22e-03 1.26e-12  7.92e+00     2s
   6  -2.70486693e+05  3.16194544e+05  8.22e-09 9.25e-13  1.18e+00     2s
   7  -4.02854719e+04  5.07587722e+04  8.74e-14 7.28e-13  1.83e-01     2s
   8  -6.02150232e+03  7.40653904e+03  2.83e-14 1.79e-13  2.70e-02     2s
   9  -9.18886106e+02  1.11535672e+03  1.51e-14 2.16e-14  4.09e-03     2s
  10  -1.52707618e+02  1.76619161e+02  6.00e-15 1.42e-14  6.63e-04     2s
  11  -3.15037631e+01  6.12543962e+01  1.77e-15 7.11e-15  1.87e-04     2s
  12  -6.37545485e+00  2.09492691e+01  6.94e-16 7.11e-15  5.50e-05     2s
  13  -1.16377249e-01  9.36471547e+00  3.27e-16 7.11e-15  1.91e-05     2s
  14   1.80367105e+00  7.21842333e+00  1.38e-16 1.07e-14  1.09e-05     3s
  15   3.18017506e+00  5.57879251e+00  1.14e-16 7.11e-15  4.83e-06     3s
  16   3.66372442e+00  5.17656627e+00  1.50e-16 1.07e-14  3.04e-06     3s
  17   3.95088659e+00  4.93031319e+00  1.43e-16 7.11e-15  1.97e-06     3s
  18   4.22117016e+00  4.70878517e+00  1.02e-16 7.11e-15  9.81e-07     3s
  19   4.38495487e+00  4.58117833e+00  4.23e-16 1.07e-14  3.95e-07     3s
  20   4.41433063e+00  4.56125381e+00  2.65e-16 7.11e-15  2.96e-07     3s
  21   4.45269776e+00  4.53746692e+00  3.06e-16 1.07e-14  1.71e-07     3s
  22   4.47635283e+00  4.52351363e+00  4.52e-16 7.11e-15  9.49e-08     3s
  23   4.49045586e+00  4.51587715e+00  1.51e-16 1.07e-14  5.11e-08     3s
  24   4.49446233e+00  4.51389516e+00  1.42e-16 7.11e-15  3.91e-08     3s
  25   4.50026233e+00  4.51117550e+00  4.81e-16 1.07e-14  2.20e-08     3s
  26   4.50335997e+00  4.50973829e+00  2.96e-16 1.07e-14  1.28e-08     3s
  27   4.50587510e+00  4.50862560e+00  3.21e-16 1.07e-14  5.53e-09     4s
  28   4.50686656e+00  4.50819570e+00  4.40e-16 7.11e-15  2.67e-09     4s
  29   4.50737974e+00  4.50798102e+00  5.80e-16 7.11e-15  1.21e-09     4s
  30   4.50762299e+00  4.50788035e+00  5.52e-16 7.11e-15  5.18e-10     4s
  31   4.50773349e+00  4.50783523e+00  1.28e-15 1.07e-14  2.05e-10     4s
  32   4.50777305e+00  4.50781921e+00  1.10e-15 7.11e-15  9.29e-11     4s
  33   4.50779000e+00  4.50781235e+00  1.51e-15 1.07e-14  4.50e-11     4s
  34   4.50779882e+00  4.50780878e+00  1.93e-15 1.07e-14  2.00e-11     4s
  35   4.50780389e+00  4.50780674e+00  1.97e-15 1.42e-14  5.73e-12     4s
  36   4.50780582e+00  4.50780596e+00  7.26e-15 1.07e-14  2.82e-13     4s
  37   4.50780592e+00  4.50780592e+00  9.04e-15 1.07e-14  2.17e-15     4s
  38   4.50780592e+00  4.50780592e+00  1.96e-13 1.42e-14  7.64e-18     4s

Barrier solved model in 38 iterations and 4.42 seconds (4.04 work units)
Optimal objective 4.50780592e+00

objective value: 4.507805919525651
Done! Time elapsed: 26.149978160858154 seconds.
g_0_1: 1.0000119875054538
g_1_1: 1.0000217729892844
g_1_2: 1.0000614861130177
g_2_1: 1.0000404287527749
g_2_2: 1.0001142508344776
g_2_3: 1.0000404874303457
g_2_4: 1.00011440482675
Parameters from last iteration: [0.707 0.707 0.174 0.707 0.174 0.707 0.174]

Parameters from current iteration:
                [0.70700848 0.70701539 0.1740107  0.70702858 0.17401988 0.70702862
 0.17401991]


                Percentage Error = 0.00011440482675000075
                
year done: 1
Time 2: 1
Optimization Iteration[1/20000]

Solving the optimization problem...
Set parameter TokenServer to value "licenses.rcc.uchicago.edu"
Read LP format model from file /scratch/local/jobs/50330006/tmp574ysdqg.pyomo.lp
Reading time = 1.33 seconds
x1: 258121 rows, 502401 columns, 1259970 nonzeros
Set parameter Threads to value 8
Set parameter BarConvTol to value 1e-12
Gurobi Optimizer version 11.0.0 build v11.0.0rc2 (linux64 - "CentOS Linux 8")

CPU model: Intel(R) Xeon(R) Gold 6248R CPU @ 3.00GHz, instruction set [SSE2|AVX|AVX2|AVX512]
Thread count: 48 physical cores, 48 logical processors, using up to 8 threads

Optimize a model with 258121 rows, 502401 columns and 1259970 nonzeros
Model fingerprint: 0x89ec85e5
Model has 3166 quadratic objective terms
Coefficient statistics:
  Matrix range     [1e+00, 1e+03]
  Objective range  [8e-07, 3e+01]
  QObjective range [6e-01, 3e+03]
  Bounds range     [3e-04, 1e+00]
  RHS range        [4e-16, 5e+00]
Presolve removed 131482 rows and 128814 columns
Presolve time: 0.55s
Presolved: 126639 rows, 373587 columns, 743930 nonzeros
Presolved model has 3166 quadratic objective terms
Ordering time: 0.16s

Barrier statistics:
 AA' NZ     : 3.709e+05
 Factor NZ  : 4.212e+06 (roughly 240 MB of memory)
 Factor Ops : 3.974e+08 (less than 1 second per iteration)
 Threads    : 8

                  Objective                Residual
Iter       Primal          Dual         Primal    Dual     Compl     Time
   0  -9.51710390e+08  8.62557821e+08  7.80e+04 1.13e-13  1.00e+06     1s
   1  -5.64306857e+08  5.45539541e+08  1.69e+04 1.58e+02  2.37e+05     1s
   2  -2.78210224e+08  2.78643430e+08  2.13e+02 8.78e-01  4.18e+03     1s
   3  -6.62234878e+07  6.69166363e+07  1.76e+00 1.52e-12  2.90e+02     1s
   4  -1.25348478e+07  1.32220984e+07  1.44e-01 6.91e-12  5.32e+01     1s
   5  -2.25229728e+06  2.50759512e+06  1.01e-02 1.15e-12  9.62e+00     1s
   6  -3.28274000e+05  3.80706061e+05  1.01e-08 9.57e-13  1.43e+00     2s
   7  -4.89295410e+04  6.19607157e+04  1.65e-13 7.17e-13  2.23e-01     2s
   8  -7.27599408e+03  8.82024050e+03  3.59e-14 1.71e-13  3.24e-02     2s
   9  -1.10948387e+03  1.36128111e+03  1.06e-14 2.84e-14  4.97e-03     2s
  10  -1.75242234e+02  2.10410590e+02  6.55e-15 2.13e-14  7.76e-04     2s
  11  -4.17775574e+01  4.58494487e+01  1.71e-15 7.11e-15  1.76e-04     2s
  12  -1.21814006e+01  3.62559583e+01  1.09e-15 1.07e-14  9.74e-05     2s
  13  -1.41224591e+00  1.13013568e+01  3.70e-16 7.11e-15  2.56e-05     3s
  14   1.68320489e+00  8.03208450e+00  1.71e-16 7.11e-15  1.28e-05     3s
  15   3.31352773e+00  5.88351487e+00  1.07e-16 7.11e-15  5.17e-06     3s
  16   4.08590434e+00  5.08404645e+00  1.15e-16 7.11e-15  2.01e-06     3s
  17   4.34172862e+00  4.88878415e+00  1.21e-16 1.42e-14  1.10e-06     3s
  18   4.47100008e+00  4.80104914e+00  1.68e-16 7.11e-15  6.64e-07     3s
  19   4.56359603e+00  4.74354314e+00  2.48e-16 7.11e-15  3.62e-07     3s
  20   4.61102155e+00  4.71660028e+00  1.84e-16 7.11e-15  2.12e-07     3s
  21   4.64539750e+00  4.69846621e+00  3.15e-16 7.11e-15  1.07e-07     3s
  22   4.65407917e+00  4.69418640e+00  1.62e-16 1.07e-14  8.07e-08     3s
  23   4.66775512e+00  4.68776615e+00  1.30e-16 7.11e-15  4.03e-08     3s
  24   4.67229186e+00  4.68563302e+00  3.09e-16 1.07e-14  2.68e-08     3s
  25   4.67764733e+00  4.68322403e+00  9.61e-16 7.11e-15  1.12e-08     3s
  26   4.67969191e+00  4.68233447e+00  7.67e-16 7.11e-15  5.32e-09     4s
  27   4.68074849e+00  4.68188370e+00  4.91e-16 1.07e-14  2.28e-09     4s
  28   4.68110137e+00  4.68173492e+00  5.82e-16 7.11e-15  1.27e-09     4s
  29   4.68134121e+00  4.68163656e+00  6.14e-16 1.42e-14  5.94e-10     4s
  30   4.68146119e+00  4.68158749e+00  7.22e-16 7.11e-15  2.54e-10     4s
  31   4.68151979e+00  4.68156381e+00  4.36e-16 1.07e-14  8.86e-11     4s
  32   4.68153609e+00  4.68155725e+00  8.44e-16 8.88e-15  4.26e-11     4s
  33   4.68154541e+00  4.68155350e+00  5.86e-16 1.42e-14  1.63e-11     4s
  34   4.68154947e+00  4.68155187e+00  6.39e-16 7.11e-15  4.84e-12     4s
  35   4.68155111e+00  4.68155122e+00  1.40e-15 1.07e-14  2.19e-13     4s
  36   4.68155118e+00  4.68155119e+00  9.76e-15 1.07e-14  9.86e-15     4s
  37   4.68155119e+00  4.68155119e+00  4.68e-14 1.42e-14  2.66e-15     4s
  38   4.68155119e+00  4.68155119e+00  2.01e-14 1.07e-14  6.33e-16     5s
  39   4.68155119e+00  4.68155119e+00  2.18e-14 1.07e-14  1.86e-16     5s
  40   4.68155119e+00  4.68155119e+00  1.63e-14 1.07e-14  9.52e-17     5s

Barrier solved model in 40 iterations and 4.71 seconds (4.38 work units)
Optimal objective 4.68155119e+00

objective value: 4.681551186315309
Done! Time elapsed: 24.655874490737915 seconds.
g_0_1: 1.000012073603937
g_1_1: 1.0000218907279323
g_1_2: 1.0000618219547397
g_2_1: 1.0000406155554225
g_2_2: 1.0001147785947448
g_2_3: 1.0000406767840224
g_2_4: 1.0001149489999266
Parameters from last iteration: [0.70700848 0.70701539 0.1740107  0.70702858 0.17401988 0.70702862
 0.17401991]

Parameters from current iteration:
                [0.70700854 0.70701548 0.17401076 0.70702872 0.17401997 0.70702876
 0.17402   ]


                Percentage Error = 5.441109277502224e-07
                
year done: 2
Results for pe =  6.9
all done
MPC-HMC child ends Sun May 31 22:01:57 2026
MPC-HMC child elapsed time: 0 days 00 hr 02 min 33 sec

Program ends Sun May 31 22:01:57 CDT 2026
Exit code: 0
Elapsed time: 156 seconds
