Command: /project/lhansen/HMC_rep26_robust_mac/amazon-carbon-prices/.venv/bin/python pysrc/scripts/run_mpc_hmc_job.py --id 997 --xi 10000 --b 10 --trig 0 --type unconstrained --stop-after-year 2
Working directory: /project/lhansen/HMC_rep26_robust_mac/amazon-carbon-prices
Program starts Sun May 31 21:59:20 CDT 2026

Running MPC-HMC job: xi=10000 pe=16.9 id=997 trig=0 type=unconstrained
MPC-HMC command: /project/lhansen/HMC_rep26_robust_mac/amazon-carbon-prices/.venv/bin/python -u pysrc/mpc/mpc_hmc.py --id 997 --pe 16.9 --xi 10000 --trig 0 --type unconstrained --stop-after-year 2
MPC-HMC child starts Sun May 31 21:59:24 2026
unconstrained price used
Stopping MPC loop after year done: 2
Time 1: 1
Optimization Iteration[1/20000]

Solving the optimization problem...
Set parameter TokenServer to value "licenses.rcc.uchicago.edu"
Read LP format model from file /scratch/local/jobs/50330007/tmpgvpqu5dd.pyomo.lp
Reading time = 1.39 seconds
x1: 258121 rows, 502401 columns, 1259970 nonzeros
Set parameter Threads to value 8
Set parameter BarConvTol to value 1e-12
Gurobi Optimizer version 11.0.0 build v11.0.0rc2 (linux64 - "CentOS Linux 8")

CPU model: Intel(R) Xeon(R) Gold 6248R CPU @ 3.00GHz, instruction set [SSE2|AVX|AVX2|AVX512]
Thread count: 48 physical cores, 48 logical processors, using up to 8 threads

Optimize a model with 258121 rows, 502401 columns and 1259970 nonzeros
Model fingerprint: 0xe65b967e
Model has 3166 quadratic objective terms
Coefficient statistics:
  Matrix range     [1e+00, 1e+03]
  Objective range  [1e-06, 6e+01]
  QObjective range [6e-01, 3e+03]
  Bounds range     [3e-04, 1e+00]
  RHS range        [6e-07, 5e+00]
Presolve removed 131481 rows and 128813 columns
Presolve time: 0.70s
Presolved: 126640 rows, 373588 columns, 743932 nonzeros
Presolved model has 3166 quadratic objective terms
Ordering time: 0.18s

Barrier statistics:
 AA' NZ     : 3.709e+05
 Factor NZ  : 3.905e+06 (roughly 230 MB of memory)
 Factor Ops : 2.623e+08 (less than 1 second per iteration)
 Threads    : 8

                  Objective                Residual
Iter       Primal          Dual         Primal    Dual     Compl     Time
   0  -1.08777930e+09  8.62553929e+08  7.80e+04 1.14e-13  1.00e+06     1s
   1  -5.05383619e+08  4.62099580e+08  1.51e+04 1.42e+02  1.98e+05     1s
   2  -2.35982258e+08  2.36017060e+08  1.91e+02 7.07e-01  3.48e+03     1s
   3  -5.58354561e+07  5.64540069e+07  1.59e+00 1.36e-12  2.44e+02     2s
   4  -1.05055541e+07  1.11195206e+07  1.29e-01 3.48e-12  4.46e+01     2s
   5  -1.85372738e+06  2.06398544e+06  8.21e-03 1.21e-12  7.91e+00     2s
   6  -2.71368127e+05  3.16322523e+05  8.21e-09 7.95e-13  1.18e+00     2s
   7  -4.06978150e+04  5.09498057e+04  8.38e-14 6.42e-13  1.84e-01     2s
   8  -6.17978449e+03  7.38757193e+03  4.61e-14 1.83e-13  2.73e-02     2s
   9  -9.89914986e+02  1.15442512e+03  1.39e-14 2.84e-14  4.31e-03     2s
  10  -1.64203531e+02  1.53386726e+02  5.38e-15 2.84e-14  6.39e-04     2s
  11  -4.72549207e+01  6.43779825e+01  1.78e-15 7.11e-14  2.25e-04     3s
  12  -1.54315817e+01  2.35961919e+01  6.15e-16 2.84e-14  7.85e-05     3s
  13  -5.94444920e+00  1.46124139e+01  2.62e-16 1.42e-14  4.14e-05     3s
  14  -2.29981356e+00  1.13320066e+01  1.99e-16 1.42e-14  2.74e-05     3s
  15   4.24644427e-01  9.08752482e+00  1.26e-16 2.13e-14  1.74e-05     3s
  16   2.22425006e+00  7.74428008e+00  8.96e-17 1.42e-14  1.11e-05     3s
  17   2.92190423e+00  7.26063370e+00  7.72e-17 1.42e-14  8.73e-06     3s
  18   3.61777551e+00  6.77020224e+00  8.63e-17 1.42e-14  6.34e-06     3s
  19   4.05239309e+00  6.50648848e+00  6.18e-17 1.42e-14  4.94e-06     3s
  20   4.40648010e+00  6.29859154e+00  5.49e-17 1.42e-14  3.81e-06     3s
  21   4.91789001e+00  6.01253348e+00  1.39e-16 1.42e-14  2.20e-06     3s
  22   5.22082375e+00  5.85601622e+00  2.01e-16 1.42e-14  1.28e-06     4s
  23   5.39117163e+00  5.77581229e+00  1.82e-16 1.42e-14  7.74e-07     4s
  24   5.49785675e+00  5.72874007e+00  3.12e-16 1.42e-14  4.64e-07     4s
  25   5.56258536e+00  5.70122494e+00  3.17e-16 1.42e-14  2.79e-07     4s
  26   5.57354654e+00  5.69664303e+00  3.03e-16 1.42e-14  2.48e-07     4s
  27   5.61215410e+00  5.68083073e+00  2.30e-16 2.84e-14  1.38e-07     4s
  28   5.63614205e+00  5.67151093e+00  3.07e-16 1.42e-14  7.12e-08     4s
  29   5.64695757e+00  5.66741474e+00  2.15e-16 2.13e-14  4.12e-08     4s
  30   5.65455228e+00  5.66458969e+00  3.04e-16 1.42e-14  2.02e-08     4s
  31   5.65648374e+00  5.66387766e+00  1.99e-16 2.13e-14  1.49e-08     4s
  32   5.66003653e+00  5.66258165e+00  4.79e-16 3.55e-14  5.12e-09     4s
  33   5.66156628e+00  5.66202961e+00  6.34e-16 2.84e-14  9.32e-10     5s
  34   5.66181906e+00  5.66193919e+00  2.30e-15 2.84e-14  2.42e-10     5s
  35   5.66189837e+00  5.66191085e+00  1.02e-15 2.84e-14  2.51e-11     5s
  36   5.66190718e+00  5.66190770e+00  3.88e-15 1.42e-14  1.05e-12     5s
  37   5.66190756e+00  5.66190757e+00  1.18e-14 2.84e-14  8.90e-15     5s
  38   5.66190757e+00  5.66190757e+00  3.64e-13 3.55e-14  9.93e-18     5s

Barrier solved model in 38 iterations and 5.13 seconds (4.01 work units)
Optimal objective 5.66190757e+00

objective value: 5.661907566837964
Done! Time elapsed: 28.500927209854126 seconds.
g_0_1: 1.0000022913259246
g_1_1: 1.0000035064528587
g_1_2: 1.000009923264202
g_2_1: 1.0000059149935376
g_2_2: 1.0000167626003957
g_2_3: 1.0000059324052109
g_2_4: 1.0000168152896007
Parameters from last iteration: [0.707 0.707 0.174 0.707 0.174 0.707 0.174]

Parameters from current iteration:
                [0.70700162 0.70700248 0.17400173 0.70700418 0.17400292 0.70700419
 0.17400293]


                Percentage Error = 1.6815289600710113e-05
                
year done: 1
Time 2: 1
Optimization Iteration[1/20000]

Solving the optimization problem...
Set parameter TokenServer to value "licenses.rcc.uchicago.edu"
Read LP format model from file /scratch/local/jobs/50330007/tmp8ejsst_m.pyomo.lp
Reading time = 1.38 seconds
x1: 258121 rows, 502401 columns, 1259970 nonzeros
Set parameter Threads to value 8
Set parameter BarConvTol to value 1e-12
Gurobi Optimizer version 11.0.0 build v11.0.0rc2 (linux64 - "CentOS Linux 8")

CPU model: Intel(R) Xeon(R) Gold 6248R CPU @ 3.00GHz, instruction set [SSE2|AVX|AVX2|AVX512]
Thread count: 48 physical cores, 48 logical processors, using up to 8 threads

Optimize a model with 258121 rows, 502401 columns and 1259970 nonzeros
Model fingerprint: 0xc52524df
Model has 3166 quadratic objective terms
Coefficient statistics:
  Matrix range     [1e+00, 1e+03]
  Objective range  [1e-06, 6e+01]
  QObjective range [6e-01, 3e+03]
  Bounds range     [3e-04, 1e+00]
  RHS range        [2e-16, 5e+00]
Presolve removed 131481 rows and 128813 columns
Presolve time: 0.66s
Presolved: 126640 rows, 373588 columns, 743932 nonzeros
Presolved model has 3166 quadratic objective terms
Ordering time: 0.17s

Barrier statistics:
 AA' NZ     : 3.709e+05
 Factor NZ  : 3.905e+06 (roughly 230 MB of memory)
 Factor Ops : 2.623e+08 (less than 1 second per iteration)
 Threads    : 8

                  Objective                Residual
Iter       Primal          Dual         Primal    Dual     Compl     Time
   0  -1.08777956e+09  8.62554181e+08  7.80e+04 1.14e-13  1.00e+06     1s
   1  -5.05385088e+08  4.62100581e+08  1.51e+04 1.42e+02  1.98e+05     1s
   2  -2.35983447e+08  2.36018199e+08  1.91e+02 7.07e-01  3.48e+03     1s
   3  -5.58342884e+07  5.64528282e+07  1.58e+00 1.47e-12  2.44e+02     2s
   4  -1.04987396e+07  1.11124359e+07  1.28e-01 3.85e-12  4.46e+01     2s
   5  -1.85253653e+06  2.06255956e+06  8.19e-03 1.17e-12  7.91e+00     2s
   6  -2.71290477e+05  3.16670415e+05  8.19e-09 7.84e-13  1.18e+00     2s
   7  -4.07145936e+04  5.10979646e+04  1.03e-13 7.01e-13  1.85e-01     2s
   8  -6.18851843e+03  7.42255500e+03  5.15e-14 1.83e-13  2.74e-02     2s
   9  -9.91917224e+02  1.15703339e+03  1.44e-14 2.84e-14  4.32e-03     2s
  10  -1.71914970e+02  1.53843077e+02  4.28e-15 2.84e-14  6.55e-04     2s
  11  -4.87450524e+01  6.65552175e+01  1.47e-15 4.26e-14  2.32e-04     2s
  12  -1.70700851e+01  3.17567556e+01  5.72e-16 2.84e-14  9.82e-05     3s
  13  -2.54601112e+00  1.34333258e+01  2.24e-16 2.84e-14  3.21e-05     3s
  14   9.46492104e-01  9.40603957e+00  1.22e-16 2.13e-14  1.70e-05     3s
  15   2.89828445e+00  7.70348156e+00  7.33e-17 1.42e-14  9.67e-06     3s
  16   4.12907088e+00  6.77763184e+00  7.62e-17 1.42e-14  5.33e-06     3s
  17   4.82309974e+00  6.32968033e+00  1.08e-16 1.42e-14  3.03e-06     3s
  18   5.16414334e+00  6.13528944e+00  1.13e-16 1.42e-14  1.95e-06     3s
  19   5.34137187e+00  6.04221192e+00  2.27e-16 1.42e-14  1.41e-06     3s
  20   5.54297979e+00  5.94172669e+00  1.57e-16 1.42e-14  8.02e-07     3s
  21   5.58381782e+00  5.92277057e+00  1.66e-16 2.13e-14  6.82e-07     3s
  22   5.68330911e+00  5.87856711e+00  2.20e-16 2.13e-14  3.93e-07     3s
  23   5.77237816e+00  5.84043572e+00  3.62e-16 1.42e-14  1.37e-07     4s
  24   5.78837278e+00  5.83397117e+00  2.52e-16 1.42e-14  9.17e-08     4s
  25   5.81133780e+00  5.82516291e+00  5.36e-16 2.84e-14  2.78e-08     4s
  26   5.81671029e+00  5.82311377e+00  1.80e-15 2.13e-14  1.29e-08     4s
  27   5.82063898e+00  5.82169580e+00  4.74e-15 2.84e-14  2.13e-09     4s
  28   5.82127004e+00  5.82147005e+00  1.16e-15 2.84e-14  4.02e-10     4s
  29   5.82140010e+00  5.82142378e+00  2.12e-15 1.42e-14  4.76e-11     4s
  30   5.82141294e+00  5.82141921e+00  1.09e-15 1.42e-14  1.26e-11     4s
  31   5.82141741e+00  5.82141762e+00  2.10e-15 2.84e-14  4.12e-13     4s
  32   5.82141756e+00  5.82141756e+00  8.56e-15 2.84e-14  5.15e-15     4s
  33   5.82141756e+00  5.82141756e+00  7.26e-14 2.84e-14  1.82e-15     5s
  34   5.82141756e+00  5.82141756e+00  1.89e-14 2.84e-14  2.91e-16     5s
  35   5.82141756e+00  5.82141756e+00  2.91e-14 2.84e-14  7.38e-17     5s

Barrier solved model in 35 iterations and 4.89 seconds (3.81 work units)
Optimal objective 5.82141756e+00

objective value: 5.821417562666506
Done! Time elapsed: 26.45572328567505 seconds.
g_0_1: 1.0000021518175641
g_1_1: 1.0000033298768198
g_1_2: 1.000009424014068
g_2_1: 1.0000056650700517
g_2_2: 1.0000160446773874
g_2_3: 1.0000056820397232
g_2_4: 1.000016098187263
Parameters from last iteration: [0.70700162 0.70700248 0.17400173 0.70700418 0.17400292 0.70700419
 0.17400293]

Parameters from current iteration:
                [0.70700152 0.70700235 0.17400164 0.70700401 0.17400279 0.70700402
 0.1740028 ]


                Percentage Error = 7.179109743435525e-07
                
year done: 2
Results for pe =  16.9
all done
MPC-HMC child ends Sun May 31 22:02:03 2026
MPC-HMC child elapsed time: 0 days 00 hr 02 min 39 sec

Program ends Sun May 31 22:02:03 CDT 2026
Exit code: 0
Elapsed time: 163 seconds
