Command: /project/lhansen/HMC_rep26_robust_mac/amazon-carbon-prices/.venv/bin/python pysrc/scripts/run_mpc_hmc_job.py --id 997 --xi 10000 --b 20 --trig 0 --type unconstrained --stop-after-year 2
Working directory: /project/lhansen/HMC_rep26_robust_mac/amazon-carbon-prices
Program starts Sun May 31 21:59:22 CDT 2026

Running MPC-HMC job: xi=10000 pe=26.9 id=997 trig=0 type=unconstrained
MPC-HMC command: /project/lhansen/HMC_rep26_robust_mac/amazon-carbon-prices/.venv/bin/python -u pysrc/mpc/mpc_hmc.py --id 997 --pe 26.9 --xi 10000 --trig 0 --type unconstrained --stop-after-year 2
MPC-HMC child starts Sun May 31 21:59:23 2026
unconstrained price used
Stopping MPC loop after year done: 2
Time 1: 1
Optimization Iteration[1/20000]

Solving the optimization problem...
Set parameter TokenServer to value "licenses.rcc.uchicago.edu"
Read LP format model from file /scratch/local/jobs/50330009/tmp9zidlpib.pyomo.lp
Reading time = 1.64 seconds
x1: 258121 rows, 502401 columns, 1259970 nonzeros
Set parameter Threads to value 8
Set parameter BarConvTol to value 1e-12
Gurobi Optimizer version 11.0.0 build v11.0.0rc2 (linux64 - "CentOS Linux 8")

CPU model: Intel(R) Xeon(R) Gold 6248R CPU @ 3.00GHz, instruction set [SSE2|AVX|AVX2|AVX512]
Thread count: 48 physical cores, 48 logical processors, using up to 8 threads

Optimize a model with 258121 rows, 502401 columns and 1259970 nonzeros
Model fingerprint: 0xd64f3d14
Model has 3166 quadratic objective terms
Coefficient statistics:
  Matrix range     [1e+00, 1e+03]
  Objective range  [3e-06, 1e+02]
  QObjective range [6e-01, 3e+03]
  Bounds range     [3e-04, 1e+00]
  RHS range        [6e-07, 5e+00]
Presolve removed 131481 rows and 128813 columns
Presolve time: 0.58s
Presolved: 126640 rows, 373588 columns, 743932 nonzeros
Presolved model has 3166 quadratic objective terms
Ordering time: 0.16s

Barrier statistics:
 AA' NZ     : 3.709e+05
 Factor NZ  : 3.905e+06 (roughly 230 MB of memory)
 Factor Ops : 2.623e+08 (less than 1 second per iteration)
 Threads    : 8

                  Objective                Residual
Iter       Primal          Dual         Primal    Dual     Compl     Time
   0  -1.22385211e+09  8.62553914e+08  7.80e+04 1.14e-13  1.00e+06     1s
   1  -5.31831228e+08  4.62085618e+08  1.51e+04 1.42e+02  1.98e+05     1s
   2  -2.36345934e+08  2.36005606e+08  1.91e+02 7.07e-01  3.48e+03     1s
   3  -5.58476785e+07  5.64420100e+07  1.58e+00 1.48e-12  2.44e+02     1s
   4  -1.05070066e+07  1.11109512e+07  1.28e-01 6.20e-12  4.46e+01     1s
   5  -1.85513148e+06  2.06115597e+06  8.20e-03 1.12e-12  7.91e+00     2s
   6  -2.72249847e+05  3.16492333e+05  8.20e-09 7.80e-13  1.18e+00     2s
   7  -4.11077644e+04  5.11619035e+04  1.08e-13 6.58e-13  1.86e-01     2s
   8  -6.33120392e+03  7.36832106e+03  5.06e-14 1.82e-13  2.76e-02     2s
   9  -1.11071647e+03  1.17474129e+03  1.17e-14 4.26e-14  4.60e-03     2s
  10  -2.30218360e+02  2.80485965e+02  4.24e-15 2.84e-14  1.03e-03     2s
  11  -8.05046455e+01  1.12529189e+02  1.90e-15 2.84e-14  3.88e-04     2s
  12  -2.21314493e+01  4.10607152e+01  7.13e-16 2.84e-14  1.27e-04     2s
  13  -5.16905674e+00  1.86287192e+01  3.81e-16 2.84e-14  4.79e-05     2s
  14  -2.41080428e-01  1.44924938e+01  9.38e-16 2.84e-14  2.96e-05     2s
  15   5.94258174e-01  1.38705414e+01  7.94e-16 2.84e-14  2.67e-05     2s
  16   3.34823199e+00  1.18743972e+01  4.87e-16 1.42e-14  1.72e-05     3s
  17   5.00367859e+00  1.07902430e+01  2.16e-16 1.42e-14  1.16e-05     3s
  18   5.72182454e+00  1.03533187e+01  1.37e-16 1.42e-14  9.32e-06     3s
  19   6.45190682e+00  9.92360443e+00  1.48e-16 2.84e-14  6.98e-06     3s
  20   7.17266277e+00  9.54890976e+00  1.54e-16 2.84e-14  4.78e-06     3s
  21   7.62360658e+00  9.30444553e+00  7.42e-17 2.84e-14  3.38e-06     3s
  22   7.82091120e+00  9.20446819e+00  9.73e-17 1.42e-14  2.78e-06     3s
  23   8.10949052e+00  9.06522598e+00  1.30e-16 2.84e-14  1.92e-06     3s
  24   8.23494733e+00  9.00675609e+00  1.77e-16 2.84e-14  1.55e-06     3s
  25   8.47186279e+00  8.90045994e+00  1.77e-16 2.84e-14  8.62e-07     3s
  26   8.54045294e+00  8.86966677e+00  1.75e-16 2.84e-14  6.62e-07     3s
  27   8.69052495e+00  8.80968776e+00  2.74e-16 4.26e-14  2.40e-07     3s
  28   8.74639277e+00  8.78891733e+00  1.23e-15 5.68e-14  8.56e-08     4s
  29   8.75683901e+00  8.78517968e+00  3.95e-16 2.84e-14  5.70e-08     4s
  30   8.76734199e+00  8.78145704e+00  2.47e-16 2.84e-14  2.84e-08     4s
  31   8.77230694e+00  8.77970143e+00  7.55e-16 2.84e-14  1.49e-08     4s
  32   8.77493143e+00  8.77878111e+00  6.89e-16 2.84e-14  7.74e-09     4s
  33   8.77690376e+00  8.77809321e+00  1.23e-15 2.84e-14  2.39e-09     4s
  34   8.77776027e+00  8.77779491e+00  1.68e-15 2.84e-14  6.97e-11     4s
  35   8.77778594e+00  8.77778598e+00  2.02e-15 2.84e-14  9.29e-14     4s
  36   8.77778597e+00  8.77778597e+00  2.30e-15 5.68e-14  1.19e-16     4s
  37   8.77778597e+00  8.77778597e+00  2.24e-13 4.26e-14  8.29e-19     4s

Barrier solved model in 37 iterations and 4.36 seconds (3.97 work units)
Optimal objective 8.77778597e+00

objective value: 8.777785969729457
Done! Time elapsed: 26.154024124145508 seconds.
g_0_1: 1.0000008776396099
g_1_1: 1.0000009490159398
g_1_2: 1.0000026909484907
g_2_1: 1.0000012018084818
g_2_2: 1.000003421484604
g_2_3: 1.0000012106581317
g_2_4: 1.0000034447811441
Parameters from last iteration: [0.707 0.707 0.174 0.707 0.174 0.707 0.174]

Parameters from current iteration:
                [0.70700062 0.70700067 0.17400047 0.70700085 0.1740006  0.70700086
 0.1740006 ]


                Percentage Error = 3.4447811440836003e-06
                
year done: 1
Time 2: 1
Optimization Iteration[1/20000]

Solving the optimization problem...
Set parameter TokenServer to value "licenses.rcc.uchicago.edu"
Read LP format model from file /scratch/local/jobs/50330009/tmp4yxoucwv.pyomo.lp
Reading time = 1.36 seconds
x1: 258121 rows, 502401 columns, 1259970 nonzeros
Set parameter Threads to value 8
Set parameter BarConvTol to value 1e-12
Gurobi Optimizer version 11.0.0 build v11.0.0rc2 (linux64 - "CentOS Linux 8")

CPU model: Intel(R) Xeon(R) Gold 6248R CPU @ 3.00GHz, instruction set [SSE2|AVX|AVX2|AVX512]
Thread count: 48 physical cores, 48 logical processors, using up to 8 threads

Optimize a model with 258121 rows, 502401 columns and 1259970 nonzeros
Model fingerprint: 0xef4e4fc1
Model has 3166 quadratic objective terms
Coefficient statistics:
  Matrix range     [1e+00, 1e+03]
  Objective range  [3e-06, 1e+02]
  QObjective range [6e-01, 3e+03]
  Bounds range     [3e-04, 1e+00]
  RHS range        [1e-18, 5e+00]
Presolve removed 131481 rows and 128813 columns
Presolve time: 0.55s
Presolved: 126640 rows, 373588 columns, 743932 nonzeros
Presolved model has 3166 quadratic objective terms
Ordering time: 0.15s

Barrier statistics:
 AA' NZ     : 3.709e+05
 Factor NZ  : 3.905e+06 (roughly 230 MB of memory)
 Factor Ops : 2.623e+08 (less than 1 second per iteration)
 Threads    : 8

                  Objective                Residual
Iter       Primal          Dual         Primal    Dual     Compl     Time
   0  -1.22385188e+09  8.62553681e+08  7.80e+04 1.13e-13  1.00e+06     1s
   1  -5.31831590e+08  4.62085727e+08  1.51e+04 1.42e+02  1.98e+05     1s
   2  -2.36346278e+08  2.36005874e+08  1.91e+02 7.07e-01  3.48e+03     1s
   3  -5.58454460e+07  5.64397656e+07  1.58e+00 1.46e-12  2.44e+02     1s
   4  -1.04962894e+07  1.10998157e+07  1.28e-01 6.96e-12  4.46e+01     1s
   5  -1.85325479e+06  2.05891315e+06  8.18e-03 1.18e-12  7.90e+00     1s
   6  -2.72115390e+05  3.16969572e+05  8.18e-09 7.95e-13  1.19e+00     2s
   7  -4.11091562e+04  5.12518123e+04  7.89e-14 6.17e-13  1.86e-01     2s
   8  -6.34117327e+03  7.41677824e+03  5.51e-14 1.88e-13  2.77e-02     2s
   9  -1.04907376e+03  1.16286445e+03  1.18e-14 5.68e-14  4.45e-03     2s
  10  -2.11660058e+02  2.20126013e+02  4.24e-15 2.84e-14  8.69e-04     2s
  11  -7.11908226e+01  9.80903260e+01  1.58e-15 2.84e-14  3.41e-04     2s
  12  -1.77082648e+01  3.36365283e+01  9.09e-16 2.84e-14  1.03e-04     2s
  13  -2.35715396e+00  1.81156862e+01  2.79e-16 2.84e-14  4.12e-05     2s
  14   2.81872694e+00  1.30210461e+01  1.18e-16 2.84e-14  2.05e-05     2s
  15   5.55204175e+00  1.09554207e+01  8.11e-17 2.84e-14  1.09e-05     2s
  16   7.04375433e+00  1.00959991e+01  7.84e-16 2.84e-14  6.14e-06     2s
  17   8.03066607e+00  9.52962448e+00  3.44e-16 2.84e-14  3.02e-06     3s
  18   8.21959733e+00  9.42980806e+00  1.99e-16 2.84e-14  2.43e-06     3s
  19   8.74345918e+00  9.19703016e+00  1.52e-16 2.84e-14  9.13e-07     3s
  20   8.88794461e+00  9.13330830e+00  1.95e-16 2.84e-14  4.94e-07     3s
  21   8.97660785e+00  9.09738625e+00  7.61e-16 5.68e-14  2.43e-07     3s
  22   9.02900604e+00  9.07712255e+00  4.01e-16 2.84e-14  9.68e-08     3s
  23   9.05661162e+00  9.06712132e+00  1.31e-15 5.68e-14  2.11e-08     3s
  24   9.06182207e+00  9.06527684e+00  5.07e-16 2.84e-14  6.95e-09     3s
  25   9.06419585e+00  9.06444764e+00  1.95e-15 2.84e-14  5.07e-10     3s
  26   9.06437184e+00  9.06438647e+00  2.03e-15 2.84e-14  2.94e-11     3s
  27   9.06438268e+00  9.06438270e+00  2.01e-15 8.53e-14  3.86e-14     3s
  28   9.06438270e+00  9.06438270e+00  2.59e-15 2.84e-14  2.24e-16     3s
  29   9.06438270e+00  9.06438270e+00  2.79e-14 2.84e-14  5.47e-17     4s

Barrier solved model in 29 iterations and 3.61 seconds (3.27 work units)
Optimal objective 9.06438270e+00

objective value: 9.064382697723936
Done! Time elapsed: 23.89587688446045 seconds.
g_0_1: 1.0000007225678218
g_1_1: 1.0000007708964145
g_1_2: 1.000002188694936
g_2_1: 1.000000946834988
g_2_2: 1.0000027240018343
g_2_3: 1.0000009545191664
g_2_4: 1.000002729624895
Parameters from last iteration: [0.70700062 0.70700067 0.17400047 0.70700085 0.1740006  0.70700086
 0.1740006 ]

Parameters from current iteration:
                [0.70700051 0.70700055 0.17400038 0.70700067 0.17400047 0.70700067
 0.17400047]


                Percentage Error = 7.151537854869374e-07
                
year done: 2
Results for pe =  26.9
all done
MPC-HMC child ends Sun May 31 22:02:00 2026
MPC-HMC child elapsed time: 0 days 00 hr 02 min 36 sec

Program ends Sun May 31 22:02:00 CDT 2026
Exit code: 0
Elapsed time: 158 seconds
