Command: /project/lhansen/HMC_rep26_robust_mac/amazon-carbon-prices/.venv/bin/python pysrc/scripts/run_mpc_hmc_job.py --id 998 --xi 10000 --b 0 --trig 0 --type unconstrained --stop-after-year 2
Working directory: /project/lhansen/HMC_rep26_robust_mac/amazon-carbon-prices
Program starts Sun May 31 21:59:21 CDT 2026

Running MPC-HMC job: xi=10000 pe=6.9 id=998 trig=0 type=unconstrained
MPC-HMC command: /project/lhansen/HMC_rep26_robust_mac/amazon-carbon-prices/.venv/bin/python -u pysrc/mpc/mpc_hmc.py --id 998 --pe 6.9 --xi 10000 --trig 0 --type unconstrained --stop-after-year 2
MPC-HMC child starts Sun May 31 21:59:23 2026
unconstrained price used
Stopping MPC loop after year done: 2
Time 1: 2
Optimization Iteration[1/20000]

Solving the optimization problem...
Set parameter TokenServer to value "licenses.rcc.uchicago.edu"
Read LP format model from file /scratch/local/jobs/50330011/tmp4f4z9lkf.pyomo.lp
Reading time = 1.36 seconds
x1: 258121 rows, 502401 columns, 1259970 nonzeros
Set parameter Threads to value 8
Set parameter BarConvTol to value 1e-12
Gurobi Optimizer version 11.0.0 build v11.0.0rc2 (linux64 - "CentOS Linux 8")

CPU model: Intel(R) Xeon(R) Gold 6248R CPU @ 3.00GHz, instruction set [SSE2|AVX|AVX2|AVX512]
Thread count: 48 physical cores, 48 logical processors, using up to 8 threads

Optimize a model with 258121 rows, 502401 columns and 1259970 nonzeros
Model fingerprint: 0x3b5875f8
Model has 3166 quadratic objective terms
Coefficient statistics:
  Matrix range     [1e+00, 1e+03]
  Objective range  [3e-07, 3e+01]
  QObjective range [3e-01, 3e+03]
  Bounds range     [3e-04, 1e+00]
  RHS range        [6e-07, 5e+00]
Presolve removed 131481 rows and 128813 columns
Presolve time: 0.64s
Presolved: 126640 rows, 373588 columns, 743932 nonzeros
Presolved model has 3166 quadratic objective terms
Ordering time: 0.16s

Barrier statistics:
 AA' NZ     : 3.709e+05
 Factor NZ  : 3.905e+06 (roughly 230 MB of memory)
 Factor Ops : 2.623e+08 (less than 1 second per iteration)
 Threads    : 8

                  Objective                Residual
Iter       Primal          Dual         Primal    Dual     Compl     Time
   0  -9.52515063e+08  8.63517708e+08  7.80e+04 1.14e-13  1.00e+06     1s
   1  -5.26784491e+08  5.08001319e+08  1.69e+04 1.44e+02  2.23e+05     1s
   2  -2.81629321e+08  2.82015775e+08  2.13e+02 8.69e-01  3.96e+03     1s
   3  -6.55667594e+07  6.62106740e+07  1.79e+00 1.87e-12  2.85e+02     1s
   4  -1.25935327e+07  1.32405562e+07  1.55e-01 3.43e-12  5.34e+01     2s
   5  -2.28792893e+06  2.54155308e+06  1.15e-02 1.34e-12  9.77e+00     2s
   6  -3.32808218e+05  3.82939654e+05  1.15e-08 8.61e-13  1.44e+00     2s
   7  -4.94271903e+04  6.18407241e+04  1.25e-13 6.43e-13  2.24e-01     2s
   8  -7.35206076e+03  8.96621515e+03  4.77e-14 1.63e-13  3.28e-02     2s
   9  -1.12212443e+03  1.39960155e+03  1.55e-14 2.84e-14  5.07e-03     2s
  10  -1.84376153e+02  2.16601398e+02  6.89e-15 1.42e-14  8.07e-04     2s
  11  -4.23930583e+01  8.97415447e+01  2.51e-15 1.07e-14  2.66e-04     2s
  12  -7.00649643e+00  1.99414845e+01  1.22e-15 1.07e-14  5.42e-05     2s
  13  -1.18361335e-01  9.94545974e+00  3.52e-16 7.11e-15  2.02e-05     3s
  14   2.22529440e+00  7.02513090e+00  2.70e-16 7.11e-15  9.66e-06     3s
  15   3.56486181e+00  5.75353283e+00  1.57e-16 1.07e-14  4.40e-06     3s
  16   4.17845535e+00  5.15554948e+00  3.52e-16 1.07e-14  1.97e-06     3s
  17   4.49065711e+00  4.89128689e+00  2.54e-16 1.07e-14  8.06e-07     3s
  18   4.56884195e+00  4.83975905e+00  3.55e-16 7.11e-15  5.45e-07     3s
  19   4.63838815e+00  4.79641923e+00  2.43e-16 7.11e-15  3.18e-07     3s
  20   4.68224270e+00  4.77215373e+00  3.18e-16 7.11e-15  1.81e-07     3s
  21   4.70537827e+00  4.75942760e+00  3.55e-16 7.11e-15  1.09e-07     3s
  22   4.71973093e+00  4.75177569e+00  3.97e-16 1.07e-14  6.45e-08     4s
  23   4.72834047e+00  4.74726168e+00  3.99e-16 1.42e-14  3.81e-08     4s
  24   4.73354408e+00  4.74481886e+00  3.54e-16 7.11e-15  2.27e-08     4s
  25   4.73785409e+00  4.74285204e+00  4.23e-16 1.07e-14  1.01e-08     4s
  26   4.73924274e+00  4.74223615e+00  4.38e-16 1.42e-14  6.02e-09     4s
  27   4.74021810e+00  4.74181358e+00  3.94e-16 7.11e-15  3.21e-09     4s
  28   4.74059780e+00  4.74165168e+00  1.03e-15 1.07e-14  2.12e-09     4s
  29   4.74110997e+00  4.74143967e+00  8.82e-16 1.07e-14  6.63e-10     4s
  30   4.74121725e+00  4.74139556e+00  7.79e-16 7.11e-15  3.59e-10     4s
  31   4.74130023e+00  4.74136171e+00  1.81e-15 1.42e-14  1.24e-10     4s
  32   4.74131990e+00  4.74135372e+00  2.35e-15 1.07e-14  6.80e-11     4s
  33   4.74133864e+00  4.74134615e+00  2.09e-15 1.07e-14  1.51e-11     4s
  34   4.74134248e+00  4.74134460e+00  3.75e-15 1.42e-14  4.28e-12     5s
  35   4.74134392e+00  4.74134402e+00  4.57e-15 1.42e-14  2.13e-13     5s
  36   4.74134399e+00  4.74134399e+00  7.93e-15 1.42e-14  9.40e-16     5s
  37   4.74134399e+00  4.74134399e+00  1.69e-13 1.78e-14  2.42e-18     5s

Barrier solved model in 37 iterations and 4.82 seconds (4.24 work units)
Optimal objective 4.74134399e+00

objective value: 4.741343992171202
Done! Time elapsed: 27.40066909790039 seconds.
g_0_1: 1.0000338413337095
g_1_1: 1.0000217947397907
g_1_2: 1.0000615440669138
g_2_1: 1.000040464069964
g_2_2: 1.000114338580157
g_2_3: 1.0000405195141822
g_2_4: 1.0001144926451129
Parameters from last iteration: [0.174 0.707 0.174 0.707 0.174 0.707 0.174]

Parameters from current iteration:
                [0.17400589 0.70701541 0.17401071 0.70702861 0.17401989 0.70702865
 0.17401992]


                Percentage Error = 0.00011449264511289527
                
year done: 1
Time 2: 2
Optimization Iteration[1/20000]

Solving the optimization problem...
Set parameter TokenServer to value "licenses.rcc.uchicago.edu"
Read LP format model from file /scratch/local/jobs/50330011/tmps47v2ubv.pyomo.lp
Reading time = 1.35 seconds
x1: 258121 rows, 502401 columns, 1259970 nonzeros
Set parameter Threads to value 8
Set parameter BarConvTol to value 1e-12
Gurobi Optimizer version 11.0.0 build v11.0.0rc2 (linux64 - "CentOS Linux 8")

CPU model: Intel(R) Xeon(R) Gold 6248R CPU @ 3.00GHz, instruction set [SSE2|AVX|AVX2|AVX512]
Thread count: 48 physical cores, 48 logical processors, using up to 8 threads

Optimize a model with 258121 rows, 502401 columns and 1259970 nonzeros
Model fingerprint: 0xfe19d121
Model has 3166 quadratic objective terms
Coefficient statistics:
  Matrix range     [1e+00, 1e+03]
  Objective range  [3e-07, 3e+01]
  QObjective range [3e-01, 3e+03]
  Bounds range     [3e-04, 1e+00]
  RHS range        [1e-16, 5e+00]
Presolve removed 131483 rows and 128816 columns
Presolve time: 0.61s
Presolved: 126638 rows, 373585 columns, 743926 nonzeros
Presolved model has 3166 quadratic objective terms
Ordering time: 0.17s

Barrier statistics:
 AA' NZ     : 3.709e+05
 Factor NZ  : 4.061e+06 (roughly 240 MB of memory)
 Factor Ops : 3.352e+08 (less than 1 second per iteration)
 Threads    : 8

                  Objective                Residual
Iter       Primal          Dual         Primal    Dual     Compl     Time
   0  -9.52521246e+08  8.63539891e+08  7.80e+04 1.14e-13  1.00e+06     1s
   1  -6.04554900e+08  5.83693059e+08  1.87e+04 1.60e+02  2.62e+05     1s
   2  -3.24508980e+08  3.24909267e+08  2.36e+02 1.05e+00  4.65e+03     1s
   3  -7.60748630e+07  7.67604991e+07  1.97e+00 1.72e-12  3.31e+02     1s
   4  -1.47068805e+07  1.54083793e+07  1.72e-01 3.84e-12  6.23e+01     1s
   5  -2.70669160e+06  3.00008264e+06  1.35e-02 1.32e-12  1.15e+01     2s
   6  -3.93122482e+05  4.49464137e+05  1.35e-08 2.41e-12  1.70e+00     2s
   7  -5.84124140e+04  7.33280103e+04  1.06e-13 6.96e-13  2.65e-01     2s
   8  -8.67652443e+03  1.05668953e+04  5.78e-14 2.09e-13  3.87e-02     2s
   9  -1.32163517e+03  1.65155449e+03  1.97e-14 2.84e-14  5.98e-03     2s
  10  -2.09514215e+02  2.67253728e+02  7.38e-15 1.42e-14  9.59e-04     2s
  11  -3.55254842e+01  5.98086023e+01  3.76e-15 1.42e-14  1.92e-04     2s
  12  -7.22436226e+00  1.86385529e+01  1.12e-15 1.42e-14  5.20e-05     2s
  13  -1.81224136e+00  1.31870678e+01  5.16e-16 7.11e-15  3.02e-05     3s
  14   1.68081870e+00  7.89200924e+00  2.54e-16 7.11e-15  1.25e-05     3s
  15   3.32974655e+00  6.12850605e+00  1.49e-16 1.07e-14  5.63e-06     3s
  16   4.01662390e+00  5.64698781e+00  2.08e-16 1.07e-14  3.28e-06     3s
  17   4.51482383e+00  5.23426751e+00  2.59e-16 1.42e-14  1.45e-06     3s
  18   4.71370441e+00  5.07049218e+00  2.03e-16 1.42e-14  7.18e-07     3s
  19   4.82601374e+00  4.99232705e+00  1.52e-16 1.07e-14  3.35e-07     3s
  20   4.85857663e+00  4.97291527e+00  1.42e-16 7.11e-15  2.30e-07     3s
  21   4.89199385e+00  4.95428814e+00  1.30e-16 1.07e-14  1.25e-07     3s
  22   4.91088743e+00  4.94437933e+00  3.63e-16 7.11e-15  6.74e-08     3s
  23   4.92007454e+00  4.93989524e+00  4.93e-16 1.42e-14  3.99e-08     4s
  24   4.92514264e+00  4.93751736e+00  1.63e-15 7.11e-15  2.49e-08     4s
  25   4.93025675e+00  4.93518331e+00  9.97e-16 1.42e-14  9.91e-09     4s
  26   4.93143570e+00  4.93468252e+00  5.47e-16 7.11e-15  6.53e-09     4s
  27   4.93272075e+00  4.93414388e+00  2.12e-15 9.55e-15  2.86e-09     4s
  28   4.93320093e+00  4.93394528e+00  1.36e-15 1.07e-14  1.50e-09     4s
  29   4.93352948e+00  4.93381109e+00  9.89e-16 1.07e-14  5.67e-10     4s
  30   4.93362067e+00  4.93377438e+00  7.32e-16 1.07e-14  3.09e-10     4s
  31   4.93368392e+00  4.93374885e+00  6.71e-16 1.42e-14  1.31e-10     4s
  32   4.93371193e+00  4.93373757e+00  1.10e-15 1.07e-14  5.16e-11     4s
  33   4.93372156e+00  4.93373371e+00  1.35e-15 1.07e-14  2.44e-11     4s
  34   4.93372790e+00  4.93373117e+00  1.11e-15 1.07e-14  6.57e-12     4s
  35   4.93373000e+00  4.93373033e+00  2.03e-15 1.07e-14  6.69e-13     4s
  36   4.93373023e+00  4.93373024e+00  1.66e-15 1.07e-14  4.46e-15     5s
  37   4.93373023e+00  4.93373024e+00  6.82e-14 7.11e-15  1.62e-15     5s
  38   4.93373024e+00  4.93373024e+00  8.75e-14 7.11e-15  3.59e-16     5s
  39   4.93373024e+00  4.93373024e+00  7.10e-14 1.07e-14  1.06e-16     5s
  40   4.93373024e+00  4.93373024e+00  7.87e-14 7.11e-15  5.64e-17     5s

Barrier solved model in 40 iterations and 4.90 seconds (4.48 work units)
Optimal objective 4.93373024e+00

objective value: 4.933730235549941
Done! Time elapsed: 25.71611213684082 seconds.
g_0_1: 1.0000341290725978
g_1_1: 1.0000219366465772
g_1_2: 1.0000619367538244
g_2_1: 1.000040689316576
g_2_2: 1.0001149855386238
g_2_3: 1.000040742408424
g_2_4: 1.000115116792416
Parameters from last iteration: [0.17400589 0.70701541 0.17401071 0.70702861 0.17401989 0.70702865
 0.17401992]

Parameters from current iteration:
                [0.17400594 0.70701551 0.17401078 0.70702877 0.17402001 0.7070288
 0.17402003]


                Percentage Error = 6.468845028285339e-07
                
year done: 2
Results for pe =  6.9
all done
MPC-HMC child ends Sun May 31 22:02:01 2026
MPC-HMC child elapsed time: 0 days 00 hr 02 min 37 sec

Program ends Sun May 31 22:02:01 CDT 2026
Exit code: 0
Elapsed time: 160 seconds
