Command: /project/lhansen/HMC_rep26_robust_mac/amazon-carbon-prices/.venv/bin/python pysrc/scripts/run_mpc_hmc_job.py --id 998 --xi 10000 --b 15 --trig 0 --type unconstrained --stop-after-year 2
Working directory: /project/lhansen/HMC_rep26_robust_mac/amazon-carbon-prices
Program starts Sun May 31 21:59:21 CDT 2026

Running MPC-HMC job: xi=10000 pe=21.9 id=998 trig=0 type=unconstrained
MPC-HMC command: /project/lhansen/HMC_rep26_robust_mac/amazon-carbon-prices/.venv/bin/python -u pysrc/mpc/mpc_hmc.py --id 998 --pe 21.9 --xi 10000 --trig 0 --type unconstrained --stop-after-year 2
MPC-HMC child starts Sun May 31 21:59:23 2026
unconstrained price used
Stopping MPC loop after year done: 2
Time 1: 2
Optimization Iteration[1/20000]

Solving the optimization problem...
Set parameter TokenServer to value "licenses.rcc.uchicago.edu"
Read LP format model from file /scratch/local/jobs/50330013/tmpazminvwb.pyomo.lp
Reading time = 1.35 seconds
x1: 258121 rows, 502401 columns, 1259970 nonzeros
Set parameter Threads to value 8
Set parameter BarConvTol to value 1e-12
Gurobi Optimizer version 11.0.0 build v11.0.0rc2 (linux64 - "CentOS Linux 8")

CPU model: Intel(R) Xeon(R) Gold 6248R CPU @ 3.00GHz, instruction set [SSE2|AVX|AVX2|AVX512]
Thread count: 48 physical cores, 48 logical processors, using up to 8 threads

Optimize a model with 258121 rows, 502401 columns and 1259970 nonzeros
Model fingerprint: 0x8d3500b3
Model has 3166 quadratic objective terms
Coefficient statistics:
  Matrix range     [1e+00, 1e+03]
  Objective range  [1e-06, 8e+01]
  QObjective range [3e-01, 3e+03]
  Bounds range     [3e-04, 1e+00]
  RHS range        [6e-07, 5e+00]
Presolve removed 131481 rows and 128813 columns
Presolve time: 0.60s
Presolved: 126640 rows, 373588 columns, 743932 nonzeros
Presolved model has 3166 quadratic objective terms
Ordering time: 0.16s

Barrier statistics:
 AA' NZ     : 3.709e+05
 Factor NZ  : 3.905e+06 (roughly 230 MB of memory)
 Factor Ops : 2.623e+08 (less than 1 second per iteration)
 Threads    : 8

                  Objective                Residual
Iter       Primal          Dual         Primal    Dual     Compl     Time
   0  -1.15662429e+09  8.63517685e+08  7.80e+04 1.14e-13  1.00e+06     1s
   1  -5.71003257e+08  5.07983229e+08  1.69e+04 1.44e+02  2.23e+05     2s
   2  -2.82232973e+08  2.82000551e+08  2.13e+02 8.69e-01  3.96e+03     2s
   3  -6.55883063e+07  6.61958310e+07  1.78e+00 1.47e-12  2.85e+02     2s
   4  -1.25988912e+07  1.32309197e+07  1.55e-01 3.76e-12  5.34e+01     2s
   5  -2.29073218e+06  2.53796254e+06  1.15e-02 1.19e-12  9.76e+00     2s
   6  -3.34233293e+05  3.83176716e+05  1.15e-08 1.07e-12  1.44e+00     2s
   7  -5.01000001e+04  6.23604576e+04  1.12e-13 5.87e-13  2.26e-01     2s
   8  -7.60195865e+03  8.97788243e+03  4.61e-14 1.85e-13  3.34e-02     2s
   9  -1.23237027e+03  1.48590530e+03  1.73e-14 2.84e-14  5.47e-03     2s
  10  -2.18415748e+02  2.48013584e+02  6.73e-15 2.84e-14  9.38e-04     2s
  11  -6.21174437e+01  8.21996117e+01  2.50e-15 2.84e-14  2.90e-04     3s
  12  -2.50192660e+01  3.53521486e+01  9.25e-16 1.42e-14  1.21e-04     3s
  13  -8.72259552e+00  1.91784248e+01  5.44e-16 2.84e-14  5.61e-05     3s
  14  -3.54577604e+00  1.47368793e+01  4.63e-16 1.42e-14  3.68e-05     3s
  15  -4.85927986e-01  1.22468381e+01  3.06e-16 1.42e-14  2.56e-05     3s
  16   1.95367965e+00  1.07204519e+01  1.36e-16 2.84e-14  1.76e-05     3s
  17   3.83788185e+00  9.24340381e+00  1.46e-16 1.42e-14  1.09e-05     3s
  18   4.65954800e+00  8.66446763e+00  1.13e-16 1.42e-14  8.06e-06     3s
  19   5.53877035e+00  8.08012172e+00  6.81e-17 1.42e-14  5.11e-06     3s
  20   5.70979623e+00  7.97588611e+00  6.10e-17 2.84e-14  4.56e-06     3s
  21   6.05865550e+00  7.76954384e+00  6.86e-17 1.42e-14  3.44e-06     3s
  22   6.30282421e+00  7.63400168e+00  9.56e-17 1.42e-14  2.68e-06     3s
  23   6.59291746e+00  7.47842471e+00  1.46e-16 2.84e-14  1.78e-06     4s
  24   6.83918205e+00  7.35867299e+00  1.49e-16 1.42e-14  1.05e-06     4s
  25   6.91626443e+00  7.32300095e+00  1.42e-16 1.42e-14  8.18e-07     4s
  26   7.04446449e+00  7.26665512e+00  2.88e-16 2.84e-14  4.47e-07     4s
  27   7.09145793e+00  7.24653948e+00  2.98e-16 1.42e-14  3.12e-07     4s
  28   7.15153052e+00  7.22210128e+00  3.05e-16 2.84e-14  1.42e-07     4s
  29   7.17829438e+00  7.21151587e+00  3.86e-16 2.84e-14  6.68e-08     4s
  30   7.18259848e+00  7.20988298e+00  4.72e-16 2.84e-14  5.49e-08     4s
  31   7.19572874e+00  7.20513442e+00  1.02e-15 2.84e-14  1.89e-08     4s
  32   7.19750125e+00  7.20448711e+00  6.96e-16 1.42e-14  1.41e-08     4s
  33   7.20178268e+00  7.20296625e+00  1.21e-15 2.84e-14  2.38e-09     4s
  34   7.20249979e+00  7.20271334e+00  4.47e-15 2.84e-14  4.30e-10     4s
  35   7.20261169e+00  7.20267415e+00  1.69e-15 2.84e-14  1.26e-10     5s
  36   7.20265725e+00  7.20265822e+00  2.82e-15 2.84e-14  1.97e-12     5s
  37   7.20265797e+00  7.20265797e+00  5.93e-14 2.84e-14  1.52e-14     5s
  38   7.20265797e+00  7.20265797e+00  9.60e-13 2.84e-14  2.04e-17     5s

Barrier solved model in 38 iterations and 4.83 seconds (4.01 work units)
Optimal objective 7.20265797e+00

objective value: 7.202657971613031
Done! Time elapsed: 27.080697536468506 seconds.
g_0_1: 1.0000033566879205
g_1_1: 1.000001491501368
g_1_2: 1.0000042262566675
g_2_1: 1.0000021840183706
g_2_2: 1.000006206657231
g_2_3: 1.000002194912838
g_2_4: 1.0000062399550187
Parameters from last iteration: [0.174 0.707 0.174 0.707 0.174 0.707 0.174]

Parameters from current iteration:
                [0.17400058 0.70700105 0.17400074 0.70700154 0.17400108 0.70700155
 0.17400109]


                Percentage Error = 6.239955018690402e-06
                
year done: 1
Time 2: 2
Optimization Iteration[1/20000]

Solving the optimization problem...
Set parameter TokenServer to value "licenses.rcc.uchicago.edu"
Read LP format model from file /scratch/local/jobs/50330013/tmpjx3lzlri.pyomo.lp
Reading time = 1.34 seconds
x1: 258121 rows, 502401 columns, 1259970 nonzeros
Set parameter Threads to value 8
Set parameter BarConvTol to value 1e-12
Gurobi Optimizer version 11.0.0 build v11.0.0rc2 (linux64 - "CentOS Linux 8")

CPU model: Intel(R) Xeon(R) Gold 6248R CPU @ 3.00GHz, instruction set [SSE2|AVX|AVX2|AVX512]
Thread count: 48 physical cores, 48 logical processors, using up to 8 threads

Optimize a model with 258121 rows, 502401 columns and 1259970 nonzeros
Model fingerprint: 0x17a0ac58
Model has 3166 quadratic objective terms
Coefficient statistics:
  Matrix range     [1e+00, 1e+03]
  Objective range  [1e-06, 8e+01]
  QObjective range [3e-01, 3e+03]
  Bounds range     [3e-04, 1e+00]
  RHS range        [2e-16, 5e+00]
Presolve removed 131481 rows and 128813 columns
Presolve time: 0.56s
Presolved: 126640 rows, 373588 columns, 743932 nonzeros
Presolved model has 3166 quadratic objective terms
Ordering time: 0.16s

Barrier statistics:
 AA' NZ     : 3.709e+05
 Factor NZ  : 3.905e+06 (roughly 230 MB of memory)
 Factor Ops : 2.623e+08 (less than 1 second per iteration)
 Threads    : 8

                  Objective                Residual
Iter       Primal          Dual         Primal    Dual     Compl     Time
   0  -1.15662600e+09  8.63519394e+08  7.80e+04 1.14e-13  1.00e+06     1s
   1  -5.71002460e+08  5.07982717e+08  1.69e+04 1.44e+02  2.23e+05     1s
   2  -2.82231641e+08  2.81999162e+08  2.13e+02 8.69e-01  3.96e+03     1s
   3  -6.55859504e+07  6.61934615e+07  1.78e+00 1.41e-12  2.85e+02     1s
   4  -1.25938017e+07  1.32256391e+07  1.54e-01 4.89e-12  5.33e+01     1s
   5  -2.28991650e+06  2.53695168e+06  1.14e-02 1.12e-12  9.76e+00     1s
   6  -3.34251239e+05  3.83807478e+05  1.14e-08 1.00e-12  1.44e+00     2s
   7  -5.01403111e+04  6.25788808e+04  1.78e-13 6.12e-13  2.27e-01     2s
   8  -7.61409019e+03  9.01416943e+03  4.13e-14 1.81e-13  3.35e-02     2s
   9  -1.23537141e+03  1.49056313e+03  1.83e-14 5.68e-14  5.48e-03     2s
  10  -2.35619205e+02  2.13277499e+02  7.84e-15 2.84e-14  9.03e-04     2s
  11  -6.61676304e+01  8.24375443e+01  2.06e-15 4.26e-14  2.99e-04     2s
  12  -1.78576078e+01  2.60209850e+01  1.03e-15 2.84e-14  8.83e-05     2s
  13  -6.94841880e+00  1.72244567e+01  4.87e-16 1.42e-14  4.86e-05     2s
  14  -1.67665075e+00  1.30815438e+01  2.97e-16 1.42e-14  2.97e-05     2s
  15   2.80896612e+00  1.02222409e+01  2.11e-16 1.42e-14  1.49e-05     2s
  16   4.57643493e+00  8.97131989e+00  1.83e-16 1.82e-14  8.84e-06     3s
  17   5.70370401e+00  8.25260494e+00  3.08e-16 2.84e-14  5.13e-06     3s
  18   6.23677630e+00  7.96985153e+00  1.21e-16 2.84e-14  3.49e-06     3s
  19   6.63667575e+00  7.75319849e+00  1.72e-16 4.26e-14  2.25e-06     3s
  20   7.03853819e+00  7.55385027e+00  5.49e-16 2.84e-14  1.04e-06     3s
  21   7.22019044e+00  7.47112392e+00  7.01e-16 2.84e-14  5.05e-07     3s
  22   7.30066276e+00  7.43853504e+00  3.06e-16 2.04e-14  2.77e-07     3s
  23   7.35831315e+00  7.41602552e+00  4.43e-16 2.84e-14  1.16e-07     3s
  24   7.37108653e+00  7.41107217e+00  3.08e-16 2.84e-14  8.04e-08     3s
  25   7.39044203e+00  7.40380965e+00  1.04e-15 2.13e-14  2.69e-08     3s
  26   7.39376236e+00  7.40258393e+00  7.63e-16 2.84e-14  1.77e-08     3s
  27   7.39860737e+00  7.40083336e+00  2.63e-15 2.84e-14  4.48e-09     3s
  28   7.39969791e+00  7.40044609e+00  1.07e-15 2.84e-14  1.51e-09     3s
  29   7.40017338e+00  7.40027879e+00  6.92e-16 2.13e-14  2.12e-10     4s
  30   7.40024725e+00  7.40025293e+00  1.43e-15 4.26e-14  1.14e-11     4s
  31   7.40025145e+00  7.40025146e+00  1.75e-15 2.84e-14  2.30e-14     4s
  32   7.40025146e+00  7.40025146e+00  5.15e-15 2.84e-14  5.55e-15     4s
  33   7.40025146e+00  7.40025146e+00  9.54e-15 2.84e-14  1.07e-15     4s
  34   7.40025146e+00  7.40025146e+00  6.79e-15 2.84e-14  2.51e-16     4s
  35   7.40025146e+00  7.40025146e+00  8.06e-15 2.13e-14  1.78e-16     4s
  36   7.40025146e+00  7.40025146e+00  5.93e-15 2.84e-14  9.06e-17     4s

Barrier solved model in 36 iterations and 4.27 seconds (3.89 work units)
Optimal objective 7.40025146e+00

objective value: 7.400251459774593
Done! Time elapsed: 24.45766043663025 seconds.
g_0_1: 1.000002925803713
g_1_1: 1.0000013170482331
g_1_2: 1.0000037331106348
g_2_1: 1.0000019212658615
g_2_2: 1.0000054777205694
g_2_3: 1.0000019343031952
g_2_4: 1.0000055004819528
Parameters from last iteration: [0.17400058 0.70700105 0.17400074 0.70700154 0.17400108 0.70700155
 0.17400109]

Parameters from current iteration:
                [0.17400051 0.70700093 0.17400065 0.70700136 0.17400095 0.70700137
 0.17400096]


                Percentage Error = 7.394684517042692e-07
                
year done: 2
Results for pe =  21.9
all done
MPC-HMC child ends Sun May 31 22:02:00 2026
MPC-HMC child elapsed time: 0 days 00 hr 02 min 36 sec

Program ends Sun May 31 22:02:00 CDT 2026
Exit code: 0
Elapsed time: 159 seconds
