Command: /project/lhansen/HMC_rep26_robust_mac/amazon-carbon-prices/.venv/bin/python pysrc/scripts/run_mpc_hmc_job.py --id 998 --xi 10000 --b 25 --trig 0 --type unconstrained --stop-after-year 2
Working directory: /project/lhansen/HMC_rep26_robust_mac/amazon-carbon-prices
Program starts Sun May 31 21:59:20 CDT 2026

Running MPC-HMC job: xi=10000 pe=31.9 id=998 trig=0 type=unconstrained
MPC-HMC command: /project/lhansen/HMC_rep26_robust_mac/amazon-carbon-prices/.venv/bin/python -u pysrc/mpc/mpc_hmc.py --id 998 --pe 31.9 --xi 10000 --trig 0 --type unconstrained --stop-after-year 2
MPC-HMC child starts Sun May 31 21:59:23 2026
unconstrained price used
Stopping MPC loop after year done: 2
Time 1: 2
Optimization Iteration[1/20000]

Solving the optimization problem...
Set parameter TokenServer to value "licenses.rcc.uchicago.edu"
Read LP format model from file /scratch/local/jobs/50330015/tmptmoou6k1.pyomo.lp
Reading time = 1.15 seconds
x1: 258121 rows, 502401 columns, 1259970 nonzeros
Set parameter Threads to value 8
Set parameter BarConvTol to value 1e-12
Gurobi Optimizer version 11.0.0 build v11.0.0rc2 (linux64 - "CentOS Linux 8")

CPU model: Intel(R) Xeon(R) Gold 6248R CPU @ 3.00GHz, instruction set [SSE2|AVX|AVX2|AVX512]
Thread count: 48 physical cores, 48 logical processors, using up to 8 threads

Optimize a model with 258121 rows, 502401 columns and 1259970 nonzeros
Model fingerprint: 0xcffc69e9
Model has 3166 quadratic objective terms
Coefficient statistics:
  Matrix range     [1e+00, 1e+03]
  Objective range  [1e-06, 1e+02]
  QObjective range [3e-01, 3e+03]
  Bounds range     [3e-04, 1e+00]
  RHS range        [6e-07, 5e+00]
Presolve removed 131481 rows and 128813 columns
Presolve time: 0.52s
Presolved: 126640 rows, 373588 columns, 743932 nonzeros
Presolved model has 3166 quadratic objective terms
Ordering time: 0.14s

Barrier statistics:
 AA' NZ     : 3.709e+05
 Factor NZ  : 3.905e+06 (roughly 230 MB of memory)
 Factor Ops : 2.623e+08 (less than 1 second per iteration)
 Threads    : 8

                  Objective                Residual
Iter       Primal          Dual         Primal    Dual     Compl     Time
   0  -1.29269710e+09  8.63517669e+08  7.80e+04 1.14e-13  1.00e+06     1s
   1  -6.00482449e+08  5.07971156e+08  1.69e+04 1.44e+02  2.23e+05     1s
   2  -2.82635453e+08  2.81990431e+08  2.13e+02 8.69e-01  3.96e+03     1s
   3  -6.56026423e+07  6.61859325e+07  1.78e+00 1.70e-12  2.85e+02     1s
   4  -1.26024357e+07  1.32244873e+07  1.55e-01 5.41e-12  5.34e+01     1s
   5  -2.29258677e+06  2.53557145e+06  1.14e-02 1.21e-12  9.76e+00     2s
   6  -3.35184563e+05  3.83399418e+05  1.14e-08 7.93e-13  1.45e+00     2s
   7  -5.05390660e+04  6.26918821e+04  1.03e-13 6.88e-13  2.28e-01     2s
   8  -7.76347287e+03  9.00872066e+03  5.11e-14 2.09e-13  3.37e-02     2s
   9  -1.48442842e+03  1.46528598e+03  1.86e-14 3.02e-14  5.93e-03     2s
  10  -2.90475669e+02  3.99332771e+02  9.01e-15 1.56e-13  1.39e-03     2s
  11  -1.02260660e+02  1.67941933e+02  2.74e-15 3.55e-14  5.44e-04     2s
  12  -2.42476198e+01  4.16531796e+01  1.30e-15 2.84e-14  1.33e-04     2s
  13  -1.20888976e+01  2.85151170e+01  5.61e-16 2.84e-14  8.17e-05     2s
  14  -3.07992302e+00  1.98314902e+01  4.33e-16 2.84e-14  4.61e-05     2s
  15   1.66931373e+00  1.59227222e+01  2.53e-16 2.84e-14  2.87e-05     2s
  16   3.53642715e+00  1.47129806e+01  1.77e-16 2.84e-14  2.25e-05     3s
  17   5.89159772e+00  1.30296052e+01  1.10e-16 2.84e-14  1.44e-05     3s
  18   7.01101458e+00  1.23462404e+01  9.41e-17 2.84e-14  1.07e-05     3s
  19   8.06175696e+00  1.17230259e+01  1.19e-16 2.84e-14  7.37e-06     3s
  20   8.73550560e+00  1.13139010e+01  8.02e-17 2.84e-14  5.19e-06     3s
  21   9.33884936e+00  1.09843564e+01  8.04e-16 2.84e-14  3.31e-06     3s
  22   9.74724368e+00  1.07735938e+01  4.93e-16 2.84e-14  2.06e-06     3s
  23   9.89170480e+00  1.07005093e+01  3.59e-16 2.84e-14  1.63e-06     3s
  24   1.00533450e+01  1.06259315e+01  2.48e-16 2.84e-14  1.15e-06     3s
  25   1.01807616e+01  1.05655416e+01  1.62e-16 4.26e-14  7.74e-07     3s
  26   1.02195461e+01  1.05488651e+01  9.30e-17 4.26e-14  6.63e-07     3s
  27   1.02389418e+01  1.05404047e+01  1.77e-16 4.26e-14  6.06e-07     3s
  28   1.03059444e+01  1.05121057e+01  4.15e-16 4.26e-14  4.15e-07     3s
  29   1.03354721e+01  1.05001411e+01  2.61e-16 2.84e-14  3.31e-07     4s
  30   1.03741981e+01  1.04842958e+01  2.46e-16 4.26e-14  2.21e-07     4s
  31   1.04106948e+01  1.04709132e+01  1.84e-15 4.26e-14  1.21e-07     4s
  32   1.04335534e+01  1.04625655e+01  8.21e-16 5.68e-14  5.84e-08     4s
  33   1.04465794e+01  1.04579750e+01  6.51e-16 2.84e-14  2.29e-08     4s
  34   1.04518419e+01  1.04561385e+01  9.72e-16 5.68e-14  8.64e-09     4s
  35   1.04548095e+01  1.04551139e+01  1.81e-15 5.68e-14  6.13e-10     4s
  36   1.04550133e+01  1.04550436e+01  2.01e-15 4.26e-14  6.10e-11     4s
  37   1.04550358e+01  1.04550358e+01  6.29e-15 5.68e-14  8.54e-14     4s
  38   1.04550358e+01  1.04550358e+01  1.71e-15 5.68e-14  8.54e-17     4s

Barrier solved model in 38 iterations and 4.38 seconds (4.01 work units)
Optimal objective 1.04550358e+01

objective value: 10.45503582592741
Done! Time elapsed: 24.018258571624756 seconds.
g_0_1: 1.0000019257284103
g_1_1: 1.0000006217735598
g_1_2: 1.000001769561379
g_2_1: 1.0000006183273022
g_2_2: 1.0000017730188382
g_2_3: 1.0000006257551541
g_2_4: 1.0000017964858652
Parameters from last iteration: [0.174 0.707 0.174 0.707 0.174 0.707 0.174]

Parameters from current iteration:
                [0.17400034 0.70700044 0.17400031 0.70700044 0.17400031 0.70700044
 0.17400031]


                Percentage Error = 1.9257284102277316e-06
                
year done: 1
Time 2: 2
Optimization Iteration[1/20000]

Solving the optimization problem...
Set parameter TokenServer to value "licenses.rcc.uchicago.edu"
Read LP format model from file /scratch/local/jobs/50330015/tmp8fcy7ym_.pyomo.lp
Reading time = 1.13 seconds
x1: 258121 rows, 502401 columns, 1259970 nonzeros
Set parameter Threads to value 8
Set parameter BarConvTol to value 1e-12
Gurobi Optimizer version 11.0.0 build v11.0.0rc2 (linux64 - "CentOS Linux 8")

CPU model: Intel(R) Xeon(R) Gold 6248R CPU @ 3.00GHz, instruction set [SSE2|AVX|AVX2|AVX512]
Thread count: 48 physical cores, 48 logical processors, using up to 8 threads

Optimize a model with 258121 rows, 502401 columns and 1259970 nonzeros
Model fingerprint: 0x56c4a3e4
Model has 3166 quadratic objective terms
Coefficient statistics:
  Matrix range     [1e+00, 1e+03]
  Objective range  [1e-06, 1e+02]
  QObjective range [3e-01, 3e+03]
  Bounds range     [3e-04, 1e+00]
  RHS range        [8e-16, 5e+00]
Presolve removed 131481 rows and 128813 columns
Presolve time: 0.48s
Presolved: 126640 rows, 373588 columns, 743932 nonzeros
Presolved model has 3166 quadratic objective terms
Ordering time: 0.13s

Barrier statistics:
 AA' NZ     : 3.709e+05
 Factor NZ  : 3.905e+06 (roughly 230 MB of memory)
 Factor Ops : 2.623e+08 (less than 1 second per iteration)
 Threads    : 8

                  Objective                Residual
Iter       Primal          Dual         Primal    Dual     Compl     Time
   0  -1.29269788e+09  8.63518448e+08  7.80e+04 1.14e-13  1.00e+06     1s
   1  -6.00482114e+08  5.07970912e+08  1.69e+04 1.44e+02  2.23e+05     1s
   2  -2.82634928e+08  2.81989826e+08  2.13e+02 8.69e-01  3.96e+03     1s
   3  -6.55997881e+07  6.61830678e+07  1.78e+00 1.39e-12  2.85e+02     1s
   4  -1.25956988e+07  1.32174985e+07  1.54e-01 4.16e-12  5.33e+01     1s
   5  -2.29150994e+06  2.53423571e+06  1.14e-02 1.21e-12  9.76e+00     1s
   6  -3.35205971e+05  3.84216194e+05  1.14e-08 1.18e-12  1.45e+00     1s
   7  -5.05974509e+04  6.30086885e+04  1.34e-13 6.69e-13  2.29e-01     1s
   8  -7.77804829e+03  9.04193504e+03  4.56e-14 1.73e-13  3.38e-02     2s
   9  -1.28722155e+03  1.47594523e+03  1.40e-14 3.55e-14  5.56e-03     2s
  10  -2.33065198e+02  2.45482364e+02  7.22e-15 5.68e-14  9.63e-04     2s
  11  -7.48462660e+01  1.02524665e+02  1.74e-15 5.68e-14  3.57e-04     2s
  12  -2.01783996e+01  3.47504555e+01  1.11e-15 5.68e-14  1.11e-04     2s
  13  -3.98865172e+00  2.02061986e+01  4.46e-16 2.84e-14  4.87e-05     2s
  14   2.22054934e+00  1.62254347e+01  6.71e-16 2.84e-14  2.82e-05     2s
  15   6.54656193e+00  1.32751992e+01  2.40e-16 5.68e-14  1.35e-05     2s
  16   8.23668494e+00  1.21354566e+01  1.13e-16 2.84e-14  7.84e-06     2s
  17   9.49337449e+00  1.14133816e+01  8.52e-16 2.84e-14  3.86e-06     2s
  18   1.01586088e+01  1.10769802e+01  3.79e-16 2.84e-14  1.85e-06     2s
  19   1.03613235e+01  1.09868750e+01  3.82e-16 3.11e-14  1.26e-06     3s
  20   1.05317218e+01  1.09167191e+01  2.28e-16 2.84e-14  7.75e-07     3s
  21   1.06648569e+01  1.08636138e+01  6.09e-16 2.84e-14  4.00e-07     3s
  22   1.07592746e+01  1.08276005e+01  2.01e-16 2.84e-14  1.37e-07     3s
  23   1.07945371e+01  1.08145863e+01  1.15e-15 5.68e-14  4.03e-08     3s
  24   1.08064187e+01  1.08104238e+01  2.58e-15 4.26e-14  8.06e-09     3s
  25   1.08092764e+01  1.08094287e+01  2.40e-15 5.68e-14  3.06e-10     3s
  26   1.08093885e+01  1.08093899e+01  5.12e-15 5.68e-14  2.80e-12     3s
  27   1.08093895e+01  1.08093896e+01  1.69e-13 5.68e-14  9.09e-14     3s
  28   1.08093896e+01  1.08093896e+01  1.63e-13 4.26e-14  2.86e-14     3s
  29   1.08093896e+01  1.08093896e+01  1.54e-14 2.84e-14  4.56e-15     3s
  30   1.08093896e+01  1.08093896e+01  5.31e-15 2.84e-14  1.96e-15     3s
  31   1.08093896e+01  1.08093896e+01  4.35e-15 2.84e-14  1.60e-15     4s
  32   1.08093896e+01  1.08093896e+01  1.88e-15 2.84e-14  6.55e-16     4s
  33   1.08093896e+01  1.08093896e+01  1.99e-15 2.84e-14  3.75e-16     4s
  34   1.08093896e+01  1.08093896e+01  1.79e-15 4.26e-14  1.84e-16     4s
  35   1.08093896e+01  1.08093896e+01  1.79e-15 2.84e-14  8.09e-17     4s

Barrier solved model in 35 iterations and 3.97 seconds (3.83 work units)
Optimal objective 1.08093896e+01

objective value: 10.809389578938825
Done! Time elapsed: 21.133482933044434 seconds.
g_0_1: 1.0000014908635193
g_1_1: 1.0000004386423909
g_1_2: 1.000001255777238
g_2_1: 1.000000406444073
g_2_2: 1.0000011732363552
g_2_3: 1.0000004126725777
g_2_4: 1.0000011910662565
Parameters from last iteration: [0.17400034 0.70700044 0.17400031 0.70700044 0.17400031 0.70700044
 0.17400031]

Parameters from current iteration:
                [0.17400026 0.70700031 0.17400022 0.70700029 0.1740002  0.70700029
 0.17400021]


                Percentage Error = 6.054185211366176e-07
                
year done: 2
Results for pe =  31.9
all done
MPC-HMC child ends Sun May 31 22:01:37 2026
MPC-HMC child elapsed time: 0 days 00 hr 02 min 13 sec

Program ends Sun May 31 22:01:37 CDT 2026
Exit code: 0
Elapsed time: 136 seconds
