Command: /project/lhansen/HMC_rep26_robust_mac/amazon-carbon-prices/.venv/bin/python pysrc/scripts/run_mpc_hmc_job.py --id 997 --xi 1 --b 0 --trig 0 --type unconstrained --stop-after-year 2
Working directory: /project/lhansen/HMC_rep26_robust_mac/amazon-carbon-prices
Program starts Sun May 31 21:59:21 CDT 2026

Running MPC-HMC job: xi=1 pe=6.5 id=997 trig=0 type=unconstrained
MPC-HMC command: /project/lhansen/HMC_rep26_robust_mac/amazon-carbon-prices/.venv/bin/python -u pysrc/mpc/mpc_hmc.py --id 997 --pe 6.5 --xi 1 --trig 0 --type unconstrained --stop-after-year 2
MPC-HMC child starts Sun May 31 21:59:23 2026
unconstrained price used
Stopping MPC loop after year done: 2
Time 1: 1
Optimization Iteration[1/20000]

Solving the optimization problem...
Set parameter TokenServer to value "licenses.rcc.uchicago.edu"
Read LP format model from file /scratch/local/jobs/50330016/tmp_0b8brld.pyomo.lp
Reading time = 1.17 seconds
x1: 258121 rows, 502401 columns, 1259970 nonzeros
Set parameter Threads to value 8
Set parameter BarConvTol to value 1e-12
Gurobi Optimizer version 11.0.0 build v11.0.0rc2 (linux64 - "CentOS Linux 8")

CPU model: Intel(R) Xeon(R) Gold 6248R CPU @ 3.00GHz, instruction set [SSE2|AVX|AVX2|AVX512]
Thread count: 48 physical cores, 48 logical processors, using up to 8 threads

Optimize a model with 258121 rows, 502401 columns and 1259970 nonzeros
Model fingerprint: 0x3cfa34d6
Model has 3166 quadratic objective terms
Coefficient statistics:
  Matrix range     [1e+00, 1e+03]
  Objective range  [7e-07, 2e+01]
  QObjective range [6e-01, 3e+03]
  Bounds range     [3e-04, 1e+00]
  RHS range        [6e-07, 5e+00]
Presolve removed 131481 rows and 128813 columns
Presolve time: 0.59s
Presolved: 126640 rows, 373588 columns, 743932 nonzeros
Presolved model has 3166 quadratic objective terms
Ordering time: 0.14s

Barrier statistics:
 AA' NZ     : 3.709e+05
 Factor NZ  : 3.905e+06 (roughly 230 MB of memory)
 Factor Ops : 2.623e+08 (less than 1 second per iteration)
 Threads    : 8

                  Objective                Residual
Iter       Primal          Dual         Primal    Dual     Compl     Time
   0  -9.46263572e+08  8.62553945e+08  7.80e+04 1.13e-13  1.00e+06     1s
   1  -4.77878099e+08  4.62114096e+08  1.51e+04 1.42e+02  1.98e+05     1s
   2  -2.35604083e+08  2.36029011e+08  1.91e+02 7.07e-01  3.48e+03     1s
   3  -5.58230581e+07  5.64668165e+07  1.59e+00 1.46e-12  2.44e+02     1s
   4  -1.05040690e+07  1.11284770e+07  1.29e-01 3.84e-12  4.47e+01     1s
   5  -1.85226570e+06  2.06694293e+06  8.22e-03 1.24e-12  7.92e+00     1s
   6  -2.70453103e+05  3.16200092e+05  8.22e-09 9.62e-13  1.18e+00     2s
   7  -4.02688702e+04  5.07500576e+04  7.31e-14 6.31e-13  1.83e-01     2s
   8  -6.01510196e+03  7.40782566e+03  3.17e-14 1.62e-13  2.70e-02     2s
   9  -9.15749189e+02  1.11319482e+03  1.35e-14 2.84e-14  4.08e-03     2s
  10  -1.58694003e+02  1.79180025e+02  5.19e-15 1.42e-14  6.80e-04     2s
  11  -3.19716314e+01  6.49162041e+01  2.20e-15 1.42e-14  1.95e-04     2s
  12  -7.09889204e+00  2.14409776e+01  6.78e-16 7.11e-15  5.74e-05     2s
  13  -1.24276503e-02  1.00610274e+01  2.49e-16 7.11e-15  2.03e-05     2s
  14   1.85621062e+00  7.64228011e+00  1.47e-16 7.11e-15  1.16e-05     3s
  15   3.15921474e+00  5.95112637e+00  7.74e-17 7.11e-15  5.62e-06     3s
  16   3.79002632e+00  5.29304234e+00  1.16e-16 7.11e-15  3.02e-06     3s
  17   4.15563601e+00  4.96633325e+00  1.25e-16 7.11e-15  1.63e-06     3s
  18   4.34010599e+00  4.83197526e+00  3.12e-16 7.11e-15  9.90e-07     3s
  19   4.45613029e+00  4.74662947e+00  1.89e-16 7.11e-15  5.84e-07     3s
  20   4.53295470e+00  4.69264070e+00  2.04e-16 1.07e-14  3.21e-07     3s
  21   4.58311732e+00  4.66141707e+00  2.67e-16 1.07e-14  1.58e-07     3s
  22   4.60616360e+00  4.64881904e+00  2.38e-16 7.11e-15  8.58e-08     3s
  23   4.61901790e+00  4.64219686e+00  3.03e-16 7.11e-15  4.66e-08     3s
  24   4.62198010e+00  4.64076243e+00  2.03e-16 1.07e-14  3.78e-08     3s
  25   4.62798444e+00  4.63795319e+00  2.24e-16 1.07e-14  2.01e-08     3s
  26   4.63014672e+00  4.63694074e+00  2.34e-16 7.11e-15  1.37e-08     3s
  27   4.63197902e+00  4.63611787e+00  2.55e-16 1.07e-14  8.33e-09     3s
  28   4.63352109e+00  4.63543564e+00  2.66e-16 7.11e-15  3.85e-09     4s
  29   4.63419577e+00  4.63513820e+00  1.02e-15 1.07e-14  1.90e-09     4s
  30   4.63454050e+00  4.63499186e+00  4.40e-16 1.07e-14  9.08e-10     4s
  31   4.63476548e+00  4.63489727e+00  1.20e-15 1.07e-14  2.65e-10     4s
  32   4.63478655e+00  4.63488845e+00  9.33e-16 1.07e-14  2.05e-10     4s
  33   4.63483840e+00  4.63486688e+00  1.17e-15 1.07e-14  5.73e-11     4s
  34   4.63484933e+00  4.63486235e+00  8.17e-16 1.07e-14  2.62e-11     4s
  35   4.63485565e+00  4.63485974e+00  1.63e-15 1.42e-14  8.23e-12     4s
  36   4.63485773e+00  4.63485888e+00  1.89e-15 1.42e-14  2.31e-12     4s
  37   4.63485850e+00  4.63485856e+00  2.96e-15 1.42e-14  1.20e-13     4s
  38   4.63485855e+00  4.63485855e+00  8.96e-15 7.11e-15  2.69e-16     4s
  39   4.63485855e+00  4.63485855e+00  1.36e-12 1.42e-14  1.66e-18     4s

Barrier solved model in 39 iterations and 4.39 seconds (4.11 work units)
Optimal objective 4.63485855e+00

objective value: 4.634858545573209
Done! Time elapsed: 23.173961400985718 seconds.
g_0_1: 1.1131464063054377
g_1_1: 1.1862687809684918
g_1_2: 1.7955148765217532
g_2_1: 1.2929035912603808
g_2_2: 2.7721491504214772
g_2_3: 1.2931293896593683
g_2_4: 2.775174014042994
Parameters from last iteration: [0.707 0.707 0.174 0.707 0.174 0.707 0.174]

Parameters from current iteration:
                [0.78699451 0.83869203 0.31241959 0.91408284 0.48235395 0.91424248
 0.48288028]


                Percentage Error = 1.7751740140429941
                
Optimization Iteration[2/20000]

Solving the optimization problem...
Set parameter TokenServer to value "licenses.rcc.uchicago.edu"
Read LP format model from file /scratch/local/jobs/50330016/tmpqnr4vfo6.pyomo.lp
Reading time = 1.12 seconds
x1: 258121 rows, 502401 columns, 1259970 nonzeros
Set parameter Threads to value 8
Set parameter BarConvTol to value 1e-12
Gurobi Optimizer version 11.0.0 build v11.0.0rc2 (linux64 - "CentOS Linux 8")

CPU model: Intel(R) Xeon(R) Gold 6248R CPU @ 3.00GHz, instruction set [SSE2|AVX|AVX2|AVX512]
Thread count: 48 physical cores, 48 logical processors, using up to 8 threads

Optimize a model with 258121 rows, 502401 columns and 1259970 nonzeros
Model fingerprint: 0xfefd92a2
Model has 3166 quadratic objective terms
Coefficient statistics:
  Matrix range     [1e+00, 1e+03]
  Objective range  [3e-07, 2e+01]
  QObjective range [2e-01, 3e+03]
  Bounds range     [3e-04, 1e+00]
  RHS range        [6e-07, 5e+00]
Presolve removed 131481 rows and 128813 columns
Presolve time: 0.48s
Presolved: 126640 rows, 373588 columns, 743932 nonzeros
Presolved model has 3166 quadratic objective terms
Ordering time: 0.13s

Barrier statistics:
 AA' NZ     : 3.709e+05
 Factor NZ  : 3.905e+06 (roughly 230 MB of memory)
 Factor Ops : 2.623e+08 (less than 1 second per iteration)
 Threads    : 8

                  Objective                Residual
Iter       Primal          Dual         Primal    Dual     Compl     Time
   0  -9.35813655e+08  8.51828738e+08  7.80e+04 1.13e-13  1.00e+06     1s
   1  -5.97826127e+08  5.73922624e+08  2.26e+04 1.87e+02  3.05e+05     1s
   2  -3.73914613e+08  3.74202476e+08  3.52e+02 3.08e+00  6.48e+03     1s
   3  -9.42365491e+07  9.49168851e+07  3.52e+00 1.68e-12  4.24e+02     1s
   4  -1.69391311e+07  1.76468176e+07  2.16e-01 1.73e-12  7.17e+01     1s
   5  -3.24706630e+06  3.58342107e+06  1.99e-02 1.84e-12  1.38e+01     1s
   6  -4.69625167e+05  5.27455028e+05  1.99e-08 9.93e-13  2.01e+00     1s
   7  -6.99200642e+04  8.86747147e+04  1.93e-13 6.00e-13  3.19e-01     1s
   8  -1.03000638e+04  1.22190509e+04  9.09e-14 4.80e-13  4.53e-02     2s
   9  -1.56966024e+03  1.99650822e+03  3.82e-14 2.84e-14  7.17e-03     2s
  10  -2.42976325e+02  2.89965269e+02  1.25e-14 1.42e-14  1.07e-03     2s
  11  -4.38931997e+01  6.74021188e+01  5.57e-15 1.07e-14  2.24e-04     2s
  12  -1.30164284e+01  3.10534769e+01  1.26e-15 1.42e-14  8.87e-05     2s
  13  -3.24607489e+00  1.33806927e+01  7.08e-16 7.11e-15  3.35e-05     2s
  14   8.44617582e-01  7.25226757e+00  3.20e-16 1.07e-14  1.29e-05     2s
  15   1.97500833e+00  6.10562880e+00  3.23e-16 7.11e-15  8.31e-06     2s
  16   2.83525438e+00  5.23989951e+00  1.32e-16 7.11e-15  4.84e-06     2s
  17   3.21210271e+00  4.90366972e+00  1.35e-16 7.11e-15  3.40e-06     3s
  18   3.51585210e+00  4.68816737e+00  1.56e-16 1.07e-14  2.36e-06     3s
  19   3.82908521e+00  4.42226542e+00  2.06e-16 7.11e-15  1.19e-06     3s
  20   3.98313351e+00  4.28955414e+00  1.45e-16 7.11e-15  6.16e-07     3s
  21   4.04003584e+00  4.25081622e+00  1.10e-16 1.07e-14  4.24e-07     3s
  22   4.09381775e+00  4.21473532e+00  3.71e-16 1.42e-14  2.43e-07     3s
  23   4.12687865e+00  4.19366913e+00  2.43e-16 7.11e-15  1.34e-07     3s
  24   4.13370594e+00  4.18963493e+00  2.08e-16 7.11e-15  1.13e-07     3s
  25   4.14811602e+00  4.18168377e+00  3.66e-16 7.11e-15  6.75e-08     3s
  26   4.15873107e+00  4.17584698e+00  2.36e-16 7.11e-15  3.44e-08     3s
  27   4.16298432e+00  4.17377294e+00  2.71e-16 1.07e-14  2.17e-08     3s
  28   4.16421620e+00  4.17319008e+00  2.12e-16 7.11e-15  1.81e-08     3s
  29   4.16637765e+00  4.17218929e+00  2.15e-16 7.11e-15  1.17e-08     3s
  30   4.16829514e+00  4.17130353e+00  1.97e-16 7.11e-15  6.05e-09     3s
  31   4.16846605e+00  4.17122768e+00  1.89e-16 1.07e-14  5.56e-09     4s
  32   4.16891203e+00  4.17103006e+00  1.91e-16 1.07e-14  4.26e-09     4s
  33   4.16984164e+00  4.17062634e+00  4.92e-16 1.07e-14  1.58e-09     4s
  34   4.17016715e+00  4.17048650e+00  6.55e-16 1.07e-14  6.42e-10     4s
  35   4.17030166e+00  4.17042960e+00  7.85e-16 1.07e-14  2.57e-10     4s
  36   4.17036263e+00  4.17040406e+00  9.43e-16 1.07e-14  8.33e-11     4s
  37   4.17037498e+00  4.17039891e+00  4.07e-16 1.07e-14  4.81e-11     4s
  38   4.17038775e+00  4.17039361e+00  3.59e-15 1.07e-14  1.18e-11     4s
  39   4.17039089e+00  4.17039232e+00  2.01e-15 1.07e-14  2.88e-12     4s
  40   4.17039179e+00  4.17039194e+00  1.84e-15 1.42e-14  3.07e-13     4s
  41   4.17039189e+00  4.17039190e+00  1.17e-15 1.07e-14  2.60e-14     4s
  42   4.17039190e+00  4.17039190e+00  1.30e-15 1.42e-14  9.26e-17     4s

Barrier solved model in 42 iterations and 4.36 seconds (4.36 work units)
Optimal objective 4.17039190e+00

objective value: 4.1703918982584085
Done! Time elapsed: 21.507821083068848 seconds.
g_0_1: 1.1130758424128233
g_1_1: 1.1860396166384677
g_1_2: 1.7940200616720074
g_2_1: 1.2925194804224127
g_2_2: 2.76673319952539
g_2_3: 1.292735971907999
g_2_4: 2.769357238121185
Parameters from last iteration: [0.78699451 0.83869203 0.31241959 0.91408284 0.48235395 0.91424248
 0.48288028]

Parameters from current iteration:
                [0.78694462 0.83853001 0.31215949 0.91381127 0.48141158 0.91396433
 0.48186816]


                Percentage Error = 0.0020960040315940094
                
year done: 1
Time 2: 1
Optimization Iteration[1/20000]

Solving the optimization problem...
Set parameter TokenServer to value "licenses.rcc.uchicago.edu"
Read LP format model from file /scratch/local/jobs/50330016/tmp4z5t1wun.pyomo.lp
Reading time = 1.13 seconds
x1: 258121 rows, 502401 columns, 1259970 nonzeros
Set parameter Threads to value 8
Set parameter BarConvTol to value 1e-12
Gurobi Optimizer version 11.0.0 build v11.0.0rc2 (linux64 - "CentOS Linux 8")

CPU model: Intel(R) Xeon(R) Gold 6248R CPU @ 3.00GHz, instruction set [SSE2|AVX|AVX2|AVX512]
Thread count: 48 physical cores, 48 logical processors, using up to 8 threads

Optimize a model with 258121 rows, 502401 columns and 1259970 nonzeros
Model fingerprint: 0x348f38a9
Model has 3166 quadratic objective terms
Coefficient statistics:
  Matrix range     [1e+00, 1e+03]
  Objective range  [3e-07, 2e+01]
  QObjective range [2e-01, 3e+03]
  Bounds range     [3e-04, 1e+00]
  RHS range        [6e-15, 5e+00]
Presolve removed 131482 rows and 128814 columns
Presolve time: 0.49s
Presolved: 126639 rows, 373587 columns, 743930 nonzeros
Presolved model has 3166 quadratic objective terms
Ordering time: 0.14s

Barrier statistics:
 AA' NZ     : 3.709e+05
 Factor NZ  : 4.212e+06 (roughly 240 MB of memory)
 Factor Ops : 3.974e+08 (less than 1 second per iteration)
 Threads    : 8

                  Objective                Residual
Iter       Primal          Dual         Primal    Dual     Compl     Time
   0  -9.35419993e+08  8.51435542e+08  7.80e+04 1.13e-13  1.00e+06     1s
   1  -6.39179004e+08  6.14040254e+08  2.38e+04 1.92e+02  3.31e+05     1s
   2  -4.01076081e+08  4.01364814e+08  3.71e+02 3.24e+00  7.02e+03     1s
   3  -1.01470136e+08  1.02171949e+08  3.77e+00 1.45e-12  4.58e+02     1s
   4  -1.81857224e+07  1.89184756e+07  2.26e-01 1.68e-12  7.70e+01     1s
   5  -3.50704666e+06  3.86537279e+06  2.13e-02 2.53e-12  1.50e+01     1s
   6  -5.06868699e+05  5.67714512e+05  2.13e-08 1.24e-12  2.16e+00     1s
   7  -7.55230758e+04  9.61095679e+04  2.37e-13 6.47e-13  3.45e-01     2s
   8  -1.11150253e+04  1.31550829e+04  7.46e-14 3.68e-13  4.88e-02     2s
   9  -1.69387070e+03  2.16214840e+03  2.74e-14 4.20e-14  7.76e-03     2s
  10  -2.62748944e+02  3.17943561e+02  1.00e-14 2.13e-14  1.17e-03     2s
  11  -4.97805561e+01  5.33429934e+01  4.71e-15 1.42e-14  2.07e-04     2s
  12  -1.26842836e+01  2.91689370e+01  1.51e-15 2.49e-14  8.42e-05     2s
  13  -2.94569723e+00  1.41438206e+01  7.45e-16 7.11e-15  3.44e-05     2s
  14   1.09722390e+00  7.71551544e+00  2.56e-16 7.11e-15  1.33e-05     2s
  15   2.86452889e+00  5.71321462e+00  1.52e-16 1.42e-14  5.73e-06     3s
  16   3.43725321e+00  5.14264606e+00  1.14e-16 1.42e-14  3.43e-06     3s
  17   3.75311309e+00  4.82137134e+00  1.63e-16 7.11e-15  2.15e-06     3s
  18   3.96498497e+00  4.61268294e+00  9.57e-17 7.11e-15  1.30e-06     3s
  19   4.14619644e+00  4.45467113e+00  1.17e-16 1.42e-14  6.21e-07     3s
  20   4.19110522e+00  4.42004018e+00  1.52e-16 7.11e-15  4.61e-07     3s
  21   4.24823539e+00  4.38062706e+00  2.18e-16 7.11e-15  2.66e-07     3s
  22   4.28324765e+00  4.35809165e+00  2.50e-16 7.11e-15  1.51e-07     3s
  23   4.29956181e+00  4.34854320e+00  2.42e-16 7.11e-15  9.85e-08     3s
  24   4.31477244e+00  4.34017488e+00  2.05e-16 1.07e-14  5.11e-08     3s
  25   4.32147405e+00  4.33683440e+00  2.52e-16 7.11e-15  3.09e-08     3s
  26   4.32450324e+00  4.33535519e+00  1.56e-16 1.07e-14  2.18e-08     3s
  27   4.32818118e+00  4.33361800e+00  2.44e-16 7.11e-15  1.09e-08     3s
  28   4.32973184e+00  4.33293021e+00  2.38e-16 7.11e-15  6.43e-09     4s
  29   4.33100680e+00  4.33237441e+00  4.90e-16 7.11e-15  2.75e-09     4s
  30   4.33106926e+00  4.33234772e+00  4.64e-16 7.11e-15  2.57e-09     4s
  31   4.33148876e+00  4.33216969e+00  5.89e-16 7.11e-15  1.37e-09     4s
  32   4.33180170e+00  4.33203752e+00  9.51e-16 1.07e-14  4.74e-10     4s
  33   4.33181096e+00  4.33203362e+00  8.80e-16 1.07e-14  4.48e-10     4s
  34   4.33191081e+00  4.33199175e+00  7.83e-16 1.07e-14  1.63e-10     4s
  35   4.33192526e+00  4.33198575e+00  8.58e-16 1.07e-14  1.22e-10     4s
  36   4.33195821e+00  4.33197212e+00  1.95e-15 1.42e-14  2.80e-11     4s
  37   4.33196575e+00  4.33196901e+00  1.08e-15 1.42e-14  6.56e-12     4s
  38   4.33196747e+00  4.33196830e+00  8.99e-16 7.11e-15  1.68e-12     4s
  39   4.33196799e+00  4.33196809e+00  2.11e-15 1.07e-14  2.02e-13     4s
  40   4.33196804e+00  4.33196807e+00  2.07e-15 7.11e-15  4.88e-14     4s
  41   4.33196806e+00  4.33196806e+00  9.77e-16 1.07e-14  1.22e-14     5s
  42   4.33196806e+00  4.33196806e+00  1.30e-15 7.11e-15  3.53e-15     5s
  43   4.33196806e+00  4.33196806e+00  6.35e-16 1.07e-14  1.91e-15     5s
  44   4.33196806e+00  4.33196806e+00  4.59e-16 7.11e-15  1.29e-15     5s
  45   4.33196806e+00  4.33196806e+00  5.79e-16 1.42e-14  5.95e-16     5s
  46   4.33196806e+00  4.33196806e+00  5.40e-16 7.11e-15  4.89e-16     5s
  47   4.33196806e+00  4.33196806e+00  8.44e-16 1.42e-14  2.57e-16     5s
  48   4.33196806e+00  4.33196806e+00  7.63e-16 1.07e-14  2.19e-16     5s
  49   4.33196806e+00  4.33196806e+00  6.84e-16 7.11e-15  1.30e-16     5s
  50   4.33196806e+00  4.33196806e+00  6.97e-16 1.07e-14  5.45e-17     5s

Barrier solved model in 50 iterations and 5.27 seconds (5.24 work units)
Optimal objective 4.33196806e+00

objective value: 4.331968061013047
Done! Time elapsed: 22.672120332717896 seconds.
g_0_1: 1.113702772713055
g_1_1: 1.1867180632281735
g_1_2: 1.7983746465565376
g_2_1: 1.2932758438145036
g_2_2: 2.7764351441511255
g_2_3: 1.2934909742028144
g_2_4: 2.7792625600235947
Parameters from last iteration: [0.78694462 0.83853001 0.31215949 0.91381127 0.48141158 0.91396433
 0.48186816]

Parameters from current iteration:
                [0.78738786 0.83900967 0.31291719 0.91434602 0.48309972 0.91449812
 0.48359169]


                Percentage Error = 0.003576758449960639
                
year done: 2
Results for pe =  6.5
all done
MPC-HMC child ends Sun May 31 22:02:06 2026
MPC-HMC child elapsed time: 0 days 00 hr 02 min 42 sec

Program ends Sun May 31 22:02:06 CDT 2026
Exit code: 0
Elapsed time: 165 seconds
