Command: /project/lhansen/HMC_rep26_robust_mac/amazon-carbon-prices/.venv/bin/python pysrc/scripts/run_mpc_hmc_job.py --id 997 --xi 1 --b 10 --trig 0 --type unconstrained --stop-after-year 2
Working directory: /project/lhansen/HMC_rep26_robust_mac/amazon-carbon-prices
Program starts Sun May 31 21:59:21 CDT 2026

Running MPC-HMC job: xi=1 pe=16.5 id=997 trig=0 type=unconstrained
MPC-HMC command: /project/lhansen/HMC_rep26_robust_mac/amazon-carbon-prices/.venv/bin/python -u pysrc/mpc/mpc_hmc.py --id 997 --pe 16.5 --xi 1 --trig 0 --type unconstrained --stop-after-year 2
MPC-HMC child starts Sun May 31 21:59:23 2026
unconstrained price used
Stopping MPC loop after year done: 2
Time 1: 1
Optimization Iteration[1/20000]

Solving the optimization problem...
Set parameter TokenServer to value "licenses.rcc.uchicago.edu"
Read LP format model from file /scratch/local/jobs/50330017/tmp1idtbcc3.pyomo.lp
Reading time = 1.14 seconds
x1: 258121 rows, 502401 columns, 1259970 nonzeros
Set parameter Threads to value 8
Set parameter BarConvTol to value 1e-12
Gurobi Optimizer version 11.0.0 build v11.0.0rc2 (linux64 - "CentOS Linux 8")

CPU model: Intel(R) Xeon(R) Gold 6248R CPU @ 3.00GHz, instruction set [SSE2|AVX|AVX2|AVX512]
Thread count: 48 physical cores, 48 logical processors, using up to 8 threads

Optimize a model with 258121 rows, 502401 columns and 1259970 nonzeros
Model fingerprint: 0x86b81ab2
Model has 3166 quadratic objective terms
Coefficient statistics:
  Matrix range     [1e+00, 1e+03]
  Objective range  [2e-08, 6e+01]
  QObjective range [6e-01, 3e+03]
  Bounds range     [3e-04, 1e+00]
  RHS range        [6e-07, 5e+00]
Presolve removed 131481 rows and 128813 columns
Presolve time: 0.54s
Presolved: 126640 rows, 373588 columns, 743932 nonzeros
Presolved model has 3166 quadratic objective terms
Ordering time: 0.13s

Barrier statistics:
 AA' NZ     : 3.709e+05
 Factor NZ  : 3.905e+06 (roughly 230 MB of memory)
 Factor Ops : 2.623e+08 (less than 1 second per iteration)
 Threads    : 8

                  Objective                Residual
Iter       Primal          Dual         Primal    Dual     Compl     Time
   0  -1.08233639e+09  8.62553930e+08  7.80e+04 1.13e-13  1.00e+06     1s
   1  -5.04325715e+08  4.62100138e+08  1.51e+04 1.42e+02  1.98e+05     1s
   2  -2.35967712e+08  2.36017519e+08  1.91e+02 7.07e-01  3.48e+03     1s
   3  -5.58349736e+07  5.64544936e+07  1.59e+00 1.65e-12  2.44e+02     1s
   4  -1.05054965e+07  1.11198642e+07  1.29e-01 5.31e-12  4.46e+01     1s
   5  -1.85367119e+06  2.06409891e+06  8.21e-03 1.08e-12  7.91e+00     2s
   6  -2.71332694e+05  3.16315605e+05  8.21e-09 9.91e-13  1.18e+00     2s
   7  -4.06810470e+04  5.09399454e+04  8.68e-14 6.71e-13  1.84e-01     2s
   8  -6.17354392e+03  7.38830100e+03  4.76e-14 1.69e-13  2.73e-02     2s
   9  -9.87317305e+02  1.15328312e+03  9.54e-15 2.84e-14  4.31e-03     2s
  10  -1.57493393e+02  1.54313435e+02  5.41e-15 2.13e-14  6.27e-04     2s
  11  -4.49333622e+01  6.23091609e+01  1.16e-15 3.55e-14  2.16e-04     2s
  12  -1.84594328e+01  3.39539421e+01  6.53e-16 2.84e-14  1.05e-04     2s
  13  -3.27221532e+00  1.38988001e+01  2.93e-16 2.84e-14  3.45e-05     2s
  14  -1.23262774e+00  1.14591259e+01  1.82e-16 1.42e-14  2.55e-05     2s
  15   1.11520821e+00  8.99245637e+00  1.18e-16 1.42e-14  1.58e-05     3s
  16   2.32611945e+00  7.85834735e+00  6.51e-17 1.42e-14  1.11e-05     3s
  17   3.33411734e+00  6.98255374e+00  5.98e-17 1.42e-14  7.34e-06     3s
  18   3.78632917e+00  6.63975000e+00  6.65e-17 1.42e-14  5.74e-06     3s
  19   4.40092871e+00  6.20471304e+00  1.01e-16 2.13e-14  3.63e-06     3s
  20   4.70215859e+00  6.00270188e+00  7.42e-17 1.42e-14  2.62e-06     3s
  21   5.02143987e+00  5.81160943e+00  9.04e-17 1.42e-14  1.59e-06     3s
  22   5.21505976e+00  5.70483581e+00  1.10e-16 1.42e-14  9.85e-07     3s
  23   5.36880950e+00  5.62801185e+00  1.11e-16 2.13e-14  5.21e-07     3s
  24   5.41499963e+00  5.60619459e+00  1.31e-16 1.42e-14  3.85e-07     3s
  25   5.47901210e+00  5.57686145e+00  1.53e-16 2.84e-14  1.97e-07     3s
  26   5.51679400e+00  5.56118304e+00  3.11e-16 2.13e-14  8.93e-08     3s
  27   5.53466096e+00  5.55418834e+00  4.38e-16 2.84e-14  3.93e-08     4s
  28   5.54200434e+00  5.55143570e+00  6.95e-16 2.13e-14  1.90e-08     4s
  29   5.54318326e+00  5.55100224e+00  1.13e-15 2.13e-14  1.57e-08     4s
  30   5.54614894e+00  5.54991859e+00  8.42e-16 1.42e-14  7.58e-09     4s
  31   5.54795511e+00  5.54925871e+00  2.81e-15 1.42e-14  2.62e-09     4s
  32   5.54868633e+00  5.54899367e+00  1.10e-15 1.42e-14  6.18e-10     4s
  33   5.54890071e+00  5.54891640e+00  6.20e-15 2.84e-14  3.16e-11     4s
  34   5.54891197e+00  5.54891235e+00  2.18e-15 2.13e-14  7.65e-13     4s
  35   5.54891225e+00  5.54891225e+00  3.21e-15 2.13e-14  9.55e-16     4s
  36   5.54891225e+00  5.54891225e+00  2.15e-13 2.84e-14  2.42e-18     4s

Barrier solved model in 36 iterations and 4.33 seconds (3.87 work units)
Optimal objective 5.54891225e+00

objective value: 5.54891224642117
Done! Time elapsed: 24.13421869277954 seconds.
g_0_1: 1.0237046281717468
g_1_1: 1.0360889546334215
g_1_2: 1.109340465321345
g_2_1: 1.0594403723539019
g_2_2: 1.1890017965974544
g_2_3: 1.059633109207465
g_2_4: 1.1896132733389257
Parameters from last iteration: [0.707 0.707 0.174 0.707 0.174 0.707 0.174]

Parameters from current iteration:
                [0.72375917 0.73251489 0.19302524 0.74902434 0.20688631 0.74916061
 0.20699271]


                Percentage Error = 0.18961327333892572
                
Optimization Iteration[2/20000]

Solving the optimization problem...
Set parameter TokenServer to value "licenses.rcc.uchicago.edu"
Read LP format model from file /scratch/local/jobs/50330017/tmpc0ku17fc.pyomo.lp
Reading time = 1.16 seconds
x1: 258121 rows, 502401 columns, 1259970 nonzeros
Set parameter Threads to value 8
Set parameter BarConvTol to value 1e-12
Gurobi Optimizer version 11.0.0 build v11.0.0rc2 (linux64 - "CentOS Linux 8")

CPU model: Intel(R) Xeon(R) Gold 6248R CPU @ 3.00GHz, instruction set [SSE2|AVX|AVX2|AVX512]
Thread count: 48 physical cores, 48 logical processors, using up to 8 threads

Optimize a model with 258121 rows, 502401 columns and 1259970 nonzeros
Model fingerprint: 0x403a007e
Model has 3166 quadratic objective terms
Coefficient statistics:
  Matrix range     [1e+00, 1e+03]
  Objective range  [2e-08, 6e+01]
  QObjective range [5e-01, 3e+03]
  Bounds range     [3e-04, 1e+00]
  RHS range        [6e-07, 5e+00]
Presolve removed 131481 rows and 128813 columns
Presolve time: 0.54s
Presolved: 126640 rows, 373588 columns, 743932 nonzeros
Presolved model has 3166 quadratic objective terms
Ordering time: 0.14s

Barrier statistics:
 AA' NZ     : 3.709e+05
 Factor NZ  : 3.905e+06 (roughly 230 MB of memory)
 Factor Ops : 2.623e+08 (less than 1 second per iteration)
 Threads    : 8

                  Objective                Residual
Iter       Primal          Dual         Primal    Dual     Compl     Time
   0  -1.08241836e+09  8.62589298e+08  7.80e+04 1.14e-13  1.00e+06     1s
   1  -5.03969880e+08  4.63031562e+08  1.47e+04 1.39e+02  1.93e+05     1s
   2  -2.33918691e+08  2.33988993e+08  1.83e+02 1.33e-12  3.37e+03     1s
   3  -5.46133926e+07  5.52321220e+07  1.54e+00 1.42e-12  2.38e+02     1s
   4  -1.03757453e+07  1.09883752e+07  1.28e-01 6.67e-12  4.41e+01     1s
   5  -1.82310279e+06  2.03101636e+06  7.96e-03 1.19e-12  7.78e+00     1s
   6  -2.66920241e+05  3.11485500e+05  7.96e-09 7.78e-13  1.16e+00     2s
   7  -4.00175983e+04  5.00817489e+04  8.49e-14 6.96e-13  1.81e-01     2s
   8  -6.07855536e+03  7.29420347e+03  3.72e-14 1.83e-13  2.69e-02     2s
   9  -9.72743780e+02  1.13724871e+03  1.68e-14 2.84e-14  4.24e-03     2s
  10  -1.60991331e+02  1.51568257e+02  4.70e-15 2.84e-14  6.29e-04     2s
  11  -4.38203659e+01  6.92675874e+01  1.68e-15 5.68e-14  2.28e-04     2s
  12  -1.94929775e+01  4.08803122e+01  8.20e-16 2.84e-14  1.21e-04     2s
  13  -4.29004527e+00  1.58338124e+01  3.04e-16 2.13e-14  4.05e-05     2s
  14   5.59608503e-02  1.00408896e+01  1.14e-16 1.42e-14  2.01e-05     2s
  15   1.78837243e+00  8.30070690e+00  7.63e-17 1.42e-14  1.31e-05     2s
  16   3.20733302e+00  7.06186833e+00  6.22e-17 1.42e-14  7.75e-06     3s
  17   3.77803830e+00  6.62705374e+00  6.74e-17 1.42e-14  5.73e-06     3s
  18   4.30968622e+00  6.24431273e+00  5.27e-17 1.42e-14  3.89e-06     3s
  19   4.65857929e+00  6.01249258e+00  6.57e-17 1.42e-14  2.72e-06     3s
  20   5.00890387e+00  5.80227147e+00  4.14e-16 2.84e-14  1.60e-06     3s
  21   5.08499293e+00  5.75928216e+00  3.23e-16 1.42e-14  1.36e-06     3s
  22   5.21456763e+00  5.68620525e+00  1.94e-16 2.84e-14  9.49e-07     3s
  23   5.38507706e+00  5.60316566e+00  1.66e-16 2.13e-14  4.39e-07     3s
  24   5.39826021e+00  5.59687918e+00  1.63e-16 1.42e-14  4.00e-07     3s
  25   5.42927487e+00  5.58235515e+00  1.29e-16 2.13e-14  3.08e-07     3s
  26   5.48169821e+00  5.55954189e+00  2.29e-16 1.42e-14  1.57e-07     3s
  27   5.51524091e+00  5.54539068e+00  3.93e-16 2.13e-14  6.07e-08     3s
  28   5.52213045e+00  5.54267085e+00  3.41e-16 2.13e-14  4.13e-08     3s
  29   5.52971374e+00  5.53975523e+00  5.74e-16 2.84e-14  2.02e-08     4s
  30   5.53332142e+00  5.53839877e+00  1.01e-15 1.42e-14  1.02e-08     4s
  31   5.53569287e+00  5.53752336e+00  2.34e-15 2.13e-14  3.68e-09     4s
  32   5.53668791e+00  5.53716432e+00  1.47e-15 2.84e-14  9.58e-10     4s
  33   5.53697779e+00  5.53705977e+00  3.38e-15 2.84e-14  1.65e-10     4s
  34   5.53703631e+00  5.53703870e+00  2.79e-15 2.13e-14  4.82e-12     4s
  35   5.53703805e+00  5.53703808e+00  3.87e-15 2.84e-14  5.41e-14     4s
  36   5.53703807e+00  5.53703807e+00  6.90e-15 2.84e-14  2.10e-16     4s
  37   5.53703807e+00  5.53703807e+00  2.72e-13 2.13e-14  2.44e-19     4s

Barrier solved model in 37 iterations and 4.32 seconds (3.94 work units)
Optimal objective 5.53703807e+00

objective value: 5.537038070652597
Done! Time elapsed: 21.993143796920776 seconds.
g_0_1: 1.0236991854740218
g_1_1: 1.0360765375696008
g_1_2: 1.109276179072499
g_2_1: 1.0594054512658977
g_2_2: 1.1888919473579374
g_2_3: 1.0595851422852778
g_2_4: 1.189467019465087
Parameters from last iteration: [0.72375917 0.73251489 0.19302524 0.74902434 0.20688631 0.74916061
 0.20699271]

Parameters from current iteration:
                [0.72375532 0.73250611 0.19301406 0.74899965 0.2068672  0.7491267
 0.20696726]


                Percentage Error = 0.0001229423688492651
                
year done: 1
Time 2: 1
Optimization Iteration[1/20000]

Solving the optimization problem...
Set parameter TokenServer to value "licenses.rcc.uchicago.edu"
Read LP format model from file /scratch/local/jobs/50330017/tmpzs7m_09r.pyomo.lp
Reading time = 1.16 seconds
x1: 258121 rows, 502401 columns, 1259970 nonzeros
Set parameter Threads to value 8
Set parameter BarConvTol to value 1e-12
Gurobi Optimizer version 11.0.0 build v11.0.0rc2 (linux64 - "CentOS Linux 8")

CPU model: Intel(R) Xeon(R) Gold 6248R CPU @ 3.00GHz, instruction set [SSE2|AVX|AVX2|AVX512]
Thread count: 48 physical cores, 48 logical processors, using up to 8 threads

Optimize a model with 258121 rows, 502401 columns and 1259970 nonzeros
Model fingerprint: 0x9bd37008
Model has 3166 quadratic objective terms
Coefficient statistics:
  Matrix range     [1e+00, 1e+03]
  Objective range  [2e-08, 6e+01]
  QObjective range [5e-01, 3e+03]
  Bounds range     [3e-04, 1e+00]
  RHS range        [4e-18, 5e+00]
Presolve removed 131481 rows and 128813 columns
Presolve time: 0.55s
Presolved: 126640 rows, 373588 columns, 743932 nonzeros
Presolved model has 3166 quadratic objective terms
Ordering time: 0.14s

Barrier statistics:
 AA' NZ     : 3.709e+05
 Factor NZ  : 3.905e+06 (roughly 230 MB of memory)
 Factor Ops : 2.623e+08 (less than 1 second per iteration)
 Threads    : 8

                  Objective                Residual
Iter       Primal          Dual         Primal    Dual     Compl     Time
   0  -1.08241662e+09  8.62587581e+08  7.80e+04 1.14e-13  1.00e+06     1s
   1  -5.03957096e+08  4.63022065e+08  1.47e+04 1.39e+02  1.93e+05     1s
   2  -2.33907055e+08  2.33977327e+08  1.83e+02 1.45e-12  3.37e+03     1s
   3  -5.46091183e+07  5.52278270e+07  1.54e+00 1.55e-12  2.38e+02     1s
   4  -1.03678723e+07  1.09802017e+07  1.27e-01 4.81e-12  4.41e+01     1s
   5  -1.82170092e+06  2.02935645e+06  7.94e-03 1.02e-12  7.78e+00     1s
   6  -2.66809350e+05  3.11784659e+05  7.94e-09 1.26e-12  1.16e+00     2s
   7  -4.00286749e+04  5.02194645e+04  7.65e-14 6.12e-13  1.82e-01     2s
   8  -6.08631596e+03  7.32762437e+03  4.65e-14 1.69e-13  2.70e-02     2s
   9  -9.74579106e+02  1.13969115e+03  1.67e-14 4.26e-14  4.25e-03     2s
  10  -1.68631561e+02  1.52023822e+02  3.49e-15 2.84e-14  6.45e-04     2s
  11  -4.71149651e+01  7.93129949e+01  2.11e-15 7.46e-14  2.54e-04     2s
  12  -1.65264113e+01  3.53076945e+01  6.65e-16 2.84e-14  1.04e-04     2s
  13  -3.15311363e+00  1.44293997e+01  2.85e-16 1.42e-14  3.54e-05     2s
  14   1.11468095e+00  9.02623445e+00  1.98e-16 1.42e-14  1.59e-05     2s
  15   2.81590698e+00  7.55259988e+00  9.48e-17 1.42e-14  9.53e-06     2s
  16   4.10025565e+00  6.58813758e+00  9.73e-17 2.84e-14  5.01e-06     2s
  17   4.73989472e+00  6.17873444e+00  2.85e-16 1.42e-14  2.89e-06     3s
  18   5.04770798e+00  6.00352527e+00  1.02e-16 1.42e-14  1.92e-06     3s
  19   5.24916282e+00  5.89763767e+00  5.46e-16 1.42e-14  1.30e-06     3s
  20   5.44168586e+00  5.80109014e+00  3.47e-16 1.42e-14  7.23e-07     3s
  21   5.57984084e+00  5.73875696e+00  1.76e-16 1.42e-14  3.20e-07     3s
  22   5.65190513e+00  5.70894006e+00  5.37e-16 2.84e-14  1.15e-07     3s
  23   5.65724541e+00  5.70685572e+00  4.63e-16 2.84e-14  9.98e-08     3s
  24   5.67126049e+00  5.70149431e+00  2.39e-16 1.42e-14  6.08e-08     3s
  25   5.68106550e+00  5.69772101e+00  7.05e-16 2.84e-14  3.35e-08     3s
  26   5.68937798e+00  5.69462534e+00  8.18e-16 2.84e-14  1.06e-08     3s
  27   5.69168884e+00  5.69378556e+00  1.23e-15 2.13e-14  4.22e-09     3s
  28   5.69296661e+00  5.69332424e+00  4.27e-15 2.84e-14  7.19e-10     4s
  29   5.69309577e+00  5.69327761e+00  3.89e-16 2.84e-14  3.66e-10     4s
  30   5.69322203e+00  5.69323229e+00  3.98e-15 2.84e-14  2.07e-11     4s
  31   5.69322951e+00  5.69322961e+00  2.63e-15 2.84e-14  1.93e-13     4s
  32   5.69322958e+00  5.69322958e+00  4.43e-15 2.84e-14  3.27e-16     4s
  33   5.69322958e+00  5.69322958e+00  2.06e-13 2.84e-14  7.68e-17     4s

Barrier solved model in 33 iterations and 4.05 seconds (3.62 work units)
Optimal objective 5.69322958e+00

objective value: 5.693229583192419
Done! Time elapsed: 22.29941415786743 seconds.
g_0_1: 1.0223553560393874
g_1_1: 1.0343762300891177
g_1_2: 1.1038596234848144
g_2_1: 1.0570913212911242
g_2_2: 1.1807001125149297
g_2_3: 1.0573013901016592
g_2_4: 1.1813752153073795
Parameters from last iteration: [0.72375532 0.73250611 0.19301406 0.74899965 0.2068672  0.7491267
 0.20696726]

Parameters from current iteration:
                [0.72280524 0.73130399 0.19207157 0.74736356 0.20544182 0.74751208
 0.20555929]


                Percentage Error = 0.006890310646995498
                
Optimization Iteration[2/20000]

Solving the optimization problem...
Set parameter TokenServer to value "licenses.rcc.uchicago.edu"
Read LP format model from file /scratch/local/jobs/50330017/tmpmlx2k0tn.pyomo.lp
Reading time = 1.15 seconds
x1: 258121 rows, 502401 columns, 1259970 nonzeros
Set parameter Threads to value 8
Set parameter BarConvTol to value 1e-12
Gurobi Optimizer version 11.0.0 build v11.0.0rc2 (linux64 - "CentOS Linux 8")

CPU model: Intel(R) Xeon(R) Gold 6248R CPU @ 3.00GHz, instruction set [SSE2|AVX|AVX2|AVX512]
Thread count: 48 physical cores, 48 logical processors, using up to 8 threads

Optimize a model with 258121 rows, 502401 columns and 1259970 nonzeros
Model fingerprint: 0xba3796d9
Model has 3166 quadratic objective terms
Coefficient statistics:
  Matrix range     [1e+00, 1e+03]
  Objective range  [2e-08, 6e+01]
  QObjective range [5e-01, 3e+03]
  Bounds range     [3e-04, 1e+00]
  RHS range        [4e-18, 5e+00]
Presolve removed 131481 rows and 128813 columns
Presolve time: 0.52s
Presolved: 126640 rows, 373588 columns, 743932 nonzeros
Presolved model has 3166 quadratic objective terms
Ordering time: 0.14s

Barrier statistics:
 AA' NZ     : 3.709e+05
 Factor NZ  : 3.905e+06 (roughly 230 MB of memory)
 Factor Ops : 2.623e+08 (less than 1 second per iteration)
 Threads    : 8

                  Objective                Residual
Iter       Primal          Dual         Primal    Dual     Compl     Time
   0  -1.08259319e+09  8.62766211e+08  7.80e+04 1.14e-13  1.00e+06     1s
   1  -5.03194948e+08  4.62358416e+08  1.46e+04 1.38e+02  1.92e+05     1s
   2  -2.33272057e+08  2.33342374e+08  1.83e+02 1.32e-12  3.36e+03     1s
   3  -5.44772464e+07  5.50954255e+07  1.54e+00 1.37e-12  2.38e+02     1s
   4  -1.03409159e+07  1.09525563e+07  1.27e-01 4.36e-12  4.40e+01     1s
   5  -1.81632119e+06  2.02347071e+06  7.92e-03 1.25e-12  7.76e+00     1s
   6  -2.66031380e+05  3.10915923e+05  7.92e-09 9.98e-13  1.16e+00     1s
   7  -3.99130133e+04  5.00743832e+04  1.01e-13 6.11e-13  1.81e-01     2s
   8  -6.06956074e+03  7.30939613e+03  3.14e-14 2.20e-13  2.69e-02     2s
   9  -9.71672234e+02  1.13454389e+03  1.85e-14 2.47e-14  4.24e-03     2s
  10  -1.68235022e+02  1.51740828e+02  5.10e-15 2.84e-14  6.44e-04     2s
  11  -4.67379736e+01  7.83811240e+01  1.73e-15 5.68e-14  2.52e-04     2s
  12  -1.62582954e+01  3.47906827e+01  5.18e-16 2.84e-14  1.03e-04     2s
  13  -2.81503128e+00  1.38808553e+01  2.54e-16 1.42e-14  3.36e-05     2s
  14   1.01256231e+00  9.14212538e+00  1.35e-16 2.13e-14  1.64e-05     2s
  15   2.83444603e+00  7.54697062e+00  7.81e-17 1.42e-14  9.48e-06     2s
  16   4.09610651e+00  6.59707111e+00  7.72e-17 2.84e-14  5.03e-06     2s
  17   4.76524883e+00  6.16531699e+00  1.58e-16 1.42e-14  2.82e-06     2s
  18   5.05936830e+00  5.99829950e+00  1.81e-16 1.42e-14  1.89e-06     3s
  19   5.24914663e+00  5.89874811e+00  1.26e-16 1.42e-14  1.31e-06     3s
  20   5.44060575e+00  5.80235735e+00  1.05e-16 2.13e-14  7.28e-07     3s
  21   5.57691944e+00  5.74079696e+00  1.97e-16 1.42e-14  3.30e-07     3s
  22   5.65344516e+00  5.70902082e+00  2.02e-16 2.13e-14  1.12e-07     3s
  23   5.65879792e+00  5.70693718e+00  1.68e-16 1.42e-14  9.68e-08     3s
  24   5.67194059e+00  5.70191860e+00  5.41e-16 1.42e-14  6.03e-08     3s
  25   5.68243854e+00  5.69790794e+00  2.66e-16 1.42e-14  3.11e-08     3s
  26   5.68801801e+00  5.69581302e+00  6.93e-16 2.84e-14  1.57e-08     3s
  27   5.69245529e+00  5.69419426e+00  2.22e-15 2.84e-14  3.50e-09     3s
  28   5.69324508e+00  5.69390609e+00  9.55e-16 1.42e-14  1.33e-09     3s
  29   5.69366913e+00  5.69375354e+00  1.73e-15 2.84e-14  1.70e-10     3s
  30   5.69372209e+00  5.69373450e+00  1.71e-15 1.42e-14  2.50e-11     4s
  31   5.69373115e+00  5.69373125e+00  2.56e-15 2.13e-14  2.07e-13     4s
  32   5.69373123e+00  5.69373123e+00  4.78e-15 2.84e-14  3.41e-16     4s
  33   5.69373123e+00  5.69373123e+00  2.01e-13 2.84e-14  7.97e-17     4s

Barrier solved model in 33 iterations and 3.83 seconds (3.60 work units)
Optimal objective 5.69373123e+00

objective value: 5.6937312259249895
Done! Time elapsed: 21.652129650115967 seconds.
g_0_1: 1.0223553570346005
g_1_1: 1.0343768823942594
g_1_2: 1.103860903957359
g_2_1: 1.057092932908324
g_2_2: 1.1807049558033011
g_2_3: 1.0573025936658593
g_2_4: 1.1813781081607164
Parameters from last iteration: [0.72280524 0.73130399 0.19207157 0.74736356 0.20544182 0.74751208
 0.20555929]

Parameters from current iteration:
                [0.72280524 0.73130446 0.1920718  0.7473647  0.20544266 0.74751293
 0.20555979]


                Percentage Error = 4.102047861328799e-06
                
year done: 2
Results for pe =  16.5
all done
MPC-HMC child ends Sun May 31 22:02:22 2026
MPC-HMC child elapsed time: 0 days 00 hr 02 min 58 sec

Program ends Sun May 31 22:02:22 CDT 2026
Exit code: 0
Elapsed time: 181 seconds
