Command: /project/lhansen/HMC_rep26_robust_mac/amazon-carbon-prices/.venv/bin/python pysrc/scripts/run_mpc_hmc_job.py --id 998 --xi 1 --b 0 --trig 0 --type unconstrained --stop-after-year 2
Working directory: /project/lhansen/HMC_rep26_robust_mac/amazon-carbon-prices
Program starts Sun May 31 21:59:20 CDT 2026

Running MPC-HMC job: xi=1 pe=6.5 id=998 trig=0 type=unconstrained
MPC-HMC command: /project/lhansen/HMC_rep26_robust_mac/amazon-carbon-prices/.venv/bin/python -u pysrc/mpc/mpc_hmc.py --id 998 --pe 6.5 --xi 1 --trig 0 --type unconstrained --stop-after-year 2
MPC-HMC child starts Sun May 31 21:59:23 2026
unconstrained price used
Stopping MPC loop after year done: 2
Time 1: 2
Optimization Iteration[1/20000]

Solving the optimization problem...
Set parameter TokenServer to value "licenses.rcc.uchicago.edu"
Read LP format model from file /scratch/local/jobs/50330021/tmp77iwfmbt.pyomo.lp
Reading time = 1.62 seconds
x1: 258121 rows, 502401 columns, 1259970 nonzeros
Set parameter Threads to value 8
Set parameter BarConvTol to value 1e-12
Gurobi Optimizer version 11.0.0 build v11.0.0rc2 (linux64 - "CentOS Linux 8")

CPU model: Intel(R) Xeon(R) Gold 6248R CPU @ 3.00GHz, instruction set [SSE2|AVX|AVX2|AVX512]
Thread count: 48 physical cores, 48 logical processors, using up to 8 threads

Optimize a model with 258121 rows, 502401 columns and 1259970 nonzeros
Model fingerprint: 0xfeaa5259
Model has 3166 quadratic objective terms
Coefficient statistics:
  Matrix range     [1e+00, 1e+03]
  Objective range  [4e-07, 2e+01]
  QObjective range [3e-01, 3e+03]
  Bounds range     [3e-04, 1e+00]
  RHS range        [6e-07, 5e+00]
Presolve removed 131481 rows and 128813 columns
Presolve time: 0.60s
Presolved: 126640 rows, 373588 columns, 743932 nonzeros
Presolved model has 3166 quadratic objective terms
Ordering time: 0.16s

Barrier statistics:
 AA' NZ     : 3.709e+05
 Factor NZ  : 3.905e+06 (roughly 230 MB of memory)
 Factor Ops : 2.623e+08 (less than 1 second per iteration)
 Threads    : 8

                  Objective                Residual
Iter       Primal          Dual         Primal    Dual     Compl     Time
   0  -9.47072151e+08  8.63517709e+08  7.80e+04 1.13e-13  1.00e+06     1s
   1  -5.25605325e+08  5.08001801e+08  1.69e+04 1.44e+02  2.23e+05     1s
   2  -2.81613224e+08  2.82016181e+08  2.13e+02 8.69e-01  3.96e+03     1s
   3  -6.55661881e+07  6.62110736e+07  1.79e+00 1.34e-12  2.85e+02     1s
   4  -1.25933899e+07  1.32408138e+07  1.55e-01 4.38e-12  5.34e+01     1s
   5  -2.28785399e+06  2.54164908e+06  1.15e-02 1.45e-12  9.77e+00     2s
   6  -3.32771564e+05  3.82942379e+05  1.15e-08 9.47e-13  1.44e+00     2s
   7  -4.94091171e+04  6.18262073e+04  2.05e-13 7.09e-13  2.24e-01     2s
   8  -7.34530935e+03  8.96675403e+03  4.01e-14 1.90e-13  3.28e-02     2s
   9  -1.11857499e+03  1.39539878e+03  1.87e-14 2.84e-14  5.06e-03     2s
  10  -1.91699022e+02  2.20075629e+02  8.17e-15 1.42e-14  8.28e-04     2s
  11  -4.39705421e+01  9.51560169e+01  4.42e-15 7.66e-15  2.80e-04     2s
  12  -6.91025745e+00  1.99698456e+01  1.40e-15 1.42e-14  5.41e-05     2s
  13  -2.24099441e-01  1.06370975e+01  5.71e-16 7.11e-15  2.19e-05     3s
  14   2.36700299e+00  7.22253990e+00  2.47e-16 1.42e-14  9.77e-06     3s
  15   3.50042062e+00  6.20122638e+00  1.34e-16 7.11e-15  5.43e-06     3s
  16   4.25078025e+00  5.42939702e+00  9.15e-17 7.11e-15  2.37e-06     3s
  17   4.58666203e+00  5.07559840e+00  2.35e-16 1.07e-14  9.84e-07     3s
  18   4.67867648e+00  5.00928471e+00  1.20e-16 1.07e-14  6.65e-07     3s
  19   4.74920712e+00  4.96142771e+00  1.23e-16 1.42e-14  4.27e-07     3s
  20   4.80844190e+00  4.92416171e+00  1.49e-16 7.11e-15  2.33e-07     3s
  21   4.83915973e+00  4.90622017e+00  1.42e-16 7.11e-15  1.35e-07     3s
  22   4.85743541e+00  4.89631825e+00  1.59e-16 1.07e-14  7.82e-08     4s
  23   4.87040963e+00  4.88972231e+00  2.85e-16 7.11e-15  3.89e-08     4s
  24   4.87475239e+00  4.88765347e+00  1.87e-16 7.11e-15  2.60e-08     4s
  25   4.87807696e+00  4.88612904e+00  1.89e-16 7.11e-15  1.62e-08     4s
  26   4.88117034e+00  4.88471881e+00  2.70e-16 1.42e-14  7.14e-09     4s
  27   4.88251385e+00  4.88411606e+00  1.77e-16 1.07e-14  3.22e-09     4s
  28   4.88305474e+00  4.88388324e+00  1.59e-16 1.07e-14  1.67e-09     4s
  29   4.88342480e+00  4.88372602e+00  4.36e-16 1.42e-14  6.06e-10     4s
  30   4.88353395e+00  4.88368076e+00  3.86e-16 1.07e-14  2.95e-10     4s
  31   4.88360532e+00  4.88365110e+00  1.08e-15 1.07e-14  9.21e-11     4s
  32   4.88360944e+00  4.88364939e+00  9.14e-16 1.07e-14  8.04e-11     4s
  33   4.88362787e+00  4.88364177e+00  8.31e-16 1.07e-14  2.80e-11     4s
  34   4.88363464e+00  4.88363897e+00  6.41e-16 1.07e-14  8.72e-12     4s
  35   4.88363637e+00  4.88363826e+00  7.44e-16 1.07e-14  3.80e-12     5s
  36   4.88363746e+00  4.88363780e+00  1.42e-15 1.78e-14  6.84e-13     5s
  37   4.88363770e+00  4.88363771e+00  1.66e-15 1.42e-14  2.03e-14     5s
  38   4.88363771e+00  4.88363771e+00  1.77e-15 1.07e-14  1.41e-16     5s
  39   4.88363771e+00  4.88363771e+00  6.94e-15 1.42e-14  1.69e-19     5s

Barrier solved model in 39 iterations and 4.90 seconds (4.35 work units)
Optimal objective 4.88363771e+00

objective value: 4.8836377053772395
Done! Time elapsed: 27.104208946228027 seconds.
g_0_1: 1.4022211847546506
g_1_1: 1.186398274133726
g_1_2: 1.7963647697206029
g_2_1: 1.2930491272514524
g_2_2: 2.774132696025257
g_2_3: 1.2932643859564654
g_2_4: 2.777242508209643
Parameters from last iteration: [0.174 0.707 0.174 0.707 0.174 0.707 0.174]

Parameters from current iteration:
                [0.24398649 0.83878358 0.31256747 0.91418573 0.48269909 0.91433792
 0.4832402 ]


                Percentage Error = 1.7772425082096428
                
Optimization Iteration[2/20000]

Solving the optimization problem...
Set parameter TokenServer to value "licenses.rcc.uchicago.edu"
Read LP format model from file /scratch/local/jobs/50330021/tmpxc76pyj8.pyomo.lp
Reading time = 1.34 seconds
x1: 258121 rows, 502401 columns, 1259970 nonzeros
Set parameter Threads to value 8
Set parameter BarConvTol to value 1e-12
Gurobi Optimizer version 11.0.0 build v11.0.0rc2 (linux64 - "CentOS Linux 8")

CPU model: Intel(R) Xeon(R) Gold 6248R CPU @ 3.00GHz, instruction set [SSE2|AVX|AVX2|AVX512]
Thread count: 48 physical cores, 48 logical processors, using up to 8 threads

Optimize a model with 258121 rows, 502401 columns and 1259970 nonzeros
Model fingerprint: 0xc21af6f5
Model has 3166 quadratic objective terms
Coefficient statistics:
  Matrix range     [1e+00, 1e+03]
  Objective range  [9e-07, 2e+01]
  QObjective range [6e-01, 3e+03]
  Bounds range     [3e-04, 1e+00]
  RHS range        [6e-07, 5e+00]
Presolve removed 131481 rows and 128813 columns
Presolve time: 0.57s
Presolved: 126640 rows, 373588 columns, 743932 nonzeros
Presolved model has 3166 quadratic objective terms
Ordering time: 0.16s

Barrier statistics:
 AA' NZ     : 3.709e+05
 Factor NZ  : 3.905e+06 (roughly 230 MB of memory)
 Factor Ops : 2.623e+08 (less than 1 second per iteration)
 Threads    : 8

                  Objective                Residual
Iter       Primal          Dual         Primal    Dual     Compl     Time
   0  -9.36765772e+08  8.52914128e+08  7.80e+04 1.09e-13  1.00e+06     1s
   1  -4.91825167e+08  4.77263130e+08  1.40e+04 1.26e+02  1.83e+05     1s
   2  -2.73956409e+08  2.74453130e+08  1.18e+02 1.45e-12  2.65e+03     1s
   3  -5.42445936e+07  5.48870684e+07  1.36e+00 1.45e-12  2.34e+02     1s
   4  -1.02558665e+07  1.08660305e+07  1.18e-01 4.62e-12  4.35e+01     1s
   5  -1.80821737e+06  2.01273175e+06  7.54e-03 1.00e-12  7.71e+00     2s
   6  -2.64188594e+05  3.10034855e+05  7.54e-09 7.89e-13  1.16e+00     2s
   7  -3.92480969e+04  4.90808206e+04  8.15e-14 6.32e-13  1.78e-01     2s
   8  -5.86836548e+03  7.27045779e+03  2.88e-14 1.80e-13  2.64e-02     2s
   9  -8.90952255e+02  1.07638719e+03  1.55e-14 3.55e-14  3.96e-03     2s
  10  -1.61127458e+02  1.76904763e+02  3.55e-15 1.42e-14  6.80e-04     2s
  11  -3.49295911e+01  7.98756587e+01  2.56e-15 1.42e-14  2.31e-04     2s
  12  -7.19691725e+00  1.81147235e+01  6.96e-16 1.42e-14  5.09e-05     2s
  13  -2.24385441e+00  1.15920762e+01  3.02e-16 1.07e-14  2.78e-05     2s
  14   1.63673484e+00  6.80218252e+00  1.57e-16 1.07e-14  1.04e-05     3s
  15   3.28743698e+00  5.16738190e+00  1.92e-16 7.11e-15  3.78e-06     3s
  16   3.87513612e+00  4.72655885e+00  5.00e-16 1.07e-14  1.71e-06     3s
  17   4.09243857e+00  4.57084094e+00  1.58e-16 1.07e-14  9.62e-07     3s
  18   4.16060041e+00  4.52100767e+00  3.08e-16 7.11e-15  7.25e-07     3s
  19   4.25455611e+00  4.45453753e+00  4.20e-16 1.42e-14  4.02e-07     3s
  20   4.30482350e+00  4.41957033e+00  3.73e-16 1.07e-14  2.31e-07     3s
  21   4.33711139e+00  4.40037469e+00  3.02e-16 1.07e-14  1.27e-07     3s
  22   4.35138917e+00  4.39230148e+00  3.43e-16 1.07e-14  8.23e-08     3s
  23   4.36083592e+00  4.38706907e+00  3.29e-16 1.07e-14  5.28e-08     4s
  24   4.36729918e+00  4.38377389e+00  1.07e-15 1.07e-14  3.31e-08     4s
  25   4.37210653e+00  4.38141443e+00  2.92e-16 1.42e-14  1.87e-08     4s
  26   4.37434298e+00  4.38035663e+00  2.74e-16 1.07e-14  1.21e-08     4s
  27   4.37562759e+00  4.37976531e+00  2.52e-16 7.11e-15  8.32e-09     4s
  28   4.37695872e+00  4.37916751e+00  7.60e-16 1.42e-14  4.44e-09     4s
  29   4.37755245e+00  4.37890326e+00  2.78e-16 1.42e-14  2.72e-09     4s
  30   4.37811863e+00  4.37865993e+00  6.14e-16 1.07e-14  1.09e-09     4s
  31   4.37829671e+00  4.37858381e+00  9.93e-16 1.07e-14  5.78e-10     4s
  32   4.37841429e+00  4.37853420e+00  4.57e-16 1.42e-14  2.41e-10     4s
  33   4.37847057e+00  4.37851059e+00  5.98e-16 1.42e-14  8.05e-11     4s
  34   4.37848993e+00  4.37850255e+00  1.10e-15 1.07e-14  2.54e-11     4s
  35   4.37849559e+00  4.37850020e+00  6.93e-16 1.07e-14  9.27e-12     4s
  36   4.37849809e+00  4.37849917e+00  9.94e-16 1.42e-14  2.18e-12     5s
  37   4.37849874e+00  4.37849890e+00  1.44e-15 1.07e-14  3.25e-13     5s
  38   4.37849885e+00  4.37849886e+00  3.48e-15 1.42e-14  1.75e-14     5s
  39   4.37849885e+00  4.37849885e+00  1.51e-14 1.07e-14  1.98e-16     5s
  40   4.37849885e+00  4.37849885e+00  3.48e-14 1.07e-14  3.32e-19     5s

Barrier solved model in 40 iterations and 4.87 seconds (4.37 work units)
Optimal objective 4.37849885e+00

objective value: 4.378498854116883
Done! Time elapsed: 25.24783420562744 seconds.
g_0_1: 1.4018834668782654
g_1_1: 1.1861666047451072
g_1_2: 1.794843717509334
g_2_1: 1.2926576062341628
g_2_2: 2.7683903630043334
g_2_3: 1.292872884401611
g_2_4: 2.771160650540339
Parameters from last iteration: [0.24398649 0.83878358 0.31256747 0.91418573 0.48269909 0.91433792
 0.4832402 ]

Parameters from current iteration:
                [0.24392772 0.83861979 0.31230281 0.91390893 0.48169992 0.91406113
 0.48218195]


                Percentage Error = 0.002189890746424032
                
year done: 1
Time 2: 2
Optimization Iteration[1/20000]

Solving the optimization problem...
Set parameter TokenServer to value "licenses.rcc.uchicago.edu"
Read LP format model from file /scratch/local/jobs/50330021/tmpeqsmgmcv.pyomo.lp
Reading time = 1.36 seconds
x1: 258121 rows, 502401 columns, 1259970 nonzeros
Set parameter Threads to value 8
Set parameter BarConvTol to value 1e-12
Gurobi Optimizer version 11.0.0 build v11.0.0rc2 (linux64 - "CentOS Linux 8")

CPU model: Intel(R) Xeon(R) Gold 6248R CPU @ 3.00GHz, instruction set [SSE2|AVX|AVX2|AVX512]
Thread count: 48 physical cores, 48 logical processors, using up to 8 threads

Optimize a model with 258121 rows, 502401 columns and 1259970 nonzeros
Model fingerprint: 0xe41d4565
Model has 3166 quadratic objective terms
Coefficient statistics:
  Matrix range     [1e+00, 1e+03]
  Objective range  [9e-07, 2e+01]
  QObjective range [7e-01, 3e+03]
  Bounds range     [3e-04, 1e+00]
  RHS range        [2e-17, 5e+00]
Presolve removed 131483 rows and 128816 columns
Presolve time: 0.63s
Presolved: 126638 rows, 373585 columns, 743926 nonzeros
Presolved model has 3166 quadratic objective terms
Ordering time: 0.17s

Barrier statistics:
 AA' NZ     : 3.709e+05
 Factor NZ  : 4.061e+06 (roughly 240 MB of memory)
 Factor Ops : 3.352e+08 (less than 1 second per iteration)
 Threads    : 8

                  Objective                Residual
Iter       Primal          Dual         Primal    Dual     Compl     Time
   0  -9.37723378e+08  8.53887521e+08  7.80e+04 1.08e-13  1.00e+06     1s
   1  -5.85165953e+08  5.68952190e+08  1.56e+04 1.39e+02  2.20e+05     1s
   2  -3.25129713e+08  3.25663586e+08  1.32e+02 1.86e-12  3.18e+03     1s
   3  -6.46131059e+07  6.53091294e+07  1.52e+00 1.78e-12  2.79e+02     1s
   4  -1.22206748e+07  1.28959258e+07  1.31e-01 4.15e-12  5.18e+01     2s
   5  -2.19936495e+06  2.44317207e+06  9.29e-03 1.36e-12  9.38e+00     2s
   6  -3.20831817e+05  3.73960675e+05  9.29e-09 1.42e-12  1.40e+00     2s
   7  -4.77230384e+04  6.00822149e+04  8.90e-14 7.83e-13  2.17e-01     2s
   8  -7.10045555e+03  8.67359801e+03  4.43e-14 2.25e-13  3.17e-02     2s
   9  -1.07817183e+03  1.31961401e+03  1.52e-14 2.84e-14  4.82e-03     2s
  10  -1.70263708e+02  2.11222696e+02  4.84e-15 1.09e-14  7.67e-04     2s
  11  -3.74013607e+01  4.19339875e+01  1.89e-15 1.07e-14  1.60e-04     2s
  12  -1.75610535e+01  2.39862804e+01  1.04e-15 7.11e-15  8.36e-05     2s
  13  -6.11108133e+00  1.50240186e+01  4.40e-16 1.07e-14  4.25e-05     3s
  14   1.09795756e-01  8.35620412e+00  6.17e-16 7.11e-15  1.66e-05     3s
  15   1.72400427e+00  6.91162608e+00  3.33e-16 7.11e-15  1.04e-05     3s
  16   2.31053475e+00  6.41277407e+00  2.23e-16 7.11e-15  8.25e-06     3s
  17   3.51864834e+00  5.38313492e+00  1.04e-16 7.11e-15  3.75e-06     3s
  18   3.97425448e+00  4.97205046e+00  1.33e-16 1.07e-14  2.01e-06     3s
  19   4.27812300e+00  4.73016111e+00  1.45e-16 1.07e-14  9.09e-07     3s
  20   4.36632516e+00  4.67072594e+00  1.68e-16 7.11e-15  6.12e-07     3s
  21   4.44444116e+00  4.62120128e+00  2.33e-16 7.11e-15  3.56e-07     3s
  22   4.47141702e+00  4.60531474e+00  2.03e-16 7.11e-15  2.69e-07     3s
  23   4.50189868e+00  4.58860961e+00  1.42e-16 7.11e-15  1.74e-07     4s
  24   4.52502248e+00  4.57580542e+00  3.65e-16 7.11e-15  1.02e-07     4s
  25   4.53525657e+00  4.57050575e+00  2.82e-16 7.11e-15  7.09e-08     4s
  26   4.54332528e+00  4.56645141e+00  3.73e-16 7.11e-15  4.65e-08     4s
  27   4.54947220e+00  4.56334436e+00  2.21e-16 1.07e-14  2.79e-08     4s
  28   4.55475106e+00  4.56085651e+00  4.20e-16 7.11e-15  1.23e-08     4s
  29   4.55533855e+00  4.56058303e+00  3.20e-16 7.33e-15  1.06e-08     4s
  30   4.55658374e+00  4.56000891e+00  1.61e-16 7.11e-15  6.89e-09     4s
  31   4.55792436e+00  4.55941012e+00  7.79e-16 1.07e-14  2.99e-09     4s
  32   4.55846553e+00  4.55917725e+00  5.85e-16 1.42e-14  1.43e-09     4s
  33   4.55870390e+00  4.55907563e+00  4.93e-16 7.11e-15  7.48e-10     4s
  34   4.55888718e+00  4.55899837e+00  5.39e-16 1.07e-14  2.24e-10     4s
  35   4.55893096e+00  4.55898008e+00  4.81e-16 7.11e-15  9.88e-11     4s
  36   4.55895465e+00  4.55897029e+00  8.24e-16 7.11e-15  3.15e-11     4s
  37   4.55896251e+00  4.55896704e+00  5.67e-16 1.07e-14  9.12e-12     5s
  38   4.55896506e+00  4.55896599e+00  1.70e-15 1.07e-14  1.87e-12     5s
  39   4.55896571e+00  4.55896573e+00  1.49e-15 1.07e-14  4.53e-14     5s
  40   4.55896572e+00  4.55896572e+00  2.41e-15 1.42e-14  8.01e-16     5s
  41   4.55896572e+00  4.55896572e+00  4.06e-14 1.42e-14  8.06e-17     5s

Barrier solved model in 41 iterations and 4.93 seconds (4.42 work units)
Optimal objective 4.55896572e+00

objective value: 4.558965721783268
Done! Time elapsed: 25.358739614486694 seconds.
g_0_1: 1.4052283046630083
g_1_1: 1.1869745955964104
g_1_2: 1.8000143164775575
g_2_1: 1.2935520719722755
g_2_2: 2.780216577641686
g_2_3: 1.2937535045438033
g_2_4: 2.7825957653546363
Parameters from last iteration: [0.24392772 0.83861979 0.31230281 0.91390893 0.48169992 0.91406113
 0.48218195]

Parameters from current iteration:
                [0.24450973 0.83919104 0.31320249 0.91454131 0.48375768 0.91468373
 0.48417166]


                Percentage Error = 0.004271873936347025
                
year done: 2
Results for pe =  6.5
all done
MPC-HMC child ends Sun May 31 22:02:25 2026
MPC-HMC child elapsed time: 0 days 00 hr 03 min 01 sec

Program ends Sun May 31 22:02:25 CDT 2026
Exit code: 0
Elapsed time: 185 seconds
