Command: /project/lhansen/HMC_rep26_robust_mac/amazon-carbon-prices/.venv/bin/python pysrc/scripts/run_mpc_hmc_job.py --id 998 --xi 1 --b 15 --trig 0 --type unconstrained --stop-after-year 2
Working directory: /project/lhansen/HMC_rep26_robust_mac/amazon-carbon-prices
Program starts Sun May 31 21:59:20 CDT 2026

Running MPC-HMC job: xi=1 pe=21.5 id=998 trig=0 type=unconstrained
MPC-HMC command: /project/lhansen/HMC_rep26_robust_mac/amazon-carbon-prices/.venv/bin/python -u pysrc/mpc/mpc_hmc.py --id 998 --pe 21.5 --xi 1 --trig 0 --type unconstrained --stop-after-year 2
MPC-HMC child starts Sun May 31 21:59:23 2026
unconstrained price used
Stopping MPC loop after year done: 2
Time 1: 2
Optimization Iteration[1/20000]

Solving the optimization problem...
Set parameter TokenServer to value "licenses.rcc.uchicago.edu"
Read LP format model from file /scratch/local/jobs/50330023/tmpa9megz0p.pyomo.lp
Reading time = 1.60 seconds
x1: 258121 rows, 502401 columns, 1259970 nonzeros
Set parameter Threads to value 8
Set parameter BarConvTol to value 1e-12
Gurobi Optimizer version 11.0.0 build v11.0.0rc2 (linux64 - "CentOS Linux 8")

CPU model: Intel(R) Xeon(R) Gold 6248R CPU @ 3.00GHz, instruction set [SSE2|AVX|AVX2|AVX512]
Thread count: 48 physical cores, 48 logical processors, using up to 8 threads

Optimize a model with 258121 rows, 502401 columns and 1259970 nonzeros
Model fingerprint: 0x090b3ffa
Model has 3166 quadratic objective terms
Coefficient statistics:
  Matrix range     [1e+00, 1e+03]
  Objective range  [8e-07, 8e+01]
  QObjective range [3e-01, 3e+03]
  Bounds range     [3e-04, 1e+00]
  RHS range        [6e-07, 5e+00]
Presolve removed 131481 rows and 128813 columns
Presolve time: 0.57s
Presolved: 126640 rows, 373588 columns, 743932 nonzeros
Presolved model has 3166 quadratic objective terms
Ordering time: 0.15s

Barrier statistics:
 AA' NZ     : 3.709e+05
 Factor NZ  : 3.905e+06 (roughly 230 MB of memory)
 Factor Ops : 2.623e+08 (less than 1 second per iteration)
 Threads    : 8

                  Objective                Residual
Iter       Primal          Dual         Primal    Dual     Compl     Time
   0  -1.15118137e+09  8.63517685e+08  7.80e+04 1.14e-13  1.00e+06     1s
   1  -5.69824089e+08  5.07983711e+08  1.69e+04 1.44e+02  2.23e+05     1s
   2  -2.82216873e+08  2.82000956e+08  2.13e+02 8.69e-01  3.96e+03     1s
   3  -6.55877187e+07  6.61962133e+07  1.78e+00 1.69e-12  2.85e+02     1s
   4  -1.25987467e+07  1.32311746e+07  1.55e-01 3.96e-12  5.34e+01     1s
   5  -2.29065726e+06  2.53805769e+06  1.15e-02 1.45e-12  9.76e+00     1s
   6  -3.34194987e+05  3.83167630e+05  1.15e-08 1.05e-12  1.44e+00     2s
   7  -5.00820321e+04  6.23456469e+04  1.65e-13 6.74e-13  2.26e-01     2s
   8  -7.59560212e+03  8.97827214e+03  3.96e-14 2.01e-13  3.33e-02     2s
   9  -1.23004398e+03  1.48556548e+03  1.55e-14 4.26e-14  5.46e-03     2s
  10  -2.16445890e+02  2.43268771e+02  8.27e-15 2.84e-14  9.25e-04     2s
  11  -6.11760154e+01  8.08862290e+01  2.92e-15 3.55e-14  2.86e-04     2s
  12  -1.99841293e+01  2.88064097e+01  1.07e-15 1.42e-14  9.82e-05     2s
  13  -6.19978909e+00  1.63554393e+01  4.77e-16 2.13e-14  4.54e-05     2s
  14  -2.52893179e+00  1.35015301e+01  2.59e-16 2.13e-14  3.23e-05     2s
  15  -6.95716362e-01  1.21514245e+01  1.95e-16 2.84e-14  2.58e-05     2s
  16   2.36677544e+00  9.88988563e+00  2.30e-16 1.42e-14  1.51e-05     3s
  17   3.81090362e+00  8.90208558e+00  1.16e-16 2.84e-14  1.02e-05     3s
  18   4.52215634e+00  8.45256646e+00  6.90e-17 1.42e-14  7.91e-06     3s
  19   4.67011231e+00  8.38245465e+00  6.25e-17 1.42e-14  7.47e-06     3s
  20   5.02445365e+00  8.16308887e+00  4.86e-17 1.42e-14  6.31e-06     3s
  21   5.48516715e+00  7.88723119e+00  6.75e-17 1.42e-14  4.83e-06     3s
  22   6.08362028e+00  7.54667611e+00  1.31e-16 2.84e-14  2.94e-06     3s
  23   6.33923824e+00  7.41437922e+00  8.52e-17 2.84e-14  2.16e-06     3s
  24   6.66739586e+00  7.25334284e+00  1.03e-16 2.13e-14  1.18e-06     3s
  25   6.71845450e+00  7.22960039e+00  9.95e-17 2.13e-14  1.03e-06     3s
  26   6.85133415e+00  7.17137856e+00  1.94e-16 1.42e-14  6.44e-07     3s
  27   6.92499722e+00  7.13943299e+00  2.33e-16 1.42e-14  4.31e-07     3s
  28   7.00186488e+00  7.10663052e+00  3.02e-16 2.84e-14  2.11e-07     4s
  29   7.03328446e+00  7.09440538e+00  3.64e-16 1.42e-14  1.23e-07     4s
  30   7.04468097e+00  7.09008266e+00  2.89e-16 1.42e-14  9.13e-08     4s
  31   7.06050540e+00  7.08412733e+00  2.81e-16 2.13e-14  4.75e-08     4s
  32   7.06888226e+00  7.08105924e+00  5.49e-16 2.13e-14  2.45e-08     4s
  33   7.07340287e+00  7.07942980e+00  4.95e-16 2.84e-14  1.21e-08     4s
  34   7.07667742e+00  7.07826507e+00  4.45e-16 2.84e-14  3.19e-09     4s
  35   7.07762227e+00  7.07793525e+00  1.26e-15 2.84e-14  6.30e-10     4s
  36   7.07781513e+00  7.07786777e+00  4.55e-15 5.68e-14  1.06e-10     4s
  37   7.07785217e+00  7.07785483e+00  4.73e-15 2.13e-14  5.34e-12     4s
  38   7.07785413e+00  7.07785414e+00  5.07e-15 2.84e-14  1.53e-14     4s
  39   7.07785414e+00  7.07785414e+00  8.13e-15 2.84e-14  2.67e-17     4s

Barrier solved model in 39 iterations and 4.43 seconds (4.08 work units)
Optimal objective 7.07785414e+00

objective value: 7.077854138736205
Done! Time elapsed: 26.252467155456543 seconds.
g_0_1: 1.0353561640832256
g_1_1: 1.015518872165828
g_1_2: 1.0452972601866113
g_2_1: 1.0227867146200567
g_2_2: 1.067601762105853
g_2_3: 1.0229162135706777
g_2_4: 1.0679695208968878
Parameters from last iteration: [0.174 0.707 0.174 0.707 0.174 0.707 0.174]

Parameters from current iteration:
                [0.18015197 0.71797184 0.18188172 0.72311021 0.18576271 0.72320176
 0.1858267 ]


                Percentage Error = 0.0679695208968878
                
Optimization Iteration[2/20000]

Solving the optimization problem...
Set parameter TokenServer to value "licenses.rcc.uchicago.edu"
Read LP format model from file /scratch/local/jobs/50330023/tmphep15ofr.pyomo.lp
Reading time = 1.33 seconds
x1: 258121 rows, 502401 columns, 1259970 nonzeros
Set parameter Threads to value 8
Set parameter BarConvTol to value 1e-12
Gurobi Optimizer version 11.0.0 build v11.0.0rc2 (linux64 - "CentOS Linux 8")

CPU model: Intel(R) Xeon(R) Gold 6248R CPU @ 3.00GHz, instruction set [SSE2|AVX|AVX2|AVX512]
Thread count: 48 physical cores, 48 logical processors, using up to 8 threads

Optimize a model with 258121 rows, 502401 columns and 1259970 nonzeros
Model fingerprint: 0x627ff620
Model has 3166 quadratic objective terms
Coefficient statistics:
  Matrix range     [1e+00, 1e+03]
  Objective range  [8e-07, 8e+01]
  QObjective range [3e-01, 3e+03]
  Bounds range     [3e-04, 1e+00]
  RHS range        [6e-07, 5e+00]
Presolve removed 131481 rows and 128813 columns
Presolve time: 0.54s
Presolved: 126640 rows, 373588 columns, 743932 nonzeros
Presolved model has 3166 quadratic objective terms
Ordering time: 0.15s

Barrier statistics:
 AA' NZ     : 3.709e+05
 Factor NZ  : 3.905e+06 (roughly 230 MB of memory)
 Factor Ops : 2.623e+08 (less than 1 second per iteration)
 Threads    : 8

                  Objective                Residual
Iter       Primal          Dual         Primal    Dual     Compl     Time
   0  -1.15103670e+09  8.63356976e+08  7.80e+04 1.13e-13  1.00e+06     1s
   1  -5.55711533e+08  4.97513067e+08  1.59e+04 1.31e+02  2.09e+05     1s
   2  -2.71803596e+08  2.71628865e+08  2.01e+02 7.98e-01  3.76e+03     1s
   3  -6.26499848e+07  6.32577357e+07  1.72e+00 1.47e-12  2.73e+02     1s
   4  -1.19695963e+07  1.25945197e+07  1.47e-01 4.57e-12  5.07e+01     1s
   5  -2.16056933e+06  2.39661177e+06  1.05e-02 1.21e-12  9.21e+00     1s
   6  -3.15540044e+05  3.63115015e+05  1.05e-08 9.28e-13  1.37e+00     2s
   7  -4.73292002e+04  5.89831216e+04  1.72e-13 7.24e-13  2.14e-01     2s
   8  -7.19291033e+03  8.51734277e+03  3.06e-14 1.89e-13  3.16e-02     2s
   9  -1.16679854e+03  1.39838099e+03  1.70e-14 2.84e-14  5.16e-03     2s
  10  -2.06625267e+02  2.34812347e+02  7.13e-15 2.13e-14  8.88e-04     2s
  11  -5.93470468e+01  7.82533102e+01  2.05e-15 2.84e-14  2.77e-04     2s
  12  -2.64058391e+01  3.70628383e+01  9.58e-16 2.84e-14  1.28e-04     2s
  13  -8.86158452e+00  1.89567870e+01  5.28e-16 1.42e-14  5.60e-05     2s
  14  -3.00351080e+00  1.39931347e+01  3.28e-16 1.42e-14  3.42e-05     2s
  15  -4.63504597e-01  1.19857485e+01  1.83e-16 1.42e-14  2.50e-05     2s
  16   2.38828458e+00  1.01081911e+01  1.95e-16 2.84e-14  1.55e-05     3s
  17   3.77274162e+00  9.05965457e+00  1.10e-16 2.84e-14  1.06e-05     3s
  18   4.69096167e+00  8.42204823e+00  8.26e-17 2.13e-14  7.51e-06     3s
  19   5.07391613e+00  8.17012720e+00  7.44e-17 2.84e-14  6.23e-06     3s
  20   5.49513247e+00  7.90321820e+00  9.32e-17 2.84e-14  4.84e-06     3s
  21   5.93831937e+00  7.65249769e+00  6.98e-17 2.13e-14  3.45e-06     3s
  22   6.37652742e+00  7.40032292e+00  1.07e-16 1.42e-14  2.06e-06     3s
  23   6.67875285e+00  7.24911336e+00  1.36e-16 1.42e-14  1.15e-06     3s
  24   6.72522324e+00  7.22698679e+00  1.12e-16 1.42e-14  1.01e-06     3s
  25   6.84536358e+00  7.17269067e+00  1.35e-16 1.42e-14  6.59e-07     3s
  26   6.92069485e+00  7.13926624e+00  1.12e-16 1.42e-14  4.40e-07     3s
  27   7.00759882e+00  7.10198209e+00  2.63e-16 4.26e-14  1.90e-07     3s
  28   7.03935289e+00  7.08971606e+00  1.41e-15 2.84e-14  1.01e-07     3s
  29   7.05276391e+00  7.08469469e+00  8.30e-16 2.84e-14  6.42e-08     4s
  30   7.06264243e+00  7.08105708e+00  4.43e-16 2.84e-14  3.70e-08     4s
  31   7.06718285e+00  7.07938841e+00  3.40e-16 2.13e-14  2.46e-08     4s
  32   7.07266891e+00  7.07743246e+00  1.75e-15 2.84e-14  9.58e-09     4s
  33   7.07477433e+00  7.07668060e+00  8.27e-16 4.26e-14  3.84e-09     4s
  34   7.07602208e+00  7.07624329e+00  1.50e-15 2.84e-14  4.45e-10     4s
  35   7.07617880e+00  7.07618841e+00  4.63e-15 2.84e-14  1.93e-11     4s
  36   7.07618588e+00  7.07618593e+00  6.90e-15 2.84e-14  1.16e-13     4s
  37   7.07618592e+00  7.07618592e+00  2.53e-15 4.26e-14  1.42e-16     4s
  38   7.07618592e+00  7.07618592e+00  9.80e-14 2.84e-14  1.13e-18     4s

Barrier solved model in 38 iterations and 4.33 seconds (4.04 work units)
Optimal objective 7.07618592e+00

objective value: 7.076185917824743
Done! Time elapsed: 24.405059337615967 seconds.
g_0_1: 1.0353500153550546
g_1_1: 1.0155126408469435
g_1_2: 1.0452824063519592
g_2_1: 1.022773856812564
g_2_2: 1.067566286683601
g_2_3: 1.022904291866482
g_2_4: 1.0679382607767256
Parameters from last iteration: [0.18015197 0.71797184 0.18188172 0.72311021 0.18576271 0.72320176
 0.1858267 ]

Parameters from current iteration:
                [0.1801509  0.71796744 0.18187914 0.72310112 0.18575653 0.72319333
 0.18582126]


                Percentage Error = 3.322907802418773e-05
                
year done: 1
Time 2: 2
Optimization Iteration[1/20000]

Solving the optimization problem...
Set parameter TokenServer to value "licenses.rcc.uchicago.edu"
Read LP format model from file /scratch/local/jobs/50330023/tmpvkeiluy0.pyomo.lp
Reading time = 1.32 seconds
x1: 258121 rows, 502401 columns, 1259970 nonzeros
Set parameter Threads to value 8
Set parameter BarConvTol to value 1e-12
Gurobi Optimizer version 11.0.0 build v11.0.0rc2 (linux64 - "CentOS Linux 8")

CPU model: Intel(R) Xeon(R) Gold 6248R CPU @ 3.00GHz, instruction set [SSE2|AVX|AVX2|AVX512]
Thread count: 48 physical cores, 48 logical processors, using up to 8 threads

Optimize a model with 258121 rows, 502401 columns and 1259970 nonzeros
Model fingerprint: 0x090a2693
Model has 3166 quadratic objective terms
Coefficient statistics:
  Matrix range     [1e+00, 1e+03]
  Objective range  [8e-07, 8e+01]
  QObjective range [3e-01, 3e+03]
  Bounds range     [3e-04, 1e+00]
  RHS range        [2e-18, 5e+00]
Presolve removed 131481 rows and 128813 columns
Presolve time: 0.54s
Presolved: 126640 rows, 373588 columns, 743932 nonzeros
Presolved model has 3166 quadratic objective terms
Ordering time: 0.16s

Barrier statistics:
 AA' NZ     : 3.709e+05
 Factor NZ  : 3.905e+06 (roughly 230 MB of memory)
 Factor Ops : 2.623e+08 (less than 1 second per iteration)
 Threads    : 8

                  Objective                Residual
Iter       Primal          Dual         Primal    Dual     Compl     Time
   0  -1.15103339e+09  8.63353669e+08  7.80e+04 1.14e-13  1.00e+06     1s
   1  -5.55715290e+08  4.97515311e+08  1.59e+04 1.31e+02  2.09e+05     1s
   2  -2.71807973e+08  2.71633169e+08  2.01e+02 7.98e-01  3.76e+03     1s
   3  -6.26490900e+07  6.32568297e+07  1.71e+00 1.45e-12  2.73e+02     1s
   4  -1.19651936e+07  1.25899271e+07  1.47e-01 3.94e-12  5.07e+01     1s
   5  -2.15985676e+06  2.39571671e+06  1.05e-02 1.32e-12  9.21e+00     1s
   6  -3.15564807e+05  3.63719910e+05  1.05e-08 7.96e-13  1.37e+00     2s
   7  -4.73832845e+04  5.92794189e+04  1.75e-13 7.83e-13  2.15e-01     2s
   8  -7.20685912e+03  8.55461209e+03  5.89e-14 1.94e-13  3.17e-02     2s
   9  -1.17025288e+03  1.40439048e+03  2.67e-14 4.26e-14  5.18e-03     2s
  10  -2.24414666e+02  2.02180302e+02  5.81e-15 2.84e-14  8.58e-04     2s
  11  -6.39715007e+01  7.86811210e+01  2.12e-15 2.84e-14  2.87e-04     2s
  12  -1.72682305e+01  2.52048435e+01  8.69e-16 1.42e-14  8.54e-05     2s
  13  -4.94072693e+00  1.52755815e+01  4.51e-16 2.84e-14  4.07e-05     2s
  14   5.43061569e-01  1.12991877e+01  2.47e-16 2.84e-14  2.16e-05     2s
  15   3.07300155e+00  9.57163712e+00  1.69e-16 1.42e-14  1.31e-05     2s
  16   4.25195460e+00  8.90609409e+00  1.85e-16 1.51e-14  9.36e-06     3s
  17   5.46713467e+00  8.16083855e+00  1.88e-16 2.13e-14  5.42e-06     3s
  18   6.02962147e+00  7.87792854e+00  2.44e-16 2.84e-14  3.72e-06     3s
  19   6.58831283e+00  7.58708052e+00  1.97e-16 2.13e-14  2.01e-06     3s
  20   6.87733438e+00  7.44121135e+00  2.81e-16 1.42e-14  1.13e-06     3s
  21   7.05794287e+00  7.35270809e+00  5.94e-16 1.42e-14  5.93e-07     3s
  22   7.16752158e+00  7.30662088e+00  3.62e-16 1.42e-14  2.80e-07     3s
  23   7.22003751e+00  7.28584141e+00  2.20e-16 1.42e-14  1.32e-07     3s
  24   7.24409063e+00  7.27678097e+00  3.34e-16 2.84e-14  6.58e-08     3s
  25   7.25880701e+00  7.27140060e+00  3.61e-16 2.84e-14  2.53e-08     3s
  26   7.26465495e+00  7.26927507e+00  1.39e-15 2.84e-14  9.29e-09     3s
  27   7.26742524e+00  7.26828653e+00  4.53e-16 2.84e-14  1.73e-09     3s
  28   7.26801331e+00  7.26808105e+00  1.30e-15 2.84e-14  1.36e-10     3s
  29   7.26806322e+00  7.26806364e+00  3.72e-15 2.84e-14  8.39e-13     4s
  30   7.26806353e+00  7.26806353e+00  1.17e-13 2.84e-14  4.99e-15     4s
  31   7.26806353e+00  7.26806353e+00  2.01e-12 2.84e-14  3.31e-16     4s
  32   7.26806353e+00  7.26806353e+00  2.28e-12 2.84e-14  1.13e-16     4s
  33   7.26806353e+00  7.26806353e+00  5.65e-13 2.84e-14  1.76e-17     4s

Barrier solved model in 33 iterations and 3.94 seconds (3.59 work units)
Optimal objective 7.26806353e+00

objective value: 7.268063529649786
Done! Time elapsed: 24.225826263427734 seconds.
g_0_1: 1.0308868898246626
g_1_1: 1.0137832508040516
g_1_2: 1.0401120762427944
g_2_1: 1.0202463328995794
g_2_2: 1.0597928051075478
g_2_3: 1.020356183452285
g_2_4: 1.060172715277424
Parameters from last iteration: [0.1801509  0.71796744 0.18187914 0.72310112 0.18575653 0.72319333
 0.18582126]

Parameters from current iteration:
                [0.17937432 0.71674476 0.1809795  0.72131416 0.18440395 0.72139182
 0.18447005]


                Percentage Error = 0.007281497807692749
                
Optimization Iteration[2/20000]

Solving the optimization problem...
Set parameter TokenServer to value "licenses.rcc.uchicago.edu"
Read LP format model from file /scratch/local/jobs/50330023/tmptw5j45mw.pyomo.lp
Reading time = 1.32 seconds
x1: 258121 rows, 502401 columns, 1259970 nonzeros
Set parameter Threads to value 8
Set parameter BarConvTol to value 1e-12
Gurobi Optimizer version 11.0.0 build v11.0.0rc2 (linux64 - "CentOS Linux 8")

CPU model: Intel(R) Xeon(R) Gold 6248R CPU @ 3.00GHz, instruction set [SSE2|AVX|AVX2|AVX512]
Thread count: 48 physical cores, 48 logical processors, using up to 8 threads

Optimize a model with 258121 rows, 502401 columns and 1259970 nonzeros
Model fingerprint: 0xaa80fcf0
Model has 3166 quadratic objective terms
Coefficient statistics:
  Matrix range     [1e+00, 1e+03]
  Objective range  [8e-07, 8e+01]
  QObjective range [3e-01, 3e+03]
  Bounds range     [3e-04, 1e+00]
  RHS range        [2e-18, 5e+00]
Presolve removed 131481 rows and 128813 columns
Presolve time: 0.55s
Presolved: 126640 rows, 373588 columns, 743932 nonzeros
Presolved model has 3166 quadratic objective terms
Ordering time: 0.15s

Barrier statistics:
 AA' NZ     : 3.709e+05
 Factor NZ  : 3.905e+06 (roughly 230 MB of memory)
 Factor Ops : 2.623e+08 (less than 1 second per iteration)
 Threads    : 8

                  Objective                Residual
Iter       Primal          Dual         Primal    Dual     Compl     Time
   0  -1.15047287e+09  8.62795007e+08  7.80e+04 1.14e-13  1.00e+06     1s
   1  -5.57010884e+08  4.98366603e+08  1.60e+04 1.33e+02  2.11e+05     1s
   2  -2.73422822e+08  2.73243539e+08  2.03e+02 8.15e-01  3.79e+03     1s
   3  -6.30522685e+07  6.36606348e+07  1.72e+00 1.41e-12  2.74e+02     1s
   4  -1.20501057e+07  1.26763441e+07  1.48e-01 4.92e-12  5.11e+01     2s
   5  -2.17715370e+06  2.41462725e+06  1.06e-02 1.23e-12  9.28e+00     2s
   6  -3.18048397e+05  3.66401849e+05  1.06e-08 3.12e-12  1.38e+00     2s
   7  -4.77492908e+04  5.97228708e+04  1.04e-13 6.37e-13  2.16e-01     2s
   8  -7.26072986e+03  8.61734237e+03  4.11e-14 1.83e-13  3.19e-02     2s
   9  -1.17867808e+03  1.41562924e+03  1.85e-14 5.68e-14  5.22e-03     2s
  10  -2.25798575e+02  2.03555488e+02  6.39e-15 4.26e-14  8.64e-04     2s
  11  -6.40913192e+01  7.89488806e+01  2.03e-15 2.84e-14  2.88e-04     2s
  12  -1.72873899e+01  2.52564228e+01  6.96e-16 2.84e-14  8.56e-05     2s
  13  -5.14271118e+00  1.54281886e+01  3.14e-16 2.84e-14  4.14e-05     2s
  14   8.11228436e-01  1.11159038e+01  2.31e-16 2.84e-14  2.07e-05     3s
  15   2.92226996e+00  9.69133318e+00  1.67e-16 2.13e-14  1.36e-05     3s
  16   4.13135086e+00  8.98791436e+00  1.03e-16 1.95e-14  9.77e-06     3s
  17   5.33779306e+00  8.23945048e+00  1.82e-16 2.84e-14  5.84e-06     3s
  18   5.93003884e+00  7.94318877e+00  1.09e-16 2.84e-14  4.05e-06     3s
  19   6.44794465e+00  7.66153407e+00  1.25e-16 2.13e-14  2.44e-06     3s
  20   6.85568454e+00  7.45187265e+00  1.06e-16 2.13e-14  1.20e-06     3s
  21   6.98576689e+00  7.38783316e+00  3.58e-16 2.13e-14  8.09e-07     3s
  22   7.13139686e+00  7.32310693e+00  7.99e-16 2.13e-14  3.86e-07     3s
  23   7.21228393e+00  7.28935585e+00  5.71e-16 2.84e-14  1.55e-07     3s
  24   7.24382211e+00  7.27714758e+00  3.67e-16 2.84e-14  6.70e-08     3s
  25   7.25890155e+00  7.27160243e+00  7.88e-16 2.84e-14  2.56e-08     3s
  26   7.26360927e+00  7.26987966e+00  6.33e-16 1.42e-14  1.26e-08     3s
  27   7.26740294e+00  7.26852529e+00  1.25e-15 1.51e-14  2.26e-09     4s
  28   7.26812552e+00  7.26827221e+00  9.73e-16 2.84e-14  2.95e-10     4s
  29   7.26823353e+00  7.26823450e+00  3.05e-15 2.84e-14  1.95e-12     4s
  30   7.26823425e+00  7.26823425e+00  2.14e-14 2.84e-14  9.80e-15     4s
  31   7.26823425e+00  7.26823425e+00  3.83e-13 2.84e-14  3.60e-16     4s
  32   7.26823425e+00  7.26823425e+00  3.98e-13 2.84e-14  1.37e-16     4s
  33   7.26823425e+00  7.26823425e+00  1.12e-13 2.22e-14  1.52e-17     4s

Barrier solved model in 33 iterations and 4.10 seconds (3.59 work units)
Optimal objective 7.26823425e+00

objective value: 7.268234252511618
Done! Time elapsed: 24.383869886398315 seconds.
g_0_1: 1.030887567514029
g_1_1: 1.0137837813369421
g_1_2: 1.0401138005985564
g_2_1: 1.0202472626332955
g_2_2: 1.0597965012336799
g_2_3: 1.0203575051360567
g_2_4: 1.0601761514888313
Parameters from last iteration: [0.17937432 0.71674476 0.1809795  0.72131416 0.18440395 0.72139182
 0.18447005]

Parameters from current iteration:
                [0.17937444 0.71674513 0.1809798  0.72131481 0.18440459 0.72139276
 0.18447065]


                Percentage Error = 3.4875931543941293e-06
                
year done: 2
Results for pe =  21.5
all done
MPC-HMC child ends Sun May 31 22:02:48 2026
MPC-HMC child elapsed time: 0 days 00 hr 03 min 24 sec

Program ends Sun May 31 22:02:48 CDT 2026
Exit code: 0
Elapsed time: 208 seconds
