Command: /project/lhansen/HMC_rep26_robust_mac/amazon-carbon-prices/.venv/bin/python pysrc/scripts/run_mpc_hmc_job.py --id 997 --xi 0.5 --b 0 --trig 0 --type unconstrained --stop-after-year 2
Working directory: /project/lhansen/HMC_rep26_robust_mac/amazon-carbon-prices
Program starts Sun May 31 21:59:22 CDT 2026

Running MPC-HMC job: xi=0.5 pe=6.1 id=997 trig=0 type=unconstrained
MPC-HMC command: /project/lhansen/HMC_rep26_robust_mac/amazon-carbon-prices/.venv/bin/python -u pysrc/mpc/mpc_hmc.py --id 997 --pe 6.1 --xi 0.5 --trig 0 --type unconstrained --stop-after-year 2
MPC-HMC child starts Sun May 31 21:59:23 2026
unconstrained price used
Stopping MPC loop after year done: 2
Time 1: 1
Optimization Iteration[1/20000]

Solving the optimization problem...
Set parameter TokenServer to value "licenses.rcc.uchicago.edu"
Read LP format model from file /scratch/local/jobs/50330026/tmpo7luegxo.pyomo.lp
Reading time = 1.33 seconds
x1: 258121 rows, 502401 columns, 1259970 nonzeros
Set parameter Threads to value 8
Set parameter BarConvTol to value 1e-12
Gurobi Optimizer version 11.0.0 build v11.0.0rc2 (linux64 - "CentOS Linux 8")

CPU model: Intel(R) Xeon(R) Gold 6248R CPU @ 3.00GHz, instruction set [SSE2|AVX|AVX2|AVX512]
Thread count: 48 physical cores, 48 logical processors, using up to 8 threads

Optimize a model with 258121 rows, 502401 columns and 1259970 nonzeros
Model fingerprint: 0x6fd9bd1f
Model has 3166 quadratic objective terms
Coefficient statistics:
  Matrix range     [1e+00, 1e+03]
  Objective range  [7e-07, 2e+01]
  QObjective range [6e-01, 3e+03]
  Bounds range     [3e-04, 1e+00]
  RHS range        [6e-07, 5e+00]
Presolve removed 131481 rows and 128813 columns
Presolve time: 0.58s
Presolved: 126640 rows, 373588 columns, 743932 nonzeros
Presolved model has 3166 quadratic objective terms
Ordering time: 0.15s

Barrier statistics:
 AA' NZ     : 3.709e+05
 Factor NZ  : 3.905e+06 (roughly 230 MB of memory)
 Factor Ops : 2.623e+08 (less than 1 second per iteration)
 Threads    : 8

                  Objective                Residual
Iter       Primal          Dual         Primal    Dual     Compl     Time
   0  -9.40820660e+08  8.62553946e+08  7.80e+04 1.12e-13  1.00e+06     1s
   1  -4.76820194e+08  4.62114654e+08  1.51e+04 1.42e+02  1.98e+05     1s
   2  -2.35589537e+08  2.36029471e+08  1.91e+02 7.07e-01  3.48e+03     1s
   3  -5.58225813e+07  5.64673096e+07  1.59e+00 1.56e-12  2.44e+02     1s
   4  -1.05040115e+07  1.11288216e+07  1.29e-01 5.39e-12  4.47e+01     1s
   5  -1.85220927e+06  2.06705677e+06  8.22e-03 1.24e-12  7.92e+00     1s
   6  -2.70419500e+05  3.16205650e+05  8.22e-09 2.40e-12  1.18e+00     2s
   7  -4.02522469e+04  5.07412798e+04  8.59e-14 7.36e-13  1.83e-01     2s
   8  -6.00868705e+03  7.40910967e+03  4.09e-14 1.67e-13  2.70e-02     2s
   9  -9.12578640e+02  1.11093504e+03  1.15e-14 2.84e-14  4.07e-03     2s
  10  -1.64690166e+02  1.81951496e+02  4.09e-15 2.13e-14  6.97e-04     2s
  11  -3.28479585e+01  6.90712551e+01  1.70e-15 2.13e-14  2.05e-04     2s
  12  -7.76766116e+00  2.23653229e+01  6.96e-16 7.11e-15  6.06e-05     2s
  13  -6.70705388e-01  1.10454200e+01  2.14e-16 7.11e-15  2.36e-05     2s
  14   1.36641343e+00  8.69351416e+00  1.25e-16 7.11e-15  1.47e-05     2s
  15   2.89748783e+00  6.59814105e+00  8.41e-17 7.11e-15  7.45e-06     3s
  16   3.70939527e+00  5.67952386e+00  9.82e-17 7.11e-15  3.96e-06     3s
  17   4.10382336e+00  5.30134019e+00  9.00e-17 7.11e-15  2.41e-06     3s
  18   4.41080639e+00  5.03730327e+00  1.29e-16 1.07e-14  1.26e-06     3s
  19   4.55188455e+00  4.93023708e+00  1.19e-16 7.11e-15  7.61e-07     3s
  20   4.67200161e+00  4.84781006e+00  2.38e-16 7.11e-15  3.54e-07     3s
  21   4.71258709e+00  4.82317493e+00  1.59e-16 7.11e-15  2.22e-07     3s
  22   4.74583633e+00  4.80472384e+00  3.12e-16 1.07e-14  1.18e-07     3s
  23   4.75946802e+00  4.79711775e+00  2.25e-16 7.11e-15  7.57e-08     3s
  24   4.77100905e+00  4.79114917e+00  1.94e-16 7.11e-15  4.05e-08     3s
  25   4.77499369e+00  4.78917668e+00  1.44e-16 1.07e-14  2.85e-08     3s
  26   4.77993425e+00  4.78683477e+00  1.86e-16 7.11e-15  1.39e-08     3s
  27   4.78205876e+00  4.78584668e+00  4.48e-16 1.07e-14  7.62e-09     3s
  28   4.78289084e+00  4.78546939e+00  2.42e-16 7.11e-15  5.19e-09     4s
  29   4.78378427e+00  4.78507517e+00  7.27e-16 1.42e-14  2.60e-09     4s
  30   4.78430884e+00  4.78484792e+00  2.09e-16 1.42e-14  1.08e-09     4s
  31   4.78448245e+00  4.78477348e+00  1.77e-16 1.07e-14  5.85e-10     4s
  32   4.78458766e+00  4.78472878e+00  4.31e-16 1.42e-14  2.84e-10     4s
  33   4.78464521e+00  4.78470450e+00  4.74e-16 1.07e-14  1.19e-10     4s
  34   4.78467251e+00  4.78469302e+00  4.93e-16 1.07e-14  4.13e-11     4s
  35   4.78468362e+00  4.78468837e+00  8.50e-16 1.07e-14  9.57e-12     4s
  36   4.78468514e+00  4.78468774e+00  9.94e-16 1.07e-14  5.22e-12     4s
  37   4.78468679e+00  4.78468705e+00  1.43e-15 1.07e-14  5.28e-13     4s
  38   4.78468696e+00  4.78468698e+00  6.93e-15 1.07e-14  3.46e-14     4s
  39   4.78468698e+00  4.78468698e+00  2.44e-14 1.24e-14  4.98e-17     4s

Barrier solved model in 39 iterations and 4.42 seconds (4.14 work units)
Optimal objective 4.78468698e+00

objective value: 4.78468697640724
Done! Time elapsed: 26.083680868148804 seconds.
g_0_1: 1.170195150874159
g_1_1: 1.265272565031598
g_1_2: 2.4468380594174555
g_2_1: 1.3906938969561742
g_2_2: 4.813340314903894
g_2_3: 1.3908009117182882
g_2_4: 4.817146057180175
Parameters from last iteration: [0.707 0.707 0.174 0.707 0.174 0.707 0.174]

Parameters from current iteration:
                [0.82732797 0.8945477  0.42574982 0.98322059 0.83752121 0.98329624
 0.83818341]


                Percentage Error = 3.8171460571801754
                
Optimization Iteration[2/20000]

Solving the optimization problem...
Set parameter TokenServer to value "licenses.rcc.uchicago.edu"
Read LP format model from file /scratch/local/jobs/50330026/tmpqbpydhgd.pyomo.lp
Reading time = 1.36 seconds
x1: 258121 rows, 502401 columns, 1259970 nonzeros
Set parameter Threads to value 8
Set parameter BarConvTol to value 1e-12
Gurobi Optimizer version 11.0.0 build v11.0.0rc2 (linux64 - "CentOS Linux 8")

CPU model: Intel(R) Xeon(R) Gold 6248R CPU @ 3.00GHz, instruction set [SSE2|AVX|AVX2|AVX512]
Thread count: 48 physical cores, 48 logical processors, using up to 8 threads

Optimize a model with 258121 rows, 502401 columns and 1259970 nonzeros
Model fingerprint: 0x442876a0
Model has 3166 quadratic objective terms
Coefficient statistics:
  Matrix range     [1e+00, 1e+03]
  Objective range  [6e-08, 2e+01]
  QObjective range [5e-02, 3e+03]
  Bounds range     [3e-04, 1e+00]
  RHS range        [6e-07, 5e+00]
Presolve removed 131481 rows and 128813 columns
Presolve time: 0.55s
Presolved: 126640 rows, 373588 columns, 743932 nonzeros
Presolved model has 3166 quadratic objective terms
Ordering time: 0.16s

Barrier statistics:
 AA' NZ     : 3.709e+05
 Factor NZ  : 3.905e+06 (roughly 230 MB of memory)
 Factor Ops : 2.623e+08 (less than 1 second per iteration)
 Threads    : 8

                  Objective                Residual
Iter       Primal          Dual         Primal    Dual     Compl     Time
   0  -9.32438417e+08  8.53760896e+08  7.80e+04 1.13e-13  1.00e+06     1s
   1  -9.17927780e+08  8.76742329e+08  4.11e+04 3.73e+02  5.67e+05     1s
   2  -1.29216333e+09  1.29113644e+09  1.77e+03 1.65e+01  3.36e+04     1s
   3  -3.67141493e+08  3.67903410e+08  1.93e+01 6.53e-02  1.76e+03     1s
   4  -6.23857451e+07  6.32229505e+07  7.27e-01 2.15e-12  2.61e+02     1s
   5  -1.44966142e+07  1.52595449e+07  1.05e-01 2.09e-12  6.09e+01     1s
   6  -2.54725230e+06  2.81197511e+06  6.68e-03 1.66e-12  1.08e+01     2s
   7  -3.71755517e+05  4.36399085e+05  6.68e-09 1.50e-12  1.63e+00     2s
   8  -5.48182707e+04  6.71082956e+04  2.26e-13 7.64e-13  2.45e-01     2s
   9  -8.12195291e+03  9.92475307e+03  7.56e-14 1.98e-13  3.63e-02     2s
  10  -1.22936026e+03  1.55014498e+03  2.71e-14 2.84e-14  5.59e-03     2s
  11  -1.90341935e+02  2.42121671e+02  8.75e-15 1.42e-14  8.70e-04     2s
  12  -4.62681324e+01  9.85923260e+01  3.44e-15 1.42e-14  2.91e-04     2s
  13  -6.85339775e+00  1.85683468e+01  1.65e-15 1.07e-14  5.11e-05     2s
  14  -6.23980268e-01  1.00550968e+01  5.18e-16 8.88e-15  2.15e-05     3s
  15   2.26401109e+00  6.11912304e+00  2.95e-16 7.11e-15  7.76e-06     3s
  16   3.25120361e+00  4.81155608e+00  1.80e-16 1.07e-14  3.14e-06     3s
  17   3.49624568e+00  4.52338194e+00  1.05e-16 1.07e-14  2.07e-06     3s
  18   3.76698897e+00  4.26286779e+00  1.33e-16 1.07e-14  9.98e-07     3s
  19   3.84573677e+00  4.19049595e+00  1.03e-16 1.07e-14  6.94e-07     3s
  20   3.92379633e+00  4.12422811e+00  2.08e-16 7.11e-15  4.03e-07     3s
  21   3.95768583e+00  4.09810101e+00  1.62e-16 7.11e-15  2.82e-07     3s
  22   3.98285976e+00  4.08088611e+00  9.06e-17 1.07e-14  1.97e-07     3s
  23   4.01161622e+00  4.06180052e+00  3.69e-16 1.07e-14  1.01e-07     4s
  24   4.02131717e+00  4.05516318e+00  1.67e-16 1.07e-14  6.81e-08     4s
  25   4.03225285e+00  4.04885608e+00  4.69e-16 7.11e-15  3.34e-08     4s
  26   4.03711428e+00  4.04610436e+00  2.07e-16 7.11e-15  1.81e-08     4s
  27   4.03950312e+00  4.04484765e+00  1.53e-16 7.11e-15  1.08e-08     4s
  28   4.04117134e+00  4.04402826e+00  2.54e-16 1.07e-14  5.75e-09     4s
  29   4.04198094e+00  4.04364790e+00  1.98e-16 1.07e-14  3.35e-09     4s
  30   4.04247088e+00  4.04342449e+00  4.02e-16 7.11e-15  1.92e-09     4s
  31   4.04280631e+00  4.04327566e+00  1.96e-16 1.42e-14  9.44e-10     4s
  32   4.04299638e+00  4.04319211e+00  2.22e-16 1.07e-14  3.94e-10     4s
  33   4.04306785e+00  4.04316116e+00  2.91e-16 1.07e-14  1.88e-10     4s
  34   4.04311088e+00  4.04314287e+00  7.03e-16 1.07e-14  6.44e-11     4s
  35   4.04312236e+00  4.04313801e+00  6.51e-16 7.11e-15  3.15e-11     4s
  36   4.04312950e+00  4.04313500e+00  9.04e-16 1.07e-14  1.11e-11     5s
  37   4.04313195e+00  4.04313398e+00  9.25e-16 1.07e-14  4.07e-12     5s
  38   4.04313297e+00  4.04313355e+00  1.61e-15 7.11e-15  1.17e-12     5s
  39   4.04313315e+00  4.04313348e+00  1.36e-15 1.78e-14  6.65e-13     5s
  40   4.04313336e+00  4.04313339e+00  2.59e-15 1.42e-14  6.79e-14     5s
  41   4.04313338e+00  4.04313338e+00  5.52e-15 1.07e-14  3.71e-15     5s
  42   4.04313338e+00  4.04313338e+00  5.48e-15 1.78e-14  9.82e-17     5s

Barrier solved model in 42 iterations and 4.96 seconds (4.85 work units)
Optimal objective 4.04313338e+00

objective value: 4.043133380422389
Done! Time elapsed: 25.353262424468994 seconds.
g_0_1: 1.1704709760369898
g_1_1: 1.2652976142433037
g_1_2: 2.446452726629413
g_2_1: 1.3904389759819107
g_2_2: 4.801215449677174
g_2_3: 1.39049968481636
g_2_4: 4.803272277630569
Parameters from last iteration: [0.82732797 0.8945477  0.42574982 0.98322059 0.83752121 0.98329624
 0.83818341]

Parameters from current iteration:
                [0.82752298 0.89456541 0.42568277 0.98304036 0.83541149 0.98308328
 0.83576938]


                Percentage Error = 0.002880082809390189
                
year done: 1
Time 2: 1
Optimization Iteration[1/20000]

Solving the optimization problem...
Set parameter TokenServer to value "licenses.rcc.uchicago.edu"
Read LP format model from file /scratch/local/jobs/50330026/tmp48926jok.pyomo.lp
Reading time = 1.33 seconds
x1: 258121 rows, 502401 columns, 1259970 nonzeros
Set parameter Threads to value 8
Set parameter BarConvTol to value 1e-12
Gurobi Optimizer version 11.0.0 build v11.0.0rc2 (linux64 - "CentOS Linux 8")

CPU model: Intel(R) Xeon(R) Gold 6248R CPU @ 3.00GHz, instruction set [SSE2|AVX|AVX2|AVX512]
Thread count: 48 physical cores, 48 logical processors, using up to 8 threads

Optimize a model with 258121 rows, 502401 columns and 1259970 nonzeros
Model fingerprint: 0xba61d3fb
Model has 3166 quadratic objective terms
Coefficient statistics:
  Matrix range     [1e+00, 1e+03]
  Objective range  [6e-08, 2e+01]
  QObjective range [5e-02, 3e+03]
  Bounds range     [3e-04, 1e+00]
  RHS range        [6e-15, 5e+00]
Presolve removed 131482 rows and 128814 columns
Presolve time: 0.54s
Presolved: 126639 rows, 373587 columns, 743930 nonzeros
Presolved model has 3166 quadratic objective terms
Ordering time: 0.16s

Barrier statistics:
 AA' NZ     : 3.709e+05
 Factor NZ  : 4.212e+06 (roughly 240 MB of memory)
 Factor Ops : 3.974e+08 (less than 1 second per iteration)
 Threads    : 8

                  Objective                Residual
Iter       Primal          Dual         Primal    Dual     Compl     Time
   0  -9.31929766e+08  8.53252702e+08  7.80e+04 1.13e-13  1.00e+06     1s
   1  -9.16135419e+08  8.75116077e+08  4.10e+04 3.70e+02  5.65e+05     1s
   2  -1.27469678e+09  1.27370412e+09  1.73e+03 1.61e+01  3.29e+04     1s
   3  -3.61270304e+08  3.62030478e+08  1.90e+01 6.11e-02  1.73e+03     1s
   4  -6.13230883e+07  6.21577070e+07  7.15e-01 1.69e-12  2.57e+02     1s
   5  -1.42400205e+07  1.49968066e+07  1.03e-01 2.75e-12  5.99e+01     1s
   6  -2.26360651e+06  2.51883437e+06  5.56e-03 1.46e-12  9.65e+00     2s
   7  -3.30758360e+05  3.90433038e+05  5.56e-09 1.21e-12  1.45e+00     2s
   8  -4.88249752e+04  5.99735259e+04  2.26e-13 7.26e-13  2.19e-01     2s
   9  -7.24450413e+03  8.88234382e+03  6.88e-14 1.88e-13  3.24e-02     2s
  10  -1.09890780e+03  1.38985027e+03  2.54e-14 2.84e-14  5.01e-03     2s
  11  -1.72154889e+02  2.27319638e+02  1.07e-14 2.13e-14  8.04e-04     2s
  12  -3.26295045e+01  6.95796811e+01  4.20e-15 7.11e-15  2.06e-04     2s
  13  -7.59385933e+00  2.23413696e+01  1.76e-15 7.11e-15  6.02e-05     2s
  14  -2.81949537e-01  1.16176083e+01  5.44e-16 7.11e-15  2.39e-05     2s
  15   2.32273516e+00  6.48644023e+00  3.13e-16 1.07e-14  8.38e-06     3s
  16   3.34137569e+00  5.00795121e+00  1.43e-16 7.11e-15  3.35e-06     3s
  17   3.83397291e+00  4.46354031e+00  1.08e-16 7.11e-15  1.27e-06     3s
  18   4.01537621e+00  4.32089932e+00  1.41e-16 7.11e-15  6.15e-07     3s
  19   4.13494570e+00  4.23368138e+00  2.23e-16 1.07e-14  1.99e-07     3s
  20   4.16331998e+00  4.21845701e+00  1.73e-16 1.42e-14  1.11e-07     3s
  21   4.17114779e+00  4.21451856e+00  1.29e-16 1.07e-14  8.73e-08     3s
  22   4.18113183e+00  4.20937112e+00  2.53e-16 7.11e-15  5.68e-08     3s
  23   4.18399988e+00  4.20795254e+00  2.97e-16 7.11e-15  4.82e-08     4s
  24   4.18443902e+00  4.20773692e+00  2.85e-16 7.11e-15  4.69e-08     4s
  25   4.19030654e+00  4.20498088e+00  1.56e-16 1.42e-14  2.95e-08     4s
  26   4.19403972e+00  4.20315126e+00  3.71e-16 7.11e-15  1.83e-08     4s
  27   4.19533524e+00  4.20250560e+00  2.23e-16 1.07e-14  1.44e-08     4s
  28   4.19634603e+00  4.20200621e+00  3.50e-16 7.11e-15  1.14e-08     4s
  29   4.19710199e+00  4.20164653e+00  2.94e-16 7.11e-15  9.14e-09     4s
  30   4.19899263e+00  4.20077674e+00  2.12e-16 7.11e-15  3.59e-09     4s
  31   4.19962224e+00  4.20048826e+00  2.28e-16 1.07e-14  1.74e-09     4s
  32   4.19995252e+00  4.20034246e+00  1.66e-16 7.11e-15  7.84e-10     4s
  33   4.20006673e+00  4.20029317e+00  3.21e-16 7.11e-15  4.56e-10     4s
  34   4.20015862e+00  4.20025367e+00  3.00e-16 7.11e-15  1.91e-10     4s
  35   4.20019988e+00  4.20023615e+00  6.63e-16 7.11e-15  7.30e-11     4s
  36   4.20021533e+00  4.20022962e+00  4.51e-16 1.07e-14  2.88e-11     5s
  37   4.20021806e+00  4.20022847e+00  4.23e-16 7.11e-15  2.09e-11     5s
  38   4.20022299e+00  4.20022641e+00  9.90e-16 7.11e-15  6.89e-12     5s
  39   4.20022464e+00  4.20022573e+00  2.34e-15 1.42e-14  2.19e-12     5s
  40   4.20022521e+00  4.20022549e+00  2.29e-15 1.07e-14  5.66e-13     5s
  41   4.20022536e+00  4.20022543e+00  2.55e-15 1.07e-14  1.41e-13     5s
  42   4.20022539e+00  4.20022541e+00  2.93e-15 1.07e-14  3.44e-14     5s
  43   4.20022540e+00  4.20022541e+00  2.71e-15 8.88e-15  8.56e-15     5s
  44   4.20022541e+00  4.20022541e+00  2.16e-15 1.42e-14  4.04e-15     5s
  45   4.20022541e+00  4.20022541e+00  3.71e-15 1.07e-14  1.81e-15     5s
  46   4.20022541e+00  4.20022541e+00  2.68e-15 7.11e-15  8.26e-16     5s
  47   4.20022541e+00  4.20022541e+00  2.05e-15 7.11e-15  4.55e-16     5s
  48   4.20022541e+00  4.20022541e+00  2.98e-15 7.11e-15  2.26e-16     6s
  49   4.20022541e+00  4.20022541e+00  2.96e-15 7.11e-15  2.19e-16     6s
  50   4.20022541e+00  4.20022541e+00  1.92e-15 7.11e-15  1.43e-16     6s
  51   4.20022541e+00  4.20022541e+00  1.52e-15 7.11e-15  1.03e-16     6s
  52   4.20022541e+00  4.20022541e+00  3.98e-15 1.07e-14  2.34e-17     6s

Barrier solved model in 52 iterations and 5.87 seconds (5.68 work units)
Optimal objective 4.20022541e+00

objective value: 4.200225406437369
Done! Time elapsed: 26.340511560440063 seconds.
g_0_1: 1.171156901105534
g_1_1: 1.265785204836687
g_1_2: 2.4515278759371286
g_2_1: 1.3908045990282452
g_2_2: 4.813495229275174
g_2_3: 1.3908602213795012
g_2_4: 4.81552315193174
Parameters from last iteration: [0.82752298 0.89456541 0.42568277 0.98304036 0.83541149 0.98308328
 0.83576938]

Parameters from current iteration:
                [0.82800793 0.89491014 0.42656585 0.98329885 0.83754817 0.98333818
 0.83790103]


                Percentage Error = 0.002557639774075323
                
year done: 2
Results for pe =  6.1
all done
MPC-HMC child ends Sun May 31 22:02:28 2026
MPC-HMC child elapsed time: 0 days 00 hr 03 min 04 sec

Program ends Sun May 31 22:02:28 CDT 2026
Exit code: 0
Elapsed time: 186 seconds
