Command: /project/lhansen/HMC_rep26_robust_mac/amazon-carbon-prices/.venv/bin/python pysrc/scripts/run_mpc_hmc_job.py --id 997 --xi 0.5 --b 10 --trig 0 --type unconstrained --stop-after-year 2
Working directory: /project/lhansen/HMC_rep26_robust_mac/amazon-carbon-prices
Program starts Sun May 31 21:59:22 CDT 2026

Running MPC-HMC job: xi=0.5 pe=16.1 id=997 trig=0 type=unconstrained
MPC-HMC command: /project/lhansen/HMC_rep26_robust_mac/amazon-carbon-prices/.venv/bin/python -u pysrc/mpc/mpc_hmc.py --id 997 --pe 16.1 --xi 0.5 --trig 0 --type unconstrained --stop-after-year 2
MPC-HMC child starts Sun May 31 21:59:23 2026
unconstrained price used
Stopping MPC loop after year done: 2
Time 1: 1
Optimization Iteration[1/20000]

Solving the optimization problem...
Set parameter TokenServer to value "licenses.rcc.uchicago.edu"
Read LP format model from file /scratch/local/jobs/50330027/tmpcl9wdcsr.pyomo.lp
Reading time = 1.37 seconds
x1: 258121 rows, 502401 columns, 1259970 nonzeros
Set parameter Threads to value 8
Set parameter BarConvTol to value 1e-12
Gurobi Optimizer version 11.0.0 build v11.0.0rc2 (linux64 - "CentOS Linux 8")

CPU model: Intel(R) Xeon(R) Gold 6248R CPU @ 3.00GHz, instruction set [SSE2|AVX|AVX2|AVX512]
Thread count: 48 physical cores, 48 logical processors, using up to 8 threads

Optimize a model with 258121 rows, 502401 columns and 1259970 nonzeros
Model fingerprint: 0x0be18504
Model has 3166 quadratic objective terms
Coefficient statistics:
  Matrix range     [1e+00, 1e+03]
  Objective range  [2e-07, 6e+01]
  QObjective range [6e-01, 3e+03]
  Bounds range     [3e-04, 1e+00]
  RHS range        [6e-07, 5e+00]
Presolve removed 131481 rows and 128813 columns
Presolve time: 0.60s
Presolved: 126640 rows, 373588 columns, 743932 nonzeros
Presolved model has 3166 quadratic objective terms
Ordering time: 0.16s

Barrier statistics:
 AA' NZ     : 3.709e+05
 Factor NZ  : 3.905e+06 (roughly 230 MB of memory)
 Factor Ops : 2.623e+08 (less than 1 second per iteration)
 Threads    : 8

                  Objective                Residual
Iter       Primal          Dual         Primal    Dual     Compl     Time
   0  -1.07689347e+09  8.62553931e+08  7.80e+04 1.13e-13  1.00e+06     1s
   1  -5.03267810e+08  4.62100697e+08  1.51e+04 1.42e+02  1.98e+05     1s
   2  -2.35953166e+08  2.36017978e+08  1.91e+02 7.07e-01  3.48e+03     1s
   3  -5.58344935e+07  5.64549826e+07  1.59e+00 1.45e-12  2.44e+02     1s
   4  -1.05054392e+07  1.11202082e+07  1.29e-01 4.20e-12  4.46e+01     1s
   5  -1.85361506e+06  2.06421248e+06  8.21e-03 1.18e-12  7.91e+00     2s
   6  -2.71297256e+05  3.16308687e+05  8.21e-09 7.58e-13  1.18e+00     2s
   7  -4.06642520e+04  5.09299806e+04  8.59e-14 7.91e-13  1.84e-01     2s
   8  -6.16728902e+03  7.38902634e+03  5.24e-14 1.89e-13  2.73e-02     2s
   9  -9.84688848e+02  1.15204793e+03  1.29e-14 2.84e-14  4.30e-03     2s
  10  -1.56404595e+02  1.54289605e+02  3.39e-15 2.13e-14  6.25e-04     2s
  11  -4.04301514e+01  6.67623044e+01  1.28e-15 8.53e-14  2.16e-04     2s
  12  -1.64887504e+01  3.20016708e+01  6.31e-16 1.42e-14  9.76e-05     2s
  13  -3.86870451e+00  1.48509143e+01  2.25e-16 1.42e-14  3.77e-05     2s
  14  -5.45607791e-02  1.00366373e+01  1.40e-16 1.42e-14  2.03e-05     2s
  15   2.02536899e+00  7.93434843e+00  8.98e-17 1.42e-14  1.19e-05     3s
  16   3.12059911e+00  6.98599106e+00  6.03e-17 1.42e-14  7.78e-06     3s
  17   3.73210808e+00  6.49673910e+00  6.72e-17 1.42e-14  5.56e-06     3s
  18   4.10854784e+00  6.22589555e+00  6.28e-17 1.42e-14  4.26e-06     3s
  19   4.50027515e+00  5.95932044e+00  1.03e-16 1.07e-14  2.94e-06     3s
  20   4.84967667e+00  5.74249598e+00  3.05e-16 1.42e-14  1.80e-06     3s
  21   5.03072411e+00  5.63816864e+00  1.59e-16 1.42e-14  1.22e-06     3s
  22   5.18766889e+00  5.55584149e+00  1.04e-16 1.42e-14  7.41e-07     3s
  23   5.25449548e+00  5.52225646e+00  1.06e-16 1.42e-14  5.39e-07     3s
  24   5.30273375e+00  5.49849119e+00  1.08e-16 1.42e-14  3.94e-07     3s
  25   5.34511533e+00  5.47907855e+00  2.79e-16 2.13e-14  2.70e-07     3s
  26   5.37164756e+00  5.46695042e+00  1.37e-16 1.42e-14  1.92e-07     3s
  27   5.41345055e+00  5.44909154e+00  1.46e-16 2.13e-14  7.17e-08     3s
  28   5.42390754e+00  5.44490086e+00  1.75e-16 2.13e-14  4.22e-08     4s
  29   5.43099398e+00  5.44214918e+00  5.33e-16 2.84e-14  2.24e-08     4s
  30   5.43394103e+00  5.44101956e+00  3.27e-16 2.13e-14  1.42e-08     4s
  31   5.43589414e+00  5.44028427e+00  7.37e-16 2.13e-14  8.83e-09     4s
  32   5.43817627e+00  5.43943327e+00  4.07e-16 2.13e-14  2.53e-09     4s
  33   5.43876228e+00  5.43921453e+00  4.21e-16 2.84e-14  9.10e-10     4s
  34   5.43904499e+00  5.43911095e+00  8.35e-16 2.13e-14  1.33e-10     4s
  35   5.43908958e+00  5.43909464e+00  2.34e-15 2.84e-14  1.02e-11     4s
  36   5.43909304e+00  5.43909337e+00  4.13e-15 2.13e-14  6.52e-13     4s
  37   5.43909328e+00  5.43909328e+00  5.52e-15 2.84e-14  4.96e-15     4s
  38   5.43909328e+00  5.43909328e+00  1.31e-14 2.84e-14  5.72e-18     4s

Barrier solved model in 38 iterations and 4.48 seconds (4.01 work units)
Optimal objective 5.43909328e+00

objective value: 5.439093281157852
Done! Time elapsed: 27.092145919799805 seconds.
g_0_1: 1.0489242696580585
g_1_1: 1.073908312726248
g_1_2: 1.2416755907665566
g_2_1: 1.1188406975251926
g_2_2: 1.429572668017609
g_2_3: 1.1191593613848398
g_2_4: 1.4310333428463824
Parameters from last iteration: [0.707 0.707 0.174 0.707 0.174 0.707 0.174]

Parameters from current iteration:
                [0.74158946 0.75925318 0.21605155 0.79102037 0.24874564 0.79124567
 0.2489998 ]


                Percentage Error = 0.43103334284638245
                
Optimization Iteration[2/20000]

Solving the optimization problem...
Set parameter TokenServer to value "licenses.rcc.uchicago.edu"
Read LP format model from file /scratch/local/jobs/50330027/tmp8g70he2n.pyomo.lp
Reading time = 1.36 seconds
x1: 258121 rows, 502401 columns, 1259970 nonzeros
Set parameter Threads to value 8
Set parameter BarConvTol to value 1e-12
Gurobi Optimizer version 11.0.0 build v11.0.0rc2 (linux64 - "CentOS Linux 8")

CPU model: Intel(R) Xeon(R) Gold 6248R CPU @ 3.00GHz, instruction set [SSE2|AVX|AVX2|AVX512]
Thread count: 48 physical cores, 48 logical processors, using up to 8 threads

Optimize a model with 258121 rows, 502401 columns and 1259970 nonzeros
Model fingerprint: 0x8dfc0265
Model has 3166 quadratic objective terms
Coefficient statistics:
  Matrix range     [1e+00, 1e+03]
  Objective range  [2e-07, 6e+01]
  QObjective range [4e-01, 3e+03]
  Bounds range     [3e-04, 1e+00]
  RHS range        [6e-07, 5e+00]
Presolve removed 131481 rows and 128813 columns
Presolve time: 0.57s
Presolved: 126640 rows, 373588 columns, 743932 nonzeros
Presolved model has 3166 quadratic objective terms
Ordering time: 0.16s

Barrier statistics:
 AA' NZ     : 3.709e+05
 Factor NZ  : 3.905e+06 (roughly 230 MB of memory)
 Factor Ops : 2.623e+08 (less than 1 second per iteration)
 Threads    : 8

                  Objective                Residual
Iter       Primal          Dual         Primal    Dual     Compl     Time
   0  -1.07576482e+09  8.61327407e+08  7.80e+04 1.13e-13  1.00e+06     1s
   1  -5.02362994e+08  4.64086253e+08  1.41e+04 1.33e+02  1.85e+05     1s
   2  -2.35046853e+08  2.35155531e+08  1.74e+02 1.35e-12  3.25e+03     1s
   3  -5.42228924e+07  5.48416131e+07  1.46e+00 1.46e-12  2.36e+02     1s
   4  -1.04097978e+07  1.10204659e+07  1.26e-01 4.85e-12  4.42e+01     1s
   5  -1.82751996e+06  2.03489599e+06  7.86e-03 1.32e-12  7.80e+00     1s
   6  -2.67532562e+05  3.12318461e+05  7.86e-09 7.77e-13  1.17e+00     2s
   7  -4.00713002e+04  5.00623187e+04  1.48e-13 6.10e-13  1.81e-01     2s
   8  -6.08143188e+03  7.30984969e+03  2.98e-14 1.96e-13  2.69e-02     2s
   9  -9.73631206e+02  1.15446950e+03  2.78e-14 5.68e-14  4.28e-03     2s
  10  -1.60562687e+02  1.60670331e+02  4.87e-15 2.84e-14  6.46e-04     2s
  11  -4.65271806e+01  7.32088508e+01  1.28e-15 3.55e-14  2.41e-04     2s
  12  -1.48293462e+01  3.17664962e+01  5.82e-16 2.84e-14  9.37e-05     2s
  13  -3.19688337e+00  1.42081115e+01  2.90e-16 1.42e-14  3.50e-05     2s
  14   1.85805747e-01  9.78185877e+00  1.21e-16 1.42e-14  1.93e-05     2s
  15   2.40842762e+00  7.52781331e+00  1.12e-16 1.42e-14  1.03e-05     2s
  16   3.07523335e+00  6.96123585e+00  7.01e-17 1.42e-14  7.82e-06     3s
  17   3.50967368e+00  6.62531806e+00  6.81e-17 2.13e-14  6.27e-06     3s
  18   4.12349432e+00  6.17407214e+00  6.56e-17 1.42e-14  4.13e-06     3s
  19   4.49551235e+00  5.92094039e+00  9.93e-17 2.13e-14  2.87e-06     3s
  20   4.78222829e+00  5.74382618e+00  7.44e-17 2.13e-14  1.93e-06     3s
  21   5.00421503e+00  5.61698728e+00  1.25e-16 1.42e-14  1.23e-06     3s
  22   5.13987129e+00  5.54103172e+00  1.45e-16 2.13e-14  8.07e-07     3s
  23   5.24734257e+00  5.48749108e+00  3.40e-16 1.42e-14  4.83e-07     3s
  24   5.25871051e+00  5.48073858e+00  1.70e-16 1.42e-14  4.47e-07     3s
  25   5.32536965e+00  5.45020564e+00  2.78e-16 2.84e-14  2.51e-07     3s
  26   5.36570379e+00  5.43203432e+00  4.02e-16 1.42e-14  1.33e-07     3s
  27   5.38363417e+00  5.42420504e+00  2.32e-16 2.13e-14  8.16e-08     3s
  28   5.40088445e+00  5.41737479e+00  2.74e-16 2.13e-14  3.32e-08     4s
  29   5.40711345e+00  5.41494392e+00  9.11e-16 1.42e-14  1.58e-08     4s
  30   5.40949643e+00  5.41404306e+00  5.48e-16 2.13e-14  9.15e-09     4s
  31   5.41213734e+00  5.41305597e+00  1.04e-15 2.13e-14  1.85e-09     4s
  32   5.41264992e+00  5.41286571e+00  5.37e-16 2.84e-14  4.34e-10     4s
  33   5.41278840e+00  5.41281513e+00  2.14e-15 2.13e-14  5.38e-11     4s
  34   5.41280091e+00  5.41281055e+00  1.23e-15 2.13e-14  1.94e-11     4s
  35   5.41280762e+00  5.41280810e+00  2.86e-15 2.84e-14  9.69e-13     4s
  36   5.41280797e+00  5.41280798e+00  1.65e-15 2.84e-14  7.28e-15     4s
  37   5.41280797e+00  5.41280797e+00  2.05e-14 2.13e-14  2.11e-17     4s

Barrier solved model in 37 iterations and 4.30 seconds (3.91 work units)
Optimal objective 5.41280797e+00

objective value: 5.41280797458829
Done! Time elapsed: 25.250632286071777 seconds.
g_0_1: 1.0488772506311392
g_1_1: 1.0738047067294172
g_1_2: 1.2413704950815683
g_2_1: 1.1186305811237276
g_2_2: 1.4287658855139203
g_2_3: 1.1190013522940387
g_2_4: 1.4303597999891542
Parameters from last iteration: [0.74158946 0.75925318 0.21605155 0.79102037 0.24874564 0.79124567
 0.2489998 ]

Parameters from current iteration:
                [0.74155622 0.75917993 0.21599847 0.79087182 0.24860526 0.79113396
 0.24888261]


                Percentage Error = 0.0005643522163917657
                
year done: 1
Time 2: 1
Optimization Iteration[1/20000]

Solving the optimization problem...
Set parameter TokenServer to value "licenses.rcc.uchicago.edu"
Read LP format model from file /scratch/local/jobs/50330027/tmpb06psfc_.pyomo.lp
Reading time = 1.36 seconds
x1: 258121 rows, 502401 columns, 1259970 nonzeros
Set parameter Threads to value 8
Set parameter BarConvTol to value 1e-12
Gurobi Optimizer version 11.0.0 build v11.0.0rc2 (linux64 - "CentOS Linux 8")

CPU model: Intel(R) Xeon(R) Gold 6248R CPU @ 3.00GHz, instruction set [SSE2|AVX|AVX2|AVX512]
Thread count: 48 physical cores, 48 logical processors, using up to 8 threads

Optimize a model with 258121 rows, 502401 columns and 1259970 nonzeros
Model fingerprint: 0x1a56b17e
Model has 3166 quadratic objective terms
Coefficient statistics:
  Matrix range     [1e+00, 1e+03]
  Objective range  [2e-07, 6e+01]
  QObjective range [4e-01, 3e+03]
  Bounds range     [3e-04, 1e+00]
  RHS range        [4e-16, 5e+00]
Presolve removed 131481 rows and 128813 columns
Presolve time: 0.56s
Presolved: 126640 rows, 373588 columns, 743932 nonzeros
Presolved model has 3166 quadratic objective terms
Ordering time: 0.16s

Barrier statistics:
 AA' NZ     : 3.709e+05
 Factor NZ  : 3.905e+06 (roughly 230 MB of memory)
 Factor Ops : 2.623e+08 (less than 1 second per iteration)
 Threads    : 8

                  Objective                Residual
Iter       Primal          Dual         Primal    Dual     Compl     Time
   0  -1.07583209e+09  8.61394838e+08  7.80e+04 1.14e-13  1.00e+06     1s
   1  -5.02315162e+08  4.64053295e+08  1.41e+04 1.33e+02  1.85e+05     1s
   2  -2.34981172e+08  2.35089899e+08  1.74e+02 1.32e-12  3.25e+03     1s
   3  -5.42055781e+07  5.48242477e+07  1.45e+00 1.66e-12  2.36e+02     1s
   4  -1.03991166e+07  1.10094135e+07  1.26e-01 5.76e-12  4.42e+01     1s
   5  -1.82554835e+06  2.03261053e+06  7.84e-03 1.24e-12  7.79e+00     1s
   6  -2.67338117e+05  3.12519452e+05  7.84e-09 9.15e-13  1.17e+00     2s
   7  -4.00893472e+04  5.03011738e+04  1.01e-13 6.16e-13  1.82e-01     2s
   8  -6.08823698e+03  7.33258807e+03  3.73e-14 1.85e-13  2.70e-02     2s
   9  -9.75766604e+02  1.15944589e+03  2.44e-14 2.84e-14  4.30e-03     2s
  10  -1.70285224e+02  1.56811820e+02  3.86e-15 1.42e-14  6.58e-04     2s
  11  -4.85144149e+01  8.23054643e+01  1.38e-15 9.24e-14  2.63e-04     2s
  12  -1.98738466e+01  4.22598521e+01  5.32e-16 1.42e-14  1.25e-04     2s
  13  -3.71772936e+00  1.49882914e+01  3.19e-16 2.84e-14  3.76e-05     2s
  14   9.95098991e-01  8.83967551e+00  1.31e-16 2.84e-14  1.58e-05     2s
  15   2.46599959e+00  7.58978112e+00  7.89e-17 1.42e-14  1.03e-05     2s
  16   3.57201632e+00  6.75402656e+00  6.42e-17 2.13e-14  6.40e-06     3s
  17   4.34371385e+00  6.22322284e+00  5.90e-17 1.42e-14  3.78e-06     3s
  18   4.85828391e+00  5.91440052e+00  1.11e-16 2.84e-14  2.12e-06     3s
  19   5.01704035e+00  5.82827725e+00  1.62e-16 1.42e-14  1.63e-06     3s
  20   5.27073011e+00  5.69663254e+00  1.82e-16 1.42e-14  8.57e-07     3s
  21   5.36800087e+00  5.65064989e+00  2.31e-16 1.42e-14  5.69e-07     3s
  22   5.43189569e+00  5.62201848e+00  8.39e-17 2.84e-14  3.82e-07     3s
  23   5.47049377e+00  5.60506575e+00  4.03e-16 1.42e-14  2.71e-07     3s
  24   5.52442431e+00  5.58180899e+00  7.49e-16 2.13e-14  1.15e-07     3s
  25   5.54947918e+00  5.57222300e+00  3.04e-15 2.84e-14  4.58e-08     3s
  26   5.56132204e+00  5.56767590e+00  5.51e-16 1.42e-14  1.28e-08     3s
  27   5.56427104e+00  5.56658612e+00  1.13e-15 1.42e-14  4.66e-09     3s
  28   5.56543357e+00  5.56615982e+00  2.57e-15 1.42e-14  1.46e-09     4s
  29   5.56568897e+00  5.56606610e+00  1.75e-15 1.42e-14  7.59e-10     4s
  30   5.56590678e+00  5.56598647e+00  1.51e-15 1.42e-14  1.60e-10     4s
  31   5.56596201e+00  5.56596631e+00  1.41e-15 2.13e-14  8.64e-12     4s
  32   5.56596511e+00  5.56596518e+00  8.27e-16 2.84e-14  1.38e-13     4s
  33   5.56596515e+00  5.56596516e+00  2.45e-15 2.13e-14  7.39e-15     4s
  34   5.56596516e+00  5.56596516e+00  9.06e-15 2.13e-14  2.74e-15     4s
  35   5.56596516e+00  5.56596516e+00  4.70e-15 2.13e-14  6.36e-16     4s
  36   5.56596516e+00  5.56596516e+00  3.39e-15 1.42e-14  3.04e-16     4s
  37   5.56596516e+00  5.56596516e+00  2.11e-15 1.42e-14  1.82e-16     4s
  38   5.56596516e+00  5.56596516e+00  2.01e-15 2.13e-14  7.38e-17     4s

Barrier solved model in 38 iterations and 4.47 seconds (4.03 work units)
Optimal objective 5.56596516e+00

objective value: 5.565965157227376
Done! Time elapsed: 25.593209981918335 seconds.
g_0_1: 1.0462819184133147
g_1_1: 1.0706711013386834
g_1_2: 1.2295200111916984
g_2_1: 1.1146006074111134
g_2_2: 1.4103953456822778
g_2_3: 1.1149004964034996
g_2_4: 1.411577199888686
Parameters from last iteration: [0.74155622 0.75917993 0.21599847 0.79087182 0.24860526 0.79113396
 0.24888261]

Parameters from current iteration:
                [0.73972132 0.75696447 0.21393648 0.78802263 0.24540879 0.78823465
 0.24561443]


                Percentage Error = 0.013131381419283938
                
Optimization Iteration[2/20000]

Solving the optimization problem...
Set parameter TokenServer to value "licenses.rcc.uchicago.edu"
Read LP format model from file /scratch/local/jobs/50330027/tmpdpwpve6h.pyomo.lp
Reading time = 1.35 seconds
x1: 258121 rows, 502401 columns, 1259970 nonzeros
Set parameter Threads to value 8
Set parameter BarConvTol to value 1e-12
Gurobi Optimizer version 11.0.0 build v11.0.0rc2 (linux64 - "CentOS Linux 8")

CPU model: Intel(R) Xeon(R) Gold 6248R CPU @ 3.00GHz, instruction set [SSE2|AVX|AVX2|AVX512]
Thread count: 48 physical cores, 48 logical processors, using up to 8 threads

Optimize a model with 258121 rows, 502401 columns and 1259970 nonzeros
Model fingerprint: 0x1b387044
Model has 3166 quadratic objective terms
Coefficient statistics:
  Matrix range     [1e+00, 1e+03]
  Objective range  [2e-07, 6e+01]
  QObjective range [4e-01, 3e+03]
  Bounds range     [3e-04, 1e+00]
  RHS range        [4e-16, 5e+00]
Presolve removed 131481 rows and 128813 columns
Presolve time: 0.57s
Presolved: 126640 rows, 373588 columns, 743932 nonzeros
Presolved model has 3166 quadratic objective terms
Ordering time: 0.16s

Barrier statistics:
 AA' NZ     : 3.709e+05
 Factor NZ  : 3.905e+06 (roughly 230 MB of memory)
 Factor Ops : 2.623e+08 (less than 1 second per iteration)
 Threads    : 8

                  Objective                Residual
Iter       Primal          Dual         Primal    Dual     Compl     Time
   0  -1.07456900e+09  8.60135701e+08  7.80e+04 1.14e-13  1.00e+06     1s
   1  -5.00296572e+08  4.62350952e+08  1.40e+04 1.31e+02  1.83e+05     1s
   2  -2.33197060e+08  2.33307430e+08  1.73e+02 1.37e-12  3.22e+03     1s
   3  -5.38071812e+07  5.44247565e+07  1.45e+00 1.43e-12  2.34e+02     1s
   4  -1.03233006e+07  1.09319400e+07  1.26e-01 3.13e-12  4.39e+01     1s
   5  -1.81001190e+06  2.01563391e+06  7.76e-03 1.26e-12  7.73e+00     1s
   6  -2.65095965e+05  3.10038919e+05  7.76e-09 7.86e-13  1.16e+00     2s
   7  -3.97600376e+04  4.99063790e+04  9.78e-14 6.49e-13  1.80e-01     2s
   8  -6.04014883e+03  7.27796287e+03  3.31e-14 1.94e-13  2.68e-02     2s
   9  -9.68231368e+02  1.14910887e+03  1.47e-14 4.26e-14  4.26e-03     2s
  10  -1.68908900e+02  1.55300939e+02  4.49e-15 1.42e-14  6.52e-04     2s
  11  -4.82538829e+01  8.16850970e+01  2.01e-15 2.84e-14  2.61e-04     2s
  12  -1.95224919e+01  4.15328359e+01  9.35e-16 2.84e-14  1.23e-04     2s
  13  -3.66908963e+00  1.49303585e+01  3.21e-16 2.13e-14  3.74e-05     2s
  14   9.95636152e-01  8.86163958e+00  1.21e-16 1.42e-14  1.58e-05     2s
  15   2.66153126e+00  7.43560260e+00  8.15e-17 1.42e-14  9.60e-06     2s
  16   3.65417069e+00  6.69597710e+00  6.45e-17 2.13e-14  6.12e-06     3s
  17   4.33992215e+00  6.23055741e+00  7.81e-17 2.13e-14  3.80e-06     3s
  18   4.85443087e+00  5.91963120e+00  1.66e-16 2.13e-14  2.14e-06     3s
  19   5.00651947e+00  5.83673516e+00  7.42e-17 1.42e-14  1.67e-06     3s
  20   5.26675339e+00  5.70019097e+00  1.43e-16 1.42e-14  8.72e-07     3s
  21   5.35951943e+00  5.65617934e+00  1.01e-16 1.42e-14  5.97e-07     3s
  22   5.43398670e+00  5.62264417e+00  1.94e-16 1.42e-14  3.80e-07     3s
  23   5.47458714e+00  5.60476010e+00  1.87e-16 1.42e-14  2.62e-07     3s
  24   5.52686577e+00  5.58227656e+00  7.47e-16 2.84e-14  1.11e-07     3s
  25   5.54994357e+00  5.57346729e+00  4.71e-16 1.42e-14  4.73e-08     3s
  26   5.56256905e+00  5.56862192e+00  5.81e-16 1.42e-14  1.22e-08     3s
  27   5.56536905e+00  5.56758844e+00  7.27e-16 1.42e-14  4.47e-09     3s
  28   5.56649050e+00  5.56717733e+00  1.56e-15 2.84e-14  1.38e-09     4s
  29   5.56676099e+00  5.56707810e+00  1.18e-15 1.42e-14  6.38e-10     4s
  30   5.56696073e+00  5.56700513e+00  1.42e-15 2.84e-14  8.93e-11     4s
  31   5.56699161e+00  5.56699386e+00  2.89e-15 2.13e-14  4.52e-12     4s
  32   5.56699325e+00  5.56699326e+00  2.74e-14 1.42e-14  2.35e-14     4s
  33   5.56699326e+00  5.56699326e+00  1.57e-13 1.42e-14  2.74e-15     4s
  34   5.56699326e+00  5.56699326e+00  1.13e-13 2.13e-14  8.35e-16     4s
  35   5.56699326e+00  5.56699326e+00  6.50e-14 1.42e-14  3.11e-16     4s
  36   5.56699326e+00  5.56699326e+00  5.73e-14 2.13e-14  2.35e-16     4s
  37   5.56699326e+00  5.56699326e+00  3.66e-14 1.42e-14  1.09e-16     4s
  38   5.56699326e+00  5.56699326e+00  3.61e-14 2.13e-14  4.41e-17     4s

Barrier solved model in 38 iterations and 4.44 seconds (4.03 work units)
Optimal objective 5.56699326e+00

objective value: 5.566993257323986
Done! Time elapsed: 25.68272638320923 seconds.
g_0_1: 1.046283491108862
g_1_1: 1.070675276715277
g_1_2: 1.2295320495392859
g_2_1: 1.1146081717021763
g_2_2: 1.4104279629290044
g_2_3: 1.1149054853801421
g_2_4: 1.4116045707686276
Parameters from last iteration: [0.73972132 0.75696447 0.21393648 0.78802263 0.24540879 0.78823465
 0.24561443]

Parameters from current iteration:
                [0.73972243 0.75696742 0.21393858 0.78802798 0.24541447 0.78823818
 0.2456192 ]


                Percentage Error = 2.3126314778696464e-05
                
year done: 2
Results for pe =  16.1
all done
MPC-HMC child ends Sun May 31 22:02:53 2026
MPC-HMC child elapsed time: 0 days 00 hr 03 min 29 sec

Program ends Sun May 31 22:02:53 CDT 2026
Exit code: 0
Elapsed time: 211 seconds
