Command: /project/lhansen/HMC_rep26_robust_mac/amazon-carbon-prices/.venv/bin/python pysrc/scripts/run_mpc_hmc_job.py --id 997 --xi 0.5 --b 20 --trig 0 --type unconstrained --stop-after-year 2
Working directory: /project/lhansen/HMC_rep26_robust_mac/amazon-carbon-prices
Program starts Sun May 31 21:59:22 CDT 2026

Running MPC-HMC job: xi=0.5 pe=26.1 id=997 trig=0 type=unconstrained
MPC-HMC command: /project/lhansen/HMC_rep26_robust_mac/amazon-carbon-prices/.venv/bin/python -u pysrc/mpc/mpc_hmc.py --id 997 --pe 26.1 --xi 0.5 --trig 0 --type unconstrained --stop-after-year 2
MPC-HMC child starts Sun May 31 21:59:24 2026
unconstrained price used
Stopping MPC loop after year done: 2
Time 1: 1
Optimization Iteration[1/20000]

Solving the optimization problem...
Set parameter TokenServer to value "licenses.rcc.uchicago.edu"
Read LP format model from file /scratch/local/jobs/50330029/tmp1eq0io_e.pyomo.lp
Reading time = 1.36 seconds
x1: 258121 rows, 502401 columns, 1259970 nonzeros
Set parameter Threads to value 8
Set parameter BarConvTol to value 1e-12
Gurobi Optimizer version 11.0.0 build v11.0.0rc2 (linux64 - "CentOS Linux 8")

CPU model: Intel(R) Xeon(R) Gold 6248R CPU @ 3.00GHz, instruction set [SSE2|AVX|AVX2|AVX512]
Thread count: 48 physical cores, 48 logical processors, using up to 8 threads

Optimize a model with 258121 rows, 502401 columns and 1259970 nonzeros
Model fingerprint: 0x611a94b0
Model has 3166 quadratic objective terms
Coefficient statistics:
  Matrix range     [1e+00, 1e+03]
  Objective range  [2e-06, 1e+02]
  QObjective range [6e-01, 3e+03]
  Bounds range     [3e-04, 1e+00]
  RHS range        [6e-07, 5e+00]
Presolve removed 131481 rows and 128813 columns
Presolve time: 0.61s
Presolved: 126640 rows, 373588 columns, 743932 nonzeros
Presolved model has 3166 quadratic objective terms
Ordering time: 0.16s

Barrier statistics:
 AA' NZ     : 3.709e+05
 Factor NZ  : 3.905e+06 (roughly 230 MB of memory)
 Factor Ops : 2.623e+08 (less than 1 second per iteration)
 Threads    : 8

                  Objective                Residual
Iter       Primal          Dual         Primal    Dual     Compl     Time
   0  -1.21296629e+09  8.62553915e+08  7.80e+04 1.14e-13  1.00e+06     1s
   1  -5.29715420e+08  4.62086735e+08  1.51e+04 1.42e+02  1.98e+05     1s
   2  -2.36316839e+08  2.36006522e+08  1.91e+02 7.07e-01  3.48e+03     1s
   3  -5.58466949e+07  5.64429633e+07  1.58e+00 1.46e-12  2.44e+02     1s
   4  -1.05068904e+07  1.11116360e+07  1.28e-01 3.91e-12  4.46e+01     1s
   5  -1.85501938e+06  2.06138201e+06  8.20e-03 1.09e-12  7.91e+00     2s
   6  -2.72179630e+05  3.16479016e+05  8.20e-09 7.71e-13  1.18e+00     2s
   7  -4.10756263e+04  5.11473668e+04  7.29e-14 6.15e-13  1.86e-01     2s
   8  -6.31940872e+03  7.36991976e+03  4.60e-14 2.12e-13  2.75e-02     2s
   9  -1.10632803e+03  1.17559721e+03  1.27e-14 2.84e-14  4.59e-03     2s
  10  -2.25446520e+02  2.71340372e+02  4.32e-15 4.26e-14  9.99e-04     2s
  11  -7.91159278e+01  1.11684600e+02  1.71e-15 2.84e-14  3.84e-04     2s
  12  -2.16700651e+01  3.98626144e+01  8.58e-16 2.84e-14  1.24e-04     2s
  13  -4.68669958e+00  1.76235324e+01  2.66e-16 2.84e-14  4.49e-05     2s
  14  -6.84642824e-01  1.43791328e+01  1.54e-16 2.84e-14  3.03e-05     3s
  15   9.57683390e-01  1.31571640e+01  1.56e-16 2.84e-14  2.45e-05     3s
  16   3.96729073e+00  1.10169396e+01  7.05e-17 2.84e-14  1.42e-05     3s
  17   5.02057544e+00  1.03544863e+01  7.98e-17 1.42e-14  1.07e-05     3s
  18   6.11024385e+00  9.75324862e+00  1.66e-15 2.84e-14  7.33e-06     3s
  19   6.88641265e+00  9.32367489e+00  6.95e-16 2.84e-14  4.90e-06     3s
  20   7.19506204e+00  9.14895665e+00  5.21e-16 2.84e-14  3.93e-06     3s
  21   7.42737431e+00  9.01925570e+00  4.31e-16 2.84e-14  3.20e-06     3s
  22   7.71620430e+00  8.87719457e+00  2.14e-16 2.84e-14  2.34e-06     3s
  23   8.14314630e+00  8.67096962e+00  1.27e-15 2.84e-14  1.06e-06     3s
  24   8.22360779e+00  8.63557965e+00  8.38e-16 2.84e-14  8.29e-07     3s
  25   8.39825437e+00  8.56212557e+00  1.46e-15 2.84e-14  3.30e-07     4s
  26   8.42809326e+00  8.55037234e+00  8.98e-16 2.84e-14  2.46e-07     4s
  27   8.47586269e+00  8.53188723e+00  1.03e-15 4.26e-14  1.13e-07     4s
  28   8.50231835e+00  8.52220023e+00  9.77e-16 2.84e-14  4.00e-08     4s
  29   8.51089940e+00  8.51915604e+00  4.34e-16 2.84e-14  1.66e-08     4s
  30   8.51135282e+00  8.51899741e+00  3.09e-16 2.84e-14  1.54e-08     4s
  31   8.51472992e+00  8.51781575e+00  6.94e-16 2.84e-14  6.21e-09     4s
  32   8.51658959e+00  8.51716735e+00  1.18e-15 5.68e-14  1.16e-09     4s
  33   8.51696392e+00  8.51703707e+00  1.89e-15 2.84e-14  1.47e-10     4s
  34   8.51701740e+00  8.51701846e+00  3.25e-15 2.84e-14  2.13e-12     4s
  35   8.51701818e+00  8.51701818e+00  2.78e-15 4.26e-14  2.20e-15     5s
  36   8.51701818e+00  8.51701818e+00  1.30e-14 2.84e-14  2.81e-18     5s

Barrier solved model in 36 iterations and 4.65 seconds (3.86 work units)
Optimal objective 8.51701818e+00

objective value: 8.517018183960026
Done! Time elapsed: 26.711177110671997 seconds.
g_0_1: 1.0183805945561515
g_1_1: 1.0204629205754165
g_1_2: 1.0603260731699105
g_2_1: 1.0266969301798632
g_2_2: 1.0797906098623715
g_2_3: 1.0268685259421428
g_2_4: 1.0804323281993453
Parameters from last iteration: [0.707 0.707 0.174 0.707 0.174 0.707 0.174]

Parameters from current iteration:
                [0.71999508 0.72146728 0.18449674 0.72587473 0.18788357 0.72599605
 0.18799523]


                Percentage Error = 0.08043232819934525
                
Optimization Iteration[2/20000]

Solving the optimization problem...
Set parameter TokenServer to value "licenses.rcc.uchicago.edu"
Read LP format model from file /scratch/local/jobs/50330029/tmpvo4l125_.pyomo.lp
Reading time = 1.36 seconds
x1: 258121 rows, 502401 columns, 1259970 nonzeros
Set parameter Threads to value 8
Set parameter BarConvTol to value 1e-12
Gurobi Optimizer version 11.0.0 build v11.0.0rc2 (linux64 - "CentOS Linux 8")

CPU model: Intel(R) Xeon(R) Gold 6248R CPU @ 3.00GHz, instruction set [SSE2|AVX|AVX2|AVX512]
Thread count: 48 physical cores, 48 logical processors, using up to 8 threads

Optimize a model with 258121 rows, 502401 columns and 1259970 nonzeros
Model fingerprint: 0x28ba7bda
Model has 3166 quadratic objective terms
Coefficient statistics:
  Matrix range     [1e+00, 1e+03]
  Objective range  [2e-06, 1e+02]
  QObjective range [5e-01, 3e+03]
  Bounds range     [3e-04, 1e+00]
  RHS range        [6e-07, 5e+00]
Presolve removed 131481 rows and 128813 columns
Presolve time: 0.58s
Presolved: 126640 rows, 373588 columns, 743932 nonzeros
Presolved model has 3166 quadratic objective terms
Ordering time: 0.16s

Barrier statistics:
 AA' NZ     : 3.709e+05
 Factor NZ  : 3.905e+06 (roughly 230 MB of memory)
 Factor Ops : 2.623e+08 (less than 1 second per iteration)
 Threads    : 8

                  Objective                Residual
Iter       Primal          Dual         Primal    Dual     Compl     Time
   0  -1.21270254e+09  8.62266914e+08  7.80e+04 1.13e-13  1.00e+06     1s
   1  -5.31426070e+08  4.64016945e+08  1.51e+04 1.43e+02  1.98e+05     1s
   2  -2.37174023e+08  2.36870822e+08  1.89e+02 4.11e-01  3.47e+03     1s
   3  -5.57359831e+07  5.63327152e+07  1.57e+00 1.43e-12  2.43e+02     1s
   4  -1.04819656e+07  1.10862704e+07  1.28e-01 4.85e-12  4.45e+01     1s
   5  -1.84985430e+06  2.05555731e+06  8.14e-03 1.20e-12  7.89e+00     2s
   6  -2.71435175e+05  3.15703035e+05  8.14e-09 7.77e-13  1.18e+00     2s
   7  -4.09469221e+04  5.09131541e+04  8.32e-14 6.06e-13  1.85e-01     2s
   8  -6.30238601e+03  7.36458268e+03  3.18e-14 1.93e-13  2.75e-02     2s
   9  -1.10265150e+03  1.17090866e+03  1.28e-14 2.84e-14  4.57e-03     2s
  10  -2.20799615e+02  2.68439809e+02  5.10e-15 2.84e-14  9.84e-04     2s
  11  -7.77880569e+01  1.10030550e+02  1.82e-15 4.26e-14  3.78e-04     2s
  12  -2.15698832e+01  3.92362506e+01  9.78e-16 2.13e-14  1.22e-04     2s
  13  -7.09385275e+00  2.07346777e+01  4.90e-16 2.84e-14  5.60e-05     2s
  14  -8.39210315e-01  1.54462916e+01  3.04e-16 2.84e-14  3.28e-05     3s
  15   2.41546819e+00  1.25490093e+01  1.41e-16 2.84e-14  2.04e-05     3s
  16   4.62299888e+00  1.08312980e+01  1.23e-16 2.84e-14  1.25e-05     3s
  17   5.88986574e+00  9.93421649e+00  5.98e-17 1.42e-14  8.14e-06     3s
  18   6.56058877e+00  9.53509768e+00  8.50e-17 2.84e-14  5.98e-06     3s
  19   6.85468525e+00  9.35297930e+00  5.81e-17 2.84e-14  5.03e-06     3s
  20   7.29057137e+00  9.10714628e+00  7.58e-17 1.42e-14  3.65e-06     3s
  21   7.55813261e+00  8.95482810e+00  1.11e-16 2.84e-14  2.81e-06     3s
  22   7.87725392e+00  8.79572888e+00  2.12e-16 2.84e-14  1.85e-06     3s
  23   8.12699236e+00  8.67584994e+00  5.44e-16 4.26e-14  1.10e-06     3s
  24   8.20528754e+00  8.64116932e+00  6.64e-16 2.84e-14  8.77e-07     3s
  25   8.40468822e+00  8.55791570e+00  3.86e-16 2.84e-14  3.08e-07     4s
  26   8.43458413e+00  8.54591047e+00  8.96e-17 2.84e-14  2.24e-07     4s
  27   8.47831525e+00  8.52896625e+00  3.84e-16 2.84e-14  1.02e-07     4s
  28   8.49774516e+00  8.52163345e+00  1.00e-15 2.84e-14  4.81e-08     4s
  29   8.50684061e+00  8.51842679e+00  8.27e-16 4.26e-14  2.33e-08     4s
  30   8.51151421e+00  8.51678784e+00  4.04e-16 2.84e-14  1.06e-08     4s
  31   8.51417441e+00  8.51585887e+00  6.77e-16 3.55e-14  3.39e-09     4s
  32   8.51533694e+00  8.51545427e+00  2.45e-15 2.84e-14  2.36e-10     4s
  33   8.51542256e+00  8.51542447e+00  3.55e-15 4.26e-14  3.86e-12     4s
  34   8.51542398e+00  8.51542398e+00  9.91e-16 4.26e-14  4.21e-15     4s
  35   8.51542398e+00  8.51542398e+00  7.01e-15 2.84e-14  9.10e-18     5s

Barrier solved model in 35 iterations and 4.53 seconds (3.76 work units)
Optimal objective 8.51542398e+00

objective value: 8.515423979076179
Done! Time elapsed: 25.1214120388031 seconds.
g_0_1: 1.0183755503752479
g_1_1: 1.0204539278117415
g_1_2: 1.0602983598855293
g_2_1: 1.0266798893063505
g_2_2: 1.0797313131646196
g_2_3: 1.0268564401350848
g_2_4: 1.0803742277674118
Parameters from last iteration: [0.71999508 0.72146728 0.18449674 0.72587473 0.18788357 0.72599605
 0.18799523]

Parameters from current iteration:
                [0.71999151 0.72146093 0.18449191 0.72586268 0.18787325 0.7259875
 0.18798512]


                Percentage Error = 5.49149966765719e-05
                
year done: 1
Time 2: 1
Optimization Iteration[1/20000]

Solving the optimization problem...
Set parameter TokenServer to value "licenses.rcc.uchicago.edu"
Read LP format model from file /scratch/local/jobs/50330029/tmpjpfikew9.pyomo.lp
Reading time = 1.35 seconds
x1: 258121 rows, 502401 columns, 1259970 nonzeros
Set parameter Threads to value 8
Set parameter BarConvTol to value 1e-12
Gurobi Optimizer version 11.0.0 build v11.0.0rc2 (linux64 - "CentOS Linux 8")

CPU model: Intel(R) Xeon(R) Gold 6248R CPU @ 3.00GHz, instruction set [SSE2|AVX|AVX2|AVX512]
Thread count: 48 physical cores, 48 logical processors, using up to 8 threads

Optimize a model with 258121 rows, 502401 columns and 1259970 nonzeros
Model fingerprint: 0x5bbb08c3
Model has 3166 quadratic objective terms
Coefficient statistics:
  Matrix range     [1e+00, 1e+03]
  Objective range  [2e-06, 1e+02]
  QObjective range [5e-01, 3e+03]
  Bounds range     [3e-04, 1e+00]
  RHS range        [8e-17, 5e+00]
Presolve removed 131481 rows and 128813 columns
Presolve time: 0.60s
Presolved: 126640 rows, 373588 columns, 743932 nonzeros
Presolved model has 3166 quadratic objective terms
Ordering time: 0.16s

Barrier statistics:
 AA' NZ     : 3.709e+05
 Factor NZ  : 3.905e+06 (roughly 230 MB of memory)
 Factor Ops : 2.623e+08 (less than 1 second per iteration)
 Threads    : 8

                  Objective                Residual
Iter       Primal          Dual         Primal    Dual     Compl     Time
   0  -1.21270047e+09  8.62264858e+08  7.80e+04 1.14e-13  1.00e+06     1s
   1  -5.31422937e+08  4.64014779e+08  1.51e+04 1.43e+02  1.98e+05     1s
   2  -2.37172540e+08  2.36869271e+08  1.89e+02 4.11e-01  3.47e+03     1s
   3  -5.57332713e+07  5.63299893e+07  1.57e+00 1.68e-12  2.43e+02     1s
   4  -1.04708243e+07  1.10747002e+07  1.27e-01 5.46e-12  4.45e+01     1s
   5  -1.84789685e+06  2.05322637e+06  8.12e-03 1.13e-12  7.88e+00     2s
   6  -2.71285509e+05  3.16147671e+05  8.12e-09 7.68e-13  1.18e+00     2s
   7  -4.09463212e+04  5.10023472e+04  6.84e-14 6.80e-13  1.85e-01     2s
   8  -6.31189067e+03  7.41208468e+03  3.85e-14 2.00e-13  2.76e-02     2s
   9  -1.04153477e+03  1.15836048e+03  1.06e-14 4.26e-14  4.43e-03     2s
  10  -2.01081637e+02  2.06954708e+02  6.92e-15 1.42e-14  8.21e-04     2s
  11  -6.84923010e+01  9.59711515e+01  1.53e-15 4.26e-14  3.31e-04     2s
  12  -1.72314033e+01  3.27824432e+01  5.98e-16 4.26e-14  1.01e-04     2s
  13  -1.57033325e+00  1.49838592e+01  2.86e-16 2.84e-14  3.33e-05     2s
  14   2.71769094e+00  1.20459974e+01  1.47e-16 2.84e-14  1.88e-05     3s
  15   4.94141534e+00  1.06900802e+01  1.03e-16 2.84e-14  1.16e-05     3s
  16   6.27817811e+00  1.00232337e+01  1.62e-16 2.84e-14  7.53e-06     3s
  17   7.61134555e+00  9.30286755e+00  2.48e-16 2.84e-14  3.40e-06     3s
  18   7.92903530e+00  9.15193507e+00  2.00e-16 2.84e-14  2.46e-06     3s
  19   8.35436165e+00  8.96755293e+00  2.56e-16 2.84e-14  1.23e-06     3s
  20   8.56942617e+00  8.87590015e+00  3.78e-16 2.84e-14  6.17e-07     3s
  21   8.67716245e+00  8.83164876e+00  6.33e-16 2.84e-14  3.11e-07     3s
  22   8.74894116e+00  8.80454978e+00  1.04e-15 2.84e-14  1.12e-07     3s
  23   8.77251349e+00  8.79573360e+00  6.51e-16 2.84e-14  4.67e-08     3s
  24   8.78436594e+00  8.79149834e+00  5.88e-16 5.68e-14  1.43e-08     3s
  25   8.78831676e+00  8.79010756e+00  1.19e-15 2.84e-14  3.60e-09     4s
  26   8.78955239e+00  8.78967700e+00  3.07e-15 2.84e-14  2.51e-10     4s
  27   8.78964405e+00  8.78964510e+00  4.50e-15 4.26e-14  2.10e-12     4s
  28   8.78964482e+00  8.78964483e+00  6.54e-15 2.84e-14  7.75e-15     4s
  29   8.78964483e+00  8.78964483e+00  6.81e-15 2.84e-14  1.46e-15     4s
  30   8.78964483e+00  8.78964483e+00  5.41e-15 2.84e-14  3.95e-16     4s
  31   8.78964483e+00  8.78964483e+00  4.52e-15 2.84e-14  1.54e-16     4s
  32   8.78964483e+00  8.78964483e+00  3.16e-15 2.84e-14  6.59e-17     4s

Barrier solved model in 32 iterations and 4.30 seconds (3.51 work units)
Optimal objective 8.78964483e+00

objective value: 8.789644827040215
Done! Time elapsed: 24.96858787536621 seconds.
g_0_1: 1.0152731227665708
g_1_1: 1.0169601611834125
g_1_2: 1.0496167656850657
g_2_1: 1.021780207837615
g_2_2: 1.0646101533306527
g_2_3: 1.0218966482006995
g_2_4: 1.0650203581010667
Parameters from last iteration: [0.71999151 0.72146093 0.18449191 0.72586268 0.18787325 0.7259875
 0.18798512]

Parameters from current iteration:
                [0.7177981  0.71899083 0.18263332 0.72239861 0.18524217 0.72248093
 0.18531354]


                Percentage Error = 0.014211621558276058
                
Optimization Iteration[2/20000]

Solving the optimization problem...
Set parameter TokenServer to value "licenses.rcc.uchicago.edu"
Read LP format model from file /scratch/local/jobs/50330029/tmpevkzseux.pyomo.lp
Reading time = 1.36 seconds
x1: 258121 rows, 502401 columns, 1259970 nonzeros
Set parameter Threads to value 8
Set parameter BarConvTol to value 1e-12
Gurobi Optimizer version 11.0.0 build v11.0.0rc2 (linux64 - "CentOS Linux 8")

CPU model: Intel(R) Xeon(R) Gold 6248R CPU @ 3.00GHz, instruction set [SSE2|AVX|AVX2|AVX512]
Thread count: 48 physical cores, 48 logical processors, using up to 8 threads

Optimize a model with 258121 rows, 502401 columns and 1259970 nonzeros
Model fingerprint: 0x26e8527d
Model has 3166 quadratic objective terms
Coefficient statistics:
  Matrix range     [1e+00, 1e+03]
  Objective range  [2e-06, 1e+02]
  QObjective range [5e-01, 3e+03]
  Bounds range     [3e-04, 1e+00]
  RHS range        [8e-17, 5e+00]
Presolve removed 131481 rows and 128813 columns
Presolve time: 0.58s
Presolved: 126640 rows, 373588 columns, 743932 nonzeros
Presolved model has 3166 quadratic objective terms
Ordering time: 0.17s

Barrier statistics:
 AA' NZ     : 3.709e+05
 Factor NZ  : 3.905e+06 (roughly 230 MB of memory)
 Factor Ops : 2.623e+08 (less than 1 second per iteration)
 Threads    : 8

                  Objective                Residual
Iter       Primal          Dual         Primal    Dual     Compl     Time
   0  -1.21390540e+09  8.63473994e+08  7.80e+04 1.13e-13  1.00e+06     1s
   1  -5.30126638e+08  4.63218587e+08  1.50e+04 1.41e+02  1.96e+05     1s
   2  -2.35814245e+08  2.35514229e+08  1.88e+02 4.48e-01  3.44e+03     1s
   3  -5.54321688e+07  5.60278274e+07  1.56e+00 1.46e-12  2.42e+02     1s
   4  -1.04126069e+07  1.10148267e+07  1.27e-01 4.15e-12  4.42e+01     1s
   5  -1.83616502e+06  2.04028802e+06  8.05e-03 1.22e-12  7.83e+00     2s
   6  -2.69590740e+05  3.14280809e+05  8.05e-09 2.10e-12  1.17e+00     2s
   7  -4.06937961e+04  5.06880194e+04  8.11e-14 7.73e-13  1.84e-01     2s
   8  -6.27511024e+03  7.37284520e+03  3.16e-14 1.95e-13  2.75e-02     2s
   9  -1.03573728e+03  1.15094019e+03  1.15e-14 5.68e-14  4.40e-03     2s
  10  -2.01489584e+02  2.07667767e+02  4.85e-15 2.84e-14  8.23e-04     2s
  11  -6.84882895e+01  9.57947824e+01  1.94e-15 2.84e-14  3.31e-04     2s
  12  -1.72120919e+01  3.27589840e+01  8.25e-16 2.84e-14  1.01e-04     2s
  13  -1.54729696e+00  1.49595353e+01  2.68e-16 2.84e-14  3.32e-05     2s
  14   2.73388551e+00  1.20313123e+01  1.28e-16 2.84e-14  1.87e-05     3s
  15   4.94864443e+00  1.06839997e+01  9.63e-17 1.42e-14  1.15e-05     3s
  16   6.27005270e+00  1.00277881e+01  6.89e-17 2.84e-14  7.56e-06     3s
  17   7.58599060e+00  9.31634233e+00  8.26e-17 2.84e-14  3.48e-06     3s
  18   7.99326873e+00  9.12269480e+00  2.21e-16 2.84e-14  2.27e-06     3s
  19   8.38830518e+00  8.95277192e+00  1.72e-16 2.84e-14  1.14e-06     3s
  20   8.59829817e+00  8.86430599e+00  9.52e-16 2.84e-14  5.35e-07     3s
  21   8.67591391e+00  8.83267363e+00  1.50e-16 2.84e-14  3.15e-07     3s
  22   8.75033886e+00  8.80439921e+00  2.93e-15 2.84e-14  1.09e-07     3s
  23   8.76545201e+00  8.79866682e+00  1.39e-15 2.84e-14  6.68e-08     3s
  24   8.78298997e+00  8.79231410e+00  2.74e-15 2.84e-14  1.88e-08     3s
  25   8.78845012e+00  8.79037608e+00  9.94e-16 2.84e-14  3.87e-09     4s
  26   8.78972115e+00  8.78993274e+00  3.57e-15 2.84e-14  4.26e-10     4s
  27   8.78987586e+00  8.78987892e+00  2.52e-15 5.68e-14  6.15e-12     4s
  28   8.78987812e+00  8.78987813e+00  1.97e-14 2.84e-14  1.22e-14     4s
  29   8.78987813e+00  8.78987813e+00  1.65e-14 2.84e-14  1.38e-15     4s
  30   8.78987813e+00  8.78987813e+00  8.46e-15 4.26e-14  4.09e-16     4s
  31   8.78987813e+00  8.78987813e+00  4.07e-15 2.84e-14  1.64e-16     4s
  32   8.78987813e+00  8.78987813e+00  4.45e-15 3.55e-14  7.07e-17     4s

Barrier solved model in 32 iterations and 4.28 seconds (3.51 work units)
Optimal objective 8.78987813e+00

objective value: 8.789878126943764
Done! Time elapsed: 24.992496490478516 seconds.
g_0_1: 1.0152735527883456
g_1_1: 1.0169611233352047
g_1_2: 1.0496203112760096
g_2_1: 1.0217820890675877
g_2_2: 1.0646176267419873
g_2_3: 1.0218997072855864
g_2_4: 1.0650273859547181
Parameters from last iteration: [0.7177981  0.71899083 0.18263332 0.72239861 0.18524217 0.72248093
 0.18531354]

Parameters from current iteration:
                [0.7177984  0.71899151 0.18263393 0.72239994 0.18524347 0.72248309
 0.18531477]


                Percentage Error = 7.019857279514345e-06
                
year done: 2
Results for pe =  26.1
all done
MPC-HMC child ends Sun May 31 22:02:52 2026
MPC-HMC child elapsed time: 0 days 00 hr 03 min 27 sec

Program ends Sun May 31 22:02:52 CDT 2026
Exit code: 0
Elapsed time: 210 seconds
