Command: /project/lhansen/HMC_rep26_robust_mac/amazon-carbon-prices/.venv/bin/python pysrc/scripts/run_mpc_hmc_job.py --id 997 --xi 0.5 --b 25 --trig 0 --type unconstrained --stop-after-year 2
Working directory: /project/lhansen/HMC_rep26_robust_mac/amazon-carbon-prices
Program starts Sun May 31 21:59:22 CDT 2026

Running MPC-HMC job: xi=0.5 pe=31.1 id=997 trig=0 type=unconstrained
MPC-HMC command: /project/lhansen/HMC_rep26_robust_mac/amazon-carbon-prices/.venv/bin/python -u pysrc/mpc/mpc_hmc.py --id 997 --pe 31.1 --xi 0.5 --trig 0 --type unconstrained --stop-after-year 2
MPC-HMC child starts Sun May 31 21:59:24 2026
unconstrained price used
Stopping MPC loop after year done: 2
Time 1: 1
Optimization Iteration[1/20000]

Solving the optimization problem...
Set parameter TokenServer to value "licenses.rcc.uchicago.edu"
Read LP format model from file /scratch/local/jobs/50330030/tmpuujav_1_.pyomo.lp
Reading time = 1.35 seconds
x1: 258121 rows, 502401 columns, 1259970 nonzeros
Set parameter Threads to value 8
Set parameter BarConvTol to value 1e-12
Gurobi Optimizer version 11.0.0 build v11.0.0rc2 (linux64 - "CentOS Linux 8")

CPU model: Intel(R) Xeon(R) Gold 6248R CPU @ 3.00GHz, instruction set [SSE2|AVX|AVX2|AVX512]
Thread count: 48 physical cores, 48 logical processors, using up to 8 threads

Optimize a model with 258121 rows, 502401 columns and 1259970 nonzeros
Model fingerprint: 0x2fcac016
Model has 3166 quadratic objective terms
Coefficient statistics:
  Matrix range     [1e+00, 1e+03]
  Objective range  [3e-06, 1e+02]
  QObjective range [6e-01, 3e+03]
  Bounds range     [3e-04, 1e+00]
  RHS range        [6e-07, 5e+00]
Presolve removed 131481 rows and 128813 columns
Presolve time: 0.61s
Presolved: 126640 rows, 373588 columns, 743932 nonzeros
Presolved model has 3166 quadratic objective terms
Ordering time: 0.16s

Barrier statistics:
 AA' NZ     : 3.709e+05
 Factor NZ  : 3.905e+06 (roughly 230 MB of memory)
 Factor Ops : 2.623e+08 (less than 1 second per iteration)
 Threads    : 8

                  Objective                Residual
Iter       Primal          Dual         Primal    Dual     Compl     Time
   0  -1.28100270e+09  8.62553907e+08  7.80e+04 1.13e-13  1.00e+06     1s
   1  -5.42939217e+08  4.62079753e+08  1.51e+04 1.42e+02  1.98e+05     1s
   2  -2.36498685e+08  2.36000800e+08  1.91e+02 7.07e-01  3.48e+03     1s
   3  -5.58528405e+07  5.64370054e+07  1.58e+00 1.45e-12  2.44e+02     1s
   4  -1.05076140e+07  1.11073545e+07  1.28e-01 4.27e-12  4.46e+01     2s
   5  -1.85571863e+06  2.05996935e+06  8.20e-03 1.02e-12  7.91e+00     2s
   6  -2.72617465e+05  3.16561310e+05  8.20e-09 8.79e-13  1.19e+00     2s
   7  -4.12746041e+04  5.12313271e+04  9.42e-14 5.82e-13  1.86e-01     2s
   8  -6.39224792e+03  7.35981266e+03  3.39e-14 1.82e-13  2.77e-02     2s
   9  -1.23543453e+03  1.16288311e+03  1.14e-14 5.68e-14  4.82e-03     2s
  10  -2.69897006e+02  3.38793021e+02  4.76e-15 4.26e-14  1.22e-03     2s
  11  -1.03839519e+02  1.68434320e+02  1.52e-15 4.26e-14  5.48e-04     2s
  12  -2.39678981e+01  3.91219285e+01  8.25e-16 2.84e-14  1.27e-04     2s
  13  -5.87400142e+00  2.06962293e+01  2.76e-16 5.68e-14  5.35e-05     3s
  14  -3.58340208e-01  1.64760031e+01  1.95e-16 2.84e-14  3.39e-05     3s
  15   2.51886055e+00  1.44684384e+01  2.63e-16 2.84e-14  2.40e-05     3s
  16   4.99792969e+00  1.28678569e+01  2.14e-16 2.84e-14  1.58e-05     3s
  17   6.13548824e+00  1.21908548e+01  9.97e-17 2.84e-14  1.22e-05     3s
  18   7.13643471e+00  1.16238522e+01  1.80e-16 2.84e-14  9.03e-06     3s
  19   7.86614675e+00  1.12316268e+01  1.15e-15 2.84e-14  6.77e-06     3s
  20   8.59534718e+00  1.08600317e+01  8.44e-16 4.26e-14  4.56e-06     3s
  21   9.08125172e+00  1.06247820e+01  3.59e-16 4.26e-14  3.11e-06     3s
  22   9.30963906e+00  1.05181842e+01  2.16e-16 2.84e-14  2.43e-06     3s
  23   9.56441731e+00  1.04072482e+01  2.37e-16 4.26e-14  1.70e-06     3s
  24   9.71255224e+00  1.03414616e+01  1.76e-16 2.84e-14  1.27e-06     3s
  25   9.90851753e+00  1.02591207e+01  2.10e-16 2.84e-14  7.05e-07     4s
  26   9.94871273e+00  1.02418740e+01  1.05e-16 4.26e-14  5.90e-07     4s
  27   1.00526159e+01  1.02017554e+01  2.10e-16 2.13e-14  3.00e-07     4s
  28   1.00923207e+01  1.01866306e+01  1.22e-15 2.84e-14  1.90e-07     4s
  29   1.01262752e+01  1.01741312e+01  1.94e-15 4.26e-14  9.63e-08     4s
  30   1.01485346e+01  1.01660173e+01  1.56e-15 2.84e-14  3.52e-08     4s
  31   1.01543847e+01  1.01639683e+01  1.22e-15 4.26e-14  1.93e-08     4s
  32   1.01579904e+01  1.01627150e+01  1.20e-15 2.84e-14  9.51e-09     4s
  33   1.01610975e+01  1.01616386e+01  8.15e-16 4.26e-14  1.09e-09     4s
  34   1.01614946e+01  1.01615014e+01  2.16e-15 5.68e-14  1.36e-11     4s
  35   1.01614994e+01  1.01614997e+01  1.01e-14 2.84e-14  6.09e-13     5s
  36   1.01614997e+01  1.01614997e+01  1.77e-15 7.11e-14  6.11e-16     5s
  37   1.01614997e+01  1.01614997e+01  5.82e-16 3.55e-14  6.11e-19     5s

Barrier solved model in 37 iterations and 4.73 seconds (3.91 work units)
Optimal objective 1.01614997e+01

objective value: 10.161499650661446
Done! Time elapsed: 26.85261082649231 seconds.
g_0_1: 1.0137977501461126
g_1_1: 1.0127516777734658
g_1_2: 1.0371492173416528
g_2_1: 1.012901984330205
g_2_2: 1.0379699226468198
g_2_3: 1.013079876471921
g_2_4: 1.0384657424025663
Parameters from last iteration: [0.707 0.707 0.174 0.707 0.174 0.707 0.174]

Parameters from current iteration:
                [0.71675501 0.71601544 0.18046396 0.7161217  0.18060677 0.71624747
 0.18069304]


                Percentage Error = 0.038465742402566276
                
Optimization Iteration[2/20000]

Solving the optimization problem...
Set parameter TokenServer to value "licenses.rcc.uchicago.edu"
Read LP format model from file /scratch/local/jobs/50330030/tmppkv4_9cd.pyomo.lp
Reading time = 1.34 seconds
x1: 258121 rows, 502401 columns, 1259970 nonzeros
Set parameter Threads to value 8
Set parameter BarConvTol to value 1e-12
Gurobi Optimizer version 11.0.0 build v11.0.0rc2 (linux64 - "CentOS Linux 8")

CPU model: Intel(R) Xeon(R) Gold 6248R CPU @ 3.00GHz, instruction set [SSE2|AVX|AVX2|AVX512]
Thread count: 48 physical cores, 48 logical processors, using up to 8 threads

Optimize a model with 258121 rows, 502401 columns and 1259970 nonzeros
Model fingerprint: 0x94bd5b61
Model has 3166 quadratic objective terms
Coefficient statistics:
  Matrix range     [1e+00, 1e+03]
  Objective range  [3e-06, 1e+02]
  QObjective range [5e-01, 3e+03]
  Bounds range     [3e-04, 1e+00]
  RHS range        [6e-07, 5e+00]
Presolve removed 131481 rows and 128813 columns
Presolve time: 0.57s
Presolved: 126640 rows, 373588 columns, 743932 nonzeros
Presolved model has 3166 quadratic objective terms
Ordering time: 0.16s

Barrier statistics:
 AA' NZ     : 3.709e+05
 Factor NZ  : 3.905e+06 (roughly 230 MB of memory)
 Factor Ops : 2.623e+08 (less than 1 second per iteration)
 Threads    : 8

                  Objective                Residual
Iter       Primal          Dual         Primal    Dual     Compl     Time
   0  -1.28169618e+09  8.63234440e+08  7.80e+04 1.14e-13  1.00e+06     1s
   1  -5.44880340e+08  4.63984571e+08  1.51e+04 1.43e+02  1.98e+05     1s
   2  -2.37756895e+08  2.37260864e+08  1.90e+02 5.99e-01  3.49e+03     1s
   3  -5.59807586e+07  5.65653792e+07  1.58e+00 1.38e-12  2.44e+02     1s
   4  -1.05342610e+07  1.11344007e+07  1.28e-01 4.86e-12  4.47e+01     1s
   5  -1.86118244e+06  2.06585297e+06  8.22e-03 1.18e-12  7.93e+00     2s
   6  -2.73402644e+05  3.17435069e+05  8.22e-09 1.86e-12  1.19e+00     2s
   7  -4.13810261e+04  5.13232266e+04  8.11e-14 6.93e-13  1.87e-01     2s
   8  -6.40811644e+03  7.38251075e+03  4.38e-14 2.17e-13  2.77e-02     2s
   9  -1.23768537e+03  1.16616806e+03  9.94e-15 2.84e-14  4.84e-03     2s
  10  -2.68002645e+02  3.38990170e+02  5.03e-15 9.95e-14  1.22e-03     2s
  11  -1.03693550e+02  1.68748196e+02  2.53e-15 2.84e-14  5.48e-04     2s
  12  -2.36353168e+01  3.85113894e+01  1.03e-15 4.26e-14  1.25e-04     2s
  13  -5.38744037e+00  2.02190121e+01  3.73e-16 5.68e-14  5.15e-05     2s
  14  -3.72295177e-02  1.62346573e+01  2.23e-16 2.84e-14  3.27e-05     3s
  15   2.59197595e+00  1.44154406e+01  5.56e-16 2.84e-14  2.38e-05     3s
  16   5.00057137e+00  1.28649214e+01  5.56e-16 4.26e-14  1.58e-05     3s
  17   6.23922568e+00  1.21300436e+01  2.85e-16 4.26e-14  1.19e-05     3s
  18   7.11634129e+00  1.16353058e+01  2.18e-16 2.84e-14  9.09e-06     3s
  19   7.91949895e+00  1.12034264e+01  1.13e-15 2.84e-14  6.61e-06     3s
  20   8.65442883e+00  1.08297277e+01  8.62e-16 2.84e-14  4.38e-06     3s
  21   9.11857553e+00  1.06068531e+01  6.00e-16 2.84e-14  2.99e-06     3s
  22   9.33609232e+00  1.05058341e+01  3.95e-16 2.84e-14  2.35e-06     3s
  23   9.57836040e+00  1.04001740e+01  3.38e-16 2.84e-14  1.65e-06     3s
  24   9.72291995e+00  1.03361014e+01  2.38e-16 2.84e-14  1.23e-06     3s
  25   9.90701440e+00  1.02587851e+01  3.48e-16 4.26e-14  7.08e-07     3s
  26   9.98235502e+00  1.02283505e+01  3.41e-16 2.84e-14  4.95e-07     4s
  27   1.00723238e+01  1.01933777e+01  5.71e-16 4.26e-14  2.44e-07     4s
  28   1.01143736e+01  1.01775472e+01  1.71e-15 2.84e-14  1.27e-07     4s
  29   1.01283787e+01  1.01724672e+01  9.01e-16 2.84e-14  8.87e-08     4s
  30   1.01503091e+01  1.01646425e+01  2.31e-15 2.84e-14  2.88e-08     4s
  31   1.01554064e+01  1.01628484e+01  5.78e-16 2.84e-14  1.50e-08     4s
  32   1.01570770e+01  1.01622649e+01  3.35e-16 2.84e-14  1.04e-08     4s
  33   1.01604092e+01  1.01611067e+01  1.90e-15 5.68e-14  1.40e-09     4s
  34   1.01608966e+01  1.01609380e+01  1.54e-15 4.26e-14  8.33e-11     4s
  35   1.01609271e+01  1.01609275e+01  2.11e-15 4.26e-14  7.53e-13     4s
  36   1.01609274e+01  1.01609274e+01  4.07e-16 7.11e-14  7.53e-16     5s
  37   1.01609274e+01  1.01609274e+01  1.09e-15 5.68e-14  7.53e-19     5s

Barrier solved model in 37 iterations and 4.67 seconds (3.90 work units)
Optimal objective 1.01609274e+01

objective value: 10.160927362986682
Done! Time elapsed: 25.04368543624878 seconds.
g_0_1: 1.0137952582303202
g_1_1: 1.0127466816379909
g_1_2: 1.0371343938628061
g_2_1: 1.0128910592639633
g_2_2: 1.0379537085749513
g_2_3: 1.0130691935279725
g_2_4: 1.038437586402319
Parameters from last iteration: [0.71675501 0.71601544 0.18046396 0.7161217  0.18060677 0.71624747
 0.18069304]

Parameters from current iteration:
                [0.71675325 0.7160119  0.18046138 0.71611398 0.18060395 0.71623992
 0.18068814]


                Percentage Error = 2.711307566310159e-05
                
year done: 1
Time 2: 1
Optimization Iteration[1/20000]

Solving the optimization problem...
Set parameter TokenServer to value "licenses.rcc.uchicago.edu"
Read LP format model from file /scratch/local/jobs/50330030/tmp74q7u7l6.pyomo.lp
Reading time = 1.35 seconds
x1: 258121 rows, 502401 columns, 1259970 nonzeros
Set parameter Threads to value 8
Set parameter BarConvTol to value 1e-12
Gurobi Optimizer version 11.0.0 build v11.0.0rc2 (linux64 - "CentOS Linux 8")

CPU model: Intel(R) Xeon(R) Gold 6248R CPU @ 3.00GHz, instruction set [SSE2|AVX|AVX2|AVX512]
Thread count: 48 physical cores, 48 logical processors, using up to 8 threads

Optimize a model with 258121 rows, 502401 columns and 1259970 nonzeros
Model fingerprint: 0x4fc6970e
Model has 3166 quadratic objective terms
Coefficient statistics:
  Matrix range     [1e+00, 1e+03]
  Objective range  [3e-06, 1e+02]
  QObjective range [5e-01, 3e+03]
  Bounds range     [3e-04, 1e+00]
  RHS range        [6e-18, 5e+00]
Presolve removed 131481 rows and 128813 columns
Presolve time: 0.58s
Presolved: 126640 rows, 373588 columns, 743932 nonzeros
Presolved model has 3166 quadratic objective terms
Ordering time: 0.16s

Barrier statistics:
 AA' NZ     : 3.709e+05
 Factor NZ  : 3.905e+06 (roughly 230 MB of memory)
 Factor Ops : 2.623e+08 (less than 1 second per iteration)
 Threads    : 8

                  Objective                Residual
Iter       Primal          Dual         Primal    Dual     Compl     Time
   0  -1.28169679e+09  8.63235065e+08  7.80e+04 1.14e-13  1.00e+06     1s
   1  -5.44877185e+08  4.63982650e+08  1.51e+04 1.43e+02  1.98e+05     1s
   2  -2.37754399e+08  2.37258294e+08  1.90e+02 5.99e-01  3.49e+03     1s
   3  -5.59775530e+07  5.65621614e+07  1.58e+00 1.44e-12  2.44e+02     1s
   4  -1.05217354e+07  1.11213977e+07  1.28e-01 4.00e-12  4.47e+01     1s
   5  -1.85898604e+06  2.06323730e+06  8.19e-03 1.27e-12  7.92e+00     2s
   6  -2.73235762e+05  3.17938808e+05  8.19e-09 7.80e-13  1.19e+00     2s
   7  -4.13885948e+04  5.14701962e+04  1.10e-13 6.58e-13  1.87e-01     2s
   8  -6.41879056e+03  7.42862111e+03  3.60e-14 2.01e-13  2.79e-02     2s
   9  -1.07186431e+03  1.16274680e+03  1.37e-14 5.68e-14  4.50e-03     2s
  10  -2.38177581e+02  1.98633271e+02  3.97e-15 2.84e-14  8.79e-04     2s
  11  -7.57364034e+01  1.01851419e+02  2.33e-15 2.84e-14  3.57e-04     2s
  12  -1.78094010e+01  3.48079330e+01  9.07e-16 2.84e-14  1.06e-04     2s
  13  -8.18980878e-01  1.88463953e+01  2.89e-16 2.84e-14  3.96e-05     2s
  14   4.72808292e+00  1.38036911e+01  1.16e-16 2.84e-14  1.83e-05     3s
  15   7.35587965e+00  1.20924116e+01  7.98e-17 2.84e-14  9.53e-06     3s
  16   8.75731642e+00  1.13083397e+01  1.53e-16 2.84e-14  5.13e-06     3s
  17   9.52988699e+00  1.09278238e+01  1.50e-16 2.84e-14  2.81e-06     3s
  18   1.00070995e+01  1.07132082e+01  4.20e-16 2.84e-14  1.42e-06     3s
  19   1.02508412e+01  1.06138464e+01  2.84e-16 2.84e-14  7.30e-07     3s
  20   1.03542342e+01  1.05736189e+01  3.05e-16 2.84e-14  4.41e-07     3s
  21   1.04327392e+01  1.05442959e+01  1.39e-15 2.84e-14  2.24e-07     3s
  22   1.04878780e+01  1.05242200e+01  3.75e-16 2.84e-14  7.31e-08     3s
  23   1.05094672e+01  1.05165634e+01  1.18e-15 2.84e-14  1.43e-08     3s
  24   1.05140400e+01  1.05149794e+01  1.71e-15 2.84e-14  1.89e-09     3s
  25   1.05147203e+01  1.05147445e+01  3.61e-15 2.84e-14  4.87e-11     4s
  26   1.05147382e+01  1.05147383e+01  3.02e-15 4.26e-14  1.63e-13     4s
  27   1.05147383e+01  1.05147383e+01  1.20e-13 5.68e-14  5.34e-16     4s
  28   1.05147383e+01  1.05147383e+01  1.01e-11 4.26e-14  7.73e-17     4s

Barrier solved model in 28 iterations and 3.91 seconds (3.21 work units)
Optimal objective 1.05147383e+01

objective value: 10.514738301737912
Done! Time elapsed: 24.455339670181274 seconds.
g_0_1: 1.0107083208659289
g_1_1: 1.009044908801464
g_1_2: 1.0264033184509602
g_2_1: 1.0085247692908224
g_2_2: 1.025064845772772
g_2_3: 1.0086550545585364
g_2_4: 1.025485037919385
Parameters from last iteration: [0.71675325 0.7160119  0.18046138 0.71611398 0.18060395 0.71623992
 0.18068814]

Parameters from current iteration:
                [0.71457078 0.71339475 0.17859418 0.71302701 0.17836128 0.71311912
 0.1784344 ]


                Percentage Error = 0.01247311215670486
                
Optimization Iteration[2/20000]

Solving the optimization problem...
Set parameter TokenServer to value "licenses.rcc.uchicago.edu"
Read LP format model from file /scratch/local/jobs/50330030/tmp9toh14b7.pyomo.lp
Reading time = 1.35 seconds
x1: 258121 rows, 502401 columns, 1259970 nonzeros
Set parameter Threads to value 8
Set parameter BarConvTol to value 1e-12
Gurobi Optimizer version 11.0.0 build v11.0.0rc2 (linux64 - "CentOS Linux 8")

CPU model: Intel(R) Xeon(R) Gold 6248R CPU @ 3.00GHz, instruction set [SSE2|AVX|AVX2|AVX512]
Thread count: 48 physical cores, 48 logical processors, using up to 8 threads

Optimize a model with 258121 rows, 502401 columns and 1259970 nonzeros
Model fingerprint: 0x31e1e778
Model has 3166 quadratic objective terms
Coefficient statistics:
  Matrix range     [1e+00, 1e+03]
  Objective range  [3e-06, 1e+02]
  QObjective range [5e-01, 3e+03]
  Bounds range     [3e-04, 1e+00]
  RHS range        [6e-18, 5e+00]
Presolve removed 131481 rows and 128813 columns
Presolve time: 0.55s
Presolved: 126640 rows, 373588 columns, 743932 nonzeros
Presolved model has 3166 quadratic objective terms
Ordering time: 0.16s

Barrier statistics:
 AA' NZ     : 3.709e+05
 Factor NZ  : 3.905e+06 (roughly 230 MB of memory)
 Factor Ops : 2.623e+08 (less than 1 second per iteration)
 Threads    : 8

                  Objective                Residual
Iter       Primal          Dual         Primal    Dual     Compl     Time
   0  -1.28128093e+09  8.62823111e+08  7.80e+04 1.14e-13  1.00e+06     1s
   1  -5.43415854e+08  4.62979897e+08  1.51e+04 1.42e+02  1.97e+05     1s
   2  -2.36662843e+08  2.36170054e+08  1.90e+02 6.39e-01  3.47e+03     1s
   3  -5.57149066e+07  5.62987072e+07  1.58e+00 1.44e-12  2.43e+02     1s
   4  -1.04638537e+07  1.10621953e+07  1.28e-01 5.15e-12  4.44e+01     1s
   5  -1.84755310e+06  2.05073464e+06  8.14e-03 1.33e-12  7.87e+00     2s
   6  -2.71579045e+05  3.16090870e+05  8.14e-09 7.86e-13  1.18e+00     2s
   7  -4.11458531e+04  5.11890351e+04  9.15e-14 7.62e-13  1.86e-01     2s
   8  -6.38217106e+03  7.38408096e+03  3.78e-14 2.32e-13  2.77e-02     2s
   9  -1.06618732e+03  1.15633129e+03  1.19e-14 5.68e-14  4.47e-03     2s
  10  -2.40467714e+02  1.89782557e+02  5.01e-15 2.84e-14  8.66e-04     2s
  11  -7.65620458e+01  1.04166090e+02  1.81e-15 5.68e-14  3.64e-04     2s
  12  -1.78285125e+01  3.49638497e+01  6.51e-16 2.84e-14  1.06e-04     2s
  13  -1.73549468e+00  1.97260303e+01  3.06e-16 2.84e-14  4.32e-05     2s
  14   4.50361723e+00  1.39910122e+01  1.36e-16 2.84e-14  1.91e-05     2s
  15   7.27384321e+00  1.21355635e+01  1.68e-16 2.84e-14  9.78e-06     3s
  16   8.71619162e+00  1.13256821e+01  1.15e-16 2.84e-14  5.25e-06     3s
  17   9.50682279e+00  1.09372707e+01  4.12e-16 2.84e-14  2.88e-06     3s
  18   9.99321277e+00  1.07186305e+01  3.81e-16 2.84e-14  1.46e-06     3s
  19   1.02457753e+01  1.06158107e+01  4.22e-16 3.02e-14  7.44e-07     3s
  20   1.03421203e+01  1.05783330e+01  1.46e-16 2.84e-14  4.75e-07     3s
  21   1.04283019e+01  1.05461540e+01  1.22e-15 2.84e-14  2.37e-07     3s
  22   1.04795753e+01  1.05273667e+01  1.08e-15 5.68e-14  9.61e-08     3s
  23   1.05108105e+01  1.05162546e+01  2.28e-15 2.84e-14  1.10e-08     3s
  24   1.05140364e+01  1.05151337e+01  1.10e-15 5.68e-14  2.21e-09     3s
  25   1.05148497e+01  1.05148526e+01  1.25e-15 5.68e-14  5.91e-12     3s
  26   1.05148519e+01  1.05148519e+01  2.00e-14 2.84e-14  1.98e-14     4s
  27   1.05148519e+01  1.05148519e+01  1.88e-12 4.26e-14  3.13e-16     4s
  28   1.05148519e+01  1.05148519e+01  1.09e-11 4.26e-14  6.43e-17     4s

Barrier solved model in 28 iterations and 3.85 seconds (3.21 work units)
Optimal objective 1.05148519e+01

objective value: 10.514851858981075
Done! Time elapsed: 24.357607126235962 seconds.
g_0_1: 1.0107089260578952
g_1_1: 1.0090464981272222
g_1_2: 1.0264054982565654
g_2_1: 1.0085264417089044
g_2_2: 1.025070891391745
g_2_3: 1.0086564282963302
g_2_4: 1.025485037765521
Parameters from last iteration: [0.71457078 0.71339475 0.17859418 0.71302701 0.17836128 0.71311912
 0.1784344 ]

Parameters from current iteration:
                [0.71457121 0.71339587 0.17859456 0.71302819 0.17836234 0.71312009
 0.1784344 ]


                Percentage Error = 5.897791732847308e-06
                
year done: 2
Results for pe =  31.1
all done
MPC-HMC child ends Sun May 31 22:02:51 2026
MPC-HMC child elapsed time: 0 days 00 hr 03 min 26 sec

Program ends Sun May 31 22:02:51 CDT 2026
Exit code: 0
Elapsed time: 209 seconds
