Command: /project/lhansen/HMC_rep26_robust_mac/amazon-carbon-prices/.venv/bin/python pysrc/scripts/run_mpc_hmc_job.py --id 998 --xi 0.5 --b 0 --trig 0 --type unconstrained --stop-after-year 2
Working directory: /project/lhansen/HMC_rep26_robust_mac/amazon-carbon-prices
Program starts Sun May 31 21:59:22 CDT 2026

Running MPC-HMC job: xi=0.5 pe=6.1 id=998 trig=0 type=unconstrained
MPC-HMC command: /project/lhansen/HMC_rep26_robust_mac/amazon-carbon-prices/.venv/bin/python -u pysrc/mpc/mpc_hmc.py --id 998 --pe 6.1 --xi 0.5 --trig 0 --type unconstrained --stop-after-year 2
MPC-HMC child starts Sun May 31 21:59:24 2026
unconstrained price used
Stopping MPC loop after year done: 2
Time 1: 2
Optimization Iteration[1/20000]

Solving the optimization problem...
Set parameter TokenServer to value "licenses.rcc.uchicago.edu"
Read LP format model from file /scratch/local/jobs/50330031/tmpyh_hv3d8.pyomo.lp
Reading time = 1.36 seconds
x1: 258121 rows, 502401 columns, 1259970 nonzeros
Set parameter Threads to value 8
Set parameter BarConvTol to value 1e-12
Gurobi Optimizer version 11.0.0 build v11.0.0rc2 (linux64 - "CentOS Linux 8")

CPU model: Intel(R) Xeon(R) Gold 6248R CPU @ 3.00GHz, instruction set [SSE2|AVX|AVX2|AVX512]
Thread count: 48 physical cores, 48 logical processors, using up to 8 threads

Optimize a model with 258121 rows, 502401 columns and 1259970 nonzeros
Model fingerprint: 0x5002a735
Model has 3166 quadratic objective terms
Coefficient statistics:
  Matrix range     [1e+00, 1e+03]
  Objective range  [2e-07, 2e+01]
  QObjective range [3e-01, 3e+03]
  Bounds range     [3e-04, 1e+00]
  RHS range        [6e-07, 5e+00]
Presolve removed 131481 rows and 128813 columns
Presolve time: 0.65s
Presolved: 126640 rows, 373588 columns, 743932 nonzeros
Presolved model has 3166 quadratic objective terms
Ordering time: 0.16s

Barrier statistics:
 AA' NZ     : 3.709e+05
 Factor NZ  : 3.905e+06 (roughly 230 MB of memory)
 Factor Ops : 2.623e+08 (less than 1 second per iteration)
 Threads    : 8

                  Objective                Residual
Iter       Primal          Dual         Primal    Dual     Compl     Time
   0  -9.41629238e+08  8.63517709e+08  7.80e+04 1.14e-13  1.00e+06     1s
   1  -5.24426159e+08  5.08002283e+08  1.69e+04 1.44e+02  2.23e+05     1s
   2  -2.81597127e+08  2.82016587e+08  2.13e+02 8.69e-01  3.96e+03     1s
   3  -6.55656166e+07  6.62114733e+07  1.79e+00 1.46e-12  2.85e+02     2s
   4  -1.25932470e+07  1.32410713e+07  1.55e-01 4.69e-12  5.34e+01     2s
   5  -2.28777904e+06  2.54174508e+06  1.15e-02 1.21e-12  9.77e+00     2s
   6  -3.32734898e+05  3.82945115e+05  1.15e-08 8.22e-13  1.44e+00     2s
   7  -4.93910212e+04  6.18116207e+04  9.06e-14 5.76e-13  2.24e-01     2s
   8  -7.33854756e+03  8.96731790e+03  3.49e-14 1.93e-13  3.28e-02     2s
   9  -1.11499967e+03  1.39114521e+03  2.33e-14 2.84e-14  5.04e-03     2s
  10  -1.91038884e+02  2.21673558e+02  5.18e-15 1.07e-14  8.30e-04     2s
  11  -4.49708785e+01  1.01639719e+02  2.44e-15 7.11e-15  2.95e-04     2s
  12  -6.84308006e+00  1.98891927e+01  8.55e-16 1.07e-14  5.38e-05     3s
  13  -1.53511969e-02  1.07531511e+01  4.70e-16 7.11e-15  2.17e-05     3s
  14   2.08779350e+00  7.99769229e+00  3.43e-16 1.07e-14  1.19e-05     3s
  15   3.31490189e+00  6.78952980e+00  1.16e-16 7.11e-15  6.99e-06     3s
  16   4.41848957e+00  5.58116251e+00  1.07e-16 7.11e-15  2.34e-06     3s
  17   4.73394472e+00  5.26731807e+00  1.12e-16 7.11e-15  1.07e-06     3s
  18   4.85074894e+00  5.17653189e+00  9.42e-17 7.11e-15  6.55e-07     3s
  19   4.93581493e+00  5.11716068e+00  2.09e-16 1.07e-14  3.65e-07     3s
  20   4.96353925e+00  5.09921174e+00  1.83e-16 1.07e-14  2.73e-07     3s
  21   4.98455866e+00  5.08574964e+00  2.47e-16 1.07e-14  2.04e-07     3s
  22   5.01851658e+00  5.06637046e+00  2.64e-16 1.07e-14  9.63e-08     4s
  23   5.03316311e+00  5.05795633e+00  3.09e-16 1.07e-14  4.99e-08     4s
  24   5.04055693e+00  5.05417720e+00  1.72e-16 7.11e-15  2.74e-08     4s
  25   5.04451926e+00  5.05224777e+00  2.27e-16 7.11e-15  1.55e-08     4s
  26   5.04657070e+00  5.05128945e+00  2.21e-16 1.07e-14  9.49e-09     4s
  27   5.04783352e+00  5.05071542e+00  1.13e-16 7.11e-15  5.80e-09     4s
  28   5.04880453e+00  5.05028297e+00  1.60e-16 1.07e-14  2.97e-09     4s
  29   5.04937464e+00  5.05003447e+00  3.10e-16 1.07e-14  1.33e-09     4s
  30   5.04959661e+00  5.04994022e+00  1.98e-16 1.07e-14  6.91e-10     4s
  31   5.04971680e+00  5.04988958e+00  3.73e-16 1.07e-14  3.48e-10     4s
  32   5.04979066e+00  5.04985849e+00  3.83e-16 1.07e-14  1.36e-10     4s
  33   5.04981260e+00  5.04984929e+00  4.75e-16 1.42e-14  7.38e-11     4s
  34   5.04982881e+00  5.04984253e+00  7.34e-16 1.07e-14  2.76e-11     4s
  35   5.04983543e+00  5.04983977e+00  6.75e-16 7.11e-15  8.73e-12     5s
  36   5.04983750e+00  5.04983891e+00  1.84e-15 1.42e-14  2.83e-12     5s
  37   5.04983843e+00  5.04983852e+00  2.79e-15 1.07e-14  1.72e-13     5s
  38   5.04983849e+00  5.04983849e+00  9.67e-15 1.07e-14  5.37e-15     5s
  39   5.04983849e+00  5.04983849e+00  8.50e-14 1.07e-14  4.02e-17     5s

Barrier solved model in 39 iterations and 4.85 seconds (4.31 work units)
Optimal objective 5.04983849e+00

objective value: 5.0498384932449305
Done! Time elapsed: 26.724730491638184 seconds.
g_0_1: 1.6958855263809
g_1_1: 1.2653605362348155
g_1_2: 2.4479944445544923
g_2_1: 1.3907623410785799
g_2_2: 4.815916035773251
g_2_3: 1.3908738865219281
g_2_4: 4.81953677151032
Parameters from last iteration: [0.174 0.707 0.174 0.707 0.174 0.707 0.174]

Parameters from current iteration:
                [0.29508408 0.8946099  0.42595103 0.98326898 0.83796939 0.98334784
 0.8385994 ]


                Percentage Error = 3.81953677151032
                
Optimization Iteration[2/20000]

Solving the optimization problem...
Set parameter TokenServer to value "licenses.rcc.uchicago.edu"
Read LP format model from file /scratch/local/jobs/50330031/tmp_vdig78c.pyomo.lp
Reading time = 1.37 seconds
x1: 258121 rows, 502401 columns, 1259970 nonzeros
Set parameter Threads to value 8
Set parameter BarConvTol to value 1e-12
Gurobi Optimizer version 11.0.0 build v11.0.0rc2 (linux64 - "CentOS Linux 8")

CPU model: Intel(R) Xeon(R) Gold 6248R CPU @ 3.00GHz, instruction set [SSE2|AVX|AVX2|AVX512]
Thread count: 48 physical cores, 48 logical processors, using up to 8 threads

Optimize a model with 258121 rows, 502401 columns and 1259970 nonzeros
Model fingerprint: 0x6e96d7d6
Model has 3166 quadratic objective terms
Coefficient statistics:
  Matrix range     [1e+00, 1e+03]
  Objective range  [2e-07, 2e+01]
  QObjective range [2e-01, 3e+03]
  Bounds range     [3e-04, 1e+00]
  RHS range        [6e-07, 5e+00]
Presolve removed 131481 rows and 128813 columns
Presolve time: 0.61s
Presolved: 126640 rows, 373588 columns, 743932 nonzeros
Presolved model has 3166 quadratic objective terms
Ordering time: 0.16s

Barrier statistics:
 AA' NZ     : 3.709e+05
 Factor NZ  : 3.905e+06 (roughly 230 MB of memory)
 Factor Ops : 2.623e+08 (less than 1 second per iteration)
 Threads    : 8

                  Objective                Residual
Iter       Primal          Dual         Primal    Dual     Compl     Time
   0  -9.32049685e+08  8.53433965e+08  7.80e+04 1.12e-13  1.00e+06     1s
   1  -8.05670574e+08  7.79139707e+08  2.67e+04 2.46e+02  3.69e+05     1s
   2  -8.09071632e+08  8.09270321e+08  4.97e+02 3.93e+00  1.05e+04     1s
   3  -1.74787665e+08  1.75503056e+08  3.85e+00 1.67e-12  7.54e+02     1s
   4  -3.35606510e+07  3.43605984e+07  3.57e-01 4.19e-12  1.41e+02     1s
   5  -6.83638133e+06  7.36337235e+06  4.00e-02 1.68e-12  2.89e+01     2s
   6  -9.83466815e+05  1.08393765e+06  4.00e-08 2.25e-12  4.16e+00     2s
   7  -1.45107860e+05  1.78788932e+05  2.82e-13 8.56e-13  6.52e-01     2s
   8  -2.12693813e+04  2.51787596e+04  1.23e-13 7.19e-13  9.34e-02     2s
   9  -3.18782667e+03  3.97618444e+03  3.46e-14 4.64e-14  1.44e-02     2s
  10  -4.83658173e+02  5.82800753e+02  2.08e-14 2.13e-14  2.15e-03     2s
  11  -9.50464730e+01  1.06716089e+02  8.23e-15 1.51e-14  4.06e-04     2s
  12  -2.65079923e+01  4.17384340e+01  2.55e-15 7.11e-15  1.37e-04     2s
  13  -6.02462598e+00  1.47352722e+01  1.03e-15 7.11e-15  4.18e-05     3s
  14  -1.01797203e+00  9.52446693e+00  4.67e-16 7.11e-15  2.12e-05     3s
  15   1.79028811e+00  6.37542516e+00  2.78e-16 7.11e-15  9.22e-06     3s
  16   2.96970798e+00  5.14315784e+00  1.87e-16 7.11e-15  4.37e-06     3s
  17   3.52595105e+00  4.63105462e+00  1.57e-16 7.11e-15  2.22e-06     3s
  18   3.78402860e+00  4.39220139e+00  1.63e-16 7.11e-15  1.22e-06     3s
  19   3.94064067e+00  4.26115585e+00  1.79e-16 7.11e-15  6.45e-07     3s
  20   4.00478014e+00  4.21347769e+00  9.66e-17 7.11e-15  4.20e-07     3s
  21   4.05800829e+00  4.17878256e+00  3.39e-16 7.11e-15  2.43e-07     3s
  22   4.08955654e+00  4.15720719e+00  5.49e-16 7.11e-15  1.36e-07     3s
  23   4.10483932e+00  4.14759257e+00  5.22e-16 1.07e-14  8.60e-08     3s
  24   4.11640724e+00  4.14106168e+00  2.70e-16 7.11e-15  4.96e-08     3s
  25   4.12367432e+00  4.13702560e+00  2.36e-16 1.07e-14  2.69e-08     3s
  26   4.12774217e+00  4.13483055e+00  1.77e-16 1.07e-14  1.43e-08     4s
  27   4.12951921e+00  4.13395970e+00  2.50e-16 7.11e-15  8.93e-09     4s
  28   4.13067512e+00  4.13340962e+00  3.56e-16 7.11e-15  5.50e-09     4s
  29   4.13126881e+00  4.13313594e+00  2.62e-16 1.07e-14  3.76e-09     4s
  30   4.13189327e+00  4.13285270e+00  2.03e-16 1.07e-14  1.93e-09     4s
  31   4.13203688e+00  4.13278839e+00  1.81e-16 7.11e-15  1.51e-09     4s
  32   4.13226963e+00  4.13268431e+00  3.42e-16 1.42e-14  8.34e-10     4s
  33   4.13242843e+00  4.13261571e+00  3.41e-16 7.11e-15  3.77e-10     4s
  34   4.13247613e+00  4.13259531e+00  2.75e-16 7.11e-15  2.40e-10     4s
  35   4.13252619e+00  4.13257407e+00  4.20e-16 7.11e-15  9.63e-11     4s
  36   4.13254561e+00  4.13256583e+00  5.93e-16 1.07e-14  4.07e-11     4s
  37   4.13255637e+00  4.13256132e+00  6.55e-16 1.42e-14  9.96e-12     4s
  38   4.13255850e+00  4.13256043e+00  1.56e-15 1.07e-14  3.88e-12     4s
  39   4.13255930e+00  4.13256010e+00  1.76e-15 7.11e-15  1.62e-12     5s
  40   4.13255981e+00  4.13255989e+00  2.44e-15 1.07e-14  1.55e-13     5s
  41   4.13255986e+00  4.13255987e+00  5.57e-15 1.07e-14  1.22e-14     5s
  42   4.13255986e+00  4.13255986e+00  1.59e-14 1.07e-14  2.49e-17     5s

Barrier solved model in 42 iterations and 4.90 seconds (4.36 work units)
Optimal objective 4.13255986e+00

objective value: 4.1325598642319195
Done! Time elapsed: 25.158642530441284 seconds.
g_0_1: 1.697177274900614
g_1_1: 1.2653640029845608
g_1_2: 2.4471767679001895
g_2_1: 1.3904857699913071
g_2_2: 4.802748828017216
g_2_3: 1.3905425644929124
g_2_4: 4.804830612661436
Parameters from last iteration: [0.29508408 0.8946099  0.42595103 0.98326898 0.83796939 0.98334784
 0.8385994 ]

Parameters from current iteration:
                [0.29530885 0.89461235 0.42580876 0.98307344 0.8356783  0.98311359
 0.83604053]


                Percentage Error = 0.003051363553405314
                
year done: 1
Time 2: 2
Optimization Iteration[1/20000]

Solving the optimization problem...
Set parameter TokenServer to value "licenses.rcc.uchicago.edu"
Read LP format model from file /scratch/local/jobs/50330031/tmp7v9a064d.pyomo.lp
Reading time = 1.34 seconds
x1: 258121 rows, 502401 columns, 1259970 nonzeros
Set parameter Threads to value 8
Set parameter BarConvTol to value 1e-12
Gurobi Optimizer version 11.0.0 build v11.0.0rc2 (linux64 - "CentOS Linux 8")

CPU model: Intel(R) Xeon(R) Gold 6248R CPU @ 3.00GHz, instruction set [SSE2|AVX|AVX2|AVX512]
Thread count: 48 physical cores, 48 logical processors, using up to 8 threads

Optimize a model with 258121 rows, 502401 columns and 1259970 nonzeros
Model fingerprint: 0xff81ab1d
Model has 3166 quadratic objective terms
Coefficient statistics:
  Matrix range     [1e+00, 1e+03]
  Objective range  [2e-07, 2e+01]
  QObjective range [2e-01, 3e+03]
  Bounds range     [3e-04, 1e+00]
  RHS range        [1e-15, 5e+00]
Presolve removed 131483 rows and 128816 columns
Presolve time: 0.57s
Presolved: 126638 rows, 373585 columns, 743926 nonzeros
Presolved model has 3166 quadratic objective terms
Ordering time: 0.16s

Barrier statistics:
 AA' NZ     : 3.709e+05
 Factor NZ  : 4.061e+06 (roughly 240 MB of memory)
 Factor Ops : 3.352e+08 (less than 1 second per iteration)
 Threads    : 8

                  Objective                Residual
Iter       Primal          Dual         Primal    Dual     Compl     Time
   0  -9.31782894e+08  8.53182357e+08  7.80e+04 1.11e-13  1.00e+06     1s
   1  -8.09066745e+08  7.82529617e+08  2.68e+04 2.45e+02  3.71e+05     1s
   2  -8.06951133e+08  8.07155218e+08  4.93e+02 3.55e+00  1.05e+04     1s
   3  -1.74348329e+08  1.75065841e+08  3.84e+00 1.87e-12  7.52e+02     1s
   4  -3.34865041e+07  3.42885012e+07  3.55e-01 3.68e-12  1.40e+02     1s
   5  -6.81971785e+06  7.34702708e+06  3.98e-02 1.44e-12  2.88e+01     1s
   6  -9.81064391e+05  1.08127264e+06  3.98e-08 1.66e-12  4.15e+00     2s
   7  -1.44818336e+05  1.78740996e+05  3.32e-13 8.12e-13  6.51e-01     2s
   8  -2.12309851e+04  2.51510946e+04  1.22e-13 6.76e-13  9.33e-02     2s
   9  -3.18391271e+03  3.97947696e+03  4.09e-14 5.24e-14  1.44e-02     2s
  10  -4.83058058e+02  5.82226000e+02  1.84e-14 1.62e-14  2.14e-03     2s
  11  -7.50683958e+01  1.03481211e+02  5.66e-15 1.07e-14  3.59e-04     2s
  12  -2.36004955e+01  4.55638428e+01  2.39e-15 1.07e-14  1.39e-04     2s
  13  -4.30004103e+00  1.52753374e+01  1.14e-15 1.07e-14  3.94e-05     2s
  14  -6.42392364e-01  9.98780212e+00  5.36e-16 3.66e-15  2.14e-05     2s
  15   1.93100645e+00  6.94183357e+00  2.55e-16 7.11e-15  1.01e-05     3s
  16   3.27067271e+00  5.24644726e+00  1.64e-16 7.11e-15  3.97e-06     3s
  17   3.74484716e+00  4.76215311e+00  1.30e-16 1.07e-14  2.05e-06     3s
  18   3.93884584e+00  4.58050932e+00  1.52e-16 7.11e-15  1.29e-06     3s
  19   4.10951181e+00  4.43359075e+00  1.35e-16 7.11e-15  6.52e-07     3s
  20   4.17842206e+00  4.38194903e+00  1.12e-16 7.11e-15  4.09e-07     3s
  21   4.24363672e+00  4.33686976e+00  1.96e-16 1.42e-14  1.88e-07     3s
  22   4.27092945e+00  4.32040489e+00  1.85e-16 7.11e-15  9.95e-08     3s
  23   4.27781320e+00  4.31681760e+00  1.61e-16 7.11e-15  7.85e-08     3s
  24   4.28608556e+00  4.31218877e+00  3.23e-16 1.07e-14  5.25e-08     3s
  25   4.28794935e+00  4.31119969e+00  2.55e-16 1.07e-14  4.68e-08     3s
  26   4.29322439e+00  4.30843071e+00  2.96e-16 1.07e-14  3.06e-08     3s
  27   4.29794087e+00  4.30606428e+00  6.20e-16 1.42e-14  1.63e-08     3s
  28   4.29850638e+00  4.30578166e+00  5.53e-16 1.07e-14  1.46e-08     4s
  29   4.30077428e+00  4.30468145e+00  5.20e-16 1.07e-14  7.86e-09     4s
  30   4.30182697e+00  4.30417734e+00  1.98e-16 7.11e-15  4.73e-09     4s
  31   4.30261666e+00  4.30381664e+00  6.72e-16 1.07e-14  2.41e-09     4s
  32   4.30270351e+00  4.30377812e+00  5.73e-16 7.11e-15  2.16e-09     4s
  33   4.30312954e+00  4.30359141e+00  3.82e-16 7.11e-15  9.29e-10     4s
  34   4.30332027e+00  4.30350877e+00  5.71e-16 1.07e-14  3.79e-10     4s
  35   4.30338659e+00  4.30348025e+00  2.60e-16 1.07e-14  1.88e-10     4s
  36   4.30343833e+00  4.30345847e+00  6.33e-16 7.11e-15  4.05e-11     4s
  37   4.30344681e+00  4.30345492e+00  7.11e-16 1.42e-14  1.63e-11     4s
  38   4.30345075e+00  4.30345328e+00  1.15e-15 7.11e-15  5.09e-12     4s
  39   4.30345180e+00  4.30345284e+00  2.76e-15 1.42e-14  2.10e-12     4s
  40   4.30345246e+00  4.30345257e+00  2.41e-15 7.11e-15  2.36e-13     5s
  41   4.30345253e+00  4.30345254e+00  5.42e-15 1.42e-14  2.28e-14     5s
  42   4.30345254e+00  4.30345254e+00  7.37e-15 7.11e-15  4.69e-15     5s
  43   4.30345254e+00  4.30345254e+00  3.99e-15 1.42e-14  1.20e-15     5s
  44   4.30345254e+00  4.30345254e+00  2.79e-15 1.07e-14  3.26e-16     5s
  45   4.30345254e+00  4.30345254e+00  3.37e-15 1.07e-14  1.09e-16     5s
  46   4.30345254e+00  4.30345254e+00  2.14e-15 8.88e-15  7.33e-17     5s

Barrier solved model in 46 iterations and 5.16 seconds (4.92 work units)
Optimal objective 4.30345254e+00

objective value: 4.303452538746652
Done! Time elapsed: 25.626774787902832 seconds.
g_0_1: 1.7019081927415318
g_1_1: 1.2659249787563562
g_1_2: 2.4530934592308418
g_2_1: 1.3909007662413473
g_2_2: 4.816859206717158
g_2_3: 1.3909631623987284
g_2_4: 4.818973162407206
Parameters from last iteration: [0.29530885 0.89461235 0.42580876 0.98307344 0.8356783  0.98311359
 0.83604053]

Parameters from current iteration:
                [0.29613203 0.89500896 0.42683826 0.98336684 0.8381335  0.98341096
 0.83850133]


                Percentage Error = 0.002943402356058403
                
year done: 2
Results for pe =  6.1
all done
MPC-HMC child ends Sun May 31 22:02:28 2026
MPC-HMC child elapsed time: 0 days 00 hr 03 min 04 sec

Program ends Sun May 31 22:02:29 CDT 2026
Exit code: 0
Elapsed time: 187 seconds
