Command: /project/lhansen/HMC_rep26_robust_mac/amazon-carbon-prices/.venv/bin/python pysrc/scripts/run_mpc_hmc_job.py --id 998 --xi 0.5 --b 20 --trig 0 --type unconstrained --stop-after-year 2
Working directory: /project/lhansen/HMC_rep26_robust_mac/amazon-carbon-prices
Program starts Sun May 31 21:59:21 CDT 2026

Running MPC-HMC job: xi=0.5 pe=26.1 id=998 trig=0 type=unconstrained
MPC-HMC command: /project/lhansen/HMC_rep26_robust_mac/amazon-carbon-prices/.venv/bin/python -u pysrc/mpc/mpc_hmc.py --id 998 --pe 26.1 --xi 0.5 --trig 0 --type unconstrained --stop-after-year 2
MPC-HMC child starts Sun May 31 21:59:23 2026
unconstrained price used
Stopping MPC loop after year done: 2
Time 1: 2
Optimization Iteration[1/20000]

Solving the optimization problem...
Set parameter TokenServer to value "licenses.rcc.uchicago.edu"
Read LP format model from file /scratch/local/jobs/50330034/tmpgr0mzd84.pyomo.lp
Reading time = 1.36 seconds
x1: 258121 rows, 502401 columns, 1259970 nonzeros
Set parameter Threads to value 8
Set parameter BarConvTol to value 1e-12
Gurobi Optimizer version 11.0.0 build v11.0.0rc2 (linux64 - "CentOS Linux 8")

CPU model: Intel(R) Xeon(R) Gold 6248R CPU @ 3.00GHz, instruction set [SSE2|AVX|AVX2|AVX512]
Thread count: 48 physical cores, 48 logical processors, using up to 8 threads

Optimize a model with 258121 rows, 502401 columns and 1259970 nonzeros
Model fingerprint: 0xaba231a3
Model has 3166 quadratic objective terms
Coefficient statistics:
  Matrix range     [1e+00, 1e+03]
  Objective range  [1e-06, 1e+02]
  QObjective range [3e-01, 3e+03]
  Bounds range     [3e-04, 1e+00]
  RHS range        [6e-07, 5e+00]
Presolve removed 131481 rows and 128813 columns
Presolve time: 0.64s
Presolved: 126640 rows, 373588 columns, 743932 nonzeros
Presolved model has 3166 quadratic objective terms
Ordering time: 0.16s

Barrier statistics:
 AA' NZ     : 3.709e+05
 Factor NZ  : 3.905e+06 (roughly 230 MB of memory)
 Factor Ops : 2.623e+08 (less than 1 second per iteration)
 Threads    : 8

                  Objective                Residual
Iter       Primal          Dual         Primal    Dual     Compl     Time
   0  -1.21377487e+09  8.63517678e+08  7.80e+04 1.14e-13  1.00e+06     1s
   1  -5.83384519e+08  5.07978159e+08  1.69e+04 1.44e+02  2.23e+05     1s
   2  -2.82402013e+08  2.81996301e+08  2.13e+02 8.69e-01  3.96e+03     1s
   3  -6.55943681e+07  6.61917118e+07  1.78e+00 1.47e-12  2.85e+02     1s
   4  -1.26003727e+07  1.32282089e+07  1.55e-01 3.39e-12  5.34e+01     2s
   5  -2.29151085e+06  2.53695640e+06  1.14e-02 1.20e-12  9.76e+00     2s
   6  -3.34633669e+05  3.83270580e+05  1.14e-08 9.17e-13  1.44e+00     2s
   7  -5.02866838e+04  6.25086294e+04  1.32e-13 6.76e-13  2.27e-01     2s
   8  -7.66754019e+03  8.97193201e+03  5.86e-14 1.83e-13  3.35e-02     2s
   9  -1.25540439e+03  1.48618130e+03  1.98e-14 4.26e-14  5.52e-03     2s
  10  -2.38284746e+02  2.99427337e+02  6.66e-15 2.84e-14  1.08e-03     2s
  11  -7.18947195e+01  9.54978075e+01  2.66e-15 2.84e-14  3.37e-04     2s
  12  -2.71299803e+01  4.47949821e+01  9.53e-16 2.84e-14  1.45e-04     2s
  13  -1.14244368e+01  2.56215803e+01  4.21e-16 2.84e-14  7.45e-05     3s
  14  -4.74957796e+00  1.87690460e+01  2.81e-16 2.84e-14  4.73e-05     3s
  15   6.90172156e-01  1.37756201e+01  2.32e-16 2.84e-14  2.63e-05     3s
  16   2.42164496e+00  1.24172602e+01  1.37e-16 2.13e-14  2.01e-05     3s
  17   4.62214584e+00  1.07885725e+01  1.31e-16 2.84e-14  1.24e-05     3s
  18   5.64630766e+00  1.01102134e+01  8.09e-17 1.42e-14  8.98e-06     3s
  19   6.62410200e+00  9.51030097e+00  8.98e-17 4.26e-14  5.81e-06     3s
  20   7.10916449e+00  9.23842527e+00  6.96e-17 2.84e-14  4.28e-06     3s
  21   7.47033840e+00  9.04661078e+00  1.51e-16 2.84e-14  3.17e-06     3s
  22   7.69077330e+00  8.93303765e+00  1.28e-16 2.84e-14  2.50e-06     3s
  23   8.06867793e+00  8.75106613e+00  1.87e-16 2.84e-14  1.37e-06     3s
  24   8.26585687e+00  8.66317769e+00  2.32e-16 2.84e-14  7.99e-07     4s
  25   8.42435091e+00  8.59671628e+00  3.22e-16 5.68e-14  3.47e-07     4s
  26   8.45805008e+00  8.58357736e+00  1.79e-16 4.26e-14  2.53e-07     4s
  27   8.50368774e+00  8.56621757e+00  6.60e-16 2.84e-14  1.26e-07     4s
  28   8.52712697e+00  8.55746231e+00  2.85e-15 4.26e-14  6.10e-08     4s
  29   8.53709341e+00  8.55392192e+00  5.64e-16 2.84e-14  3.39e-08     4s
  30   8.54440541e+00  8.55134299e+00  1.07e-15 2.84e-14  1.40e-08     4s
  31   8.54723291e+00  8.55035444e+00  1.05e-15 2.84e-14  6.28e-09     4s
  32   8.54894445e+00  8.54975804e+00  8.78e-16 2.84e-14  1.64e-09     4s
  33   8.54922441e+00  8.54966032e+00  1.11e-14 4.26e-14  8.77e-10     4s
  34   8.54954360e+00  8.54954927e+00  2.89e-15 5.68e-14  1.14e-11     4s
  35   8.54954780e+00  8.54954780e+00  5.45e-14 4.26e-14  1.17e-14     5s
  36   8.54954780e+00  8.54954780e+00  8.97e-13 4.26e-14  1.39e-17     5s

Barrier solved model in 36 iterations and 4.72 seconds (3.86 work units)
Optimal objective 8.54954780e+00

objective value: 8.549547803198744
Done! Time elapsed: 26.75254774093628 seconds.
g_0_1: 1.0539308340462314
g_1_1: 1.0205679570030581
g_1_2: 1.0605997669871954
g_2_1: 1.026840181343432
g_2_2: 1.080294936040397
g_2_3: 1.0269897384498918
g_2_4: 1.0807957631107115
Parameters from last iteration: [0.174 0.707 0.174 0.707 0.174 0.707 0.174]

Parameters from current iteration:
                [0.18338397 0.72154155 0.18454436 0.72597601 0.18797132 0.72608175
 0.18805846]


                Percentage Error = 0.08079576311071146
                
Optimization Iteration[2/20000]

Solving the optimization problem...
Set parameter TokenServer to value "licenses.rcc.uchicago.edu"
Read LP format model from file /scratch/local/jobs/50330034/tmpphwug9w6.pyomo.lp
Reading time = 1.36 seconds
x1: 258121 rows, 502401 columns, 1259970 nonzeros
Set parameter Threads to value 8
Set parameter BarConvTol to value 1e-12
Gurobi Optimizer version 11.0.0 build v11.0.0rc2 (linux64 - "CentOS Linux 8")

CPU model: Intel(R) Xeon(R) Gold 6248R CPU @ 3.00GHz, instruction set [SSE2|AVX|AVX2|AVX512]
Thread count: 48 physical cores, 48 logical processors, using up to 8 threads

Optimize a model with 258121 rows, 502401 columns and 1259970 nonzeros
Model fingerprint: 0x0fcc0f9f
Model has 3166 quadratic objective terms
Coefficient statistics:
  Matrix range     [1e+00, 1e+03]
  Objective range  [1e-06, 1e+02]
  QObjective range [4e-01, 3e+03]
  Bounds range     [3e-04, 1e+00]
  RHS range        [6e-07, 5e+00]
Presolve removed 131481 rows and 128813 columns
Presolve time: 0.58s
Presolved: 126640 rows, 373588 columns, 743932 nonzeros
Presolved model has 3166 quadratic objective terms
Ordering time: 0.16s

Barrier statistics:
 AA' NZ     : 3.709e+05
 Factor NZ  : 3.905e+06 (roughly 230 MB of memory)
 Factor Ops : 2.623e+08 (less than 1 second per iteration)
 Threads    : 8

                  Objective                Residual
Iter       Primal          Dual         Primal    Dual     Compl     Time
   0  -1.21301118e+09  8.62733871e+08  7.80e+04 1.13e-13  1.00e+06     1s
   1  -5.63727858e+08  4.93951820e+08  1.56e+04 1.28e+02  2.06e+05     1s
   2  -2.68790846e+08  2.68452318e+08  1.97e+02 6.86e-01  3.70e+03     1s
   3  -6.19906357e+07  6.25870230e+07  1.69e+00 1.45e-12  2.70e+02     1s
   4  -1.18374810e+07  1.24558282e+07  1.45e-01 5.89e-12  5.02e+01     1s
   5  -2.13354072e+06  2.36496860e+06  1.03e-02 1.43e-12  9.09e+00     2s
   6  -3.11985083e+05  3.58988382e+05  1.03e-08 8.87e-13  1.35e+00     2s
   7  -4.69586602e+04  5.85230308e+04  1.33e-13 6.77e-13  2.12e-01     2s
   8  -7.17926286e+03  8.41025691e+03  4.23e-14 1.81e-13  3.14e-02     2s
   9  -1.25227051e+03  1.39211917e+03  1.64e-14 3.64e-14  5.32e-03     2s
  10  -2.34018142e+02  2.94888473e+02  7.90e-15 7.11e-14  1.06e-03     2s
  11  -7.04508539e+01  9.25668515e+01  3.23e-15 5.68e-14  3.28e-04     2s
  12  -2.30568921e+01  3.76648128e+01  8.88e-16 2.84e-14  1.22e-04     2s
  13  -1.20127658e+01  2.56680414e+01  4.97e-16 1.87e-14  7.58e-05     2s
  14  -4.47409943e+00  1.81758161e+01  3.18e-16 2.84e-14  4.56e-05     3s
  15   1.27340244e+00  1.31323385e+01  2.58e-16 2.84e-14  2.39e-05     3s
  16   3.12007404e+00  1.17747771e+01  1.23e-16 2.84e-14  1.74e-05     3s
  17   4.65923388e+00  1.08020461e+01  1.21e-16 2.84e-14  1.24e-05     3s
  18   5.42673849e+00  1.03212311e+01  1.08e-16 2.84e-14  9.85e-06     3s
  19   6.66771050e+00  9.52538825e+00  1.38e-16 2.84e-14  5.75e-06     3s
  20   7.09156764e+00  9.27180398e+00  1.21e-16 1.42e-14  4.39e-06     3s
  21   7.55446011e+00  9.01485804e+00  1.04e-16 2.84e-14  2.94e-06     3s
  22   7.70639650e+00  8.93379462e+00  9.06e-17 1.42e-14  2.47e-06     3s
  23   8.07137158e+00  8.75464372e+00  1.26e-16 2.84e-14  1.37e-06     3s
  24   8.30848036e+00  8.64266848e+00  1.98e-16 2.84e-14  6.72e-07     3s
  25   8.43305402e+00  8.59110080e+00  2.82e-16 2.84e-14  3.18e-07     4s
  26   8.47658751e+00  8.57439896e+00  6.39e-16 2.84e-14  1.97e-07     4s
  27   8.51114084e+00  8.56152310e+00  6.67e-16 2.13e-14  1.01e-07     4s
  28   8.53305114e+00  8.55353303e+00  2.22e-15 2.84e-14  4.12e-08     4s
  29   8.54235367e+00  8.55022011e+00  1.92e-15 2.84e-14  1.58e-08     4s
  30   8.54361872e+00  8.54977625e+00  1.74e-15 2.84e-14  1.24e-08     4s
  31   8.54712522e+00  8.54854961e+00  2.08e-15 4.26e-14  2.87e-09     4s
  32   8.54813429e+00  8.54819728e+00  2.35e-15 2.84e-14  1.27e-10     4s
  33   8.54818041e+00  8.54818121e+00  1.30e-14 2.84e-14  1.62e-12     4s
  34   8.54818101e+00  8.54818101e+00  6.38e-14 2.84e-14  2.10e-15     4s
  35   8.54818101e+00  8.54818101e+00  5.45e-12 5.68e-14  7.12e-18     5s

Barrier solved model in 35 iterations and 4.58 seconds (3.76 work units)
Optimal objective 8.54818101e+00

objective value: 8.548181006444274
Done! Time elapsed: 25.058148860931396 seconds.
g_0_1: 1.0539238685350163
g_1_1: 1.0205601435152483
g_1_2: 1.0605808089231337
g_2_1: 1.0268237816797616
g_2_2: 1.0802415241544314
g_2_3: 1.0269740439455473
g_2_4: 1.0807608760509808
Parameters from last iteration: [0.18338397 0.72154155 0.18454436 0.72597601 0.18797132 0.72608175
 0.18805846]

Parameters from current iteration:
                [0.18338275 0.72153602 0.18454106 0.72596441 0.18796203 0.72607065
 0.18805239]


                Percentage Error = 4.944194791971977e-05
                
year done: 1
Time 2: 2
Optimization Iteration[1/20000]

Solving the optimization problem...
Set parameter TokenServer to value "licenses.rcc.uchicago.edu"
Read LP format model from file /scratch/local/jobs/50330034/tmpbs3t6dct.pyomo.lp
Reading time = 1.36 seconds
x1: 258121 rows, 502401 columns, 1259970 nonzeros
Set parameter Threads to value 8
Set parameter BarConvTol to value 1e-12
Gurobi Optimizer version 11.0.0 build v11.0.0rc2 (linux64 - "CentOS Linux 8")

CPU model: Intel(R) Xeon(R) Gold 6248R CPU @ 3.00GHz, instruction set [SSE2|AVX|AVX2|AVX512]
Thread count: 48 physical cores, 48 logical processors, using up to 8 threads

Optimize a model with 258121 rows, 502401 columns and 1259970 nonzeros
Model fingerprint: 0xcee81061
Model has 3166 quadratic objective terms
Coefficient statistics:
  Matrix range     [1e+00, 1e+03]
  Objective range  [1e-06, 1e+02]
  QObjective range [4e-01, 3e+03]
  Bounds range     [3e-04, 1e+00]
  RHS range        [2e-17, 5e+00]
Presolve removed 131481 rows and 128813 columns
Presolve time: 0.58s
Presolved: 126640 rows, 373588 columns, 743932 nonzeros
Presolved model has 3166 quadratic objective terms
Ordering time: 0.16s

Barrier statistics:
 AA' NZ     : 3.709e+05
 Factor NZ  : 3.905e+06 (roughly 230 MB of memory)
 Factor Ops : 2.623e+08 (less than 1 second per iteration)
 Threads    : 8

                  Objective                Residual
Iter       Primal          Dual         Primal    Dual     Compl     Time
   0  -1.21338242e+09  8.63105128e+08  7.80e+04 1.14e-13  1.00e+06     1s
   1  -5.63812384e+08  4.94033529e+08  1.56e+04 1.28e+02  2.06e+05     1s
   2  -2.68801262e+08  2.68462638e+08  1.97e+02 6.86e-01  3.70e+03     1s
   3  -6.19905668e+07  6.25869432e+07  1.69e+00 1.68e-12  2.70e+02     1s
   4  -1.18341576e+07  1.24523182e+07  1.45e-01 5.74e-12  5.02e+01     1s
   5  -2.13301920e+06  2.36427490e+06  1.03e-02 1.36e-12  9.09e+00     2s
   6  -3.12054803e+05  3.59720552e+05  1.03e-08 7.92e-13  1.35e+00     2s
   7  -4.70323714e+04  5.89012871e+04  1.30e-13 6.61e-13  2.13e-01     2s
   8  -7.19561654e+03  8.44558581e+03  4.63e-14 2.13e-13  3.15e-02     2s
   9  -1.18282525e+03  1.38895195e+03  1.92e-14 2.84e-14  5.17e-03     2s
  10  -2.13785148e+02  2.25574623e+02  8.06e-15 2.84e-14  8.84e-04     2s
  11  -6.15519069e+01  8.05739633e+01  2.23e-15 2.84e-14  2.86e-04     2s
  12  -2.28656187e+01  3.93612933e+01  7.88e-16 2.84e-14  1.25e-04     2s
  13  -7.94014450e+00  2.19249625e+01  4.03e-16 2.84e-14  6.01e-05     2s
  14   6.06460506e-01  1.39125066e+01  2.87e-16 2.84e-14  2.68e-05     3s
  15   2.54309688e+00  1.27892233e+01  1.67e-16 2.84e-14  2.06e-05     3s
  16   5.45670694e+00  1.07915600e+01  1.35e-16 2.84e-14  1.07e-05     3s
  17   7.11809002e+00  9.72470974e+00  1.25e-16 2.84e-14  5.24e-06     3s
  18   8.10770088e+00  9.14016384e+00  3.25e-16 2.84e-14  2.08e-06     3s
  19   8.38600235e+00  8.99233251e+00  6.28e-16 2.84e-14  1.22e-06     3s
  20   8.62368334e+00  8.88608475e+00  2.89e-16 2.84e-14  5.28e-07     3s
  21   8.68781129e+00  8.85793483e+00  1.62e-16 2.84e-14  3.42e-07     3s
  22   8.75526549e+00  8.82998870e+00  1.11e-15 2.84e-14  1.50e-07     3s
  23   8.78602387e+00  8.81810081e+00  1.28e-15 2.84e-14  6.45e-08     3s
  24   8.80086765e+00  8.81267107e+00  6.68e-15 2.84e-14  2.37e-08     3s
  25   8.80827324e+00  8.81004702e+00  5.64e-15 2.84e-14  3.57e-09     4s
  26   8.80948235e+00  8.80962484e+00  2.69e-15 2.84e-14  2.87e-10     4s
  27   8.80958655e+00  8.80958856e+00  1.49e-14 4.26e-14  4.05e-12     4s
  28   8.80958804e+00  8.80958804e+00  7.37e-14 2.84e-14  1.10e-14     4s
  29   8.80958804e+00  8.80958804e+00  4.19e-13 2.84e-14  1.30e-15     4s
  30   8.80958804e+00  8.80958804e+00  5.42e-13 2.84e-14  2.35e-16     4s
  31   8.80958804e+00  8.80958804e+00  7.20e-14 2.84e-14  9.18e-17     4s

Barrier solved model in 31 iterations and 4.23 seconds (3.48 work units)
Optimal objective 8.80958804e+00

objective value: 8.809588040459815
Done! Time elapsed: 24.834513187408447 seconds.
g_0_1: 1.044726691135277
g_1_1: 1.0171278381809556
g_1_2: 1.050157753674589
g_2_1: 1.0220079389771768
g_2_2: 1.0653505548281808
g_2_3: 1.0221667613980179
g_2_4: 1.0658619993458431
Parameters from last iteration: [0.18338275 0.72153602 0.18454106 0.72596441 0.18796203 0.72607065
 0.18805239]

Parameters from current iteration:
                [0.18178244 0.71910938 0.18272745 0.72255961 0.185371   0.7226719
 0.18545999]


                Percentage Error = 0.013785544087769832
                
Optimization Iteration[2/20000]

Solving the optimization problem...
Set parameter TokenServer to value "licenses.rcc.uchicago.edu"
Read LP format model from file /scratch/local/jobs/50330034/tmp05qt45z9.pyomo.lp
Reading time = 1.35 seconds
x1: 258121 rows, 502401 columns, 1259970 nonzeros
Set parameter Threads to value 8
Set parameter BarConvTol to value 1e-12
Gurobi Optimizer version 11.0.0 build v11.0.0rc2 (linux64 - "CentOS Linux 8")

CPU model: Intel(R) Xeon(R) Gold 6248R CPU @ 3.00GHz, instruction set [SSE2|AVX|AVX2|AVX512]
Thread count: 48 physical cores, 48 logical processors, using up to 8 threads

Optimize a model with 258121 rows, 502401 columns and 1259970 nonzeros
Model fingerprint: 0x0f18fa30
Model has 3166 quadratic objective terms
Coefficient statistics:
  Matrix range     [1e+00, 1e+03]
  Objective range  [1e-06, 1e+02]
  QObjective range [4e-01, 3e+03]
  Bounds range     [3e-04, 1e+00]
  RHS range        [2e-17, 5e+00]
Presolve removed 131481 rows and 128813 columns
Presolve time: 0.55s
Presolved: 126640 rows, 373588 columns, 743932 nonzeros
Presolved model has 3166 quadratic objective terms
Ordering time: 0.16s

Barrier statistics:
 AA' NZ     : 3.709e+05
 Factor NZ  : 3.905e+06 (roughly 230 MB of memory)
 Factor Ops : 2.623e+08 (less than 1 second per iteration)
 Threads    : 8

                  Objective                Residual
Iter       Primal          Dual         Primal    Dual     Compl     Time
   0  -1.21419928e+09  8.63925592e+08  7.80e+04 1.13e-13  1.00e+06     1s
   1  -5.67584652e+08  4.96823612e+08  1.58e+04 1.31e+02  2.09e+05     1s
   2  -2.70768646e+08  2.70417822e+08  2.00e+02 7.04e-01  3.74e+03     1s
   3  -6.23501918e+07  6.29467194e+07  1.70e+00 1.47e-12  2.71e+02     1s
   4  -1.19119109e+07  1.25313172e+07  1.46e-01 3.74e-12  5.05e+01     1s
   5  -2.14911521e+06  2.38198154e+06  1.04e-02 1.24e-12  9.16e+00     1s
   6  -3.14357710e+05  3.62161246e+05  1.04e-08 7.84e-13  1.36e+00     2s
   7  -4.73729452e+04  5.93199982e+04  1.07e-13 6.03e-13  2.15e-01     2s
   8  -7.24598558e+03  8.50557891e+03  3.38e-14 1.67e-13  3.17e-02     2s
   9  -1.19066102e+03  1.39947617e+03  2.40e-14 2.89e-14  5.21e-03     2s
  10  -2.14858820e+02  2.26624932e+02  6.38e-15 2.84e-14  8.88e-04     2s
  11  -6.14443987e+01  8.01197094e+01  1.94e-15 2.84e-14  2.85e-04     2s
  12  -2.33088456e+01  4.02140555e+01  7.87e-16 2.84e-14  1.28e-04     2s
  13  -8.15887171e+00  2.22371298e+01  5.57e-16 2.84e-14  6.12e-05     2s
  14   3.89679476e-01  1.41277048e+01  2.03e-16 2.84e-14  2.76e-05     2s
  15   3.37022393e+00  1.19347910e+01  1.17e-16 2.84e-14  1.72e-05     3s
  16   5.41670914e+00  1.07678319e+01  1.27e-16 2.84e-14  1.08e-05     3s
  17   7.32352558e+00  9.53860294e+00  9.63e-17 2.84e-14  4.46e-06     3s
  18   8.13394508e+00  9.09585553e+00  1.05e-16 2.84e-14  1.94e-06     3s
  19   8.51315389e+00  8.92541266e+00  8.77e-16 2.84e-14  8.29e-07     3s
  20   8.64212374e+00  8.87304204e+00  8.93e-16 2.84e-14  4.65e-07     3s
  21   8.72958205e+00  8.83887983e+00  3.80e-16 2.84e-14  2.20e-07     3s
  22   8.77094383e+00  8.82363457e+00  6.07e-16 1.95e-14  1.06e-07     3s
  23   8.79479438e+00  8.81506008e+00  4.85e-15 2.84e-14  4.08e-08     3s
  24   8.80520539e+00  8.81139015e+00  2.95e-15 4.26e-14  1.24e-08     3s
  25   8.80928464e+00  8.80996299e+00  5.34e-15 2.84e-14  1.36e-09     3s
  26   8.80972906e+00  8.80980830e+00  9.66e-15 2.84e-14  1.59e-10     3s
  27   8.80978777e+00  8.80978787e+00  2.66e-15 2.84e-14  1.97e-13     4s
  28   8.80978784e+00  8.80978784e+00  1.12e-13 4.26e-14  4.69e-15     4s
  29   8.80978784e+00  8.80978784e+00  3.46e-13 2.84e-14  1.32e-15     4s
  30   8.80978784e+00  8.80978784e+00  1.16e-14 2.84e-14  1.32e-16     4s
  31   8.80978784e+00  8.80978784e+00  1.45e-15 6.39e-14  5.66e-17     4s

Barrier solved model in 31 iterations and 4.14 seconds (3.48 work units)
Optimal objective 8.80978784e+00

objective value: 8.80978784050367
Done! Time elapsed: 24.77414846420288 seconds.
g_0_1: 1.0447279445369608
g_1_1: 1.0171292444822606
g_1_2: 1.0501616848518234
g_2_1: 1.0220112814296123
g_2_2: 1.0653597289828718
g_2_3: 1.0221698774227124
g_2_4: 1.0658718732191885
Parameters from last iteration: [0.18178244 0.71910938 0.18272745 0.72255961 0.185371   0.7226719
 0.18545999]

Parameters from current iteration:
                [0.18178266 0.71911038 0.18272813 0.72256198 0.18537259 0.7226741
 0.18546171]


                Percentage Error = 9.263744604312627e-06
                
year done: 2
Results for pe =  26.1
all done
MPC-HMC child ends Sun May 31 22:02:51 2026
MPC-HMC child elapsed time: 0 days 00 hr 03 min 27 sec

Program ends Sun May 31 22:02:51 CDT 2026
Exit code: 0
Elapsed time: 210 seconds
