Command: /project/lhansen/HMC_rep26_robust_mac/amazon-carbon-prices/.venv/bin/python pysrc/scripts/run_mpc_hmc_job.py --id 998 --xi 0.5 --b 25 --trig 0 --type unconstrained --stop-after-year 2
Working directory: /project/lhansen/HMC_rep26_robust_mac/amazon-carbon-prices
Program starts Sun May 31 21:59:21 CDT 2026

Running MPC-HMC job: xi=0.5 pe=31.1 id=998 trig=0 type=unconstrained
MPC-HMC command: /project/lhansen/HMC_rep26_robust_mac/amazon-carbon-prices/.venv/bin/python -u pysrc/mpc/mpc_hmc.py --id 998 --pe 31.1 --xi 0.5 --trig 0 --type unconstrained --stop-after-year 2
MPC-HMC child starts Sun May 31 21:59:23 2026
unconstrained price used
Stopping MPC loop after year done: 2
Time 1: 2
Optimization Iteration[1/20000]

Solving the optimization problem...
Set parameter TokenServer to value "licenses.rcc.uchicago.edu"
Read LP format model from file /scratch/local/jobs/50330035/tmpo1nj0i69.pyomo.lp
Reading time = 1.35 seconds
x1: 258121 rows, 502401 columns, 1259970 nonzeros
Set parameter Threads to value 8
Set parameter BarConvTol to value 1e-12
Gurobi Optimizer version 11.0.0 build v11.0.0rc2 (linux64 - "CentOS Linux 8")

CPU model: Intel(R) Xeon(R) Gold 6248R CPU @ 3.00GHz, instruction set [SSE2|AVX|AVX2|AVX512]
Thread count: 48 physical cores, 48 logical processors, using up to 8 threads

Optimize a model with 258121 rows, 502401 columns and 1259970 nonzeros
Model fingerprint: 0xed05427c
Model has 3166 quadratic objective terms
Coefficient statistics:
  Matrix range     [1e+00, 1e+03]
  Objective range  [2e-06, 1e+02]
  QObjective range [3e-01, 3e+03]
  Bounds range     [3e-04, 1e+00]
  RHS range        [6e-07, 5e+00]
Presolve removed 131481 rows and 128813 columns
Presolve time: 0.58s
Presolved: 126640 rows, 373588 columns, 743932 nonzeros
Presolved model has 3166 quadratic objective terms
Ordering time: 0.16s

Barrier statistics:
 AA' NZ     : 3.709e+05
 Factor NZ  : 3.905e+06 (roughly 230 MB of memory)
 Factor Ops : 2.623e+08 (less than 1 second per iteration)
 Threads    : 8

                  Objective                Residual
Iter       Primal          Dual         Primal    Dual     Compl     Time
   0  -1.28181127e+09  8.63517671e+08  7.80e+04 1.14e-13  1.00e+06     1s
   1  -5.98124115e+08  5.07972122e+08  1.69e+04 1.44e+02  2.23e+05     1s
   2  -2.82603254e+08  2.81991241e+08  2.13e+02 8.69e-01  3.96e+03     1s
   3  -6.56015002e+07  6.61867284e+07  1.78e+00 1.43e-12  2.85e+02     1s
   4  -1.26021541e+07  1.32250032e+07  1.55e-01 4.01e-12  5.34e+01     1s
   5  -2.29243902e+06  2.53576287e+06  1.14e-02 1.22e-12  9.76e+00     2s
   6  -3.35108818e+05  3.83381832e+05  1.14e-08 7.77e-13  1.45e+00     2s
   7  -5.05046425e+04  6.26680909e+04  1.43e-13 6.18e-13  2.28e-01     2s
   8  -7.75055703e+03  9.00456915e+03  7.02e-14 1.91e-13  3.37e-02     2s
   9  -1.48043232e+03  1.46846340e+03  1.61e-14 3.48e-14  5.93e-03     2s
  10  -2.89338857e+02  3.91226363e+02  6.71e-15 5.68e-14  1.37e-03     2s
  11  -9.88603913e+01  1.60824867e+02  2.65e-15 4.26e-14  5.22e-04     2s
  12  -2.56377946e+01  4.60069060e+01  1.28e-15 2.84e-14  1.44e-04     2s
  13  -1.32083745e+01  3.06122084e+01  5.33e-16 2.84e-14  8.82e-05     3s
  14  -3.79587321e+00  2.04997876e+01  3.85e-16 2.84e-14  4.89e-05     3s
  15   9.81805703e-01  1.62698093e+01  2.12e-16 2.84e-14  3.08e-05     3s
  16   3.29738421e+00  1.44498734e+01  1.40e-16 2.84e-14  2.24e-05     3s
  17   5.38894926e+00  1.30656985e+01  8.63e-17 2.84e-14  1.54e-05     3s
  18   6.90360772e+00  1.20188975e+01  8.24e-17 2.84e-14  1.03e-05     3s
  19   7.91431924e+00  1.13916756e+01  7.61e-17 2.84e-14  7.00e-06     3s
  20   8.79655168e+00  1.08689507e+01  6.77e-17 2.84e-14  4.17e-06     3s
  21   9.28743230e+00  1.06060783e+01  1.88e-16 2.84e-14  2.65e-06     3s
  22   9.38884829e+00  1.05427563e+01  1.34e-16 2.84e-14  2.32e-06     3s
  23   9.62349720e+00  1.04316230e+01  1.54e-16 2.84e-14  1.63e-06     3s
  24   9.69838857e+00  1.03962658e+01  5.22e-17 2.84e-14  1.40e-06     3s
  25   9.87811753e+00  1.03161167e+01  2.92e-16 2.84e-14  8.81e-07     4s
  26   9.99386849e+00  1.02658812e+01  2.25e-16 2.84e-14  5.47e-07     4s
  27   1.00550445e+01  1.02403866e+01  3.95e-16 2.84e-14  3.73e-07     4s
  28   1.01000210e+01  1.02223555e+01  2.92e-16 2.84e-14  2.46e-07     4s
  29   1.01484979e+01  1.02039005e+01  1.42e-15 5.68e-14  1.11e-07     4s
  30   1.01703784e+01  1.01959953e+01  5.79e-16 2.84e-14  5.15e-08     4s
  31   1.01782090e+01  1.01932198e+01  9.22e-16 2.84e-14  3.02e-08     4s
  32   1.01828228e+01  1.01915983e+01  1.15e-15 2.84e-14  1.77e-08     4s
  33   1.01876116e+01  1.01899264e+01  9.23e-16 4.26e-14  4.66e-09     4s
  34   1.01892890e+01  1.01893468e+01  6.37e-15 8.53e-14  1.16e-10     4s
  35   1.01893319e+01  1.01893320e+01  2.88e-15 4.26e-14  1.20e-13     5s
  36   1.01893320e+01  1.01893320e+01  1.54e-15 5.68e-14  1.20e-16     5s
  37   1.01893320e+01  1.01893320e+01  1.06e-15 5.68e-14  1.20e-19     5s

Barrier solved model in 37 iterations and 4.73 seconds (3.94 work units)
Optimal objective 1.01893320e+01

objective value: 10.18933195271463
Done! Time elapsed: 26.82029891014099 seconds.
g_0_1: 1.040129514278622
g_1_1: 1.0128363657864685
g_1_2: 1.037382966878529
g_2_1: 1.013032070560044
g_2_2: 1.0383238119877773
g_2_3: 1.0131688016684768
g_2_4: 1.0387246885469994
Parameters from last iteration: [0.174 0.707 0.174 0.707 0.174 0.707 0.174]

Parameters from current iteration:
                [0.18098254 0.71607531 0.18050464 0.71621367 0.18066834 0.71631034
 0.1807381 ]


                Percentage Error = 0.04012951427862193
                
Optimization Iteration[2/20000]

Solving the optimization problem...
Set parameter TokenServer to value "licenses.rcc.uchicago.edu"
Read LP format model from file /scratch/local/jobs/50330035/tmpiq1isluf.pyomo.lp
Reading time = 1.50 seconds
x1: 258121 rows, 502401 columns, 1259970 nonzeros
Set parameter Threads to value 8
Set parameter BarConvTol to value 1e-12
Gurobi Optimizer version 11.0.0 build v11.0.0rc2 (linux64 - "CentOS Linux 8")

CPU model: Intel(R) Xeon(R) Gold 6248R CPU @ 3.00GHz, instruction set [SSE2|AVX|AVX2|AVX512]
Thread count: 48 physical cores, 48 logical processors, using up to 8 threads

Optimize a model with 258121 rows, 502401 columns and 1259970 nonzeros
Model fingerprint: 0x5db010bf
Model has 3166 quadratic objective terms
Coefficient statistics:
  Matrix range     [1e+00, 1e+03]
  Objective range  [2e-06, 1e+02]
  QObjective range [3e-01, 3e+03]
  Bounds range     [3e-04, 1e+00]
  RHS range        [6e-07, 5e+00]
Presolve removed 131481 rows and 128813 columns
Presolve time: 0.55s
Presolved: 126640 rows, 373588 columns, 743932 nonzeros
Presolved model has 3166 quadratic objective terms
Ordering time: 0.16s

Barrier statistics:
 AA' NZ     : 3.709e+05
 Factor NZ  : 3.905e+06 (roughly 230 MB of memory)
 Factor Ops : 2.623e+08 (less than 1 second per iteration)
 Threads    : 8

                  Objective                Residual
Iter       Primal          Dual         Primal    Dual     Compl     Time
   0  -1.28109842e+09  8.62793801e+08  7.80e+04 1.13e-13  1.00e+06     1s
   1  -5.85907829e+08  4.99649878e+08  1.61e+04 1.35e+02  2.13e+05     1s
   2  -2.73580032e+08  2.73016504e+08  2.03e+02 6.26e-01  3.80e+03     1s
   3  -6.31488079e+07  6.37334394e+07  1.72e+00 1.61e-12  2.75e+02     1s
   4  -1.20871086e+07  1.27038346e+07  1.48e-01 4.21e-12  5.12e+01     1s
   5  -2.18563656e+06  2.41970323e+06  1.07e-02 1.28e-12  9.31e+00     2s
   6  -3.19794934e+05  3.66969989e+05  1.07e-08 7.72e-13  1.38e+00     2s
   7  -4.82430919e+04  5.99130664e+04  1.34e-13 6.01e-13  2.18e-01     2s
   8  -7.41476096e+03  8.60281794e+03  3.59e-14 1.75e-13  3.22e-02     2s
   9  -1.41944989e+03  1.39763610e+03  2.23e-14 7.11e-14  5.67e-03     2s
  10  -2.85209982e+02  3.85925274e+02  6.81e-15 9.95e-14  1.35e-03     2s
  11  -1.00668873e+02  1.65671438e+02  2.30e-15 5.68e-14  5.36e-04     2s
  12  -2.52963362e+01  4.42758245e+01  1.04e-15 2.84e-14  1.40e-04     2s
  13  -1.26196513e+01  2.93437409e+01  4.71e-16 2.84e-14  8.44e-05     2s
  14  -3.54010164e+00  2.00470372e+01  3.62e-16 2.84e-14  4.75e-05     2s
  15   1.29477049e+00  1.58959898e+01  1.80e-16 4.26e-14  2.94e-05     3s
  16   3.15856781e+00  1.46309129e+01  2.92e-16 4.26e-14  2.31e-05     3s
  17   5.67307684e+00  1.26937402e+01  4.25e-16 2.84e-14  1.41e-05     3s
  18   7.59225102e+00  1.14749993e+01  8.68e-16 2.84e-14  7.81e-06     3s
  19   8.01857059e+00  1.12339798e+01  7.06e-16 2.84e-14  6.47e-06     3s
  20   8.63555666e+00  1.09033303e+01  4.53e-16 2.84e-14  4.56e-06     3s
  21   9.18133078e+00  1.06313947e+01  3.11e-16 2.84e-14  2.92e-06     3s
  22   9.40244842e+00  1.05268758e+01  2.88e-16 2.84e-14  2.26e-06     3s
  23   9.47787970e+00  1.04877499e+01  3.02e-16 2.84e-14  2.03e-06     3s
  24   9.75692399e+00  1.03590746e+01  3.34e-16 4.26e-14  1.21e-06     3s
  25   9.92031498e+00  1.02910240e+01  1.87e-16 4.26e-14  7.46e-07     3s
  26   1.00074616e+01  1.02567078e+01  2.94e-16 2.84e-14  5.01e-07     4s
  27   1.00479570e+01  1.02409080e+01  3.69e-16 4.26e-14  3.88e-07     4s
  28   1.00636025e+01  1.02349163e+01  2.79e-16 2.84e-14  3.45e-07     4s
  29   1.01359300e+01  1.02079375e+01  6.41e-16 4.26e-14  1.45e-07     4s
  30   1.01413348e+01  1.02059413e+01  4.63e-16 5.68e-14  1.30e-07     4s
  31   1.01728537e+01  1.01944685e+01  7.09e-16 5.68e-14  4.35e-08     4s
  32   1.01818966e+01  1.01912762e+01  2.36e-15 2.84e-14  1.89e-08     4s
  33   1.01832660e+01  1.01907993e+01  1.48e-15 2.84e-14  1.52e-08     4s
  34   1.01879630e+01  1.01891691e+01  2.02e-15 4.26e-14  2.43e-09     4s
  35   1.01888223e+01  1.01888722e+01  4.41e-15 4.26e-14  1.00e-10     4s
  36   1.01888592e+01  1.01888594e+01  1.98e-13 4.26e-14  3.69e-13     5s
  37   1.01888594e+01  1.01888594e+01  2.58e-12 4.26e-14  4.45e-16     5s
  38   1.01888594e+01  1.01888594e+01  1.80e-10 2.84e-14  1.67e-16     5s
  39   1.01888594e+01  1.01888594e+01  3.66e-10 2.84e-14  1.14e-16     5s
  40   1.01888594e+01  1.01888594e+01  4.81e-10 2.84e-14  6.04e-17     5s

Barrier solved model in 40 iterations and 5.01 seconds (4.20 work units)
Optimal objective 1.01888592e+01

objective value: 10.18885924727901
Done! Time elapsed: 25.680249452590942 seconds.
g_0_1: 1.0401240805995324
g_1_1: 1.0128311916553572
g_1_2: 1.0373697214489976
g_2_1: 1.013021450898996
g_2_2: 1.03829829275397
g_2_3: 1.013160075159222
g_2_4: 1.038698739502823
Parameters from last iteration: [0.18098254 0.71607531 0.18050464 0.71621367 0.18066834 0.71631034
 0.1807381 ]

Parameters from current iteration:
                [0.18098159 0.71607165 0.18050233 0.71620617 0.1806639  0.71630417
 0.18073358]


                Percentage Error = 2.498163802445023e-05
                
year done: 1
Time 2: 2
Optimization Iteration[1/20000]

Solving the optimization problem...
Set parameter TokenServer to value "licenses.rcc.uchicago.edu"
Read LP format model from file /scratch/local/jobs/50330035/tmpkyuh01uf.pyomo.lp
Reading time = 1.35 seconds
x1: 258121 rows, 502401 columns, 1259970 nonzeros
Set parameter Threads to value 8
Set parameter BarConvTol to value 1e-12
Gurobi Optimizer version 11.0.0 build v11.0.0rc2 (linux64 - "CentOS Linux 8")

CPU model: Intel(R) Xeon(R) Gold 6248R CPU @ 3.00GHz, instruction set [SSE2|AVX|AVX2|AVX512]
Thread count: 48 physical cores, 48 logical processors, using up to 8 threads

Optimize a model with 258121 rows, 502401 columns and 1259970 nonzeros
Model fingerprint: 0xda0264af
Model has 3166 quadratic objective terms
Coefficient statistics:
  Matrix range     [1e+00, 1e+03]
  Objective range  [2e-06, 1e+02]
  QObjective range [3e-01, 3e+03]
  Bounds range     [3e-04, 1e+00]
  RHS range        [3e-12, 5e+00]
Presolve removed 131481 rows and 128813 columns
Presolve time: 0.62s
Presolved: 126640 rows, 373588 columns, 743932 nonzeros
Presolved model has 3166 quadratic objective terms
Ordering time: 0.17s

Barrier statistics:
 AA' NZ     : 3.709e+05
 Factor NZ  : 3.905e+06 (roughly 230 MB of memory)
 Factor Ops : 2.623e+08 (less than 1 second per iteration)
 Threads    : 8

                  Objective                Residual
Iter       Primal          Dual         Primal    Dual     Compl     Time
   0  -1.28109513e+09  8.62790521e+08  7.80e+04 1.14e-13  1.00e+06     1s
   1  -5.85910829e+08  4.99651282e+08  1.61e+04 1.35e+02  2.13e+05     1s
   2  -2.73583278e+08  2.73019658e+08  2.03e+02 6.26e-01  3.80e+03     1s
   3  -6.31469243e+07  6.37315464e+07  1.72e+00 1.63e-12  2.75e+02     1s
   4  -1.20810452e+07  1.26975196e+07  1.48e-01 3.73e-12  5.12e+01     2s
   5  -2.18465415e+06  2.41847462e+06  1.07e-02 1.24e-12  9.31e+00     2s
   6  -3.19819844e+05  3.67748365e+05  1.07e-08 7.92e-13  1.38e+00     2s
   7  -4.83151133e+04  6.03089371e+04  1.44e-13 6.64e-13  2.19e-01     2s
   8  -7.43054583e+03  8.63361903e+03  7.86e-14 1.92e-13  3.23e-02     2s
   9  -1.23115771e+03  1.41004380e+03  1.92e-14 5.68e-14  5.31e-03     2s
  10  -2.26915066e+02  2.44220162e+02  7.93e-15 2.84e-14  9.48e-04     2s
  11  -7.33288254e+01  1.00358818e+02  2.28e-15 3.55e-14  3.49e-04     2s
  12  -1.95085839e+01  3.35234474e+01  8.17e-16 5.68e-14  1.07e-04     2s
  13  -8.50797653e+00  2.37625508e+01  5.56e-16 2.84e-14  6.49e-05     3s
  14  -6.10355626e-02  1.76016419e+01  3.08e-16 2.84e-14  3.55e-05     3s
  15   4.56345581e+00  1.39846631e+01  3.07e-16 2.84e-14  1.90e-05     3s
  16   6.56902377e+00  1.27364367e+01  1.76e-16 2.84e-14  1.24e-05     3s
  17   7.89321613e+00  1.18872613e+01  1.08e-16 2.84e-14  8.04e-06     3s
  18   9.52149858e+00  1.10088088e+01  2.24e-16 2.84e-14  2.99e-06     3s
  19   1.00047843e+01  1.07511206e+01  2.38e-16 2.84e-14  1.50e-06     3s
  20   1.02317475e+01  1.06512498e+01  1.18e-15 2.84e-14  8.44e-07     3s
  21   1.03850071e+01  1.05866002e+01  1.49e-15 2.84e-14  4.06e-07     3s
  22   1.04790667e+01  1.05497339e+01  3.33e-16 2.84e-14  1.42e-07     3s
  23   1.05148932e+01  1.05362577e+01  1.33e-15 5.68e-14  4.30e-08     3s
  24   1.05261166e+01  1.05323543e+01  3.46e-15 2.84e-14  1.25e-08     4s
  25   1.05306021e+01  1.05308035e+01  2.11e-15 5.68e-14  4.05e-10     4s
  26   1.05306976e+01  1.05307705e+01  1.94e-15 3.20e-14  1.47e-10     4s
  27   1.05307445e+01  1.05307543e+01  2.57e-15 5.68e-14  1.97e-11     4s
  28   1.05307495e+01  1.05307526e+01  1.39e-15 4.26e-14  6.15e-12     4s
  29   1.05307508e+01  1.05307521e+01  1.97e-15 4.26e-14  2.69e-12     4s
  30   1.05307512e+01  1.05307520e+01  3.26e-15 2.84e-14  1.51e-12     4s
  31   1.05307513e+01  1.05307519e+01  2.39e-15 5.68e-14  1.23e-12     4s
  32   1.05307515e+01  1.05307518e+01  1.61e-15 4.26e-14  6.47e-13     4s
  33   1.05307516e+01  1.05307518e+01  1.10e-15 4.26e-14  5.67e-13     4s
  34   1.05307516e+01  1.05307518e+01  1.80e-15 4.26e-14  3.77e-13     4s
  35   1.05307517e+01  1.05307518e+01  1.72e-15 4.26e-14  4.65e-14     5s
  36   1.05307518e+01  1.05307518e+01  1.62e-15 4.26e-14  6.30e-17     5s

Barrier solved model in 36 iterations and 4.70 seconds (3.87 work units)
Optimal objective 1.05307518e+01

objective value: 10.530751763557566
Done! Time elapsed: 25.261682510375977 seconds.
g_0_1: 1.031216326442135
g_1_1: 1.0092356680253074
g_1_2: 1.0268422113087645
g_2_1: 1.0086817461089599
g_2_2: 1.0254850380390101
g_2_3: 1.0088231195780957
g_2_4: 1.0258980187055298
Parameters from last iteration: [0.18098159 0.71607165 0.18050233 0.71620617 0.1806639  0.71630417
 0.18073358]

Parameters from current iteration:
                [0.17943164 0.71352962 0.17867054 0.71313799 0.1784344  0.71323795
 0.17850626]


                Percentage Error = 0.012340629667196982
                
Optimization Iteration[2/20000]

Solving the optimization problem...
Set parameter TokenServer to value "licenses.rcc.uchicago.edu"
Read LP format model from file /scratch/local/jobs/50330035/tmp82dtws9o.pyomo.lp
Reading time = 1.39 seconds
x1: 258121 rows, 502401 columns, 1259970 nonzeros
Set parameter Threads to value 8
Set parameter BarConvTol to value 1e-12
Gurobi Optimizer version 11.0.0 build v11.0.0rc2 (linux64 - "CentOS Linux 8")

CPU model: Intel(R) Xeon(R) Gold 6248R CPU @ 3.00GHz, instruction set [SSE2|AVX|AVX2|AVX512]
Thread count: 48 physical cores, 48 logical processors, using up to 8 threads

Optimize a model with 258121 rows, 502401 columns and 1259970 nonzeros
Model fingerprint: 0x749ca718
Model has 3166 quadratic objective terms
Coefficient statistics:
  Matrix range     [1e+00, 1e+03]
  Objective range  [2e-06, 1e+02]
  QObjective range [3e-01, 3e+03]
  Bounds range     [3e-04, 1e+00]
  RHS range        [3e-12, 5e+00]
Presolve removed 131481 rows and 128813 columns
Presolve time: 0.62s
Presolved: 126640 rows, 373588 columns, 743932 nonzeros
Presolved model has 3166 quadratic objective terms
Ordering time: 0.17s

Barrier statistics:
 AA' NZ     : 3.709e+05
 Factor NZ  : 3.905e+06 (roughly 230 MB of memory)
 Factor Ops : 2.623e+08 (less than 1 second per iteration)
 Threads    : 8

                  Objective                Residual
Iter       Primal          Dual         Primal    Dual     Compl     Time
   0  -1.28035374e+09  8.62052438e+08  7.80e+04 1.13e-13  1.00e+06     1s
   1  -5.88689100e+08  5.01362224e+08  1.63e+04 1.37e+02  2.16e+05     1s
   2  -2.76397237e+08  2.75822584e+08  2.06e+02 6.62e-01  3.84e+03     1s
   3  -6.38327145e+07  6.44182809e+07  1.74e+00 1.67e-12  2.78e+02     1s
   4  -1.22274801e+07  1.28464010e+07  1.50e-01 3.82e-12  5.18e+01     2s
   5  -2.21449634e+06  2.45102429e+06  1.09e-02 1.26e-12  9.43e+00     2s
   6  -3.24107381e+05  3.72377655e+05  1.09e-08 1.74e-12  1.40e+00     2s
   7  -4.89501159e+04  6.10879109e+04  1.22e-13 6.89e-13  2.21e-01     2s
   8  -7.52421518e+03  8.74162918e+03  5.52e-14 1.76e-13  3.27e-02     2s
   9  -1.24608391e+03  1.43030098e+03  2.44e-14 4.26e-14  5.38e-03     2s
  10  -2.29085608e+02  2.45615507e+02  6.77e-15 1.73e-14  9.55e-04     2s
  11  -7.33768316e+01  1.00076914e+02  2.47e-15 4.26e-14  3.49e-04     2s
  12  -1.95841401e+01  3.36828215e+01  9.48e-16 5.68e-14  1.07e-04     2s
  13  -8.76490832e+00  2.40388045e+01  5.77e-16 2.84e-14  6.60e-05     3s
  14  -1.19807933e-01  1.76872553e+01  3.63e-16 2.84e-14  3.58e-05     3s
  15   4.61397691e+00  1.39572237e+01  1.80e-16 2.84e-14  1.88e-05     3s
  16   6.57830248e+00  1.27338831e+01  1.36e-16 2.84e-14  1.24e-05     3s
  17   7.92253167e+00  1.18703589e+01  8.59e-17 5.68e-14  7.94e-06     3s
  18   9.52613295e+00  1.10068217e+01  2.06e-16 2.84e-14  2.98e-06     3s
  19   1.00253300e+01  1.07409608e+01  1.40e-16 2.84e-14  1.44e-06     3s
  20   1.02324713e+01  1.06503008e+01  3.96e-16 2.84e-14  8.41e-07     3s
  21   1.03906112e+01  1.05845014e+01  1.02e-15 2.84e-14  3.90e-07     3s
  22   1.04847678e+01  1.05475369e+01  1.13e-15 2.84e-14  1.26e-07     3s
  23   1.05186084e+01  1.05351439e+01  6.36e-16 2.84e-14  3.33e-08     3s
  24   1.05275835e+01  1.05319830e+01  2.30e-15 4.26e-14  8.85e-09     3s
  25   1.05307187e+01  1.05308901e+01  4.79e-15 2.84e-14  3.45e-10     4s
  26   1.05307954e+01  1.05308634e+01  5.21e-15 2.84e-14  1.37e-10     4s
  27   1.05308404e+01  1.05308479e+01  4.51e-15 2.84e-14  1.51e-11     4s
  28   1.05308441e+01  1.05308466e+01  2.59e-15 4.26e-14  4.87e-12     4s
  29   1.05308448e+01  1.05308463e+01  2.02e-15 2.84e-14  2.97e-12     4s
  30   1.05308452e+01  1.05308462e+01  2.43e-15 2.84e-14  1.87e-12     4s
  31   1.05308455e+01  1.05308461e+01  2.23e-15 2.84e-14  1.14e-12     4s
  32   1.05308457e+01  1.05308460e+01  3.33e-15 4.26e-14  6.00e-13     4s
  33   1.05308458e+01  1.05308460e+01  1.28e-15 2.84e-14  2.64e-13     4s
  34   1.05308459e+01  1.05308459e+01  1.60e-15 5.68e-14  4.69e-14     4s
  35   1.05308459e+01  1.05308459e+01  2.81e-15 2.84e-14  5.43e-17     5s

Barrier solved model in 35 iterations and 4.53 seconds (3.77 work units)
Optimal objective 1.05308459e+01

objective value: 10.530845921751055
Done! Time elapsed: 25.163196802139282 seconds.
g_0_1: 1.0312179987232808
g_1_1: 1.0092368310763395
g_1_2: 1.0268459021596608
g_2_1: 1.008683654116436
g_2_2: 1.025485037985621
g_2_3: 1.0088253014638355
g_2_4: 1.025905170858912
Parameters from last iteration: [0.17943164 0.71352962 0.17867054 0.71313799 0.1784344  0.71323795
 0.17850626]

Parameters from current iteration:
                [0.17943193 0.71353044 0.17867119 0.71313934 0.1784344  0.71323949
 0.1785075 ]


                Percentage Error = 6.9716026855527675e-06
                
year done: 2
Results for pe =  31.1
all done
MPC-HMC child ends Sun May 31 22:02:52 2026
MPC-HMC child elapsed time: 0 days 00 hr 03 min 28 sec

Program ends Sun May 31 22:02:52 CDT 2026
Exit code: 0
Elapsed time: 211 seconds
