Command: /project/lhansen/HMC_rep26_robust_mac/amazon-carbon-prices/.venv/bin/python pysrc/bash/shadow_price.py --id 40 --xi 1 --sites 1043
Working directory: /project/lhansen/HMC_rep26_robust_mac/amazon-carbon-prices
Program starts Fri May 29 17:54:50 CDT 2026

Data successfully loaded from /project/lhansen/HMC_rep26_robust_mac/amazon-carbon-prices/data/calibration
Waiting for Stan compile lock: /project/lhansen/HMC_rep26_robust_mac/amazon-carbon-prices/stan_model/adjusted.compile.lock
Using Stan model executable: /project/lhansen/HMC_rep26_robust_mac/amazon-carbon-prices/stan_model/adjusted
Optimization Iteration[1/100]

Theta: [0.19293399 0.39270684 0.39383513 ... 2.1961384  1.20930668 1.03223742]

Gamma: [605.85192903 587.02426052 531.68859839 ... 252.44623295 234.13249733
 233.63746894]

Solving the optimization problem...
Set parameter TokenServer to value "licenses.rcc.uchicago.edu"
Read LP format model from file /scratch/local/jobs/50255462/tmpx7t0f643.pyomo.lp
Reading time = 2.21 seconds
x1: 417600 rows, 834801 columns, 2083271 nonzeros
Gurobi Optimizer version 11.0.0 build v11.0.0rc2 (linux64 - "CentOS Linux 8")

CPU model: Intel(R) Xeon(R) Gold 6248R CPU @ 3.00GHz, instruction set [SSE2|AVX|AVX2|AVX512]
Thread count: 48 physical cores, 48 logical processors, using up to 32 threads

Optimize a model with 417600 rows, 834801 columns and 2083271 nonzeros
Model fingerprint: 0xa3798687
Model has 400 quadratic objective terms
Coefficient statistics:
  Matrix range     [1e+00, 9e+02]
  Objective range  [2e-03, 8e+02]
  QObjective range [2e+03, 2e+05]
  Bounds range     [3e-06, 1e+00]
  RHS range        [9e-11, 4e-01]
Presolve removed 208947 rows and 209294 columns
Presolve time: 0.89s
Presolved: 208653 rows, 625507 columns, 1249571 nonzeros
Presolved model has 400 quadratic objective terms
Ordering time: 1.16s

Barrier statistics:
 AA' NZ     : 6.241e+05
 Factor NZ  : 6.773e+07 (roughly 900 MB of memory)
 Factor Ops : 2.543e+10 (less than 1 second per iteration)
 Threads    : 32

                  Objective                Residual
Iter       Primal          Dual         Primal    Dual     Compl     Time
   0  -1.45228537e+11  1.10640370e+11  1.04e+06 1.14e-13  1.00e+06     6s
   1  -6.47502110e+10  6.33664169e+10  4.43e+04 3.08e+01  4.67e+04     8s
   2  -3.05811896e+10  3.06536652e+10  4.48e+02 1.24e-01  5.43e+02    10s
   3  -1.08845478e+10  1.09726675e+10  3.21e+00 1.74e-12  2.86e+01    12s
   4  -2.40146170e+09  2.49930044e+09  2.67e-01 1.33e-12  5.95e+00    17s
   5  -5.82492193e+08  6.48627149e+08  3.65e-02 5.24e-12  1.46e+00    22s
   6  -9.63085193e+07  1.09572322e+08  2.74e-03 1.52e-12  2.41e-01    27s
   7  -1.41074879e+07  1.68760735e+07  2.74e-09 1.65e-12  3.63e-02    32s
   8  -2.06695117e+06  2.45971702e+06  2.42e-13 8.97e-13  5.30e-03    35s
   9  -3.07314569e+05  3.78093812e+05  3.99e-14 3.38e-13  8.02e-04    37s
  10  -4.59828109e+04  5.48136422e+04  2.14e-14 4.56e-14  1.18e-04    39s
  11  -7.05892602e+03  8.93379979e+03  1.16e-14 6.12e-15  1.87e-05    41s
  12  -1.25008779e+03  2.80893739e+03  8.33e-15 1.51e-15  4.75e-06    45s
  13  -1.54984161e+02  8.57373671e+02  2.57e-15 1.13e-15  1.19e-06    48s
  14   1.58030365e+02  5.14103664e+02  3.01e-16 6.66e-16  4.17e-07    50s
  15   2.69631173e+02  4.10227203e+02  3.15e-16 6.66e-16  1.65e-07    53s
  16   3.10637625e+02  3.66949113e+02  1.37e-16 4.44e-16  6.59e-08    55s
  17   3.15311895e+02  3.63347972e+02  1.37e-16 4.44e-16  5.62e-08    57s
  18   3.30767383e+02  3.51830864e+02  1.72e-16 4.44e-16  2.47e-08    59s
  19   3.31440917e+02  3.51387873e+02  1.47e-16 4.44e-16  2.34e-08    60s
  20   3.32336931e+02  3.50836245e+02  1.51e-16 4.94e-16  2.17e-08    62s
  21   3.37074700e+02  3.47971376e+02  7.50e-17 4.44e-16  1.28e-08    64s
  22   3.40810319e+02  3.45896427e+02  7.00e-17 4.44e-16  5.95e-09    66s
  23   3.41025001e+02  3.45787295e+02  7.26e-17 5.55e-16  5.58e-09    68s
  24   3.42511252e+02  3.45044923e+02  9.00e-17 4.44e-16  2.97e-09    70s
  25   3.43206013e+02  3.44716401e+02  8.57e-17 4.44e-16  1.77e-09    72s
  26   3.43619368e+02  3.44526469e+02  8.22e-17 4.44e-16  1.06e-09    74s
  27   3.43872590e+02  3.44413509e+02  1.13e-16 4.44e-16  6.33e-10    76s
  28   3.44020988e+02  3.44348329e+02  2.40e-16 4.44e-16  3.83e-10    78s
  29   3.44103136e+02  3.44312705e+02  2.61e-16 4.44e-16  2.45e-10    80s
  30   3.44170755e+02  3.44283762e+02  1.54e-16 4.44e-16  1.32e-10    81s
  31   3.44209558e+02  3.44267444e+02  9.30e-17 5.55e-16  6.78e-11    83s
  32   3.44233321e+02  3.44257635e+02  2.79e-16 5.55e-16  2.85e-11    86s
  33   3.44234167e+02  3.44257292e+02  2.55e-16 5.55e-16  2.71e-11    88s
  34   3.44242881e+02  3.44253758e+02  4.53e-16 5.55e-16  1.27e-11    90s
  35   3.44248424e+02  3.44251530e+02  1.72e-15 5.55e-16  3.64e-12    93s
  36   3.44249122e+02  3.44251249e+02  1.24e-15 4.44e-16  2.49e-12    95s
  37   3.44250126e+02  3.44250848e+02  1.54e-15 5.55e-16  8.45e-13    97s
  38   3.44250509e+02  3.44250695e+02  3.89e-15 5.55e-16  2.18e-13    99s
  39   3.44250573e+02  3.44250669e+02  1.86e-15 6.66e-16  1.13e-13   102s
  40   3.44250639e+02  3.44250643e+02  2.68e-15 6.66e-16  4.47e-15   104s

Barrier solved model in 40 iterations and 103.99 seconds (18.10 work units)
Optimal objective 3.44250639e+02

Done! Time elapsed: 137.51628804206848 seconds.
Starting HMC sampling...

                                                                                                                                                                                                                                                                                                                                
Finished sampling! Elapsed Time: 1066.4346873760223 seconds

Checking sampler transitions treedepth.
101 of 16000 (0.63%) transitions hit the maximum treedepth limit of 10, or 2^10 leapfrog steps.
Trajectories that are prematurely terminated due to this limit will result in slow exploration.
For optimal performance, increase this limit.

Checking sampler transitions for divergences.
No divergent transitions found.

Checking E-BFMI - sampler transitions HMC potential energy.
E-BFMI satisfactory.

Rank-normalized split effective sample size satisfactory for all parameters.

Rank-normalized split R-hat values satisfactory for all parameters.

Processing complete.

Parameters from last iteration: [1.92933991e-01 3.92706841e-01 3.93835127e-01 ... 2.52446233e+02
 2.34132497e+02 2.33637469e+02]

Parameters from current iteration:
            [  0.29290009   0.44186295   0.44270427 ... 252.71118159 234.22001457
 233.63302334]

Updated uncertain values: [2.17925515e-01 4.04995868e-01 4.06052413e-01 ... 2.52512470e+02
 2.34154377e+02 2.33636358e+02]


            Iteration [   1]: Absolute Error = 1.6930201979687354,
            Percentage Error = 0.19482486749632238
            
Optimization Iteration[2/100]

Theta: [0.21792551 0.40499587 0.40605241 ... 2.10826048 1.20952053 1.04714105]

Gamma: [605.97096308 587.15046457 531.78770323 ... 252.51247011 234.15437664
 233.63635754]

Solving the optimization problem...
Set parameter TokenServer to value "licenses.rcc.uchicago.edu"
Read LP format model from file /scratch/local/jobs/50255462/tmpbx3ul01o.pyomo.lp
Reading time = 2.23 seconds
x1: 417600 rows, 834801 columns, 2083271 nonzeros
Gurobi Optimizer version 11.0.0 build v11.0.0rc2 (linux64 - "CentOS Linux 8")

CPU model: Intel(R) Xeon(R) Gold 6248R CPU @ 3.00GHz, instruction set [SSE2|AVX|AVX2|AVX512]
Thread count: 48 physical cores, 48 logical processors, using up to 32 threads

Optimize a model with 417600 rows, 834801 columns and 2083271 nonzeros
Model fingerprint: 0xbbfb3142
Model has 400 quadratic objective terms
Coefficient statistics:
  Matrix range     [1e+00, 9e+02]
  Objective range  [2e-03, 8e+02]
  QObjective range [2e+03, 2e+05]
  Bounds range     [3e-06, 1e+00]
  RHS range        [9e-11, 4e-01]
Presolve removed 208947 rows and 209294 columns
Presolve time: 0.89s
Presolved: 208653 rows, 625507 columns, 1249571 nonzeros
Presolved model has 400 quadratic objective terms
Ordering time: 1.05s

Barrier statistics:
 AA' NZ     : 6.241e+05
 Factor NZ  : 6.773e+07 (roughly 900 MB of memory)
 Factor Ops : 2.543e+10 (less than 1 second per iteration)
 Threads    : 32

                  Objective                Residual
Iter       Primal          Dual         Primal    Dual     Compl     Time
   0  -1.45476405e+11  1.10640370e+11  1.04e+06 1.13e-13  1.00e+06     6s
   1  -6.47606803e+10  6.33664108e+10  4.43e+04 3.08e+01  4.67e+04     8s
   2  -3.05812937e+10  3.06536623e+10  4.48e+02 1.24e-01  5.43e+02    10s
   3  -1.08845480e+10  1.09726663e+10  3.21e+00 1.65e-12  2.86e+01    13s
   4  -2.40146188e+09  2.49930021e+09  2.67e-01 1.24e-12  5.95e+00    18s
   5  -5.82492120e+08  6.48626839e+08  3.65e-02 5.71e-12  1.46e+00    23s
   6  -9.63085271e+07  1.09572176e+08  2.74e-03 1.46e-12  2.41e-01    28s
   7  -1.41075318e+07  1.68760007e+07  2.74e-09 1.13e-12  3.63e-02    33s
   8  -2.06699882e+06  2.45967683e+06  2.74e-13 1.17e-12  5.30e-03    35s
   9  -3.07355633e+05  3.78030583e+05  4.59e-14 3.36e-13  8.02e-04    38s
  10  -4.60228118e+04  5.47616784e+04  1.98e-14 6.37e-14  1.18e-04    40s
  11  -7.08077815e+03  8.76850661e+03  1.16e-14 8.85e-15  1.86e-05    42s
  12  -1.31242558e+03  2.18381625e+03  9.39e-15 2.65e-15  4.09e-06    46s
  13  -2.18388445e+02  9.81760714e+02  8.03e-16 7.98e-16  1.41e-06    48s
  14   1.44491205e+02  4.35213785e+02  4.27e-16 6.66e-16  3.40e-07    50s
  15   2.27538889e+02  3.53349370e+02  2.37e-16 6.66e-16  1.47e-07    53s
  16   2.67490507e+02  3.11562963e+02  1.16e-16 6.66e-16  5.16e-08    55s
  17   2.70274319e+02  3.09539090e+02  9.00e-17 4.44e-16  4.60e-08    57s
  18   2.77927070e+02  3.04068085e+02  7.31e-17 4.44e-16  3.06e-08    59s
  19   2.83245889e+02  3.00736783e+02  7.74e-17 4.44e-16  2.05e-08    61s
  20   2.88914139e+02  2.97144449e+02  7.20e-17 4.44e-16  9.64e-09    63s
  21   2.91798454e+02  2.95502270e+02  1.90e-16 4.44e-16  4.34e-09    65s
  22   2.92269581e+02  2.95260303e+02  1.65e-16 4.44e-16  3.50e-09    67s
  23   2.93271896e+02  2.94766145e+02  8.04e-17 4.44e-16  1.75e-09    69s
  24   2.93629334e+02  2.94596745e+02  9.35e-17 4.44e-16  1.13e-09    71s
  25   2.93837371e+02  2.94501046e+02  1.08e-16 4.44e-16  7.77e-10    72s
  26   2.93986972e+02  2.94433670e+02  1.29e-16 4.44e-16  5.23e-10    74s
  27   2.94108554e+02  2.94380120e+02  1.44e-16 4.44e-16  3.18e-10    76s
  28   2.94170415e+02  2.94353041e+02  1.61e-16 4.44e-16  2.14e-10    78s
  29   2.94183600e+02  2.94347378e+02  1.51e-16 4.44e-16  1.92e-10    80s
  30   2.94232199e+02  2.94326739e+02  1.16e-16 4.44e-16  1.11e-10    83s
  31   2.94281973e+02  2.94305972e+02  1.44e-16 5.55e-16  2.81e-11    85s
  32   2.94291337e+02  2.94302156e+02  1.91e-16 5.55e-16  1.27e-11    87s
  33   2.94295740e+02  2.94300383e+02  6.68e-16 4.44e-16  5.44e-12    89s
  34   2.94298066e+02  2.94299448e+02  3.48e-15 5.55e-16  1.62e-12    91s
  35   2.94298668e+02  2.94299207e+02  1.87e-15 4.44e-16  6.32e-13    93s
  36   2.94298926e+02  2.94299105e+02  2.61e-15 6.66e-16  2.10e-13    96s
  37   2.94299027e+02  2.94299064e+02  1.98e-15 5.55e-16  4.33e-14    98s
  38   2.94299050e+02  2.94299055e+02  1.27e-15 6.66e-16  5.13e-15   100s

Barrier solved model in 38 iterations and 100.08 seconds (17.14 work units)
Optimal objective 2.94299050e+02

Done! Time elapsed: 137.88389372825623 seconds.
Starting HMC sampling...

                                                                                                                                                                                                                                                                                                                                
Finished sampling! Elapsed Time: 921.8239512443542 seconds

Checking sampler transitions treedepth.
65 of 16000 (0.41%) transitions hit the maximum treedepth limit of 10, or 2^10 leapfrog steps.
Trajectories that are prematurely terminated due to this limit will result in slow exploration.
For optimal performance, increase this limit.

Checking sampler transitions for divergences.
No divergent transitions found.

Checking E-BFMI - sampler transitions HMC potential energy.
E-BFMI satisfactory.

Rank-normalized split effective sample size satisfactory for all parameters.

Rank-normalized split R-hat values satisfactory for all parameters.

Processing complete.

Parameters from last iteration: [2.17925515e-01 4.04995868e-01 4.06052413e-01 ... 2.52512470e+02
 2.34154377e+02 2.33636358e+02]

Parameters from current iteration:
            [  0.28371584   0.43331605   0.43416097 ... 252.64292252 234.16141248
 233.62089506]

Updated uncertain values: [2.34373096e-01 4.12075914e-01 4.13079553e-01 ... 2.52545083e+02
 2.34156136e+02 2.33632492e+02]


            Iteration [   2]: Absolute Error = 1.061948242499966,
            Percentage Error = 0.1717628039704215
            
Optimization Iteration[3/100]

Theta: [0.2343731  0.41207591 0.41307955 ... 2.04252467 1.20891267 1.05740792]

Gamma: [606.19583737 587.37807367 531.96003911 ... 252.54508321 234.1561356
 233.63249192]

Solving the optimization problem...
Set parameter TokenServer to value "licenses.rcc.uchicago.edu"
Read LP format model from file /scratch/local/jobs/50255462/tmpuok5p_aj.pyomo.lp
Reading time = 2.25 seconds
x1: 417600 rows, 834801 columns, 2083271 nonzeros
Gurobi Optimizer version 11.0.0 build v11.0.0rc2 (linux64 - "CentOS Linux 8")

CPU model: Intel(R) Xeon(R) Gold 6248R CPU @ 3.00GHz, instruction set [SSE2|AVX|AVX2|AVX512]
Thread count: 48 physical cores, 48 logical processors, using up to 32 threads

Optimize a model with 417600 rows, 834801 columns and 2083271 nonzeros
Model fingerprint: 0x9c22640a
Model has 400 quadratic objective terms
Coefficient statistics:
  Matrix range     [1e+00, 9e+02]
  Objective range  [2e-05, 8e+02]
  QObjective range [2e+03, 2e+05]
  Bounds range     [3e-06, 1e+00]
  RHS range        [9e-11, 4e-01]
Presolve removed 208947 rows and 209294 columns
Presolve time: 0.88s
Presolved: 208653 rows, 625507 columns, 1249571 nonzeros
Presolved model has 400 quadratic objective terms
Ordering time: 0.89s

Barrier statistics:
 AA' NZ     : 6.241e+05
 Factor NZ  : 6.773e+07 (roughly 900 MB of memory)
 Factor Ops : 2.543e+10 (less than 1 second per iteration)
 Threads    : 32

                  Objective                Residual
Iter       Primal          Dual         Primal    Dual     Compl     Time
   0  -1.45641865e+11  1.10640370e+11  1.04e+06 1.13e-13  1.00e+06     5s
   1  -6.47676703e+10  6.33664074e+10  4.43e+04 3.08e+01  4.67e+04     7s
   2  -3.05813633e+10  3.06536607e+10  4.48e+02 1.24e-01  5.43e+02    10s
   3  -1.08845482e+10  1.09726657e+10  3.21e+00 1.74e-12  2.86e+01    12s
   4  -2.40146203e+09  2.49930011e+09  2.67e-01 1.25e-12  5.95e+00    17s
   5  -5.82492064e+08  6.48626640e+08  3.65e-02 3.22e-12  1.46e+00    22s
   6  -9.63085245e+07  1.09572076e+08  2.74e-03 1.68e-12  2.41e-01    27s
   7  -1.41075595e+07  1.68759521e+07  2.74e-09 1.51e-12  3.63e-02    32s
   8  -2.06703033e+06  2.45965009e+06  2.84e-13 1.22e-12  5.30e-03    34s
   9  -3.07382849e+05  3.77986854e+05  4.29e-14 3.51e-13  8.02e-04    37s
  10  -4.60494018e+04  5.47264678e+04  1.91e-14 7.61e-14  1.18e-04    39s
  11  -7.09418796e+03  8.65617855e+03  1.40e-14 6.84e-15  1.84e-05    41s
  12  -1.27938660e+03  1.92748440e+03  1.23e-14 1.88e-15  3.75e-06    44s
  13  -2.47070745e+02  9.72452706e+02  1.33e-15 6.66e-16  1.43e-06    46s
  14   1.06238249e+02  3.76912257e+02  6.08e-16 6.66e-16  3.17e-07    49s
  15   1.90027059e+02  3.23031149e+02  2.08e-16 5.55e-16  1.56e-07    51s
  16   2.30372952e+02  2.83059492e+02  1.10e-16 4.44e-16  6.17e-08    53s
  17   2.43096478e+02  2.73462474e+02  6.90e-17 4.44e-16  3.56e-08    55s
  18   2.51520906e+02  2.67803526e+02  5.83e-17 5.55e-16  1.91e-08    57s
  19   2.56438848e+02  2.64867641e+02  8.15e-17 4.44e-16  9.87e-09    59s
  20   2.58348250e+02  2.63883784e+02  1.26e-16 4.44e-16  6.48e-09    61s
  21   2.59953327e+02  2.63059537e+02  6.07e-17 3.33e-16  3.64e-09    63s
  22   2.61005255e+02  2.62518490e+02  7.89e-17 5.55e-16  1.77e-09    65s
  23   2.61438911e+02  2.62313501e+02  8.00e-17 4.44e-16  1.02e-09    67s
  24   2.61668697e+02  2.62208711e+02  6.68e-17 4.44e-16  6.32e-10    69s
  25   2.61809259e+02  2.62146174e+02  1.32e-16 5.55e-16  3.94e-10    71s
  26   2.61923642e+02  2.62096596e+02  2.59e-16 4.44e-16  2.02e-10    73s
  27   2.61970521e+02  2.62076700e+02  1.73e-16 4.44e-16  1.24e-10    75s
  28   2.62007257e+02  2.62061329e+02  2.60e-16 4.44e-16  6.33e-11    77s
  29   2.62026863e+02  2.62053315e+02  1.29e-15 5.55e-16  3.10e-11    79s
  30   2.62037803e+02  2.62048857e+02  6.31e-16 5.55e-16  1.29e-11    81s
  31   2.62043699e+02  2.62046485e+02  5.19e-16 5.55e-16  3.26e-12    84s
  32   2.62044624e+02  2.62046116e+02  1.83e-15 4.44e-16  1.75e-12    86s
  33   2.62045262e+02  2.62045863e+02  1.00e-15 4.44e-16  7.03e-13    88s
  34   2.62045550e+02  2.62045748e+02  4.75e-15 4.44e-16  2.32e-13    90s
  35   2.62045664e+02  2.62045703e+02  2.32e-15 6.66e-16  4.49e-14    92s
  36   2.62045689e+02  2.62045693e+02  1.28e-15 6.66e-16  4.15e-15    94s

Barrier solved model in 36 iterations and 93.94 seconds (16.33 work units)
Optimal objective 2.62045689e+02

Done! Time elapsed: 127.5021538734436 seconds.
Starting HMC sampling...

                                                                                                                                                                                                                                                                                                                                
Finished sampling! Elapsed Time: 1041.3066861629486 seconds

Checking sampler transitions treedepth.
108 of 16000 (0.68%) transitions hit the maximum treedepth limit of 10, or 2^10 leapfrog steps.
Trajectories that are prematurely terminated due to this limit will result in slow exploration.
For optimal performance, increase this limit.

Checking sampler transitions for divergences.
No divergent transitions found.

Checking E-BFMI - sampler transitions HMC potential energy.
E-BFMI satisfactory.

Rank-normalized split effective sample size satisfactory for all parameters.

Rank-normalized split R-hat values satisfactory for all parameters.

Processing complete.

Parameters from last iteration: [2.34373096e-01 4.12075914e-01 4.13079553e-01 ... 2.52545083e+02
 2.34156136e+02 2.33632492e+02]

Parameters from current iteration:
            [  0.27321025   0.42178305   0.42262217 ... 252.78811619 234.30766381
 233.733165  ]

Updated uncertain values: [2.44082383e-01 4.14502699e-01 4.15465206e-01 ... 2.52605841e+02
 2.34194018e+02 2.33657660e+02]


            Iteration [   3]: Absolute Error = 0.6799690544823989,
            Percentage Error = 0.14588803688310867
            
Optimization Iteration[4/100]

Theta: [0.24408238 0.4145027  0.41546521 ... 1.99603878 1.20746473 1.06342455]

Gamma: [606.24801786 587.42890933 531.99793372 ... 252.60584146 234.19401765
 233.65766019]

Solving the optimization problem...
Set parameter TokenServer to value "licenses.rcc.uchicago.edu"
Read LP format model from file /scratch/local/jobs/50255462/tmptc78cj2g.pyomo.lp
Reading time = 2.22 seconds
x1: 417600 rows, 834801 columns, 2083271 nonzeros
Gurobi Optimizer version 11.0.0 build v11.0.0rc2 (linux64 - "CentOS Linux 8")

CPU model: Intel(R) Xeon(R) Gold 6248R CPU @ 3.00GHz, instruction set [SSE2|AVX|AVX2|AVX512]
Thread count: 48 physical cores, 48 logical processors, using up to 32 threads

Optimize a model with 417600 rows, 834801 columns and 2083271 nonzeros
Model fingerprint: 0x526e949a
Model has 400 quadratic objective terms
Coefficient statistics:
  Matrix range     [1e+00, 9e+02]
  Objective range  [2e-03, 8e+02]
  QObjective range [2e+03, 2e+05]
  Bounds range     [3e-06, 1e+00]
  RHS range        [9e-11, 4e-01]
Presolve removed 208947 rows and 209294 columns
Presolve time: 0.88s
Presolved: 208653 rows, 625507 columns, 1249571 nonzeros
Presolved model has 400 quadratic objective terms
Ordering time: 1.22s

Barrier statistics:
 AA' NZ     : 6.241e+05
 Factor NZ  : 6.773e+07 (roughly 900 MB of memory)
 Factor Ops : 2.543e+10 (less than 1 second per iteration)
 Threads    : 32

                  Objective                Residual
Iter       Primal          Dual         Primal    Dual     Compl     Time
   0  -3.52977885e+10  1.08047383e+08  1.04e+06 3.09e+02  9.96e+05     5s
   1  -1.80769069e+09  4.15839187e+07  5.23e+04 1.07e-12  5.76e+04     7s
   2  -1.10341130e+07  6.63736501e+06  1.32e+02 2.19e-12  1.61e+02     9s
   3  -1.11602242e+06  1.13726525e+06  1.81e+00 2.56e-12  4.61e+00    11s
   4  -1.93202805e+05  2.63769498e+05  5.97e-02 1.66e-12  6.01e-01    14s
   5  -3.83584237e+04  5.05717101e+04  2.45e-03 1.22e-12  1.07e-01    15s
   6  -9.61942194e+03  1.27591993e+04  3.07e-04 1.26e-12  2.69e-02    18s
   7  -3.19729660e+03  4.51391790e+03  7.64e-05 2.17e-12  9.25e-03    19s
   8  -1.92788815e+03  3.24543819e+03  3.95e-05 1.26e-12  6.21e-03    22s
   9  -7.86946074e+02  1.69843231e+03  1.21e-05 7.11e-13  2.98e-03    24s
  10  -4.75038052e+02  1.27839727e+03  6.68e-06 4.92e-13  2.10e-03    26s
  11   5.11244773e+01  4.07626035e+02  3.10e-07 6.04e-13  4.27e-04    28s
  12   1.67081771e+02  3.04844234e+02  2.18e-08 2.38e-13  1.65e-04    30s
  13   2.08133436e+02  2.64460270e+02  3.22e-09 2.27e-13  6.75e-05    32s
  14   2.17678577e+02  2.56749154e+02  1.82e-09 3.41e-13  4.68e-05    34s
  15   2.26301571e+02  2.50067008e+02  1.07e-09 3.48e-13  2.85e-05    36s
  16   2.30794199e+02  2.47018326e+02  6.40e-10 3.27e-13  1.95e-05    38s
  17   2.35652906e+02  2.43930910e+02  6.18e-12 5.68e-13  9.92e-06    40s
  18   2.39548729e+02  2.41680498e+02  6.63e-13 5.68e-13  2.56e-06    43s
  19   2.40021657e+02  2.41446694e+02  3.22e-13 5.68e-13  1.71e-06    45s
  20   2.40366775e+02  2.41283233e+02  1.69e-13 4.55e-13  1.10e-06    47s
  21   2.40639397e+02  2.41156900e+02  6.04e-14 5.68e-13  6.20e-07    49s
  22   2.40805164e+02  2.41083227e+02  1.82e-14 5.68e-13  3.33e-07    51s
  23   2.40917836e+02  2.41034961e+02  4.84e-15 4.55e-13  1.40e-07    53s
  24   2.40965205e+02  2.41015208e+02  1.04e-15 5.68e-13  5.99e-08    55s
  25   2.40981895e+02  2.41008393e+02  6.70e-16 5.68e-13  3.18e-08    57s
  26   2.40993213e+02  2.41003817e+02  7.99e-16 5.68e-13  1.27e-08    59s
  27   2.40997965e+02  2.41001916e+02  2.87e-15 5.68e-13  4.74e-09    62s
  28   2.40999867e+02  2.41001159e+02  1.06e-14 5.68e-13  1.55e-09    64s
  29   2.41000542e+02  2.41000891e+02  9.53e-15 5.68e-13  4.18e-10    66s
  30   2.41000704e+02  2.41000826e+02  3.39e-15 4.55e-13  1.46e-10    68s
  31   2.41000776e+02  2.41000798e+02  2.28e-15 6.82e-13  2.57e-11    70s
  32   2.41000790e+02  2.41000792e+02  8.48e-16 5.68e-13  2.30e-12    72s
  33   2.41000792e+02  2.41000792e+02  5.61e-16 6.82e-13  3.31e-14    74s

Barrier solved model in 33 iterations and 73.86 seconds (14.99 work units)
Optimal objective 2.41000792e+02

Done! Time elapsed: 107.36314630508423 seconds.
Starting HMC sampling...

                                                                                                                                                                                                                                                                                                                                
Finished sampling! Elapsed Time: 1103.7817413806915 seconds

Checking sampler transitions treedepth.
52 of 16000 (0.33%) transitions hit the maximum treedepth limit of 10, or 2^10 leapfrog steps.
Trajectories that are prematurely terminated due to this limit will result in slow exploration.
For optimal performance, increase this limit.

Checking sampler transitions for divergences.
No divergent transitions found.

Checking E-BFMI - sampler transitions HMC potential energy.
E-BFMI satisfactory.

Rank-normalized split effective sample size satisfactory for all parameters.

Rank-normalized split R-hat values satisfactory for all parameters.

Processing complete.

Parameters from last iteration: [2.44082383e-01 4.14502699e-01 4.15465206e-01 ... 2.52605841e+02
 2.34194018e+02 2.33657660e+02]

Parameters from current iteration:
            [  0.26461694   0.41190402   0.41273588 ... 252.83238522 234.35817073
 233.78695474]

Updated uncertain values: [2.49216022e-01 4.13853030e-01 4.14782874e-01 ... 2.52662477e+02
 2.34235056e+02 2.33689984e+02]


            Iteration [   4]: Absolute Error = 0.5183529241724045,
            Percentage Error = 0.11749209727048009
            
Optimization Iteration[5/100]

Theta: [0.24921602 0.41385303 0.41478287 ... 1.96152122 1.20572063 1.0671229 ]

Gamma: [606.28435284 587.46086224 532.01773257 ... 252.6624774  234.23505592
 233.68998383]

Solving the optimization problem...
Set parameter TokenServer to value "licenses.rcc.uchicago.edu"
Read LP format model from file /scratch/local/jobs/50255462/tmpe2sclowr.pyomo.lp
Reading time = 2.20 seconds
x1: 417600 rows, 834801 columns, 2083271 nonzeros
Gurobi Optimizer version 11.0.0 build v11.0.0rc2 (linux64 - "CentOS Linux 8")

CPU model: Intel(R) Xeon(R) Gold 6248R CPU @ 3.00GHz, instruction set [SSE2|AVX|AVX2|AVX512]
Thread count: 48 physical cores, 48 logical processors, using up to 32 threads

Optimize a model with 417600 rows, 834801 columns and 2083271 nonzeros
Model fingerprint: 0x31a65df1
Model has 400 quadratic objective terms
Coefficient statistics:
  Matrix range     [1e+00, 9e+02]
  Objective range  [2e-04, 8e+02]
  QObjective range [2e+03, 2e+05]
  Bounds range     [3e-06, 1e+00]
  RHS range        [9e-11, 4e-01]
Presolve removed 208947 rows and 209294 columns
Presolve time: 0.89s
Presolved: 208653 rows, 625507 columns, 1249571 nonzeros
Presolved model has 400 quadratic objective terms
Ordering time: 0.94s

Barrier statistics:
 AA' NZ     : 6.241e+05
 Factor NZ  : 6.773e+07 (roughly 900 MB of memory)
 Factor Ops : 2.543e+10 (less than 1 second per iteration)
 Threads    : 32

                  Objective                Residual
Iter       Primal          Dual         Primal    Dual     Compl     Time
   0  -1.45816570e+11  1.10640370e+11  1.04e+06 1.13e-13  1.00e+06     5s
   1  -6.47750545e+10  6.33664052e+10  4.43e+04 3.08e+01  4.67e+04     7s
   2  -3.05814374e+10  3.06536597e+10  4.48e+02 1.24e-01  5.43e+02     9s
   3  -1.08845486e+10  1.09726653e+10  3.21e+00 1.51e-12  2.86e+01    12s
   4  -2.40146225e+09  2.49930012e+09  2.67e-01 1.23e-12  5.95e+00    17s
   5  -5.82491992e+08  6.48626443e+08  3.65e-02 3.79e-12  1.46e+00    22s
   6  -9.63085046e+07  1.09571962e+08  2.74e-03 2.14e-12  2.41e-01    27s
   7  -1.41075846e+07  1.68758972e+07  2.74e-09 1.44e-12  3.63e-02    32s
   8  -2.06706264e+06  2.45962079e+06  2.78e-13 1.05e-12  5.30e-03    35s
   9  -3.07411210e+05  3.77938428e+05  4.99e-14 3.42e-13  8.02e-04    37s
  10  -4.60774346e+04  5.46880702e+04  1.95e-14 6.14e-14  1.18e-04    39s
  11  -7.10796125e+03  8.53614753e+03  1.36e-14 1.14e-14  1.83e-05    42s
  12  -1.69125089e+03  1.95467067e+03  1.26e-14 2.28e-15  4.27e-06    46s
  13  -3.86862059e+02  1.13669727e+03  8.68e-16 6.66e-16  1.78e-06    48s
  14   4.37563989e+01  4.23692725e+02  7.32e-16 5.55e-16  4.45e-07    51s
  15   1.49870136e+02  2.96587709e+02  2.52e-16 4.44e-16  1.72e-07    54s
  16   1.92554156e+02  2.50895616e+02  1.14e-16 4.44e-16  6.83e-08    57s
  17   2.08296843e+02  2.38530069e+02  1.13e-16 5.55e-16  3.54e-08    59s
  18   2.15028975e+02  2.33943135e+02  8.02e-17 4.44e-16  2.21e-08    61s
  19   2.21460147e+02  2.29938997e+02  3.58e-17 5.55e-16  9.93e-09    63s
  20   2.22421116e+02  2.29410983e+02  3.40e-17 4.44e-16  8.18e-09    65s
  21   2.24613268e+02  2.28248670e+02  6.25e-17 4.44e-16  4.26e-09    67s
  22   2.25551326e+02  2.27783530e+02  6.46e-17 4.44e-16  2.61e-09    69s
  23   2.26008678e+02  2.27563800e+02  9.06e-17 4.44e-16  1.82e-09    71s
  24   2.26334647e+02  2.27411146e+02  1.30e-16 4.44e-16  1.26e-09    73s
  25   2.26574593e+02  2.27300989e+02  1.21e-16 4.44e-16  8.50e-10    75s
  26   2.26704801e+02  2.27242655e+02  1.57e-16 4.44e-16  6.30e-10    77s
  27   2.26893955e+02  2.27159043e+02  3.02e-16 4.44e-16  3.10e-10    80s
  28   2.26964972e+02  2.27128314e+02  2.74e-16 4.44e-16  1.91e-10    82s
  29   2.27020860e+02  2.27104868e+02  2.81e-16 4.44e-16  9.84e-11    84s
  30   2.27062650e+02  2.27087546e+02  6.94e-16 5.55e-16  2.91e-11    87s
  31   2.27070502e+02  2.27084347e+02  5.10e-16 4.44e-16  1.62e-11    89s
  32   2.27072731e+02  2.27083447e+02  7.67e-16 4.44e-16  1.25e-11    92s
  33   2.27077362e+02  2.27081585e+02  7.53e-16 5.55e-16  4.94e-12    94s
  34   2.27079390e+02  2.27080775e+02  5.32e-15 4.44e-16  1.62e-12    96s
  35   2.27080032e+02  2.27080520e+02  5.00e-15 4.44e-16  5.72e-13    98s
  36   2.27080296e+02  2.27080415e+02  2.76e-15 5.55e-16  1.40e-13   100s
  37   2.27080360e+02  2.27080390e+02  4.11e-15 6.66e-16  3.42e-14   102s
  38   2.27080381e+02  2.27080382e+02  3.84e-15 5.55e-16  1.16e-15   105s

Barrier solved model in 38 iterations and 105.35 seconds (17.28 work units)
Optimal objective 2.27080381e+02

Done! Time elapsed: 138.47361016273499 seconds.
Starting HMC sampling...

                                                                                                                                                                                                                                                                                                                                
Finished sampling! Elapsed Time: 1041.6705362796783 seconds

Checking sampler transitions treedepth.
167 of 16000 (1.04%) transitions hit the maximum treedepth limit of 10, or 2^10 leapfrog steps.
Trajectories that are prematurely terminated due to this limit will result in slow exploration.
For optimal performance, increase this limit.

Checking sampler transitions for divergences.
No divergent transitions found.

Checking E-BFMI - sampler transitions HMC potential energy.
E-BFMI satisfactory.

Rank-normalized split effective sample size satisfactory for all parameters.

Rank-normalized split R-hat values satisfactory for all parameters.

Processing complete.

Parameters from last iteration: [2.49216022e-01 4.13853030e-01 4.14782874e-01 ... 2.52662477e+02
 2.34235056e+02 2.33689984e+02]

Parameters from current iteration:
            [  0.25887236   0.40592131   0.40675182 ... 252.70290149 234.26440384
 233.75578041]

Updated uncertain values: [2.51630106e-01 4.11870101e-01 4.12775112e-01 ... 2.52672583e+02
 2.34242393e+02 2.33706433e+02]


            Iteration [   5]: Absolute Error = 0.23204886375424394,
            Percentage Error = 0.09008279239883127
            
Optimization Iteration[6/100]

Theta: [0.25163011 0.4118701  0.41277511 ... 1.93678195 1.20413091 1.06936344]

Gamma: [606.34435446 587.51905985 532.04463763 ... 252.67258342 234.2423929
 233.70643298]

Solving the optimization problem...
Set parameter TokenServer to value "licenses.rcc.uchicago.edu"
Read LP format model from file /scratch/local/jobs/50255462/tmpe6fl3ipo.pyomo.lp
Reading time = 2.23 seconds
x1: 417600 rows, 834801 columns, 2083271 nonzeros
Gurobi Optimizer version 11.0.0 build v11.0.0rc2 (linux64 - "CentOS Linux 8")

CPU model: Intel(R) Xeon(R) Gold 6248R CPU @ 3.00GHz, instruction set [SSE2|AVX|AVX2|AVX512]
Thread count: 48 physical cores, 48 logical processors, using up to 32 threads

Optimize a model with 417600 rows, 834801 columns and 2083271 nonzeros
Model fingerprint: 0x46dc45c8
Model has 400 quadratic objective terms
Coefficient statistics:
  Matrix range     [1e+00, 9e+02]
  Objective range  [2e-03, 8e+02]
  QObjective range [2e+03, 2e+05]
  Bounds range     [3e-06, 1e+00]
  RHS range        [9e-11, 4e-01]
Presolve removed 208947 rows and 209294 columns
Presolve time: 0.96s
Presolved: 208653 rows, 625507 columns, 1249571 nonzeros
Presolved model has 400 quadratic objective terms
Ordering time: 1.18s

Barrier statistics:
 AA' NZ     : 6.241e+05
 Factor NZ  : 6.773e+07 (roughly 900 MB of memory)
 Factor Ops : 2.543e+10 (less than 1 second per iteration)
 Threads    : 32

                  Objective                Residual
Iter       Primal          Dual         Primal    Dual     Compl     Time
   0  -1.45860763e+11  1.10640370e+11  1.04e+06 1.13e-13  1.00e+06     6s
   1  -6.47769242e+10  6.33664055e+10  4.43e+04 3.08e+01  4.67e+04     8s
   2  -3.05814565e+10  3.06536598e+10  4.48e+02 1.24e-01  5.43e+02    11s
   3  -1.08845488e+10  1.09726653e+10  3.21e+00 1.39e-12  2.86e+01    13s
   4  -2.40146231e+09  2.49930014e+09  2.67e-01 1.35e-12  5.95e+00    19s
   5  -5.82491978e+08  6.48626404e+08  3.65e-02 4.20e-12  1.46e+00    24s
   6  -9.63084984e+07  1.09571934e+08  2.74e-03 1.44e-12  2.41e-01    29s
   7  -1.41075906e+07  1.68758843e+07  2.74e-09 2.53e-12  3.63e-02    34s
   8  -2.06707070e+06  2.45961391e+06  2.71e-13 1.03e-12  5.30e-03    37s
   9  -3.07418305e+05  3.77925900e+05  4.82e-14 4.08e-13  8.02e-04    40s
  10  -4.60845297e+04  5.46782313e+04  2.30e-14 5.36e-14  1.18e-04    42s
  11  -7.11076810e+03  8.50153949e+03  1.26e-14 8.28e-15  1.83e-05    44s
  12  -1.70392210e+03  1.95063565e+03  1.31e-14 1.85e-15  4.28e-06    49s
  13  -3.78169467e+02  9.54968890e+02  1.12e-15 4.48e-16  1.56e-06    51s
  14   9.81615521e+00  4.65466646e+02  7.55e-16 5.33e-16  5.33e-07    53s
  15   1.33533437e+02  3.09530586e+02  1.93e-16 5.55e-16  2.06e-07    56s
  16   1.81458448e+02  2.45286674e+02  1.47e-16 4.44e-16  7.47e-08    59s
  17   1.94063711e+02  2.34056345e+02  7.85e-17 4.44e-16  4.68e-08    61s
  18   2.05337418e+02  2.25260289e+02  4.62e-17 4.44e-16  2.33e-08    63s
  19   2.11872726e+02  2.20885700e+02  3.36e-17 4.44e-16  1.06e-08    65s
  20   2.14423565e+02  2.19414798e+02  8.44e-17 4.44e-16  5.84e-09    68s
  21   2.15962313e+02  2.18605415e+02  8.57e-17 4.44e-16  3.09e-09    70s
  22   2.16580823e+02  2.18298195e+02  6.03e-17 4.44e-16  2.01e-09    72s
  23   2.17022640e+02  2.18087694e+02  6.83e-17 4.44e-16  1.25e-09    74s
  24   2.17329589e+02  2.17945743e+02  8.22e-17 6.66e-16  7.21e-10    76s
  25   2.17498491e+02  2.17869693e+02  1.18e-16 4.44e-16  4.35e-10    79s
  26   2.17652326e+02  2.17803132e+02  9.28e-17 4.44e-16  1.77e-10    81s
  27   2.17688359e+02  2.17787996e+02  1.13e-16 4.44e-16  1.17e-10    84s
  28   2.17724716e+02  2.17772958e+02  2.37e-16 6.66e-16  5.65e-11    86s
  29   2.17742397e+02  2.17765708e+02  1.90e-16 5.55e-16  2.73e-11    88s
  30   2.17753999e+02  2.17761008e+02  1.03e-15 4.44e-16  8.21e-12    90s
  31   2.17757259e+02  2.17759698e+02  7.68e-16 5.55e-16  2.86e-12    93s
  32   2.17758297e+02  2.17759285e+02  1.13e-15 5.55e-16  1.16e-12    95s
  33   2.17758803e+02  2.17759084e+02  2.71e-15 5.55e-16  3.29e-13    98s
  34   2.17758971e+02  2.17759017e+02  6.33e-15 4.44e-16  5.42e-14    99s
  35   2.17759002e+02  2.17759005e+02  1.47e-15 5.55e-16  4.51e-15   102s

Barrier solved model in 35 iterations and 102.09 seconds (15.98 work units)
Optimal objective 2.17759002e+02

Done! Time elapsed: 136.95809984207153 seconds.
Starting HMC sampling...

                                                                                                                                                                                                                                                                                                                                
Finished sampling! Elapsed Time: 1050.8401854038239 seconds

Checking sampler transitions treedepth.
99 of 16000 (0.62%) transitions hit the maximum treedepth limit of 10, or 2^10 leapfrog steps.
Trajectories that are prematurely terminated due to this limit will result in slow exploration.
For optimal performance, increase this limit.

Checking sampler transitions for divergences.
No divergent transitions found.

Checking E-BFMI - sampler transitions HMC potential energy.
E-BFMI satisfactory.

Rank-normalized split effective sample size satisfactory for all parameters.

Rank-normalized split R-hat values satisfactory for all parameters.

Processing complete.

Parameters from last iteration: [2.51630106e-01 4.11870101e-01 4.12775112e-01 ... 2.52672583e+02
 2.34242393e+02 2.33706433e+02]

Parameters from current iteration:
            [  0.25374391   0.4008467    0.40167752 ... 252.76181642 234.31347378
 233.77518888]

Updated uncertain values: [2.52158557e-01 4.09114251e-01 4.10000713e-01 ... 2.52694892e+02
 2.34260163e+02 2.33723622e+02]


            Iteration [   6]: Absolute Error = 0.3108796143841346,
            Percentage Error = 0.06250024334587907
            
Optimization Iteration[7/100]

Theta: [0.25215856 0.40911425 0.41000071 ... 1.91911879 1.20230569 1.07014537]

Gamma: [606.36399765 587.52753803 532.03283042 ... 252.69489167 234.26016312
 233.72362195]

Solving the optimization problem...
Set parameter TokenServer to value "licenses.rcc.uchicago.edu"
Read LP format model from file /scratch/local/jobs/50255462/tmpaqwdh6o1.pyomo.lp
Reading time = 2.25 seconds
x1: 417600 rows, 834801 columns, 2083271 nonzeros
Gurobi Optimizer version 11.0.0 build v11.0.0rc2 (linux64 - "CentOS Linux 8")

CPU model: Intel(R) Xeon(R) Gold 6248R CPU @ 3.00GHz, instruction set [SSE2|AVX|AVX2|AVX512]
Thread count: 48 physical cores, 48 logical processors, using up to 32 threads

Optimize a model with 417600 rows, 834801 columns and 2083271 nonzeros
Model fingerprint: 0xe3b2ff29
Model has 400 quadratic objective terms
Coefficient statistics:
  Matrix range     [1e+00, 9e+02]
  Objective range  [2e-03, 8e+02]
  QObjective range [2e+03, 2e+05]
  Bounds range     [3e-06, 1e+00]
  RHS range        [9e-11, 4e-01]
Presolve removed 208947 rows and 209294 columns
Presolve time: 0.95s
Presolved: 208653 rows, 625507 columns, 1249571 nonzeros
Presolved model has 400 quadratic objective terms
Ordering time: 1.52s

Barrier statistics:
 AA' NZ     : 6.241e+05
 Factor NZ  : 6.773e+07 (roughly 900 MB of memory)
 Factor Ops : 2.543e+10 (less than 1 second per iteration)
 Threads    : 32

                  Objective                Residual
Iter       Primal          Dual         Primal    Dual     Compl     Time
   0  -3.54351365e+10  1.08047376e+08  1.04e+06 3.09e+02  9.96e+05     6s
   1  -1.81460595e+09  4.15801695e+07  5.23e+04 1.08e-12  5.76e+04     9s
   2  -1.10544215e+07  6.63713701e+06  1.32e+02 1.90e-12  1.61e+02    11s
   3  -1.11606824e+06  1.13705956e+06  1.81e+00 2.55e-12  4.61e+00    14s
   4  -1.93212615e+05  2.63729543e+05  5.98e-02 1.95e-12  6.01e-01    16s
   5  -3.83802111e+04  5.05602515e+04  2.46e-03 1.24e-12  1.07e-01    18s
   6  -9.21395705e+03  1.20317737e+04  2.67e-04 2.06e-12  2.55e-02    21s
   7  -3.29668066e+03  4.18157748e+03  6.45e-05 1.36e-12  8.97e-03    23s
   8  -1.18968003e+03  2.25197500e+03  1.16e-05 7.68e-13  4.13e-03    25s
   9  -3.72519859e+02  9.61791623e+02  3.17e-06 5.02e-13  1.60e-03    27s
  10   1.49620461e+01  4.15918292e+02  1.99e-07 3.26e-13  4.81e-04    30s
  11   1.49467730e+02  2.63277782e+02  1.87e-08 3.41e-13  1.36e-04    33s
  12   1.81365653e+02  2.33767042e+02  4.11e-09 2.70e-13  6.28e-05    35s
  13   1.97494549e+02  2.20836719e+02  1.32e-09 3.41e-13  2.80e-05    37s
  14   2.02642526e+02  2.17186595e+02  5.99e-10 3.41e-13  1.74e-05    39s
  15   2.06853749e+02  2.14491972e+02  2.68e-10 2.70e-13  9.16e-06    42s
  16   2.09428677e+02  2.12959988e+02  9.34e-11 3.41e-13  4.23e-06    44s
  17   2.10719988e+02  2.12249745e+02  2.02e-11 4.55e-13  1.83e-06    46s
  18   2.11233277e+02  2.11998766e+02  7.44e-12 4.55e-13  9.18e-07    49s
  19   2.11452314e+02  2.11895971e+02  3.02e-12 4.55e-13  5.32e-07    51s
  20   2.11544808e+02  2.11854469e+02  1.46e-12 4.55e-13  3.71e-07    53s
  21   2.11634202e+02  2.11815297e+02  6.26e-13 4.55e-13  2.17e-07    56s
  22   2.11713132e+02  2.11781373e+02  1.55e-13 4.55e-13  8.18e-08    58s
  23   2.11714950e+02  2.11780599e+02  1.45e-13 4.55e-13  7.87e-08    60s
  24   2.11739798e+02  2.11770136e+02  4.44e-14 4.55e-13  3.64e-08    62s
  25   2.11754198e+02  2.11764230e+02  4.26e-15 5.68e-13  1.20e-08    65s
  26   2.11757156e+02  2.11763048e+02  1.93e-15 4.55e-13  7.06e-09    67s
  27   2.11760802e+02  2.11761593e+02  2.52e-15 5.68e-13  9.49e-10    69s
  28   2.11761163e+02  2.11761449e+02  4.12e-15 5.68e-13  3.43e-10    72s
  29   2.11761315e+02  2.11761389e+02  4.40e-15 5.68e-13  8.87e-11    74s
  30   2.11761353e+02  2.11761373e+02  3.42e-15 5.68e-13  2.42e-11    76s
  31   2.11761366e+02  2.11761368e+02  1.94e-15 4.55e-13  2.15e-12    79s
  32   2.11761368e+02  2.11761368e+02  7.74e-16 6.82e-13  3.55e-14    81s

Barrier solved model in 32 iterations and 80.68 seconds (14.65 work units)
Optimal objective 2.11761368e+02

Done! Time elapsed: 117.41937303543091 seconds.
Starting HMC sampling...

                                                                                                                                                                                                                                                                                                                                
Finished sampling! Elapsed Time: 993.6600127220154 seconds

Checking sampler transitions treedepth.
108 of 16000 (0.68%) transitions hit the maximum treedepth limit of 10, or 2^10 leapfrog steps.
Trajectories that are prematurely terminated due to this limit will result in slow exploration.
For optimal performance, increase this limit.

Checking sampler transitions for divergences.
No divergent transitions found.

Checking E-BFMI - sampler transitions HMC potential energy.
E-BFMI satisfactory.

Rank-normalized split effective sample size satisfactory for all parameters.

Rank-normalized split R-hat values satisfactory for all parameters.

Processing complete.

Parameters from last iteration: [2.52158557e-01 4.09114251e-01 4.10000713e-01 ... 2.52694892e+02
 2.34260163e+02 2.33723622e+02]

Parameters from current iteration:
            [2.49068997e-01 3.93657633e-01 3.94474247e-01 ... 2.52698465e+02
 2.34271763e+02 2.33764276e+02]

Updated uncertain values: [2.51386167e-01 4.05250097e-01 4.06119097e-01 ... 2.52695785e+02
 2.34263063e+02 2.33733786e+02]


            Iteration [   7]: Absolute Error = 0.3246579987729774,
            Percentage Error = 0.03553173456756639
            
Optimization Iteration[8/100]

Theta: [0.25138617 0.4052501  0.4061191  ... 1.9062133  1.2010083  1.07078993]

Gamma: [606.37666529 587.54649538 532.04216134 ... 252.69578504 234.26306315
 233.73378552]

Solving the optimization problem...
Set parameter TokenServer to value "licenses.rcc.uchicago.edu"
Read LP format model from file /scratch/local/jobs/50255462/tmpamd_nsmf.pyomo.lp
Reading time = 2.21 seconds
x1: 417600 rows, 834801 columns, 2083271 nonzeros
Gurobi Optimizer version 11.0.0 build v11.0.0rc2 (linux64 - "CentOS Linux 8")

CPU model: Intel(R) Xeon(R) Gold 6248R CPU @ 3.00GHz, instruction set [SSE2|AVX|AVX2|AVX512]
Thread count: 48 physical cores, 48 logical processors, using up to 32 threads

Optimize a model with 417600 rows, 834801 columns and 2083271 nonzeros
Model fingerprint: 0x73863bb8
Model has 400 quadratic objective terms
Coefficient statistics:
  Matrix range     [1e+00, 9e+02]
  Objective range  [2e-03, 8e+02]
  QObjective range [2e+03, 2e+05]
  Bounds range     [3e-06, 1e+00]
  RHS range        [9e-11, 4e-01]
Presolve removed 208947 rows and 209294 columns
Presolve time: 0.89s
Presolved: 208653 rows, 625507 columns, 1249571 nonzeros
Presolved model has 400 quadratic objective terms
Ordering time: 1.49s

Barrier statistics:
 AA' NZ     : 6.241e+05
 Factor NZ  : 6.773e+07 (roughly 900 MB of memory)
 Factor Ops : 2.543e+10 (less than 1 second per iteration)
 Threads    : 32

                  Objective                Residual
Iter       Primal          Dual         Primal    Dual     Compl     Time
   0  -1.45900632e+11  1.10640369e+11  1.04e+06 1.13e-13  1.00e+06     6s
   1  -6.47786122e+10  6.33664056e+10  4.43e+04 3.08e+01  4.67e+04     8s
   2  -3.05814736e+10  3.06536599e+10  4.48e+02 1.24e-01  5.43e+02    10s
   3  -1.08845489e+10  1.09726653e+10  3.21e+00 1.46e-12  2.86e+01    12s
   4  -2.40146237e+09  2.49930020e+09  2.67e-01 1.30e-12  5.95e+00    18s
   5  -5.82491946e+08  6.48626367e+08  3.65e-02 3.69e-12  1.46e+00    22s
   6  -9.63084782e+07  1.09571900e+08  2.74e-03 1.47e-12  2.41e-01    27s
   7  -1.41075925e+07  1.68758680e+07  2.74e-09 3.13e-12  3.63e-02    32s
   8  -2.06707753e+06  2.45960903e+06  2.75e-13 1.19e-12  5.30e-03    35s
   9  -3.07424091e+05  3.77910893e+05  3.68e-14 3.81e-13  8.02e-04    37s
  10  -4.60908574e+04  5.46679782e+04  2.20e-14 5.81e-14  1.18e-04    39s
  11  -7.11310376e+03  8.46584195e+03  1.26e-14 7.98e-15  1.82e-05    41s
  12  -1.72432655e+03  1.95609744e+03  1.26e-14 2.43e-15  4.31e-06    45s
  13  -3.94351051e+02  9.62006621e+02  1.07e-15 6.66e-16  1.59e-06    48s
  14   1.56488347e+01  4.56203809e+02  1.15e-15 4.44e-16  5.16e-07    50s
  15   1.26807647e+02  2.81080629e+02  3.17e-16 6.66e-16  1.81e-07    53s
  16   1.71798545e+02  2.32743107e+02  1.85e-16 3.33e-16  7.14e-08    55s
  17   1.88613960e+02  2.19597175e+02  7.09e-17 4.44e-16  3.63e-08    57s
  18   1.96427463e+02  2.14272075e+02  5.85e-17 4.44e-16  2.09e-08    59s
  19   2.02502335e+02  2.10539445e+02  4.14e-17 4.44e-16  9.41e-09    61s
  20   2.03442547e+02  2.10028318e+02  3.66e-17 6.66e-16  7.71e-09    63s
  21   2.05690510e+02  2.08844104e+02  5.38e-17 4.44e-16  3.69e-09    65s
  22   2.06570483e+02  2.08415210e+02  5.88e-17 4.44e-16  2.16e-09    67s
  23   2.07016608e+02  2.08206140e+02  7.59e-17 4.44e-16  1.39e-09    69s
  24   2.07324833e+02  2.08064485e+02  9.89e-17 4.44e-16  8.66e-10    71s
  25   2.07533982e+02  2.07970733e+02  1.34e-16 4.44e-16  5.11e-10    72s
  26   2.07631299e+02  2.07928426e+02  1.02e-16 4.44e-16  3.48e-10    74s
  27   2.07729425e+02  2.07886288e+02  1.93e-16 4.44e-16  1.84e-10    76s
  28   2.07778559e+02  2.07865670e+02  3.64e-16 4.44e-16  1.02e-10    78s
  29   2.07809779e+02  2.07852778e+02  2.17e-16 4.44e-16  5.03e-11    80s
  30   2.07828471e+02  2.07845123e+02  1.62e-15 4.44e-16  1.95e-11    82s
  31   2.07834876e+02  2.07842533e+02  9.78e-16 4.44e-16  8.97e-12    84s
  32   2.07838660e+02  2.07841013e+02  5.39e-15 5.55e-16  2.76e-12    87s
  33   2.07839832e+02  2.07840546e+02  1.16e-14 5.55e-16  8.36e-13    89s
  34   2.07840261e+02  2.07840376e+02  5.98e-15 5.55e-16  1.34e-13    91s
  35   2.07840325e+02  2.07840350e+02  3.76e-15 4.44e-16  2.87e-14    93s
  36   2.07840342e+02  2.07840343e+02  2.21e-15 6.66e-16  1.58e-15    95s

Barrier solved model in 36 iterations and 95.23 seconds (16.48 work units)
Optimal objective 2.07840342e+02

Done! Time elapsed: 128.5463297367096 seconds.
Starting HMC sampling...

                                                                                                                                                                                                                                                                                                                                
Finished sampling! Elapsed Time: 925.2165758609772 seconds

Checking sampler transitions treedepth.
87 of 16000 (0.54%) transitions hit the maximum treedepth limit of 10, or 2^10 leapfrog steps.
Trajectories that are prematurely terminated due to this limit will result in slow exploration.
For optimal performance, increase this limit.

Checking sampler transitions for divergences.
No divergent transitions found.

Checking E-BFMI - sampler transitions HMC potential energy.
E-BFMI satisfactory.

Rank-normalized split effective sample size satisfactory for all parameters.

Rank-normalized split R-hat values satisfactory for all parameters.

Processing complete.

Parameters from last iteration: [2.51386167e-01 4.05250097e-01 4.06119097e-01 ... 2.52695785e+02
 2.34263063e+02 2.33733786e+02]

Parameters from current iteration:
            [2.45850209e-01 3.91094453e-01 3.91914770e-01 ... 2.52644585e+02
 2.34227741e+02 2.33736958e+02]

Updated uncertain values: [2.50002178e-01 4.01711186e-01 4.02568015e-01 ... 2.52682985e+02
 2.34254233e+02 2.33734579e+02]


            Iteration [   8]: Absolute Error = 0.24746509558895013,
            Percentage Error = 0.019218678158729584
            
Optimization Iteration[9/100]

Theta: [0.25000218 0.40171119 0.40256802 ... 1.89622029 1.19913632 1.07025725]

Gamma: [606.48257633 587.6146528  532.05229981 ... 252.68298502 234.2542325
 233.73457852]

Solving the optimization problem...
Set parameter TokenServer to value "licenses.rcc.uchicago.edu"
Read LP format model from file /scratch/local/jobs/50255462/tmpnb0n1rn_.pyomo.lp
Reading time = 2.19 seconds
x1: 417600 rows, 834801 columns, 2083271 nonzeros
Gurobi Optimizer version 11.0.0 build v11.0.0rc2 (linux64 - "CentOS Linux 8")

CPU model: Intel(R) Xeon(R) Gold 6248R CPU @ 3.00GHz, instruction set [SSE2|AVX|AVX2|AVX512]
Thread count: 48 physical cores, 48 logical processors, using up to 32 threads

Optimize a model with 417600 rows, 834801 columns and 2083271 nonzeros
Model fingerprint: 0x3d6e4800
Model has 400 quadratic objective terms
Coefficient statistics:
  Matrix range     [1e+00, 9e+02]
  Objective range  [2e-03, 8e+02]
  QObjective range [2e+03, 2e+05]
  Bounds range     [3e-06, 1e+00]
  RHS range        [9e-11, 4e-01]
Presolve removed 208947 rows and 209294 columns
Presolve time: 0.89s
Presolved: 208653 rows, 625507 columns, 1249571 nonzeros
Presolved model has 400 quadratic objective terms
Ordering time: 1.30s

Barrier statistics:
 AA' NZ     : 6.241e+05
 Factor NZ  : 6.773e+07 (roughly 900 MB of memory)
 Factor Ops : 2.543e+10 (less than 1 second per iteration)
 Threads    : 32

                  Objective                Residual
Iter       Primal          Dual         Primal    Dual     Compl     Time
   0  -1.45908570e+11  1.10640369e+11  1.04e+06 1.13e-13  1.00e+06     6s
   1  -6.47789495e+10  6.33664057e+10  4.43e+04 3.08e+01  4.67e+04     7s
   2  -3.05814770e+10  3.06536599e+10  4.48e+02 1.24e-01  5.43e+02    10s
   3  -1.08845489e+10  1.09726653e+10  3.21e+00 1.42e-12  2.86e+01    12s
   4  -2.40146237e+09  2.49930021e+09  2.67e-01 1.24e-12  5.95e+00    17s
   5  -5.82491938e+08  6.48626360e+08  3.65e-02 3.79e-12  1.46e+00    22s
   6  -9.63084714e+07  1.09571891e+08  2.74e-03 1.47e-12  2.41e-01    27s
   7  -1.41075920e+07  1.68758632e+07  2.74e-09 1.57e-12  3.63e-02    32s
   8  -2.06707879e+06  2.45960880e+06  2.67e-13 1.21e-12  5.30e-03    35s
   9  -3.07425095e+05  3.77907474e+05  4.54e-14 3.30e-13  8.02e-04    37s
  10  -4.60920768e+04  5.46658046e+04  2.46e-14 6.40e-14  1.18e-04    39s
  11  -7.11456695e+03  8.46345063e+03  1.26e-14 8.28e-15  1.82e-05    41s
  12  -1.72800411e+03  1.95604379e+03  1.12e-14 1.55e-15  4.31e-06    45s
  13  -3.98168599e+02  9.62466143e+02  1.44e-15 6.66e-16  1.59e-06    47s
  14   9.08772405e+00  4.17921406e+02  4.24e-16 6.66e-16  4.79e-07    50s
  15   1.16806461e+02  2.91263010e+02  3.67e-16 4.44e-16  2.04e-07    53s
  16   1.71694447e+02  2.27445006e+02  1.46e-16 4.44e-16  6.53e-08    55s
  17   1.88129173e+02  2.15208838e+02  9.35e-17 4.44e-16  3.17e-08    57s
  18   1.94542609e+02  2.11068656e+02  5.20e-17 4.44e-16  1.93e-08    59s
  19   2.00218464e+02  2.07692341e+02  5.72e-17 4.44e-16  8.75e-09    61s
  20   2.01428773e+02  2.07054987e+02  3.75e-17 4.44e-16  6.59e-09    63s
  21   2.03348766e+02  2.06074792e+02  4.84e-17 4.44e-16  3.19e-09    65s
  22   2.03961824e+02  2.05783102e+02  5.01e-17 3.33e-16  2.13e-09    67s
  23   2.04349970e+02  2.05602146e+02  8.54e-17 4.44e-16  1.47e-09    68s
  24   2.04595976e+02  2.05491336e+02  1.29e-16 4.44e-16  1.05e-09    70s
  25   2.04899561e+02  2.05354721e+02  2.35e-16 4.44e-16  5.33e-10    72s
  26   2.05014948e+02  2.05303986e+02  1.57e-16 4.44e-16  3.38e-10    74s
  27   2.05089849e+02  2.05271670e+02  1.56e-16 4.44e-16  2.13e-10    76s
  28   2.05154707e+02  2.05244273e+02  2.71e-16 4.44e-16  1.05e-10    78s
  29   2.05191973e+02  2.05228696e+02  6.44e-16 4.44e-16  4.30e-11    80s
  30   2.05205589e+02  2.05223067e+02  5.08e-16 4.44e-16  2.05e-11    82s
  31   2.05212490e+02  2.05220273e+02  6.40e-16 4.44e-16  9.11e-12    84s
  32   2.05215522e+02  2.05219056e+02  1.48e-15 4.44e-16  4.14e-12    86s
  33   2.05217045e+02  2.05218446e+02  2.89e-15 4.44e-16  1.64e-12    88s
  34   2.05217902e+02  2.05218104e+02  6.23e-15 5.55e-16  2.36e-13    90s
  35   2.05218017e+02  2.05218058e+02  3.51e-15 6.66e-16  4.87e-14    92s
  36   2.05218046e+02  2.05218047e+02  2.72e-15 5.55e-16  8.31e-16    95s

Barrier solved model in 36 iterations and 94.75 seconds (16.49 work units)
Optimal objective 2.05218046e+02

Done! Time elapsed: 128.05487823486328 seconds.
Starting HMC sampling...

                                                                                                                                                                                                                                                                                                                                
Finished sampling! Elapsed Time: 1037.8047029972076 seconds

Checking sampler transitions treedepth.
152 of 16000 (0.95%) transitions hit the maximum treedepth limit of 10, or 2^10 leapfrog steps.
Trajectories that are prematurely terminated due to this limit will result in slow exploration.
For optimal performance, increase this limit.

Checking sampler transitions for divergences.
No divergent transitions found.

Checking E-BFMI - sampler transitions HMC potential energy.
E-BFMI satisfactory.

Rank-normalized split effective sample size satisfactory for all parameters.

Rank-normalized split R-hat values satisfactory for all parameters.

Processing complete.

Parameters from last iteration: [2.50002178e-01 4.01711186e-01 4.02568015e-01 ... 2.52682985e+02
 2.34254233e+02 2.33734579e+02]

Parameters from current iteration:
            [2.45029300e-01 3.90674509e-01 3.91497091e-01 ... 2.52761119e+02
 2.34326305e+02 2.33829658e+02]

Updated uncertain values: [2.48758958e-01 3.98952016e-01 3.99800284e-01 ... 2.52702519e+02
 2.34272251e+02 2.33758348e+02]


            Iteration [   9]: Absolute Error = 0.23640039138831526,
            Percentage Error = 0.013840038388486695
            
Optimization Iteration[10/100]

Theta: [0.24875896 0.39895202 0.39980028 ... 1.88955785 1.19811225 1.07017413]

Gamma: [606.5342956  587.65809486 532.07053506 ... 252.70251851 234.27225056
 233.75834827]

Solving the optimization problem...
Set parameter TokenServer to value "licenses.rcc.uchicago.edu"
Read LP format model from file /scratch/local/jobs/50255462/tmpo9la6e8u.pyomo.lp
Reading time = 2.21 seconds
x1: 417600 rows, 834801 columns, 2083271 nonzeros
Gurobi Optimizer version 11.0.0 build v11.0.0rc2 (linux64 - "CentOS Linux 8")

CPU model: Intel(R) Xeon(R) Gold 6248R CPU @ 3.00GHz, instruction set [SSE2|AVX|AVX2|AVX512]
Thread count: 48 physical cores, 48 logical processors, using up to 32 threads

Optimize a model with 417600 rows, 834801 columns and 2083271 nonzeros
Model fingerprint: 0x8992289c
Model has 400 quadratic objective terms
Coefficient statistics:
  Matrix range     [1e+00, 9e+02]
  Objective range  [2e-03, 8e+02]
  QObjective range [2e+03, 2e+05]
  Bounds range     [3e-06, 1e+00]
  RHS range        [9e-11, 4e-01]
Presolve removed 208947 rows and 209294 columns
Presolve time: 0.89s
Presolved: 208653 rows, 625507 columns, 1249571 nonzeros
Presolved model has 400 quadratic objective terms
Ordering time: 1.46s

Barrier statistics:
 AA' NZ     : 6.241e+05
 Factor NZ  : 6.773e+07 (roughly 900 MB of memory)
 Factor Ops : 2.543e+10 (less than 1 second per iteration)
 Threads    : 32

                  Objective                Residual
Iter       Primal          Dual         Primal    Dual     Compl     Time
   0  -1.45912602e+11  1.10640369e+11  1.04e+06 1.12e-13  1.00e+06     6s
   1  -6.47791215e+10  6.33664062e+10  4.43e+04 3.08e+01  4.67e+04     8s
   2  -3.05814789e+10  3.06536602e+10  4.48e+02 1.24e-01  5.43e+02    10s
   3  -1.08845490e+10  1.09726654e+10  3.21e+00 1.67e-12  2.86e+01    13s
   4  -2.40146238e+09  2.49930024e+09  2.67e-01 1.25e-12  5.95e+00    18s
   5  -5.82491934e+08  6.48626364e+08  3.65e-02 4.46e-12  1.46e+00    23s
   6  -9.63084661e+07  1.09571887e+08  2.74e-03 1.42e-12  2.41e-01    28s
   7  -1.41075913e+07  1.68758610e+07  2.74e-09 2.02e-12  3.63e-02    33s
   8  -2.06707938e+06  2.45960907e+06  2.63e-13 1.10e-12  5.30e-03    35s
   9  -3.07425468e+05  3.77904417e+05  4.82e-14 3.55e-13  8.02e-04    38s
  10  -4.60927317e+04  5.46641249e+04  2.31e-14 5.09e-14  1.18e-04    40s
  11  -7.11544214e+03  8.46154877e+03  1.44e-14 6.37e-15  1.82e-05    42s
  12  -1.72992973e+03  1.95524379e+03  1.21e-14 1.72e-15  4.31e-06    45s
  13  -4.00403856e+02  9.61945337e+02  1.22e-15 6.66e-16  1.60e-06    48s
  14   8.12677592e+00  4.15348227e+02  5.35e-16 4.44e-16  4.77e-07    51s
  15   1.15054990e+02  2.89624379e+02  2.56e-16 4.44e-16  2.04e-07    53s
  16   1.69648595e+02  2.25996471e+02  1.44e-16 4.44e-16  6.60e-08    56s
  17   1.86269890e+02  2.13477563e+02  5.98e-17 4.44e-16  3.19e-08    58s
  18   1.92080077e+02  2.09705912e+02  5.05e-17 4.44e-16  2.06e-08    59s
  19   1.98127728e+02  2.06054520e+02  5.51e-17 4.44e-16  9.28e-09    61s
  20   1.99104410e+02  2.05533616e+02  5.01e-17 4.44e-16  7.53e-09    63s
  21   2.01399855e+02  2.04340612e+02  3.86e-17 4.44e-16  3.44e-09    65s
  22   2.02024907e+02  2.04041721e+02  7.18e-17 3.33e-16  2.36e-09    67s
  23   2.02492337e+02  2.03822500e+02  1.16e-16 4.44e-16  1.56e-09    69s
  24   2.02879314e+02  2.03645716e+02  1.68e-16 4.44e-16  8.97e-10    71s
  25   2.03098101e+02  2.03548111e+02  1.25e-16 4.44e-16  5.27e-10    73s
  26   2.03222205e+02  2.03493885e+02  9.19e-17 4.44e-16  3.18e-10    75s
  27   2.03294647e+02  2.03462902e+02  1.90e-16 4.44e-16  1.97e-10    77s
  28   2.03347658e+02  2.03440674e+02  6.14e-16 3.33e-16  1.09e-10    79s
  29   2.03385330e+02  2.03424877e+02  2.73e-16 4.44e-16  4.63e-11    81s
  30   2.03386044e+02  2.03424585e+02  2.91e-16 4.44e-16  4.51e-11    83s
  31   2.03386927e+02  2.03424224e+02  2.98e-16 4.44e-16  4.37e-11    84s
  32   2.03403739e+02  2.03417365e+02  3.98e-16 5.55e-16  1.60e-11    87s
  33   2.03407940e+02  2.03415682e+02  1.47e-15 5.55e-16  9.06e-12    89s
  34   2.03411682e+02  2.03414188e+02  1.22e-15 4.44e-16  2.93e-12    91s
  35   2.03413030e+02  2.03413649e+02  3.73e-15 6.66e-16  7.25e-13    93s
  36   2.03413337e+02  2.03413527e+02  3.33e-15 5.55e-16  2.22e-13    95s
  37   2.03413445e+02  2.03413484e+02  4.03e-15 5.55e-16  4.50e-14    97s
  38   2.03413467e+02  2.03413475e+02  2.45e-15 4.44e-16  8.91e-15    99s

Barrier solved model in 38 iterations and 99.36 seconds (17.30 work units)
Optimal objective 2.03413467e+02

Done! Time elapsed: 133.14590620994568 seconds.
Starting HMC sampling...

                                                                                                                                                                                                                                                                                                                                
Finished sampling! Elapsed Time: 1094.2230198383331 seconds

Checking sampler transitions treedepth.
59 of 16000 (0.37%) transitions hit the maximum treedepth limit of 10, or 2^10 leapfrog steps.
Trajectories that are prematurely terminated due to this limit will result in slow exploration.
For optimal performance, increase this limit.

Checking sampler transitions for divergences.
No divergent transitions found.

Checking E-BFMI - sampler transitions HMC potential energy.
E-BFMI satisfactory.

Rank-normalized split effective sample size satisfactory for all parameters.

Rank-normalized split R-hat values satisfactory for all parameters.

Processing complete.

Parameters from last iteration: [2.48758958e-01 3.98952016e-01 3.99800284e-01 ... 2.52702519e+02
 2.34272251e+02 2.33758348e+02]

Parameters from current iteration:
            [2.44656485e-01 3.89471595e-01 3.90289489e-01 ... 2.52628358e+02
 2.34211958e+02 2.33726151e+02]

Updated uncertain values: [2.47733340e-01 3.96581911e-01 3.97422585e-01 ... 2.52683978e+02
 2.34257177e+02 2.33750299e+02]


            Iteration [  10]: Absolute Error = 0.13986206881349972,
            Percentage Error = 0.010401943095669903
            
Optimization Iteration[11/100]

Theta: [0.24773334 0.39658191 0.39742259 ... 1.8855918  1.19728768 1.06985229]

Gamma: [606.5109478  587.63181978 532.03241612 ... 252.68397835 234.25717741
 233.75029892]

Solving the optimization problem...
Set parameter TokenServer to value "licenses.rcc.uchicago.edu"
Read LP format model from file /scratch/local/jobs/50255462/tmpl67evwo7.pyomo.lp
Reading time = 2.21 seconds
x1: 417600 rows, 834801 columns, 2083271 nonzeros
Gurobi Optimizer version 11.0.0 build v11.0.0rc2 (linux64 - "CentOS Linux 8")

CPU model: Intel(R) Xeon(R) Gold 6248R CPU @ 3.00GHz, instruction set [SSE2|AVX|AVX2|AVX512]
Thread count: 48 physical cores, 48 logical processors, using up to 32 threads

Optimize a model with 417600 rows, 834801 columns and 2083271 nonzeros
Model fingerprint: 0xf18f5071
Model has 400 quadratic objective terms
Coefficient statistics:
  Matrix range     [1e+00, 9e+02]
  Objective range  [2e-03, 8e+02]
  QObjective range [2e+03, 2e+05]
  Bounds range     [3e-06, 1e+00]
  RHS range        [9e-11, 4e-01]
Presolve removed 208947 rows and 209294 columns
Presolve time: 0.89s
Presolved: 208653 rows, 625507 columns, 1249571 nonzeros
Presolved model has 400 quadratic objective terms
Ordering time: 1.45s

Barrier statistics:
 AA' NZ     : 6.241e+05
 Factor NZ  : 6.773e+07 (roughly 900 MB of memory)
 Factor Ops : 2.543e+10 (less than 1 second per iteration)
 Threads    : 32

                  Objective                Residual
Iter       Primal          Dual         Primal    Dual     Compl     Time
   0  -1.45915249e+11  1.10640369e+11  1.04e+06 1.13e-13  1.00e+06     6s
   1  -6.47792352e+10  6.33664071e+10  4.43e+04 3.08e+01  4.67e+04     8s
   2  -3.05814804e+10  3.06536605e+10  4.48e+02 1.24e-01  5.43e+02    10s
   3  -1.08845491e+10  1.09726656e+10  3.21e+00 1.45e-12  2.86e+01    12s
   4  -2.40146239e+09  2.49930026e+09  2.67e-01 1.25e-12  5.95e+00    17s
   5  -5.82491938e+08  6.48626374e+08  3.65e-02 5.12e-12  1.46e+00    22s
   6  -9.63084648e+07  1.09571888e+08  2.74e-03 1.44e-12  2.41e-01    27s
   7  -1.41075909e+07  1.68758592e+07  2.74e-09 1.67e-12  3.63e-02    32s
   8  -2.06707978e+06  2.45960931e+06  2.61e-13 9.72e-13  5.30e-03    35s
   9  -3.07425710e+05  3.77902468e+05  4.42e-14 3.36e-13  8.02e-04    37s
  10  -4.60931529e+04  5.46630091e+04  1.66e-14 5.84e-14  1.18e-04    39s
  11  -7.11602935e+03  8.46028469e+03  1.45e-14 1.08e-14  1.82e-05    41s
  12  -1.73087179e+03  1.95419977e+03  1.37e-14 2.64e-15  4.31e-06    45s
  13  -4.01751516e+02  9.61002865e+02  1.18e-15 5.55e-16  1.60e-06    47s
  14  -2.74128841e+00  3.89032766e+02  8.27e-16 6.66e-16  4.59e-07    50s
  15   1.15944339e+02  2.85237828e+02  3.40e-16 4.44e-16  1.98e-07    53s
  16   1.71708889e+02  2.26407832e+02  2.80e-16 4.44e-16  6.40e-08    55s
  17   1.86532869e+02  2.12254226e+02  6.53e-17 4.44e-16  3.01e-08    57s
  18   1.92786063e+02  2.07689838e+02  5.94e-17 4.44e-16  1.74e-08    58s
  19   1.97181173e+02  2.04836926e+02  4.77e-17 4.44e-16  8.96e-09    60s
  20   1.99723557e+02  2.03351608e+02  5.14e-17 4.44e-16  4.25e-09    62s
  21   2.00795450e+02  2.02789285e+02  8.35e-17 5.55e-16  2.33e-09    64s
  22   2.01336736e+02  2.02520273e+02  1.40e-16 4.44e-16  1.39e-09    66s
  23   2.01650202e+02  2.02371555e+02  1.70e-16 4.44e-16  8.45e-10    68s
  24   2.01776938e+02  2.02313702e+02  1.95e-16 4.44e-16  6.28e-10    70s
  25   2.01913846e+02  2.02251741e+02  1.84e-16 4.44e-16  3.96e-10    72s
  26   2.02001979e+02  2.02212949e+02  3.08e-16 4.44e-16  2.47e-10    74s
  27   2.02063167e+02  2.02186239e+02  3.03e-16 4.44e-16  1.44e-10    76s
  28   2.02105913e+02  2.02168158e+02  4.24e-16 4.44e-16  7.29e-11    78s
  29   2.02128195e+02  2.02158790e+02  3.30e-16 5.55e-16  3.58e-11    80s
  30   2.02139198e+02  2.02154287e+02  3.41e-16 4.44e-16  1.77e-11    82s
  31   2.02146329e+02  2.02151383e+02  6.31e-16 5.55e-16  5.92e-12    84s
  32   2.02148727e+02  2.02150417e+02  3.25e-15 4.44e-16  1.98e-12    86s
  33   2.02149425e+02  2.02150138e+02  4.27e-15 4.44e-16  8.35e-13    88s
  34   2.02149841e+02  2.02149972e+02  2.46e-15 5.55e-16  1.54e-13    90s
  35   2.02149930e+02  2.02149936e+02  3.13e-15 4.44e-16  7.18e-15    93s

Barrier solved model in 35 iterations and 92.55 seconds (16.16 work units)
Optimal objective 2.02149930e+02

Done! Time elapsed: 126.26317429542542 seconds.
Starting HMC sampling...

                                                                                                                                                                                                                                                                                                                                
Finished sampling! Elapsed Time: 1045.3410122394562 seconds

Checking sampler transitions treedepth.
78 of 16000 (0.49%) transitions hit the maximum treedepth limit of 10, or 2^10 leapfrog steps.
Trajectories that are prematurely terminated due to this limit will result in slow exploration.
For optimal performance, increase this limit.

Checking sampler transitions for divergences.
No divergent transitions found.

Checking E-BFMI - sampler transitions HMC potential energy.
E-BFMI satisfactory.

Rank-normalized split effective sample size satisfactory for all parameters.

Rank-normalized split R-hat values satisfactory for all parameters.

Processing complete.

Parameters from last iteration: [2.47733340e-01 3.96581911e-01 3.97422585e-01 ... 2.52683978e+02
 2.34257177e+02 2.33750299e+02]

Parameters from current iteration:
            [2.44047517e-01 3.89810878e-01 3.90634127e-01 ... 2.52714816e+02
 2.34277641e+02 2.33747549e+02]

Updated uncertain values: [2.46811884e-01 3.94889153e-01 3.95725471e-01 ... 2.52691688e+02
 2.34262293e+02 2.33749611e+02]


            Iteration [  11]: Absolute Error = 0.15860165421713646,
            Percentage Error = 0.007681593490100373
            
Optimization Iteration[12/100]

Theta: [0.24681188 0.39488915 0.39572547 ... 1.88188478 1.19678135 1.06988314]

Gamma: [606.41656388 587.56119476 531.99616005 ... 252.69168788 234.26229331
 233.74961149]

Solving the optimization problem...
Set parameter TokenServer to value "licenses.rcc.uchicago.edu"
Read LP format model from file /scratch/local/jobs/50255462/tmpt0jw1zsl.pyomo.lp
Reading time = 2.19 seconds
x1: 417600 rows, 834801 columns, 2083271 nonzeros
Gurobi Optimizer version 11.0.0 build v11.0.0rc2 (linux64 - "CentOS Linux 8")

CPU model: Intel(R) Xeon(R) Gold 6248R CPU @ 3.00GHz, instruction set [SSE2|AVX|AVX2|AVX512]
Thread count: 48 physical cores, 48 logical processors, using up to 32 threads

Optimize a model with 417600 rows, 834801 columns and 2083271 nonzeros
Model fingerprint: 0xb797ea0b
Model has 400 quadratic objective terms
Coefficient statistics:
  Matrix range     [1e+00, 9e+02]
  Objective range  [2e-03, 8e+02]
  QObjective range [2e+03, 2e+05]
  Bounds range     [3e-06, 1e+00]
  RHS range        [9e-11, 4e-01]
Presolve removed 208947 rows and 209294 columns
Presolve time: 0.89s
Presolved: 208653 rows, 625507 columns, 1249571 nonzeros
Presolved model has 400 quadratic objective terms
Ordering time: 1.20s

Barrier statistics:
 AA' NZ     : 6.241e+05
 Factor NZ  : 6.773e+07 (roughly 900 MB of memory)
 Factor Ops : 2.543e+10 (less than 1 second per iteration)
 Threads    : 32

                  Objective                Residual
Iter       Primal          Dual         Primal    Dual     Compl     Time
   0  -1.45917064e+11  1.10640369e+11  1.04e+06 1.12e-13  1.00e+06     6s
   1  -6.47793131e+10  6.33664074e+10  4.43e+04 3.08e+01  4.67e+04     8s
   2  -3.05814813e+10  3.06536607e+10  4.48e+02 1.24e-01  5.43e+02    10s
   3  -1.08845491e+10  1.09726656e+10  3.21e+00 1.51e-12  2.86e+01    12s
   4  -2.40146239e+09  2.49930026e+09  2.67e-01 1.25e-12  5.95e+00    17s
   5  -5.82491937e+08  6.48626374e+08  3.65e-02 3.07e-12  1.46e+00    22s
   6  -9.63084622e+07  1.09571885e+08  2.74e-03 1.72e-12  2.41e-01    27s
   7  -1.41075908e+07  1.68758593e+07  2.74e-09 1.94e-12  3.63e-02    32s
   8  -2.06708005e+06  2.45960949e+06  2.60e-13 1.01e-12  5.30e-03    35s
   9  -3.07425846e+05  3.77901370e+05  4.64e-14 3.38e-13  8.02e-04    37s
  10  -4.60933988e+04  5.46624617e+04  2.02e-14 7.00e-14  1.18e-04    39s
  11  -7.11640034e+03  8.45957064e+03  1.19e-14 9.47e-15  1.82e-05    41s
  12  -1.73121416e+03  1.95314562e+03  1.14e-14 1.59e-15  4.31e-06    45s
  13  -4.02496071e+02  9.59975509e+02  1.55e-15 6.66e-16  1.60e-06    48s
  14  -3.13678348e+00  3.88124897e+02  6.57e-16 6.66e-16  4.58e-07    51s
  15   1.14643740e+02  2.85152416e+02  1.93e-16 5.55e-16  2.00e-07    54s
  16   1.69899649e+02  2.26632781e+02  8.98e-17 5.55e-16  6.64e-08    57s
  17   1.85114079e+02  2.11878958e+02  6.22e-17 4.44e-16  3.13e-08    59s
  18   1.91962040e+02  2.06801517e+02  4.47e-17 4.44e-16  1.74e-08    61s
  19   1.96316936e+02  2.03958373e+02  4.90e-17 4.44e-16  8.95e-09    63s
  20   1.98745671e+02  2.02535115e+02  5.55e-17 4.44e-16  4.44e-09    65s
  21   1.99913777e+02  2.01917300e+02  5.49e-17 4.44e-16  2.35e-09    68s
  22   2.00415554e+02  2.01666288e+02  8.65e-17 4.44e-16  1.46e-09    70s
  23   2.00759236e+02  2.01501391e+02  1.46e-16 4.44e-16  8.69e-10    72s
  24   2.00878917e+02  2.01445531e+02  1.29e-16 3.33e-16  6.63e-10    74s
  25   2.01051997e+02  2.01367583e+02  1.56e-16 4.44e-16  3.69e-10    76s
  26   2.01131340e+02  2.01332524e+02  1.73e-16 4.44e-16  2.36e-10    78s
  27   2.01217004e+02  2.01295280e+02  1.11e-16 4.44e-16  9.16e-11    81s
  28   2.01236323e+02  2.01287214e+02  9.71e-17 4.44e-16  5.96e-11    83s
  29   2.01254768e+02  2.01279642e+02  1.63e-16 4.44e-16  2.91e-11    85s
  30   2.01266124e+02  2.01275005e+02  4.58e-16 4.44e-16  1.04e-11    87s
  31   2.01269489e+02  2.01273639e+02  2.08e-15 4.44e-16  4.86e-12    89s
  32   2.01270724e+02  2.01273140e+02  3.42e-15 5.55e-16  2.83e-12    92s
  33   2.01271737e+02  2.01272734e+02  6.86e-15 5.55e-16  1.17e-12    94s
  34   2.01272364e+02  2.01272483e+02  4.76e-15 4.44e-16  1.40e-13    96s
  35   2.01272442e+02  2.01272452e+02  2.72e-15 6.66e-16  1.12e-14    99s

Barrier solved model in 35 iterations and 99.00 seconds (16.16 work units)
Optimal objective 2.01272442e+02

Done! Time elapsed: 135.76485180854797 seconds.
Starting HMC sampling...

                                                                                                                                                                                                                                                                                                                                
Finished sampling! Elapsed Time: 1071.3179273605347 seconds

Checking sampler transitions treedepth.
52 of 16000 (0.33%) transitions hit the maximum treedepth limit of 10, or 2^10 leapfrog steps.
Trajectories that are prematurely terminated due to this limit will result in slow exploration.
For optimal performance, increase this limit.

Checking sampler transitions for divergences.
No divergent transitions found.

Checking E-BFMI - sampler transitions HMC potential energy.
E-BFMI satisfactory.

Rank-normalized split effective sample size satisfactory for all parameters.

Rank-normalized split R-hat values satisfactory for all parameters.

Processing complete.

Parameters from last iteration: [2.46811884e-01 3.94889153e-01 3.95725471e-01 ... 2.52691688e+02
 2.34262293e+02 2.33749611e+02]

Parameters from current iteration:
            [2.44013698e-01 3.88898925e-01 3.89717215e-01 ... 2.52692323e+02
 2.34288184e+02 2.33807232e+02]

Updated uncertain values: [2.46112338e-01 3.93391596e-01 3.94223407e-01 ... 2.52691847e+02
 2.34268766e+02 2.33764017e+02]


            Iteration [  12]: Absolute Error = 0.1251424523404694,
            Percentage Error = 0.005891035891336461
            
Optimization Iteration[13/100]

Theta: [0.24611234 0.3933916  0.39422341 ... 1.88034772 1.19641548 1.06969458]

Gamma: [606.40041499 587.53712084 531.96008849 ... 252.69184665 234.26876601
 233.76401664]

Solving the optimization problem...
Set parameter TokenServer to value "licenses.rcc.uchicago.edu"
Read LP format model from file /scratch/local/jobs/50255462/tmpt4_c5gad.pyomo.lp
Reading time = 2.21 seconds
x1: 417600 rows, 834801 columns, 2083271 nonzeros
Gurobi Optimizer version 11.0.0 build v11.0.0rc2 (linux64 - "CentOS Linux 8")

CPU model: Intel(R) Xeon(R) Gold 6248R CPU @ 3.00GHz, instruction set [SSE2|AVX|AVX2|AVX512]
Thread count: 48 physical cores, 48 logical processors, using up to 32 threads

Optimize a model with 417600 rows, 834801 columns and 2083271 nonzeros
Model fingerprint: 0x6549217f
Model has 400 quadratic objective terms
Coefficient statistics:
  Matrix range     [1e+00, 9e+02]
  Objective range  [2e-03, 8e+02]
  QObjective range [2e+03, 2e+05]
  Bounds range     [3e-06, 1e+00]
  RHS range        [9e-11, 4e-01]
Presolve removed 208947 rows and 209294 columns
Presolve time: 0.93s
Presolved: 208653 rows, 625507 columns, 1249571 nonzeros
Presolved model has 400 quadratic objective terms
Ordering time: 0.91s

Barrier statistics:
 AA' NZ     : 6.241e+05
 Factor NZ  : 6.773e+07 (roughly 900 MB of memory)
 Factor Ops : 2.543e+10 (less than 1 second per iteration)
 Threads    : 32

                  Objective                Residual
Iter       Primal          Dual         Primal    Dual     Compl     Time
   0  -3.54685420e+10  1.08047375e+08  1.04e+06 3.09e+02  9.96e+05     6s
   1  -1.81524412e+09  4.15728366e+07  5.23e+04 1.07e-12  5.75e+04     8s
   2  -1.10568045e+07  6.63585728e+06  1.32e+02 2.00e-12  1.61e+02    11s
   3  -1.11586242e+06  1.13681211e+06  1.81e+00 2.48e-12  4.61e+00    13s
   4  -1.93182482e+05  2.63680051e+05  5.98e-02 1.69e-12  6.01e-01    15s
   5  -3.83719702e+04  5.05360792e+04  2.46e-03 1.01e-12  1.07e-01    17s
   6  -9.01137771e+03  1.16804790e+04  2.47e-04 1.46e-12  2.48e-02    20s
   7  -3.17695599e+03  3.98848696e+03  5.71e-05 7.64e-13  8.59e-03    22s
   8  -1.10901596e+03  2.04905639e+03  1.01e-05 6.91e-13  3.79e-03    24s
   9  -3.71205953e+02  9.31600944e+02  3.04e-06 4.82e-13  1.56e-03    26s
  10   8.65811757e+00  3.98881469e+02  2.33e-07 3.03e-13  4.68e-04    28s
  11   1.40356296e+02  2.51265589e+02  2.02e-08 2.27e-13  1.33e-04    31s
  12   1.75130959e+02  2.18445387e+02  2.02e-09 2.27e-13  5.19e-05    33s
  13   1.86667856e+02  2.09416270e+02  6.88e-10 2.27e-13  2.73e-05    35s
  14   1.94066520e+02  2.04305462e+02  2.23e-10 2.27e-13  1.23e-05    37s
  15   1.94702835e+02  2.03898299e+02  1.86e-10 3.41e-13  1.10e-05    39s
  16   1.97539060e+02  2.02194431e+02  7.54e-11 3.41e-13  5.58e-06    41s
  17   1.99093468e+02  2.01329633e+02  2.70e-11 4.55e-13  2.68e-06    43s
  18   1.99969886e+02  2.00877213e+02  6.20e-12 4.55e-13  1.09e-06    46s
  19   2.00178816e+02  2.00776914e+02  3.03e-12 4.55e-13  7.17e-07    49s
  20   2.00303844e+02  2.00719304e+02  1.71e-12 4.55e-13  4.98e-07    51s
  21   2.00421083e+02  2.00666780e+02  8.15e-13 4.55e-13  2.95e-07    53s
  22   2.00450864e+02  2.00653610e+02  5.91e-13 4.55e-13  2.43e-07    55s
  23   2.00535563e+02  2.00617097e+02  1.39e-13 5.68e-13  9.77e-08    57s
  24   2.00562592e+02  2.00605601e+02  5.18e-14 4.55e-13  5.16e-08    59s
  25   2.00577629e+02  2.00599349e+02  7.45e-15 4.55e-13  2.60e-08    61s
  26   2.00587097e+02  2.00595475e+02  2.61e-15 4.55e-13  1.00e-08    64s
  27   2.00590240e+02  2.00594207e+02  1.93e-15 4.55e-13  4.76e-09    66s
  28   2.00592647e+02  2.00593240e+02  4.10e-15 6.82e-13  7.11e-10    69s
  29   2.00592983e+02  2.00593106e+02  2.74e-15 5.68e-13  1.48e-10    71s
  30   2.00593061e+02  2.00593075e+02  7.67e-15 5.68e-13  1.64e-11    73s
  31   2.00593070e+02  2.00593071e+02  7.38e-15 6.82e-13  9.50e-13    75s

Barrier solved model in 31 iterations and 75.20 seconds (14.31 work units)
Optimal objective 2.00593070e+02

Done! Time elapsed: 108.97279500961304 seconds.
Starting HMC sampling...

                                                                                                                                                                                                                                                                                                                                
Finished sampling! Elapsed Time: 692.4334650039673 seconds

Checking sampler transitions treedepth.
4 of 16000 (0.03%) transitions hit the maximum treedepth limit of 10, or 2^10 leapfrog steps.
Trajectories that are prematurely terminated due to this limit will result in slow exploration.
For optimal performance, increase this limit.

Checking sampler transitions for divergences.
No divergent transitions found.

Checking E-BFMI - sampler transitions HMC potential energy.
E-BFMI satisfactory.

Rank-normalized split effective sample size satisfactory for all parameters.

Rank-normalized split R-hat values satisfactory for all parameters.

Processing complete.

Parameters from last iteration: [2.46112338e-01 3.93391596e-01 3.94223407e-01 ... 2.52691847e+02
 2.34268766e+02 2.33764017e+02]

Parameters from current iteration:
            [2.43540514e-01 3.88699704e-01 3.89519541e-01 ... 2.52707402e+02
 2.34295124e+02 2.33777025e+02]

Updated uncertain values: [2.45469382e-01 3.92218623e-01 3.93047440e-01 ... 2.52695735e+02
 2.34275356e+02 2.33767269e+02]


            Iteration [  13]: Absolute Error = 0.21934822348850957,
            Percentage Error = 0.005388883233223195
            
Optimization Iteration[14/100]

Theta: [0.24546938 0.39221862 0.39304744 ... 1.87850565 1.19547312 1.06888664]

Gamma: [606.28610454 587.43409655 531.88755071 ... 252.69573549 234.27535559
 233.7672688 ]

Solving the optimization problem...
Set parameter TokenServer to value "licenses.rcc.uchicago.edu"
Read LP format model from file /scratch/local/jobs/50255462/tmps0cdox4n.pyomo.lp
Reading time = 2.21 seconds
x1: 417600 rows, 834801 columns, 2083271 nonzeros
Gurobi Optimizer version 11.0.0 build v11.0.0rc2 (linux64 - "CentOS Linux 8")

CPU model: Intel(R) Xeon(R) Gold 6248R CPU @ 3.00GHz, instruction set [SSE2|AVX|AVX2|AVX512]
Thread count: 48 physical cores, 48 logical processors, using up to 32 threads

Optimize a model with 417600 rows, 834801 columns and 2083271 nonzeros
Model fingerprint: 0xbaf93c2f
Model has 400 quadratic objective terms
Coefficient statistics:
  Matrix range     [1e+00, 9e+02]
  Objective range  [2e-03, 8e+02]
  QObjective range [2e+03, 2e+05]
  Bounds range     [3e-06, 1e+00]
  RHS range        [9e-11, 4e-01]
Presolve removed 208947 rows and 209294 columns
Presolve time: 0.89s
Presolved: 208653 rows, 625507 columns, 1249571 nonzeros
Presolved model has 400 quadratic objective terms
Ordering time: 1.01s

Barrier statistics:
 AA' NZ     : 6.241e+05
 Factor NZ  : 6.773e+07 (roughly 900 MB of memory)
 Factor Ops : 2.543e+10 (less than 1 second per iteration)
 Threads    : 32

                  Objective                Residual
Iter       Primal          Dual         Primal    Dual     Compl     Time
   0  -1.45918847e+11  1.10640369e+11  1.04e+06 1.14e-13  1.00e+06     6s
   1  -6.47793891e+10  6.33664071e+10  4.43e+04 3.08e+01  4.67e+04     7s
   2  -3.05814820e+10  3.06536606e+10  4.48e+02 1.24e-01  5.43e+02    10s
   3  -1.08845491e+10  1.09726656e+10  3.21e+00 1.45e-12  2.86e+01    12s
   4  -2.40146238e+09  2.49930026e+09  2.67e-01 1.24e-12  5.95e+00    17s
   5  -5.82491929e+08  6.48626369e+08  3.65e-02 3.85e-12  1.46e+00    22s
   6  -9.63084564e+07  1.09571879e+08  2.74e-03 1.44e-12  2.41e-01    27s
   7  -1.41075897e+07  1.68758565e+07  2.74e-09 1.67e-12  3.63e-02    32s
   8  -2.06708016e+06  2.45960967e+06  2.69e-13 8.91e-13  5.30e-03    34s
   9  -3.07425908e+05  3.77899835e+05  5.19e-14 3.73e-13  8.02e-04    37s
  10  -4.60936395e+04  5.46616870e+04  2.21e-14 6.43e-14  1.18e-04    39s
  11  -7.11682199e+03  8.45864170e+03  1.36e-14 9.14e-15  1.82e-05    41s
  12  -1.73149135e+03  1.95167337e+03  1.22e-14 2.32e-15  4.31e-06    44s
  13  -4.02828585e+02  9.57912274e+02  9.96e-16 6.66e-16  1.59e-06    47s
  14  -3.14463227e+00  3.86099015e+02  5.05e-16 4.44e-16  4.56e-07    49s
  15   1.13412380e+02  2.84559993e+02  1.96e-16 4.44e-16  2.00e-07    51s
  16   1.69805674e+02  2.24377598e+02  1.11e-16 5.55e-16  6.39e-08    54s
  17   1.84368861e+02  2.10501467e+02  5.98e-17 4.44e-16  3.06e-08    55s
  18   1.90464207e+02  2.06020504e+02  4.29e-17 4.44e-16  1.82e-08    57s
  19   1.94904824e+02  2.03098044e+02  3.25e-17 4.44e-16  9.59e-09    59s
  20   1.97744226e+02  2.01413390e+02  5.03e-17 4.44e-16  4.30e-09    61s
  21   1.98381960e+02  2.01072564e+02  3.84e-17 4.44e-16  3.15e-09    63s
  22   1.99174167e+02  2.00671045e+02  4.84e-17 4.44e-16  1.75e-09    65s
  23   1.99578155e+02  2.00473495e+02  1.03e-16 4.44e-16  1.05e-09    67s
  24   1.99722329e+02  2.00404865e+02  1.02e-16 4.44e-16  7.99e-10    69s
  25   1.99913972e+02  2.00314998e+02  9.61e-17 4.44e-16  4.70e-10    71s
  26   2.00028292e+02  2.00263684e+02  7.18e-17 4.44e-16  2.76e-10    73s
  27   2.00050377e+02  2.00254077e+02  8.35e-17 4.44e-16  2.38e-10    74s
  28   2.00096356e+02  2.00234082e+02  8.96e-17 4.44e-16  1.61e-10    76s
  29   2.00148662e+02  2.00211834e+02  1.31e-16 4.44e-16  7.40e-11    78s
  30   2.00177752e+02  2.00199719e+02  1.05e-16 4.44e-16  2.57e-11    81s
  31   2.00186306e+02  2.00196230e+02  7.91e-16 4.44e-16  1.16e-11    82s
  32   2.00191415e+02  2.00194159e+02  1.62e-15 5.55e-16  3.21e-12    84s
  33   2.00192710e+02  2.00193637e+02  6.10e-15 5.55e-16  1.08e-12    87s
  34   2.00193283e+02  2.00193408e+02  2.66e-15 5.55e-16  1.47e-13    89s
  35   2.00193340e+02  2.00193385e+02  9.02e-16 5.55e-16  5.26e-14    91s
  36   2.00193370e+02  2.00193373e+02  9.92e-16 5.55e-16  3.47e-15    93s

Barrier solved model in 36 iterations and 92.59 seconds (16.49 work units)
Optimal objective 2.00193370e+02

Done! Time elapsed: 126.88855791091919 seconds.
Starting HMC sampling...

                                                                                                                                                                                                                                                                                                                                
Finished sampling! Elapsed Time: 879.6918096542358 seconds

Checking sampler transitions treedepth.
56 of 16000 (0.35%) transitions hit the maximum treedepth limit of 10, or 2^10 leapfrog steps.
Trajectories that are prematurely terminated due to this limit will result in slow exploration.
For optimal performance, increase this limit.

Checking sampler transitions for divergences.
No divergent transitions found.

Checking E-BFMI - sampler transitions HMC potential energy.
E-BFMI satisfactory.

Rank-normalized split effective sample size satisfactory for all parameters.

Rank-normalized split R-hat values satisfactory for all parameters.

Processing complete.

Parameters from last iteration: [2.45469382e-01 3.92218623e-01 3.93047440e-01 ... 2.52695735e+02
 2.34275356e+02 2.33767269e+02]

Parameters from current iteration:
            [2.44618442e-01 3.89066236e-01 3.89882055e-01 ... 2.52765605e+02
 2.34316074e+02 2.33765601e+02]

Updated uncertain values: [2.45256647e-01 3.91430526e-01 3.92256094e-01 ... 2.52713203e+02
 2.34285535e+02 2.33766852e+02]


            Iteration [  14]: Absolute Error = 0.14732839389603214,
            Percentage Error = 0.00427283208746589
            
Terminated. Sampling the final distribution...

                                                                                                                                                                                                                                                                                                                                
Solving the optimization problem...
Set parameter TokenServer to value "licenses.rcc.uchicago.edu"
Read LP format model from file /scratch/local/jobs/50255462/tmpwb5fuhei.pyomo.lp
Reading time = 2.21 seconds
x1: 417600 rows, 834801 columns, 2083271 nonzeros
Gurobi Optimizer version 11.0.0 build v11.0.0rc2 (linux64 - "CentOS Linux 8")

CPU model: Intel(R) Xeon(R) Gold 6248R CPU @ 3.00GHz, instruction set [SSE2|AVX|AVX2|AVX512]
Thread count: 48 physical cores, 48 logical processors, using up to 32 threads

Optimize a model with 417600 rows, 834801 columns and 2083271 nonzeros
Model fingerprint: 0x766e5702
Model has 400 quadratic objective terms
Coefficient statistics:
  Matrix range     [1e+00, 9e+02]
  Objective range  [2e-03, 8e+02]
  QObjective range [2e+03, 2e+05]
  Bounds range     [2e-06, 1e+00]
  RHS range        [6e-10, 4e-01]
Presolve removed 209011 rows and 209422 columns
Presolve time: 0.89s
Presolved: 208589 rows, 625379 columns, 1249315 nonzeros
Presolved model has 400 quadratic objective terms
Ordering time: 1.37s

Barrier statistics:
 AA' NZ     : 6.239e+05
 Factor NZ  : 6.769e+07 (roughly 900 MB of memory)
 Factor Ops : 2.541e+10 (less than 1 second per iteration)
 Threads    : 32

                  Objective                Residual
Iter       Primal          Dual         Primal    Dual     Compl     Time
   0  -1.45919150e+11  1.10640510e+11  1.04e+06 1.13e-13  1.00e+06     6s
   1  -6.43314486e+10  6.29223115e+10  4.42e+04 3.07e+01  4.64e+04     8s
   2  -3.03822401e+10  3.04543474e+10  4.47e+02 1.24e-01  5.40e+02    11s
   3  -1.08294760e+10  1.09174598e+10  3.61e+00 1.47e-12  2.88e+01    13s
   4  -2.46847074e+09  2.56654374e+09  2.90e-01 1.23e-12  6.13e+00    18s
   5  -5.87254604e+08  6.54712092e+08  3.72e-02 4.96e-12  1.47e+00    23s
   6  -9.80825950e+07  1.11725705e+08  2.91e-03 1.47e-12  2.46e-01    28s
   7  -1.44824512e+07  1.73456208e+07  6.90e-06 1.58e-12  3.73e-02    33s
   8  -2.12356734e+06  2.53353076e+06  7.04e-12 4.00e-12  5.45e-03    35s
   9  -3.16187931e+05  3.89814110e+05  4.00e-14 3.31e-13  8.27e-04    38s
  10  -4.75040281e+04  5.63571088e+04  2.50e-14 6.91e-14  1.22e-04    40s
  11  -7.38960744e+03  8.65954388e+03  1.15e-14 7.89e-15  1.88e-05    42s
  12  -1.84871110e+03  1.94857952e+03  1.55e-14 2.68e-15  4.45e-06    46s
  13  -4.60946753e+02  8.73430314e+02  1.74e-15 6.66e-16  1.56e-06    48s
  14  -6.41255931e+01  3.43207407e+02  6.52e-16 4.44e-16  4.77e-07    51s
  15   6.17472368e+01  2.12102925e+02  3.58e-16 4.44e-16  1.76e-07    53s
  16   1.09747329e+02  1.64616910e+02  1.11e-16 4.44e-16  6.43e-08    55s
  17   1.17148454e+02  1.59357664e+02  1.30e-16 4.44e-16  4.94e-08    57s
  18   1.29520188e+02  1.50887785e+02  7.42e-17 3.33e-16  2.50e-08    59s
  19   1.35484313e+02  1.47345746e+02  1.42e-16 4.44e-16  1.39e-08    61s
  20   1.38081734e+02  1.45928002e+02  1.61e-16 4.44e-16  9.19e-09    63s
  21   1.39885658e+02  1.45029871e+02  8.89e-17 4.44e-16  6.02e-09    65s
  22   1.41213447e+02  1.44367007e+02  8.65e-17 4.44e-16  3.69e-09    67s
  23   1.41972613e+02  1.43992132e+02  1.06e-16 6.66e-16  2.36e-09    69s
  24   1.42498521e+02  1.43741148e+02  1.70e-16 4.44e-16  1.46e-09    71s
  25   1.42865088e+02  1.43573468e+02  1.42e-16 4.44e-16  8.29e-10    73s
  26   1.43058051e+02  1.43486934e+02  1.24e-16 4.44e-16  5.02e-10    75s
  27   1.43167935e+02  1.43439186e+02  1.19e-16 4.44e-16  3.18e-10    77s
  28   1.43179147e+02  1.43434354e+02  1.09e-16 4.44e-16  2.99e-10    79s
  29   1.43239834e+02  1.43408449e+02  9.45e-17 4.44e-16  1.97e-10    80s
  30   1.43293541e+02  1.43385739e+02  1.42e-16 4.44e-16  1.08e-10    82s
  31   1.43297215e+02  1.43384220e+02  1.21e-16 4.44e-16  1.02e-10    84s
  32   1.43333622e+02  1.43369247e+02  1.26e-16 4.44e-16  4.17e-11    87s
  33   1.43352788e+02  1.43361555e+02  4.91e-16 4.44e-16  1.03e-11    89s
  34   1.43356794e+02  1.43359970e+02  2.16e-15 4.44e-16  3.72e-12    91s
  35   1.43358164e+02  1.43359431e+02  3.71e-15 5.55e-16  1.48e-12    93s
  36   1.43358746e+02  1.43359203e+02  2.88e-15 5.55e-16  5.35e-13    95s
  37   1.43358966e+02  1.43359116e+02  8.00e-15 5.55e-16  1.76e-13    97s
  38   1.43359047e+02  1.43359084e+02  4.71e-15 4.44e-16  4.35e-14    99s
  39   1.43359070e+02  1.43359075e+02  4.03e-15 5.55e-16  6.33e-15   101s

Barrier solved model in 39 iterations and 101.03 seconds (17.62 work units)
Optimal objective 1.43359070e+02

Done! Time elapsed: 134.27932929992676 seconds.
min_result 0.1254520691441674 min_pe 4.0

Program ends Sat May 30 00:25:50 CDT 2026
Exit code: 0
Elapsed time: 23460 seconds
