Command: /project/lhansen/HMC_rep26_robust_mac/amazon-carbon-prices/.venv/bin/python pysrc/bash/shadow_price.py --id 41 --xi 1 --sites 1043
Working directory: /project/lhansen/HMC_rep26_robust_mac/amazon-carbon-prices
Program starts Fri May 29 17:54:50 CDT 2026

Data successfully loaded from /project/lhansen/HMC_rep26_robust_mac/amazon-carbon-prices/data/calibration
Waiting for Stan compile lock: /project/lhansen/HMC_rep26_robust_mac/amazon-carbon-prices/stan_model/adjusted.compile.lock
Using Stan model executable: /project/lhansen/HMC_rep26_robust_mac/amazon-carbon-prices/stan_model/adjusted
Optimization Iteration[1/100]

Theta: [0.19293399 0.39270684 0.39383513 ... 2.1961384  1.20930668 1.03223742]

Gamma: [605.85192903 587.02426052 531.68859839 ... 252.44623295 234.13249733
 233.63746894]

Solving the optimization problem...
Set parameter TokenServer to value "licenses.rcc.uchicago.edu"
Read LP format model from file /scratch/local/jobs/50255463/tmp9k_wpqg1.pyomo.lp
Reading time = 2.18 seconds
x1: 417600 rows, 834801 columns, 2083271 nonzeros
Gurobi Optimizer version 11.0.0 build v11.0.0rc2 (linux64 - "CentOS Linux 8")

CPU model: Intel(R) Xeon(R) Gold 6248R CPU @ 3.00GHz, instruction set [SSE2|AVX|AVX2|AVX512]
Thread count: 48 physical cores, 48 logical processors, using up to 32 threads

Optimize a model with 417600 rows, 834801 columns and 2083271 nonzeros
Model fingerprint: 0x274c18c5
Model has 400 quadratic objective terms
Coefficient statistics:
  Matrix range     [1e+00, 9e+02]
  Objective range  [6e-04, 8e+02]
  QObjective range [2e+03, 2e+05]
  Bounds range     [3e-06, 1e+00]
  RHS range        [9e-11, 4e-01]
Presolve removed 208947 rows and 209294 columns
Presolve time: 0.81s
Presolved: 208653 rows, 625507 columns, 1249571 nonzeros
Presolved model has 400 quadratic objective terms
Ordering time: 1.30s

Barrier statistics:
 AA' NZ     : 6.241e+05
 Factor NZ  : 6.773e+07 (roughly 900 MB of memory)
 Factor Ops : 2.543e+10 (less than 1 second per iteration)
 Threads    : 32

                  Objective                Residual
Iter       Primal          Dual         Primal    Dual     Compl     Time
   0  -1.46164711e+11  1.10640370e+11  1.04e+06 1.14e-13  1.00e+06     6s
   1  -6.47898088e+10  6.33662570e+10  4.43e+04 3.08e+01  4.67e+04     7s
   2  -3.05815565e+10  3.06535873e+10  4.48e+02 1.24e-01  5.43e+02     9s
   3  -1.08845411e+10  1.09726316e+10  3.21e+00 1.49e-12  2.86e+01    11s
   4  -2.40145449e+09  2.49928009e+09  2.67e-01 1.25e-12  5.95e+00    16s
   5  -5.82493000e+08  6.48621308e+08  3.65e-02 6.19e-12  1.46e+00    21s
   6  -9.63095988e+07  1.09570733e+08  2.74e-03 1.69e-12  2.41e-01    25s
   7  -1.41079960e+07  1.68757125e+07  2.74e-09 1.50e-12  3.63e-02    30s
   8  -2.06715630e+06  2.45954226e+06  2.61e-13 1.20e-12  5.30e-03    33s
   9  -3.07403718e+05  3.78051821e+05  4.46e-14 3.64e-13  8.03e-04    35s
  10  -4.60217842e+04  5.47941841e+04  2.22e-14 6.90e-14  1.18e-04    37s
  11  -7.07485915e+03  8.91062447e+03  1.04e-14 9.31e-15  1.87e-05    39s
  12  -1.25226329e+03  2.75563834e+03  8.16e-15 1.76e-15  4.69e-06    42s
  13  -1.59424417e+02  8.48775924e+02  2.75e-15 1.09e-15  1.18e-06    44s
  14   1.55773742e+02  5.04976256e+02  3.87e-16 4.44e-16  4.09e-07    47s
  15   2.64737705e+02  4.05502715e+02  2.52e-16 6.66e-16  1.65e-07    49s
  16   3.09458151e+02  3.58511354e+02  8.70e-17 6.66e-16  5.74e-08    51s
  17   3.15197437e+02  3.54489623e+02  6.85e-17 5.55e-16  4.60e-08    53s
  18   3.27710633e+02  3.45944611e+02  1.87e-16 5.55e-16  2.13e-08    54s
  19   3.32565570e+02  3.43102114e+02  1.06e-16 4.44e-16  1.23e-08    56s
  20   3.36143220e+02  3.41166042e+02  1.07e-16 4.44e-16  5.88e-09    58s
  21   3.37332465e+02  3.40577984e+02  9.24e-17 4.44e-16  3.80e-09    59s
  22   3.38513400e+02  3.40016981e+02  8.13e-17 4.44e-16  1.76e-09    61s
  23   3.38830043e+02  3.39873573e+02  2.38e-16 4.44e-16  1.22e-09    63s
  24   3.39114014e+02  3.39746914e+02  3.04e-16 4.44e-16  7.41e-10    65s
  25   3.39221931e+02  3.39699655e+02  3.03e-16 4.44e-16  5.59e-10    66s
  26   3.39358056e+02  3.39640552e+02  6.04e-16 4.44e-16  3.31e-10    68s
  27   3.39436236e+02  3.39607227e+02  6.85e-16 4.44e-16  2.00e-10    70s
  28   3.39485485e+02  3.39586656e+02  4.91e-16 4.44e-16  1.18e-10    72s
  29   3.39526626e+02  3.39569565e+02  4.87e-16 6.66e-16  5.03e-11    74s
  30   3.39548421e+02  3.39560654e+02  2.24e-15 6.66e-16  1.43e-11    76s
  31   3.39554174e+02  3.39558326e+02  8.08e-15 4.44e-16  4.86e-12    77s
  32   3.39556229e+02  3.39557500e+02  1.47e-14 5.55e-16  1.49e-12    79s
  33   3.39556901e+02  3.39557231e+02  8.21e-15 5.55e-16  3.87e-13    81s
  34   3.39557107e+02  3.39557149e+02  1.08e-14 5.55e-16  4.90e-14    83s
  35   3.39557134e+02  3.39557139e+02  7.14e-15 5.55e-16  5.64e-15    85s

Barrier solved model in 35 iterations and 85.17 seconds (16.01 work units)
Optimal objective 3.39557134e+02

Done! Time elapsed: 116.35377526283264 seconds.
Starting HMC sampling...

                                                                                                                                                                                                                                                                                                                                
Finished sampling! Elapsed Time: 956.0004644393921 seconds

Checking sampler transitions treedepth.
106 of 16000 (0.66%) transitions hit the maximum treedepth limit of 10, or 2^10 leapfrog steps.
Trajectories that are prematurely terminated due to this limit will result in slow exploration.
For optimal performance, increase this limit.

Checking sampler transitions for divergences.
No divergent transitions found.

Checking E-BFMI - sampler transitions HMC potential energy.
E-BFMI satisfactory.

Rank-normalized split effective sample size satisfactory for all parameters.

Rank-normalized split R-hat values satisfactory for all parameters.

Processing complete.

Parameters from last iteration: [1.92933991e-01 3.92706841e-01 3.93835127e-01 ... 2.52446233e+02
 2.34132497e+02 2.33637469e+02]

Parameters from current iteration:
            [  0.29017227   0.43758054   0.43841308 ... 252.71460556 234.23468748
 233.66206408]

Updated uncertain values: [2.17243561e-01 4.03925266e-01 4.04979616e-01 ... 2.52513326e+02
 2.34158045e+02 2.33643618e+02]


            Iteration [   1]: Absolute Error = 1.6907304048437481,
            Percentage Error = 0.19336078093737233
            
Optimization Iteration[2/100]

Theta: [0.21724356 0.40392527 0.40497962 ... 2.10741572 1.20982472 1.0476549 ]

Gamma: [605.99978437 587.17538106 531.80676761 ... 252.51332611 234.15804486
 233.64361773]

Solving the optimization problem...
Set parameter TokenServer to value "licenses.rcc.uchicago.edu"
Read LP format model from file /scratch/local/jobs/50255463/tmpg_0o_7rc.pyomo.lp
Reading time = 2.16 seconds
x1: 417600 rows, 834801 columns, 2083271 nonzeros
Gurobi Optimizer version 11.0.0 build v11.0.0rc2 (linux64 - "CentOS Linux 8")

CPU model: Intel(R) Xeon(R) Gold 6248R CPU @ 3.00GHz, instruction set [SSE2|AVX|AVX2|AVX512]
Thread count: 48 physical cores, 48 logical processors, using up to 32 threads

Optimize a model with 417600 rows, 834801 columns and 2083271 nonzeros
Model fingerprint: 0x1f4898fd
Model has 400 quadratic objective terms
Coefficient statistics:
  Matrix range     [1e+00, 9e+02]
  Objective range  [2e-04, 8e+02]
  QObjective range [2e+03, 2e+05]
  Bounds range     [3e-06, 1e+00]
  RHS range        [9e-11, 4e-01]
Presolve removed 208947 rows and 209294 columns
Presolve time: 0.80s
Presolved: 208653 rows, 625507 columns, 1249571 nonzeros
Presolved model has 400 quadratic objective terms
Ordering time: 1.38s

Barrier statistics:
 AA' NZ     : 6.241e+05
 Factor NZ  : 6.773e+07 (roughly 900 MB of memory)
 Factor Ops : 2.543e+10 (less than 1 second per iteration)
 Threads    : 32

                  Objective                Residual
Iter       Primal          Dual         Primal    Dual     Compl     Time
   0  -1.46408698e+11  1.10640370e+11  1.04e+06 1.13e-13  1.00e+06     5s
   1  -6.48001129e+10  6.33662496e+10  4.43e+04 3.08e+01  4.67e+04     7s
   2  -3.05816583e+10  3.06535838e+10  4.48e+02 1.24e-01  5.43e+02     9s
   3  -1.08845411e+10  1.09726302e+10  3.21e+00 1.46e-12  2.86e+01    11s
   4  -2.40145463e+09  2.49927982e+09  2.67e-01 1.35e-12  5.95e+00    16s
   5  -5.82492919e+08  6.48620994e+08  3.65e-02 2.26e-12  1.46e+00    21s
   6  -9.63096064e+07  1.09570589e+08  2.74e-03 1.40e-12  2.41e-01    25s
   7  -1.41080392e+07  1.68756408e+07  2.74e-09 1.94e-12  3.63e-02    30s
   8  -2.06720316e+06  2.45950262e+06  2.64e-13 9.01e-13  5.30e-03    33s
   9  -3.07444103e+05  3.77989647e+05  4.12e-14 2.98e-13  8.02e-04    35s
  10  -4.60611035e+04  5.47431672e+04  2.38e-14 6.09e-14  1.18e-04    37s
  11  -7.09602588e+03  8.74734649e+03  1.15e-14 5.96e-15  1.85e-05    39s
  12  -1.33023175e+03  2.18075895e+03  9.79e-15 2.11e-15  4.11e-06    42s
  13  -2.20711052e+02  9.63258132e+02  1.12e-15 6.66e-16  1.39e-06    44s
  14   1.39690816e+02  4.33784215e+02  5.22e-16 4.44e-16  3.44e-07    46s
  15   2.25838941e+02  3.46673955e+02  2.05e-16 6.66e-16  1.41e-07    48s
  16   2.64638567e+02  3.07459979e+02  2.85e-16 4.44e-16  5.01e-08    50s
  17   2.75926672e+02  2.99407159e+02  2.43e-16 4.44e-16  2.75e-08    52s
  18   2.83646240e+02  2.94549570e+02  1.41e-16 4.44e-16  1.28e-08    54s
  19   2.85433049e+02  2.93566045e+02  1.26e-16 4.44e-16  9.52e-09    55s
  20   2.87949006e+02  2.92233697e+02  1.27e-16 4.44e-16  5.02e-09    57s
  21   2.88958826e+02  2.91733217e+02  8.48e-17 4.44e-16  3.25e-09    59s
  22   2.89675063e+02  2.91390151e+02  8.22e-17 4.44e-16  2.01e-09    61s
  23   2.90089920e+02  2.91197471e+02  2.22e-16 4.44e-16  1.30e-09    62s
  24   2.90339412e+02  2.91084384e+02  2.24e-16 4.44e-16  8.72e-10    64s
  25   2.90531463e+02  2.90998871e+02  2.59e-16 4.44e-16  5.47e-10    66s
  26   2.90697908e+02  2.90926476e+02  1.56e-16 4.44e-16  2.68e-10    68s
  27   2.90769749e+02  2.90895622e+02  2.38e-16 4.44e-16  1.47e-10    70s
  28   2.90828975e+02  2.90870965e+02  4.29e-16 4.44e-16  4.92e-11    72s
  29   2.90846650e+02  2.90863739e+02  2.47e-16 4.44e-16  2.00e-11    73s
  30   2.90854993e+02  2.90860376e+02  4.77e-16 6.66e-16  6.30e-12    75s
  31   2.90857696e+02  2.90859300e+02  4.12e-15 5.55e-16  1.88e-12    78s
  32   2.90858550e+02  2.90858960e+02  1.26e-15 6.66e-16  4.80e-13    80s
  33   2.90858690e+02  2.90858905e+02  4.21e-15 4.44e-16  2.52e-13    82s
  34   2.90858821e+02  2.90858853e+02  3.22e-15 6.66e-16  3.70e-14    83s
  35   2.90858843e+02  2.90858844e+02  1.76e-15 6.66e-16  1.07e-15    85s

Barrier solved model in 35 iterations and 85.04 seconds (15.99 work units)
Optimal objective 2.90858843e+02

Done! Time elapsed: 118.51363062858582 seconds.
Starting HMC sampling...

                                                                                                                                                                                                                                                                                                                                
Finished sampling! Elapsed Time: 850.118236541748 seconds

Checking sampler transitions treedepth.
75 of 16000 (0.47%) transitions hit the maximum treedepth limit of 10, or 2^10 leapfrog steps.
Trajectories that are prematurely terminated due to this limit will result in slow exploration.
For optimal performance, increase this limit.

Checking sampler transitions for divergences.
No divergent transitions found.

Checking E-BFMI - sampler transitions HMC potential energy.
E-BFMI satisfactory.

Rank-normalized split effective sample size satisfactory for all parameters.

Rank-normalized split R-hat values satisfactory for all parameters.

Processing complete.

Parameters from last iteration: [2.17243561e-01 4.03925266e-01 4.04979616e-01 ... 2.52513326e+02
 2.34158045e+02 2.33643618e+02]

Parameters from current iteration:
            [  0.28290767   0.43165221   0.4324923  ... 252.76346501 234.28769112
 233.7229807 ]

Updated uncertain values: [2.33659588e-01 4.10857002e-01 4.11857786e-01 ... 2.52575861e+02
 2.34190456e+02 2.33663458e+02]


            Iteration [   2]: Absolute Error = 1.099319380859356,
            Percentage Error = 0.17083115376499844
            
Optimization Iteration[3/100]

Theta: [0.23365959 0.410857   0.41185779 ... 2.04332958 1.209034   1.05740478]

Gamma: [606.08929254 587.25705012 531.8529143  ... 252.57586083 234.19045643
 233.66345847]

Solving the optimization problem...
Set parameter TokenServer to value "licenses.rcc.uchicago.edu"
Read LP format model from file /scratch/local/jobs/50255463/tmpo823m_tf.pyomo.lp
Reading time = 2.15 seconds
x1: 417600 rows, 834801 columns, 2083271 nonzeros
Gurobi Optimizer version 11.0.0 build v11.0.0rc2 (linux64 - "CentOS Linux 8")

CPU model: Intel(R) Xeon(R) Gold 6248R CPU @ 3.00GHz, instruction set [SSE2|AVX|AVX2|AVX512]
Thread count: 48 physical cores, 48 logical processors, using up to 32 threads

Optimize a model with 417600 rows, 834801 columns and 2083271 nonzeros
Model fingerprint: 0xc4ea03d9
Model has 400 quadratic objective terms
Coefficient statistics:
  Matrix range     [1e+00, 9e+02]
  Objective range  [2e-04, 8e+02]
  QObjective range [2e+03, 2e+05]
  Bounds range     [3e-06, 1e+00]
  RHS range        [9e-11, 4e-01]
Presolve removed 208947 rows and 209294 columns
Presolve time: 0.81s
Presolved: 208653 rows, 625507 columns, 1249571 nonzeros
Presolved model has 400 quadratic objective terms
Ordering time: 1.28s

Barrier statistics:
 AA' NZ     : 6.241e+05
 Factor NZ  : 6.773e+07 (roughly 900 MB of memory)
 Factor Ops : 2.543e+10 (less than 1 second per iteration)
 Threads    : 32

                  Objective                Residual
Iter       Primal          Dual         Primal    Dual     Compl     Time
   0  -1.46571193e+11  1.10640370e+11  1.04e+06 1.13e-13  1.00e+06     6s
   1  -6.48069779e+10  6.33662464e+10  4.43e+04 3.08e+01  4.67e+04     7s
   2  -3.05817268e+10  3.06535823e+10  4.48e+02 1.24e-01  5.43e+02     9s
   3  -1.08845413e+10  1.09726296e+10  3.21e+00 1.43e-12  2.86e+01    11s
   4  -2.40145479e+09  2.49927973e+09  2.67e-01 1.30e-12  5.95e+00    16s
   5  -5.82492866e+08  6.48620802e+08  3.65e-02 3.50e-12  1.46e+00    21s
   6  -9.63096049e+07  1.09570493e+08  2.74e-03 1.51e-12  2.41e-01    26s
   7  -1.41080662e+07  1.68755921e+07  2.74e-09 1.34e-12  3.63e-02    31s
   8  -2.06723387e+06  2.45947508e+06  2.66e-13 9.29e-13  5.30e-03    33s
   9  -3.07470794e+05  3.77946598e+05  4.01e-14 3.10e-13  8.02e-04    35s
  10  -4.60871881e+04  5.47084133e+04  2.07e-14 5.44e-14  1.18e-04    37s
  11  -7.10892541e+03  8.63592866e+03  1.47e-14 7.52e-15  1.84e-05    39s
  12  -1.28753454e+03  1.91686646e+03  1.03e-14 2.03e-15  3.75e-06    42s
  13  -2.52622141e+02  9.68885164e+02  2.01e-15 6.66e-16  1.43e-06    44s
  14   1.13182836e+02  3.89657829e+02  1.01e-15 6.66e-16  3.24e-07    47s
  15   1.98272068e+02  3.10848407e+02  1.88e-16 4.44e-16  1.32e-07    49s
  16   2.35123921e+02  2.74273084e+02  1.03e-16 4.44e-16  4.58e-08    51s
  17   2.38535345e+02  2.71919195e+02  7.57e-17 6.66e-16  3.91e-08    52s
  18   2.47290663e+02  2.66031914e+02  8.52e-17 4.44e-16  2.19e-08    54s
  19   2.50723149e+02  2.63947188e+02  6.07e-17 4.44e-16  1.55e-08    56s
  20   2.55454367e+02  2.61239748e+02  5.98e-17 5.55e-16  6.77e-09    58s
  21   2.55840749e+02  2.61042064e+02  5.81e-17 4.44e-16  6.09e-09    60s
  22   2.57531267e+02  2.60192982e+02  8.93e-17 4.44e-16  3.12e-09    61s
  23   2.58197605e+02  2.59876729e+02  7.35e-17 4.44e-16  1.97e-09    63s
  24   2.58562338e+02  2.59708150e+02  1.51e-16 4.44e-16  1.34e-09    65s
  25   2.58795148e+02  2.59602695e+02  1.73e-16 4.44e-16  9.45e-10    67s
  26   2.59033117e+02  2.59496664e+02  1.72e-16 4.44e-16  5.43e-10    69s
  27   2.59148816e+02  2.59446242e+02  1.78e-16 4.44e-16  3.48e-10    70s
  28   2.59246732e+02  2.59404347e+02  1.38e-16 4.44e-16  1.85e-10    72s
  29   2.59281425e+02  2.59389868e+02  1.77e-16 5.55e-16  1.27e-10    74s
  30   2.59328978e+02  2.59370160e+02  6.40e-16 6.66e-16  4.82e-11    76s
  31   2.59350903e+02  2.59361226e+02  5.10e-16 5.55e-16  1.21e-11    78s
  32   2.59355635e+02  2.59359333e+02  3.09e-15 6.66e-16  4.33e-12    80s
  33   2.59356884e+02  2.59358836e+02  2.88e-15 5.55e-16  2.29e-12    82s
  34   2.59357888e+02  2.59358437e+02  6.70e-15 5.55e-16  6.42e-13    84s
  35   2.59358198e+02  2.59358314e+02  2.14e-15 4.44e-16  1.36e-13    86s
  36   2.59358259e+02  2.59358289e+02  1.37e-15 6.66e-16  3.53e-14    87s
  37   2.59358280e+02  2.59358281e+02  6.70e-16 6.66e-16  6.50e-16    89s

Barrier solved model in 37 iterations and 89.34 seconds (16.79 work units)
Optimal objective 2.59358280e+02

Done! Time elapsed: 120.49744844436646 seconds.
Starting HMC sampling...

                                                                                                                                                                                                                                                                                                                                
Finished sampling! Elapsed Time: 948.8478758335114 seconds

Checking sampler transitions treedepth.
195 of 16000 (1.22%) transitions hit the maximum treedepth limit of 10, or 2^10 leapfrog steps.
Trajectories that are prematurely terminated due to this limit will result in slow exploration.
For optimal performance, increase this limit.

Checking sampler transitions for divergences.
No divergent transitions found.

Checking E-BFMI - sampler transitions HMC potential energy.
E-BFMI satisfactory.

Rank-normalized split effective sample size satisfactory for all parameters.

Rank-normalized split R-hat values satisfactory for all parameters.

Processing complete.

Parameters from last iteration: [2.33659588e-01 4.10857002e-01 4.11857786e-01 ... 2.52575861e+02
 2.34190456e+02 2.33663458e+02]

Parameters from current iteration:
            [  0.27112      0.41797775   0.41880718 ... 252.76527214 234.29431965
 233.75547203]

Updated uncertain values: [2.43024690e-01 4.12637189e-01 4.13595135e-01 ... 2.52623214e+02
 2.34216422e+02 2.33686462e+02]


            Iteration [   3]: Absolute Error = 0.7968891550585795,
            Percentage Error = 0.14512116976778497
            
Optimization Iteration[4/100]

Theta: [0.24302469 0.41263719 0.41359513 ... 1.99714887 1.20768046 1.06348551]

Gamma: [606.14282342 587.32879047 531.90249638 ... 252.62321366 234.21642223
 233.68646186]

Solving the optimization problem...
Set parameter TokenServer to value "licenses.rcc.uchicago.edu"
Read LP format model from file /scratch/local/jobs/50255463/tmpvdbtumi4.pyomo.lp
Reading time = 2.17 seconds
x1: 417600 rows, 834801 columns, 2083271 nonzeros
Gurobi Optimizer version 11.0.0 build v11.0.0rc2 (linux64 - "CentOS Linux 8")

CPU model: Intel(R) Xeon(R) Gold 6248R CPU @ 3.00GHz, instruction set [SSE2|AVX|AVX2|AVX512]
Thread count: 48 physical cores, 48 logical processors, using up to 32 threads

Optimize a model with 417600 rows, 834801 columns and 2083271 nonzeros
Model fingerprint: 0xd21109b4
Model has 400 quadratic objective terms
Coefficient statistics:
  Matrix range     [1e+00, 9e+02]
  Objective range  [2e-03, 8e+02]
  QObjective range [2e+03, 2e+05]
  Bounds range     [3e-06, 1e+00]
  RHS range        [9e-11, 4e-01]
Presolve removed 208947 rows and 209294 columns
Presolve time: 0.81s
Presolved: 208653 rows, 625507 columns, 1249571 nonzeros
Presolved model has 400 quadratic objective terms
Ordering time: 1.28s

Barrier statistics:
 AA' NZ     : 6.241e+05
 Factor NZ  : 6.773e+07 (roughly 900 MB of memory)
 Factor Ops : 2.543e+10 (less than 1 second per iteration)
 Threads    : 32

                  Objective                Residual
Iter       Primal          Dual         Primal    Dual     Compl     Time
   0  -1.46677283e+11  1.10640370e+11  1.04e+06 1.14e-13  1.00e+06     5s
   1  -6.48114620e+10  6.33662456e+10  4.43e+04 3.08e+01  4.67e+04     7s
   2  -3.05817721e+10  3.06535819e+10  4.48e+02 1.24e-01  5.43e+02     9s
   3  -1.08845416e+10  1.09726294e+10  3.21e+00 1.42e-12  2.86e+01    11s
   4  -2.40145492e+09  2.49927973e+09  2.67e-01 1.24e-12  5.95e+00    16s
   5  -5.82492835e+08  6.48620689e+08  3.65e-02 2.82e-12  1.46e+00    21s
   6  -9.63095999e+07  1.09570429e+08  2.74e-03 1.35e-12  2.41e-01    25s
   7  -1.41080831e+07  1.68755616e+07  2.74e-09 1.56e-12  3.63e-02    30s
   8  -2.06725380e+06  2.45945769e+06  2.73e-13 1.43e-12  5.30e-03    33s
   9  -3.07488132e+05  3.77918026e+05  5.17e-14 3.69e-13  8.02e-04    35s
  10  -4.61041902e+04  5.46855770e+04  1.82e-14 6.87e-14  1.18e-04    37s
  11  -7.11740493e+03  8.56487908e+03  1.24e-14 7.76e-15  1.84e-05    38s
  12  -1.70155082e+03  1.97688592e+03  1.17e-14 2.29e-15  4.31e-06    42s
  13  -3.60310378e+02  1.09004198e+03  1.05e-15 5.55e-16  1.70e-06    43s
  14   6.14069415e+01  4.23627089e+02  6.99e-16 6.66e-16  4.24e-07    46s
  15   1.67880452e+02  2.98851238e+02  2.42e-16 6.66e-16  1.53e-07    48s
  16   2.07232041e+02  2.59498950e+02  1.15e-16 4.44e-16  6.12e-08    50s
  17   2.23406663e+02  2.47425963e+02  6.18e-17 4.44e-16  2.81e-08    52s
  18   2.25017076e+02  2.46411158e+02  6.46e-17 4.44e-16  2.50e-08    54s
  19   2.31795426e+02  2.42238068e+02  6.72e-17 5.55e-16  1.22e-08    56s
  20   2.35052771e+02  2.40456406e+02  5.05e-17 4.44e-16  6.33e-09    57s
  21   2.36606935e+02  2.39675070e+02  4.40e-17 4.44e-16  3.59e-09    59s
  22   2.37530158e+02  2.39234745e+02  5.42e-17 4.44e-16  2.00e-09    61s
  23   2.37903410e+02  2.39063155e+02  4.29e-17 4.44e-16  1.36e-09    63s
  24   2.38110290e+02  2.38969503e+02  5.14e-17 4.44e-16  1.01e-09    64s
  25   2.38260911e+02  2.38902168e+02  9.35e-17 4.44e-16  7.51e-10    66s
  26   2.38364142e+02  2.38856511e+02  1.10e-16 4.44e-16  5.76e-10    68s
  27   2.38515122e+02  2.38790929e+02  1.44e-16 4.44e-16  3.23e-10    70s
  28   2.38623225e+02  2.38744792e+02  1.90e-16 4.44e-16  1.42e-10    72s
  29   2.38661749e+02  2.38728862e+02  1.17e-16 4.44e-16  7.86e-11    74s
  30   2.38693573e+02  2.38715782e+02  3.17e-16 6.66e-16  2.60e-11    76s
  31   2.38694301e+02  2.38715487e+02  4.03e-16 5.55e-16  2.48e-11    78s
  32   2.38704111e+02  2.38711523e+02  1.36e-15 5.55e-16  8.68e-12    80s
  33   2.38706952e+02  2.38710392e+02  9.00e-16 5.55e-16  4.03e-12    81s
  34   2.38708513e+02  2.38709773e+02  1.84e-15 5.55e-16  1.47e-12    83s
  35   2.38709083e+02  2.38709547e+02  2.62e-15 5.55e-16  5.43e-13    85s
  36   2.38709378e+02  2.38709431e+02  5.87e-15 5.55e-16  6.19e-14    87s
  37   2.38709411e+02  2.38709418e+02  2.24e-15 6.66e-16  8.53e-15    89s

Barrier solved model in 37 iterations and 89.12 seconds (16.79 work units)
Optimal objective 2.38709411e+02

Done! Time elapsed: 120.19722390174866 seconds.
Starting HMC sampling...

                                                                                                                                                                                                                                                                                                                                
Finished sampling! Elapsed Time: 1104.4901676177979 seconds

Checking sampler transitions treedepth.
66 of 16000 (0.41%) transitions hit the maximum treedepth limit of 10, or 2^10 leapfrog steps.
Trajectories that are prematurely terminated due to this limit will result in slow exploration.
For optimal performance, increase this limit.

Checking sampler transitions for divergences.
No divergent transitions found.

Checking E-BFMI - sampler transitions HMC potential energy.
E-BFMI satisfactory.

Rank-normalized split effective sample size satisfactory for all parameters.

Rank-normalized split R-hat values satisfactory for all parameters.

Processing complete.

Parameters from last iteration: [2.43024690e-01 4.12637189e-01 4.13595135e-01 ... 2.52623214e+02
 2.34216422e+02 2.33686462e+02]

Parameters from current iteration:
            [  0.26182421   0.40796879   0.40879419 ... 252.81800783 234.32928595
 233.76581081]

Updated uncertain values: [2.47724570e-01 4.11470090e-01 4.12394900e-01 ... 2.52671912e+02
 2.34244638e+02 2.33706299e+02]


            Iteration [   4]: Absolute Error = 0.4395877584814798,
            Percentage Error = 0.11629521446453597
            
Optimization Iteration[5/100]

Theta: [0.24772457 0.41147009 0.4123949  ... 1.96388337 1.20548032 1.06640844]

Gamma: [606.21230747 587.40679717 531.96441477 ... 252.6719122  234.24463816
 233.7062991 ]

Solving the optimization problem...
Set parameter TokenServer to value "licenses.rcc.uchicago.edu"
Read LP format model from file /scratch/local/jobs/50255463/tmp5lnn8j5l.pyomo.lp
Reading time = 2.17 seconds
x1: 417600 rows, 834801 columns, 2083271 nonzeros
Gurobi Optimizer version 11.0.0 build v11.0.0rc2 (linux64 - "CentOS Linux 8")

CPU model: Intel(R) Xeon(R) Gold 6248R CPU @ 3.00GHz, instruction set [SSE2|AVX|AVX2|AVX512]
Thread count: 48 physical cores, 48 logical processors, using up to 32 threads

Optimize a model with 417600 rows, 834801 columns and 2083271 nonzeros
Model fingerprint: 0x3226c3e0
Model has 400 quadratic objective terms
Coefficient statistics:
  Matrix range     [1e+00, 9e+02]
  Objective range  [2e-03, 8e+02]
  QObjective range [2e+03, 2e+05]
  Bounds range     [3e-06, 1e+00]
  RHS range        [9e-11, 4e-01]
Presolve removed 208947 rows and 209294 columns
Presolve time: 0.84s
Presolved: 208653 rows, 625507 columns, 1249571 nonzeros
Presolved model has 400 quadratic objective terms
Ordering time: 1.29s

Barrier statistics:
 AA' NZ     : 6.241e+05
 Factor NZ  : 6.773e+07 (roughly 900 MB of memory)
 Factor Ops : 2.543e+10 (less than 1 second per iteration)
 Threads    : 32

                  Objective                Residual
Iter       Primal          Dual         Primal    Dual     Compl     Time
   0  -1.46744027e+11  1.10640370e+11  1.04e+06 1.14e-13  1.00e+06     6s
   1  -6.48142838e+10  6.33662451e+10  4.43e+04 3.08e+01  4.67e+04     7s
   2  -3.05818005e+10  3.06535817e+10  4.48e+02 1.24e-01  5.43e+02    10s
   3  -1.08845418e+10  1.09726293e+10  3.21e+00 1.63e-12  2.86e+01    12s
   4  -2.40145501e+09  2.49927975e+09  2.67e-01 1.24e-12  5.95e+00    17s
   5  -5.82492806e+08  6.48620618e+08  3.65e-02 3.02e-12  1.46e+00    21s
   6  -9.63095894e+07  1.09570384e+08  2.74e-03 1.57e-12  2.41e-01    26s
   7  -1.41080922e+07  1.68755417e+07  2.74e-09 1.99e-12  3.63e-02    31s
   8  -2.06726605e+06  2.45944684e+06  2.65e-13 9.70e-13  5.30e-03    34s
   9  -3.07498987e+05  3.77899751e+05  3.92e-14 2.88e-13  8.02e-04    36s
  10  -4.61149482e+04  5.46710202e+04  2.18e-14 5.88e-14  1.18e-04    38s
  11  -7.12218202e+03  8.51623398e+03  1.18e-14 1.07e-14  1.83e-05    40s
  12  -1.70058396e+03  1.94923822e+03  1.34e-14 1.81e-15  4.27e-06    43s
  13  -3.93416338e+02  1.13827802e+03  1.06e-15 6.66e-16  1.79e-06    45s
  14   3.79483102e+01  4.28139432e+02  6.53e-16 4.44e-16  4.57e-07    48s
  15   1.47112422e+02  2.94391062e+02  2.73e-16 6.66e-16  1.72e-07    50s
  16   1.87589699e+02  2.51757814e+02  1.05e-16 4.44e-16  7.51e-08    52s
  17   2.05722178e+02  2.37058750e+02  8.44e-17 4.44e-16  3.67e-08    54s
  18   2.15933458e+02  2.30060918e+02  5.96e-17 4.44e-16  1.65e-08    55s
  19   2.19154551e+02  2.28176015e+02  6.38e-17 4.44e-16  1.06e-08    57s
  20   2.22211084e+02  2.26502490e+02  3.58e-17 4.44e-16  5.02e-09    59s
  21   2.23278743e+02  2.25971788e+02  4.38e-17 4.44e-16  3.15e-09    61s
  22   2.23974787e+02  2.25638111e+02  4.90e-17 4.44e-16  1.95e-09    63s
  23   2.24360042e+02  2.25458841e+02  1.23e-16 4.44e-16  1.29e-09    65s
  24   2.24664314e+02  2.25320599e+02  1.49e-16 4.44e-16  7.68e-10    66s
  25   2.24905120e+02  2.25214435e+02  1.45e-16 4.44e-16  3.62e-10    68s
  26   2.24992689e+02  2.25177215e+02  1.18e-16 4.44e-16  2.16e-10    70s
  27   2.25047059e+02  2.25154642e+02  1.45e-16 4.44e-16  1.26e-10    72s
  28   2.25078695e+02  2.25141515e+02  1.62e-16 5.55e-16  7.35e-11    74s
  29   2.25103808e+02  2.25131245e+02  2.25e-16 4.44e-16  3.21e-11    76s
  30   2.25115278e+02  2.25126589e+02  3.22e-16 4.44e-16  1.32e-11    78s
  31   2.25119316e+02  2.25124966e+02  8.33e-16 4.44e-16  6.61e-12    80s
  32   2.25121709e+02  2.25124010e+02  5.98e-16 5.55e-16  2.69e-12    82s
  33   2.25123096e+02  2.25123460e+02  7.93e-16 5.55e-16  4.26e-13    84s
  34   2.25123261e+02  2.25123395e+02  1.19e-15 6.66e-16  1.57e-13    86s
  35   2.25123341e+02  2.25123363e+02  2.30e-15 5.55e-16  2.62e-14    88s
  36   2.25123356e+02  2.25123357e+02  1.33e-15 5.55e-16  1.07e-15    90s

Barrier solved model in 36 iterations and 89.93 seconds (16.48 work units)
Optimal objective 2.25123356e+02

Done! Time elapsed: 122.08809971809387 seconds.
Starting HMC sampling...

                                                                                                                                                                                                                                                                                                                                
Finished sampling! Elapsed Time: 996.3107101917267 seconds

Checking sampler transitions treedepth.
105 of 16000 (0.66%) transitions hit the maximum treedepth limit of 10, or 2^10 leapfrog steps.
Trajectories that are prematurely terminated due to this limit will result in slow exploration.
For optimal performance, increase this limit.

Checking sampler transitions for divergences.
No divergent transitions found.

Checking E-BFMI - sampler transitions HMC potential energy.
E-BFMI satisfactory.

Rank-normalized split effective sample size satisfactory for all parameters.

Rank-normalized split R-hat values satisfactory for all parameters.

Processing complete.

Parameters from last iteration: [2.47724570e-01 4.11470090e-01 4.12394900e-01 ... 2.52671912e+02
 2.34244638e+02 2.33706299e+02]

Parameters from current iteration:
            [  0.25666149   0.4013593    0.40217653 ... 252.79415436 234.32752558
 233.78089679]

Updated uncertain values: [2.49958799e-01 4.08942391e-01 4.09840306e-01 ... 2.52702473e+02
 2.34265360e+02 2.33724949e+02]


            Iteration [   5]: Absolute Error = 0.27942756453126094,
            Percentage Error = 0.0884154288105632
            
Optimization Iteration[6/100]

Theta: [0.2499588  0.40894239 0.40984031 ... 1.93969758 1.20354815 1.06812977]

Gamma: [606.30262946 587.48969159 532.02379552 ... 252.70247274 234.26536002
 233.72494852]

Solving the optimization problem...
Set parameter TokenServer to value "licenses.rcc.uchicago.edu"
Read LP format model from file /scratch/local/jobs/50255463/tmp4hwp0jql.pyomo.lp
Reading time = 2.21 seconds
x1: 417600 rows, 834801 columns, 2083271 nonzeros
Gurobi Optimizer version 11.0.0 build v11.0.0rc2 (linux64 - "CentOS Linux 8")

CPU model: Intel(R) Xeon(R) Gold 6248R CPU @ 3.00GHz, instruction set [SSE2|AVX|AVX2|AVX512]
Thread count: 48 physical cores, 48 logical processors, using up to 32 threads

Optimize a model with 417600 rows, 834801 columns and 2083271 nonzeros
Model fingerprint: 0x30a2bc81
Model has 400 quadratic objective terms
Coefficient statistics:
  Matrix range     [1e+00, 9e+02]
  Objective range  [2e-03, 8e+02]
  QObjective range [2e+03, 2e+05]
  Bounds range     [3e-06, 1e+00]
  RHS range        [9e-11, 4e-01]
Presolve removed 208947 rows and 209294 columns
Presolve time: 0.87s
Presolved: 208653 rows, 625507 columns, 1249571 nonzeros
Presolved model has 400 quadratic objective terms
Ordering time: 1.45s

Barrier statistics:
 AA' NZ     : 6.241e+05
 Factor NZ  : 6.773e+07 (roughly 900 MB of memory)
 Factor Ops : 2.543e+10 (less than 1 second per iteration)
 Threads    : 32

                  Objective                Residual
Iter       Primal          Dual         Primal    Dual     Compl     Time
   0  -1.46786151e+11  1.10640369e+11  1.04e+06 1.12e-13  1.00e+06     6s
   1  -6.48160659e+10  6.33662454e+10  4.43e+04 3.08e+01  4.67e+04     8s
   2  -3.05818187e+10  3.06535819e+10  4.48e+02 1.24e-01  5.43e+02    10s
   3  -1.08845420e+10  1.09726294e+10  3.21e+00 1.44e-12  2.86e+01    12s
   4  -2.40145509e+09  2.49927980e+09  2.67e-01 1.25e-12  5.95e+00    17s
   5  -5.82492786e+08  6.48620578e+08  3.65e-02 3.92e-12  1.46e+00    21s
   6  -9.63095779e+07  1.09570353e+08  2.74e-03 1.43e-12  2.41e-01    26s
   7  -1.41080969e+07  1.68755282e+07  2.74e-09 1.76e-12  3.63e-02    31s
   8  -2.06727362e+06  2.45944044e+06  2.73e-13 1.03e-12  5.30e-03    34s
   9  -3.07505704e+05  3.77887328e+05  4.21e-14 3.47e-13  8.02e-04    36s
  10  -4.61217452e+04  5.46614360e+04  2.10e-14 5.66e-14  1.18e-04    38s
  11  -7.12475864e+03  8.48213189e+03  1.36e-14 8.62e-15  1.83e-05    40s
  12  -1.71353091e+03  1.94621024e+03  1.10e-14 1.94e-15  4.28e-06    44s
  13  -3.83831994e+02  9.53853745e+02  9.56e-16 4.44e-16  1.57e-06    46s
  14   8.28888767e+00  4.59527282e+02  5.44e-16 6.66e-16  5.28e-07    48s
  15   1.27005260e+02  3.14830828e+02  4.01e-16 4.44e-16  2.20e-07    50s
  16   1.80189334e+02  2.47596479e+02  1.01e-16 4.44e-16  7.89e-08    53s
  17   1.97554397e+02  2.30347934e+02  7.48e-17 4.44e-16  3.84e-08    54s
  18   2.07128536e+02  2.22100281e+02  5.44e-17 4.44e-16  1.75e-08    56s
  19   2.11955491e+02  2.18393667e+02  6.64e-17 4.44e-16  7.54e-09    58s
  20   2.13797898e+02  2.17208048e+02  3.12e-17 4.44e-16  3.99e-09    60s
  21   2.14847068e+02  2.16644079e+02  1.41e-16 4.44e-16  2.10e-09    62s
  22   2.15359282e+02  2.16383429e+02  9.65e-17 4.44e-16  1.20e-09    64s
  23   2.15692075e+02  2.16222278e+02  1.02e-16 4.44e-16  6.21e-10    66s
  24   2.15769678e+02  2.16186193e+02  1.06e-16 4.44e-16  4.88e-10    67s
  25   2.15904898e+02  2.16125688e+02  1.56e-16 5.55e-16  2.58e-10    70s
  26   2.16003575e+02  2.16083017e+02  2.49e-16 4.44e-16  9.30e-11    72s
  27   2.16028930e+02  2.16072297e+02  4.70e-16 5.55e-16  5.08e-11    74s
  28   2.16046537e+02  2.16064991e+02  7.08e-16 4.44e-16  2.16e-11    76s
  29   2.16054095e+02  2.16061927e+02  4.71e-16 5.55e-16  9.17e-12    78s
  30   2.16057393e+02  2.16060604e+02  7.43e-15 4.44e-16  3.76e-12    79s
  31   2.16058991e+02  2.16059965e+02  1.16e-14 5.55e-16  1.14e-12    82s
  32   2.16059487e+02  2.16059768e+02  5.01e-15 4.44e-16  3.29e-13    83s
  33   2.16059659e+02  2.16059700e+02  1.82e-15 5.55e-16  4.71e-14    86s
  34   2.16059686e+02  2.16059689e+02  1.27e-15 6.66e-16  3.11e-15    87s

Barrier solved model in 34 iterations and 87.42 seconds (15.51 work units)
Optimal objective 2.16059686e+02

Done! Time elapsed: 120.62602543830872 seconds.
Starting HMC sampling...

                                                                                                                                                                                                                                                                                                                                
Finished sampling! Elapsed Time: 967.3725297451019 seconds

Checking sampler transitions treedepth.
46 of 16000 (0.29%) transitions hit the maximum treedepth limit of 10, or 2^10 leapfrog steps.
Trajectories that are prematurely terminated due to this limit will result in slow exploration.
For optimal performance, increase this limit.

Checking sampler transitions for divergences.
No divergent transitions found.

Checking E-BFMI - sampler transitions HMC potential energy.
E-BFMI satisfactory.

Rank-normalized split effective sample size satisfactory for all parameters.

Rank-normalized split R-hat values satisfactory for all parameters.

Processing complete.

Parameters from last iteration: [2.49958799e-01 4.08942391e-01 4.09840306e-01 ... 2.52702473e+02
 2.34265360e+02 2.33724949e+02]

Parameters from current iteration:
            [2.51508644e-01 3.97032746e-01 3.97854644e-01 ... 2.52650292e+02
 2.34233453e+02 2.33748696e+02]

Updated uncertain values: [2.50346260e-01 4.05964980e-01 4.06843891e-01 ... 2.52689428e+02
 2.34257383e+02 2.33730885e+02]


            Iteration [   6]: Absolute Error = 0.4254756989229236,
            Percentage Error = 0.05954576366170932
            
Optimization Iteration[7/100]

Theta: [0.25034626 0.40596498 0.40684389 ... 1.92219362 1.20151503 1.06865426]

Gamma: [606.42774156 587.57563832 532.04169922 ... 252.68942751 234.25738314
 233.73088549]

Solving the optimization problem...
Set parameter TokenServer to value "licenses.rcc.uchicago.edu"
Read LP format model from file /scratch/local/jobs/50255463/tmpxfnvmtnr.pyomo.lp
Reading time = 2.17 seconds
x1: 417600 rows, 834801 columns, 2083271 nonzeros
Gurobi Optimizer version 11.0.0 build v11.0.0rc2 (linux64 - "CentOS Linux 8")

CPU model: Intel(R) Xeon(R) Gold 6248R CPU @ 3.00GHz, instruction set [SSE2|AVX|AVX2|AVX512]
Thread count: 48 physical cores, 48 logical processors, using up to 32 threads

Optimize a model with 417600 rows, 834801 columns and 2083271 nonzeros
Model fingerprint: 0x48a8d0fb
Model has 400 quadratic objective terms
Coefficient statistics:
  Matrix range     [1e+00, 9e+02]
  Objective range  [7e-04, 8e+02]
  QObjective range [2e+03, 2e+05]
  Bounds range     [3e-06, 1e+00]
  RHS range        [9e-11, 4e-01]
Presolve removed 208947 rows and 209294 columns
Presolve time: 0.84s
Presolved: 208653 rows, 625507 columns, 1249571 nonzeros
Presolved model has 400 quadratic objective terms
Ordering time: 1.07s

Barrier statistics:
 AA' NZ     : 6.241e+05
 Factor NZ  : 6.773e+07 (roughly 900 MB of memory)
 Factor Ops : 2.543e+10 (less than 1 second per iteration)
 Threads    : 32

                  Objective                Residual
Iter       Primal          Dual         Primal    Dual     Compl     Time
   0  -3.63607799e+10  1.08047376e+08  1.04e+06 3.17e+02  9.96e+05     6s
   1  -1.88667551e+09  4.17840999e+07  5.30e+04 1.07e-12  5.85e+04     7s
   2  -1.12483280e+07  6.67409891e+06  1.33e+02 1.77e-12  1.63e+02     9s
   3  -1.12417376e+06  1.14281783e+06  1.82e+00 2.47e-12  4.64e+00    11s
   4  -1.94350473e+05  2.64919024e+05  6.00e-02 1.68e-12  6.04e-01    14s
   5  -3.87027401e+04  5.09697694e+04  2.48e-03 1.14e-12  1.08e-01    15s
   6  -9.27481403e+03  1.20688775e+04  2.67e-04 1.48e-12  2.56e-02    18s
   7  -3.32043350e+03  4.18653126e+03  6.43e-05 1.81e-12  9.00e-03    19s
   8  -1.17900052e+03  2.22130576e+03  1.11e-05 6.52e-13  4.08e-03    22s
   9  -3.70166693e+02  9.50578760e+02  2.99e-06 6.57e-13  1.58e-03    23s
  10   1.40441554e+01  4.11248688e+02  1.99e-07 4.55e-13  4.76e-04    25s
  11   1.48073540e+02  2.61399463e+02  1.79e-08 3.41e-13  1.36e-04    28s
  12   1.69293602e+02  2.41763046e+02  8.58e-09 3.41e-13  8.69e-05    30s
  13   1.91072781e+02  2.23197426e+02  3.10e-09 2.34e-13  3.85e-05    32s
  14   1.98778121e+02  2.17369763e+02  1.27e-09 2.84e-13  2.23e-05    33s
  15   2.04536341e+02  2.13557683e+02  4.21e-10 2.27e-13  1.08e-05    35s
  16   2.07640987e+02  2.11589694e+02  1.35e-10 4.55e-13  4.73e-06    37s
  17   2.07756259e+02  2.11520383e+02  1.25e-10 4.55e-13  4.51e-06    39s
  18   2.09256388e+02  2.10666794e+02  1.40e-11 5.68e-13  1.69e-06    42s
  19   2.09700916e+02  2.10451397e+02  5.13e-12 4.55e-13  9.00e-07    44s
  20   2.09833068e+02  2.10390082e+02  3.23e-12 4.55e-13  6.68e-07    46s
  21   2.09900645e+02  2.10359161e+02  2.34e-12 4.55e-13  5.50e-07    47s
  22   2.10026800e+02  2.10303018e+02  1.21e-12 4.55e-13  3.31e-07    49s
  23   2.10111853e+02  2.10265542e+02  4.18e-13 4.55e-13  1.84e-07    51s
  24   2.10167717e+02  2.10241830e+02  1.54e-13 4.55e-13  8.89e-08    53s
  25   2.10198331e+02  2.10229069e+02  2.69e-14 5.68e-13  3.69e-08    55s
  26   2.10210030e+02  2.10224351e+02  5.89e-15 4.55e-13  1.72e-08    57s
  27   2.10217973e+02  2.10221153e+02  2.18e-15 6.82e-13  3.81e-09    59s
  28   2.10219732e+02  2.10220451e+02  4.27e-15 5.68e-13  8.61e-10    62s
  29   2.10220146e+02  2.10220287e+02  2.99e-15 5.68e-13  1.69e-10    64s
  30   2.10220233e+02  2.10220252e+02  2.27e-15 5.68e-13  2.30e-11    65s
  31   2.10220247e+02  2.10220247e+02  3.42e-15 5.68e-13  1.42e-13    67s

Barrier solved model in 31 iterations and 67.27 seconds (14.31 work units)
Optimal objective 2.10220247e+02

Done! Time elapsed: 101.75216960906982 seconds.
Starting HMC sampling...

                                                                                                                                                                                                                                                                                                                                
Finished sampling! Elapsed Time: 904.9471862316132 seconds

Checking sampler transitions treedepth.
61 of 16000 (0.38%) transitions hit the maximum treedepth limit of 10, or 2^10 leapfrog steps.
Trajectories that are prematurely terminated due to this limit will result in slow exploration.
For optimal performance, increase this limit.

Checking sampler transitions for divergences.
No divergent transitions found.

Checking E-BFMI - sampler transitions HMC potential energy.
E-BFMI satisfactory.

Rank-normalized split effective sample size satisfactory for all parameters.

Rank-normalized split R-hat values satisfactory for all parameters.

Processing complete.

Parameters from last iteration: [2.50346260e-01 4.05964980e-01 4.06843891e-01 ... 2.52689428e+02
 2.34257383e+02 2.33730885e+02]

Parameters from current iteration:
            [2.47507001e-01 3.93097942e-01 3.93920217e-01 ... 2.52750520e+02
 2.34315219e+02 2.33806117e+02]

Updated uncertain values: [2.49636445e-01 4.02748221e-01 4.03612972e-01 ... 2.52704701e+02
 2.34271842e+02 2.33749693e+02]


            Iteration [   7]: Absolute Error = 0.2836079236317346,
            Percentage Error = 0.035166799211496465
            
Optimization Iteration[8/100]

Theta: [0.24963645 0.40274822 0.40361297 ... 1.90947733 1.19973751 1.06869058]

Gamma: [606.4334636  587.58891164 532.05006574 ... 252.70470067 234.27184213
 233.74969345]

Solving the optimization problem...
Set parameter TokenServer to value "licenses.rcc.uchicago.edu"
Read LP format model from file /scratch/local/jobs/50255463/tmpaq6s0g4e.pyomo.lp
Reading time = 2.20 seconds
x1: 417600 rows, 834801 columns, 2083271 nonzeros
Gurobi Optimizer version 11.0.0 build v11.0.0rc2 (linux64 - "CentOS Linux 8")

CPU model: Intel(R) Xeon(R) Gold 6248R CPU @ 3.00GHz, instruction set [SSE2|AVX|AVX2|AVX512]
Thread count: 48 physical cores, 48 logical processors, using up to 32 threads

Optimize a model with 417600 rows, 834801 columns and 2083271 nonzeros
Model fingerprint: 0x5eb975d2
Model has 400 quadratic objective terms
Coefficient statistics:
  Matrix range     [1e+00, 9e+02]
  Objective range  [2e-03, 8e+02]
  QObjective range [2e+03, 2e+05]
  Bounds range     [3e-06, 1e+00]
  RHS range        [9e-11, 4e-01]
Presolve removed 208947 rows and 209294 columns
Presolve time: 0.85s
Presolved: 208653 rows, 625507 columns, 1249571 nonzeros
Presolved model has 400 quadratic objective terms
Ordering time: 1.38s

Barrier statistics:
 AA' NZ     : 6.241e+05
 Factor NZ  : 6.773e+07 (roughly 900 MB of memory)
 Factor Ops : 2.543e+10 (less than 1 second per iteration)
 Threads    : 32

                  Objective                Residual
Iter       Primal          Dual         Primal    Dual     Compl     Time
   0  -3.63757314e+10  1.08047376e+08  1.04e+06 3.17e+02  9.96e+05     6s
   1  -1.88723851e+09  4.17825352e+07  5.30e+04 1.04e-12  5.85e+04     7s
   2  -1.12500745e+07  6.67385028e+06  1.33e+02 2.07e-12  1.63e+02     9s
   3  -1.12413921e+06  1.14275975e+06  1.82e+00 2.91e-12  4.64e+00    12s
   4  -1.94345576e+05  2.64907526e+05  6.01e-02 1.76e-12  6.04e-01    14s
   5  -3.87025207e+04  5.09645549e+04  2.48e-03 1.19e-12  1.08e-01    15s
   6  -9.20941579e+03  1.19541248e+04  2.61e-04 1.42e-12  2.54e-02    18s
   7  -3.28278861e+03  4.12461055e+03  6.20e-05 6.79e-13  8.89e-03    19s
   8  -1.15293550e+03  2.15473205e+03  1.06e-05 1.65e-12  3.97e-03    22s
   9  -3.70968389e+02  9.42677295e+02  2.96e-06 6.12e-13  1.58e-03    23s
  10   1.13691648e+01  4.05726171e+02  2.15e-07 3.41e-13  4.73e-04    25s
  11   1.44950267e+02  2.57163165e+02  1.89e-08 4.55e-13  1.35e-04    28s
  12   1.67269237e+02  2.36421159e+02  8.34e-09 3.41e-13  8.29e-05    30s
  13   1.87969377e+02  2.19651790e+02  2.83e-09 3.41e-13  3.80e-05    31s
  14   1.98245669e+02  2.11444360e+02  8.17e-10 3.41e-13  1.58e-05    33s
  15   2.01024438e+02  2.09465626e+02  3.76e-10 2.34e-13  1.01e-05    35s
  16   2.03911314e+02  2.07688278e+02  1.37e-10 4.55e-13  4.53e-06    37s
  17   2.03991914e+02  2.07639613e+02  1.29e-10 4.55e-13  4.37e-06    39s
  18   2.05436782e+02  2.06827857e+02  3.18e-11 4.55e-13  1.67e-06    41s
  19   2.05833204e+02  2.06625309e+02  1.29e-11 5.68e-13  9.50e-07    43s
  20   2.05971034e+02  2.06558445e+02  8.07e-12 4.55e-13  7.04e-07    45s
  21   2.06117564e+02  2.06489682e+02  4.09e-12 3.41e-13  4.46e-07    47s
  22   2.06198697e+02  2.06452382e+02  2.15e-12 4.55e-13  3.04e-07    49s
  23   2.06282785e+02  2.06415392e+02  8.45e-13 4.55e-13  1.59e-07    51s
  24   2.06317634e+02  2.06400235e+02  4.29e-13 4.55e-13  9.90e-08    53s
  25   2.06351393e+02  2.06385925e+02  1.42e-13 4.55e-13  4.14e-08    55s
  26   2.06364543e+02  2.06380400e+02  3.63e-14 4.55e-13  1.90e-08    56s
  27   2.06370950e+02  2.06377787e+02  5.76e-15 4.55e-13  8.20e-09    59s
  28   2.06374798e+02  2.06376238e+02  1.34e-15 5.68e-13  1.73e-09    61s
  29   2.06375589e+02  2.06375922e+02  2.31e-15 4.55e-13  3.99e-10    63s
  30   2.06375785e+02  2.06375844e+02  2.25e-15 5.68e-13  7.11e-11    65s
  31   2.06375826e+02  2.06375828e+02  1.23e-15 5.68e-13  1.81e-12    67s
  32   2.06375827e+02  2.06375827e+02  8.64e-16 5.68e-13  1.52e-14    68s

Barrier solved model in 32 iterations and 68.49 seconds (14.65 work units)
Optimal objective 2.06375827e+02

Done! Time elapsed: 100.96808695793152 seconds.
Starting HMC sampling...

                                                                                                                                                                                                                                                                                                                                
Finished sampling! Elapsed Time: 1006.7944252490997 seconds

Checking sampler transitions treedepth.
78 of 16000 (0.49%) transitions hit the maximum treedepth limit of 10, or 2^10 leapfrog steps.
Trajectories that are prematurely terminated due to this limit will result in slow exploration.
For optimal performance, increase this limit.

Checking sampler transitions for divergences.
No divergent transitions found.

Checking E-BFMI - sampler transitions HMC potential energy.
E-BFMI satisfactory.

Rank-normalized split effective sample size satisfactory for all parameters.

Rank-normalized split R-hat values satisfactory for all parameters.

Processing complete.

Parameters from last iteration: [2.49636445e-01 4.02748221e-01 4.03612972e-01 ... 2.52704701e+02
 2.34271842e+02 2.33749693e+02]

Parameters from current iteration:
            [2.45114519e-01 3.91262263e-01 3.92087683e-01 ... 2.52729206e+02
 2.34318103e+02 2.33845402e+02]

Updated uncertain values: [2.48505964e-01 3.99876731e-01 4.00731650e-01 ... 2.52710827e+02
 2.34283407e+02 2.33773621e+02]


            Iteration [   8]: Absolute Error = 0.2520470655339295,
            Percentage Error = 0.018784340814975292
            
Optimization Iteration[9/100]

Theta: [0.24850596 0.39987673 0.40073165 ... 1.89926152 1.19798603 1.06835021]

Gamma: [606.46417587 587.60107898 532.02828432 ... 252.71082696 234.28340734
 233.7736206 ]

Solving the optimization problem...
Set parameter TokenServer to value "licenses.rcc.uchicago.edu"
Read LP format model from file /scratch/local/jobs/50255463/tmpgocb16_0.pyomo.lp
Reading time = 2.19 seconds
x1: 417600 rows, 834801 columns, 2083271 nonzeros
Gurobi Optimizer version 11.0.0 build v11.0.0rc2 (linux64 - "CentOS Linux 8")

CPU model: Intel(R) Xeon(R) Gold 6248R CPU @ 3.00GHz, instruction set [SSE2|AVX|AVX2|AVX512]
Thread count: 48 physical cores, 48 logical processors, using up to 32 threads

Optimize a model with 417600 rows, 834801 columns and 2083271 nonzeros
Model fingerprint: 0x162c6c69
Model has 400 quadratic objective terms
Coefficient statistics:
  Matrix range     [1e+00, 9e+02]
  Objective range  [2e-03, 8e+02]
  QObjective range [2e+03, 2e+05]
  Bounds range     [3e-06, 1e+00]
  RHS range        [9e-11, 4e-01]
Presolve removed 208947 rows and 209294 columns
Presolve time: 0.85s
Presolved: 208653 rows, 625507 columns, 1249571 nonzeros
Presolved model has 400 quadratic objective terms
Ordering time: 1.51s

Barrier statistics:
 AA' NZ     : 6.241e+05
 Factor NZ  : 6.773e+07 (roughly 900 MB of memory)
 Factor Ops : 2.543e+10 (less than 1 second per iteration)
 Threads    : 32

                  Objective                Residual
Iter       Primal          Dual         Primal    Dual     Compl     Time
   0  -3.63829016e+10  1.08047375e+08  1.04e+06 3.17e+02  9.96e+05     5s
   1  -1.88730274e+09  4.17804241e+07  5.30e+04 1.04e-12  5.85e+04     7s
   2  -1.12503909e+07  6.67347658e+06  1.33e+02 1.95e-12  1.63e+02     9s
   3  -1.12407778e+06  1.14269072e+06  1.82e+00 2.54e-12  4.64e+00    11s
   4  -1.94336464e+05  2.64893676e+05  6.01e-02 1.58e-12  6.04e-01    13s
   5  -3.86999105e+04  5.09580637e+04  2.48e-03 1.24e-12  1.08e-01    15s
   6  -9.16472838e+03  1.18766755e+04  2.56e-04 1.80e-12  2.53e-02    17s
   7  -3.25584060e+03  4.08129696e+03  6.03e-05 6.67e-13  8.80e-03    19s
   8  -1.13659946e+03  2.11241886e+03  1.03e-05 7.66e-13  3.90e-03    21s
   9  -3.70455844e+02  9.35366393e+02  2.93e-06 7.63e-13  1.57e-03    23s
  10   9.95074004e+00  4.02147151e+02  2.19e-07 2.72e-13  4.70e-04    25s
  11   1.43061014e+02  2.54188369e+02  1.90e-08 2.27e-13  1.33e-04    28s
  12   1.65814988e+02  2.33017700e+02  7.99e-09 2.31e-13  8.06e-05    30s
  13   1.86237561e+02  2.15738542e+02  2.85e-09 2.49e-13  3.54e-05    32s
  14   1.92009035e+02  2.11325679e+02  1.35e-09 2.56e-13  2.32e-05    33s
  15   1.98592234e+02  2.06874173e+02  4.73e-10 2.60e-13  9.93e-06    35s
  16   1.99257326e+02  2.06440492e+02  3.74e-10 3.62e-13  8.61e-06    37s
  17   2.01779995e+02  2.04939532e+02  1.28e-10 3.41e-13  3.79e-06    39s
  18   2.03095992e+02  2.04217597e+02  2.64e-11 4.55e-13  1.34e-06    41s
  19   2.03396494e+02  2.04063941e+02  1.08e-11 4.55e-13  8.00e-07    43s
  20   2.03480478e+02  2.04023640e+02  7.89e-12 4.55e-13  6.51e-07    45s
  21   2.03634996e+02  2.03950688e+02  3.05e-12 4.55e-13  3.78e-07    47s
  22   2.03721015e+02  2.03912188e+02  1.43e-12 4.55e-13  2.29e-07    49s
  23   2.03777762e+02  2.03887252e+02  5.18e-13 5.68e-13  1.31e-07    51s
  24   2.03813085e+02  2.03872255e+02  1.41e-13 4.55e-13  7.09e-08    53s
  25   2.03841013e+02  2.03860631e+02  2.36e-14 5.68e-13  2.35e-08    55s
  26   2.03848647e+02  2.03857540e+02  8.76e-15 4.55e-13  1.07e-08    57s
  27   2.03852884e+02  2.03855837e+02  2.45e-15 5.68e-13  3.54e-09    59s
  28   2.03854562e+02  2.03855167e+02  6.51e-15 4.55e-13  7.25e-10    61s
  29   2.03854959e+02  2.03855009e+02  5.31e-15 5.68e-13  6.03e-11    63s
  30   2.03854993e+02  2.03854996e+02  6.03e-15 6.82e-13  3.96e-12    65s
  31   2.03854995e+02  2.03854995e+02  2.73e-15 6.82e-13  3.43e-14    67s

Barrier solved model in 31 iterations and 67.08 seconds (14.31 work units)
Optimal objective 2.03854995e+02

Done! Time elapsed: 99.5625057220459 seconds.
Starting HMC sampling...

                                                                                                                                                                                                                                                                                                                                
Finished sampling! Elapsed Time: 921.8696236610413 seconds

Checking sampler transitions treedepth.
86 of 16000 (0.54%) transitions hit the maximum treedepth limit of 10, or 2^10 leapfrog steps.
Trajectories that are prematurely terminated due to this limit will result in slow exploration.
For optimal performance, increase this limit.

Checking sampler transitions for divergences.
No divergent transitions found.

Checking E-BFMI - sampler transitions HMC potential energy.
E-BFMI satisfactory.

Rank-normalized split effective sample size satisfactory for all parameters.

Rank-normalized split R-hat values satisfactory for all parameters.

Processing complete.

Parameters from last iteration: [2.48505964e-01 3.99876731e-01 4.00731650e-01 ... 2.52710827e+02
 2.34283407e+02 2.33773621e+02]

Parameters from current iteration:
            [2.44093889e-01 3.88154928e-01 3.88968563e-01 ... 2.52763734e+02
 2.34302032e+02 2.33737647e+02]

Updated uncertain values: [2.47402945e-01 3.96946280e-01 3.97790878e-01 ... 2.52724054e+02
 2.34288064e+02 2.33764627e+02]


            Iteration [   9]: Absolute Error = 0.16929529735693905,
            Percentage Error = 0.013779741493010082
            
Optimization Iteration[10/100]

Theta: [0.24740294 0.39694628 0.39779088 ... 1.89253354 1.19682254 1.06810194]

Gamma: [606.35990284 587.53501534 532.01475563 ... 252.72405382 234.28806358
 233.76462716]

Solving the optimization problem...
Set parameter TokenServer to value "licenses.rcc.uchicago.edu"
Read LP format model from file /scratch/local/jobs/50255463/tmpnlx855xj.pyomo.lp
Reading time = 2.18 seconds
x1: 417600 rows, 834801 columns, 2083271 nonzeros
Gurobi Optimizer version 11.0.0 build v11.0.0rc2 (linux64 - "CentOS Linux 8")

CPU model: Intel(R) Xeon(R) Gold 6248R CPU @ 3.00GHz, instruction set [SSE2|AVX|AVX2|AVX512]
Thread count: 48 physical cores, 48 logical processors, using up to 32 threads

Optimize a model with 417600 rows, 834801 columns and 2083271 nonzeros
Model fingerprint: 0xfb22488b
Model has 400 quadratic objective terms
Coefficient statistics:
  Matrix range     [1e+00, 9e+02]
  Objective range  [2e-03, 8e+02]
  QObjective range [2e+03, 2e+05]
  Bounds range     [3e-06, 1e+00]
  RHS range        [9e-11, 4e-01]
Presolve removed 208947 rows and 209294 columns
Presolve time: 0.87s
Presolved: 208653 rows, 625507 columns, 1249571 nonzeros
Presolved model has 400 quadratic objective terms
Ordering time: 1.16s

Barrier statistics:
 AA' NZ     : 6.241e+05
 Factor NZ  : 6.773e+07 (roughly 900 MB of memory)
 Factor Ops : 2.543e+10 (less than 1 second per iteration)
 Threads    : 32

                  Objective                Residual
Iter       Primal          Dual         Primal    Dual     Compl     Time
   0  -1.46838404e+11  1.10640369e+11  1.04e+06 1.13e-13  1.00e+06     5s
   1  -6.48182814e+10  6.33662464e+10  4.43e+04 3.08e+01  4.67e+04     7s
   2  -3.05818415e+10  3.06535823e+10  4.48e+02 1.24e-01  5.43e+02     9s
   3  -1.08845422e+10  1.09726295e+10  3.21e+00 1.55e-12  2.86e+01    11s
   4  -2.40145515e+09  2.49927987e+09  2.67e-01 1.25e-12  5.95e+00    17s
   5  -5.82492746e+08  6.48620533e+08  3.65e-02 5.71e-12  1.46e+00    21s
   6  -9.63095470e+07  1.09570304e+08  2.74e-03 1.42e-12  2.41e-01    26s
   7  -1.41080981e+07  1.68755050e+07  2.74e-09 1.64e-12  3.63e-02    31s
   8  -2.06728243e+06  2.45943553e+06  2.58e-13 1.07e-12  5.30e-03    34s
   9  -3.07512955e+05  3.77866695e+05  3.86e-14 3.31e-13  8.02e-04    36s
  10  -4.61298848e+04  5.46476437e+04  2.45e-14 5.92e-14  1.18e-04    38s
  11  -7.13243175e+03  8.46045166e+03  1.45e-14 1.05e-14  1.83e-05    40s
  12  -1.73806818e+03  1.95048193e+03  1.25e-14 1.84e-15  4.32e-06    43s
  13  -4.05297752e+02  9.58703295e+02  1.44e-15 5.55e-16  1.60e-06    46s
  14  -7.70598068e+00  3.93659029e+02  7.27e-16 4.44e-16  4.70e-07    48s
  15   1.18951566e+02  2.78654263e+02  2.16e-16 6.66e-16  1.87e-07    51s
  16   1.63347603e+02  2.30054545e+02  1.47e-16 4.44e-16  7.81e-08    53s
  17   1.72310804e+02  2.22600405e+02  1.01e-16 4.44e-16  5.89e-08    55s
  18   1.84929443e+02  2.12228285e+02  6.25e-17 4.44e-16  3.20e-08    57s
  19   1.86057198e+02  2.11436415e+02  5.51e-17 4.44e-16  2.97e-08    59s
  20   1.88280849e+02  2.09995096e+02  5.55e-17 4.44e-16  2.54e-08    61s
  21   1.93499495e+02  2.06697590e+02  4.79e-17 4.44e-16  1.55e-08    63s
  22   1.98095453e+02  2.04031706e+02  4.55e-17 4.44e-16  6.95e-09    65s
  23   1.99749015e+02  2.03175597e+02  6.70e-17 4.44e-16  4.01e-09    66s
  24   2.00807604e+02  2.02658988e+02  4.47e-17 4.44e-16  2.17e-09    68s
  25   2.01058252e+02  2.02544052e+02  5.10e-17 4.44e-16  1.74e-09    70s
  26   2.01412326e+02  2.02379325e+02  7.07e-17 4.44e-16  1.13e-09    72s
  27   2.01685526e+02  2.02254528e+02  6.61e-17 4.44e-16  6.66e-10    74s
  28   2.01824255e+02  2.02192897e+02  1.09e-16 4.44e-16  4.32e-10    76s
  29   2.01927385e+02  2.02148283e+02  1.18e-16 4.44e-16  2.59e-10    78s
  30   2.01968109e+02  2.02131014e+02  9.61e-17 4.44e-16  1.91e-10    80s
  31   2.02034909e+02  2.02102967e+02  3.15e-16 4.44e-16  7.97e-11    82s
  32   2.02052690e+02  2.02095529e+02  2.81e-16 4.44e-16  5.02e-11    83s
  33   2.02072894e+02  2.02087244e+02  4.08e-16 4.44e-16  1.68e-11    85s
  34   2.02079581e+02  2.02084539e+02  1.56e-15 5.55e-16  5.80e-12    87s
  35   2.02082311e+02  2.02083446e+02  7.18e-15 5.55e-16  1.33e-12    90s
  36   2.02082978e+02  2.02083179e+02  1.54e-15 5.55e-16  2.35e-13    92s
  37   2.02083087e+02  2.02083136e+02  2.99e-15 5.55e-16  5.72e-14    94s
  38   2.02083114e+02  2.02083125e+02  2.89e-15 4.44e-16  1.30e-14    96s

Barrier solved model in 38 iterations and 95.71 seconds (17.30 work units)
Optimal objective 2.02083114e+02

Done! Time elapsed: 128.04999661445618 seconds.
Starting HMC sampling...

                                                                                                                                                                                                                                                                                                                                
Finished sampling! Elapsed Time: 1039.6526174545288 seconds

Checking sampler transitions treedepth.
96 of 16000 (0.60%) transitions hit the maximum treedepth limit of 10, or 2^10 leapfrog steps.
Trajectories that are prematurely terminated due to this limit will result in slow exploration.
For optimal performance, increase this limit.

Checking sampler transitions for divergences.
No divergent transitions found.

Checking E-BFMI - sampler transitions HMC potential energy.
E-BFMI satisfactory.

Rank-normalized split effective sample size satisfactory for all parameters.

Rank-normalized split R-hat values satisfactory for all parameters.

Processing complete.

Parameters from last iteration: [2.47402945e-01 3.96946280e-01 3.97790878e-01 ... 2.52724054e+02
 2.34288064e+02 2.33764627e+02]

Parameters from current iteration:
            [2.42696354e-01 3.89024017e-01 3.89850453e-01 ... 2.52767197e+02
 2.34322243e+02 2.33829129e+02]

Updated uncertain values: [2.46226297e-01 3.94965715e-01 3.95805772e-01 ... 2.52734840e+02
 2.34296608e+02 2.33780753e+02]


            Iteration [  10]: Absolute Error = 0.22465694744607845,
            Percentage Error = 0.01046900529974993
            
Optimization Iteration[11/100]

Theta: [0.2462263  0.39496571 0.39580577 ... 1.88610865 1.1954451  1.06759158]

Gamma: [606.47870967 587.65097627 532.09737567 ... 252.7348396  234.29660839
 233.78075267]

Solving the optimization problem...
Set parameter TokenServer to value "licenses.rcc.uchicago.edu"
Read LP format model from file /scratch/local/jobs/50255463/tmpcp8ty85o.pyomo.lp
Reading time = 2.19 seconds
x1: 417600 rows, 834801 columns, 2083271 nonzeros
Gurobi Optimizer version 11.0.0 build v11.0.0rc2 (linux64 - "CentOS Linux 8")

CPU model: Intel(R) Xeon(R) Gold 6248R CPU @ 3.00GHz, instruction set [SSE2|AVX|AVX2|AVX512]
Thread count: 48 physical cores, 48 logical processors, using up to 32 threads

Optimize a model with 417600 rows, 834801 columns and 2083271 nonzeros
Model fingerprint: 0x00c5709c
Model has 400 quadratic objective terms
Coefficient statistics:
  Matrix range     [1e+00, 9e+02]
  Objective range  [2e-03, 8e+02]
  QObjective range [2e+03, 2e+05]
  Bounds range     [3e-06, 1e+00]
  RHS range        [9e-11, 4e-01]
Presolve removed 208947 rows and 209294 columns
Presolve time: 0.87s
Presolved: 208653 rows, 625507 columns, 1249571 nonzeros
Presolved model has 400 quadratic objective terms
Ordering time: 1.01s

Barrier statistics:
 AA' NZ     : 6.241e+05
 Factor NZ  : 6.773e+07 (roughly 900 MB of memory)
 Factor Ops : 2.543e+10 (less than 1 second per iteration)
 Threads    : 32

                  Objective                Residual
Iter       Primal          Dual         Primal    Dual     Compl     Time
   0  -1.46840301e+11  1.10640369e+11  1.04e+06 1.13e-13  1.00e+06     6s
   1  -6.48183637e+10  6.33662475e+10  4.43e+04 3.08e+01  4.67e+04     8s
   2  -3.05818427e+10  3.06535828e+10  4.48e+02 1.24e-01  5.43e+02    10s
   3  -1.08845424e+10  1.09726297e+10  3.21e+00 1.51e-12  2.86e+01    12s
   4  -2.40145518e+09  2.49927992e+09  2.67e-01 1.24e-12  5.95e+00    17s
   5  -5.82492746e+08  6.48620540e+08  3.65e-02 2.55e-12  1.46e+00    22s
   6  -9.63095412e+07  1.09570300e+08  2.74e-03 1.48e-12  2.41e-01    27s
   7  -1.41080971e+07  1.68755033e+07  2.74e-09 1.44e-12  3.63e-02    32s
   8  -2.06728263e+06  2.45943602e+06  2.63e-13 1.35e-12  5.30e-03    34s
   9  -3.07513043e+05  3.77864765e+05  4.74e-14 3.52e-13  8.02e-04    36s
  10  -4.61301978e+04  5.46466825e+04  2.17e-14 6.69e-14  1.18e-04    38s
  11  -7.13293518e+03  8.45929962e+03  1.29e-14 8.88e-15  1.83e-05    40s
  12  -1.73886615e+03  1.94941002e+03  1.19e-14 1.76e-15  4.32e-06    44s
  13  -4.06552306e+02  9.57464792e+02  1.01e-15 6.66e-16  1.60e-06    46s
  14  -8.91768474e+00  3.93047447e+02  5.77e-16 4.44e-16  4.71e-07    49s
  15   1.16875368e+02  2.78836776e+02  3.32e-16 5.55e-16  1.90e-07    52s
  16   1.61795087e+02  2.29254100e+02  1.36e-16 4.44e-16  7.90e-08    54s
  17   1.70433996e+02  2.22013829e+02  9.43e-17 4.44e-16  6.04e-08    56s
  18   1.83400163e+02  2.11251023e+02  7.07e-17 4.44e-16  3.26e-08    57s
  19   1.84761093e+02  2.10289475e+02  7.31e-17 4.44e-16  2.99e-08    59s
  20   1.86426564e+02  2.09205427e+02  6.14e-17 4.44e-16  2.67e-08    61s
  21   1.91553295e+02  2.05933522e+02  5.03e-17 4.44e-16  1.68e-08    63s
  22   1.96483675e+02  2.03028162e+02  4.84e-17 4.44e-16  7.66e-09    65s
  23   1.99027397e+02  2.01698115e+02  4.29e-17 4.44e-16  3.13e-09    68s
  24   1.99820183e+02  2.01325192e+02  6.46e-17 4.44e-16  1.76e-09    70s
  25   2.00100563e+02  2.01197401e+02  6.77e-17 4.44e-16  1.28e-09    71s
  26   2.00299820e+02  2.01107955e+02  6.70e-17 4.44e-16  9.46e-10    73s
  27   2.00521508e+02  2.01009895e+02  1.02e-16 4.44e-16  5.72e-10    75s
  28   2.00593800e+02  2.00978634e+02  9.91e-17 4.44e-16  4.51e-10    77s
  29   2.00658523e+02  2.00950796e+02  9.65e-17 4.44e-16  3.42e-10    79s
  30   2.00722724e+02  2.00923673e+02  1.76e-16 4.44e-16  2.35e-10    81s
  31   2.00780875e+02  2.00899070e+02  1.48e-16 5.55e-16  1.38e-10    82s
  32   2.00813468e+02  2.00885397e+02  1.59e-16 4.44e-16  8.42e-11    84s
  33   2.00835368e+02  2.00876314e+02  2.60e-16 4.44e-16  4.79e-11    86s
  34   2.00854549e+02  2.00868486e+02  3.11e-16 4.44e-16  1.63e-11    88s
  35   2.00860103e+02  2.00866231e+02  2.34e-15 4.44e-16  7.17e-12    90s
  36   2.00861791e+02  2.00865551e+02  1.14e-15 4.44e-16  4.40e-12    92s
  37   2.00863778e+02  2.00864756e+02  2.91e-15 5.55e-16  1.14e-12    94s
  38   2.00864239e+02  2.00864571e+02  1.89e-15 4.44e-16  3.89e-13    95s
  39   2.00864458e+02  2.00864484e+02  2.27e-15 5.55e-16  3.12e-14    97s
  40   2.00864473e+02  2.00864478e+02  7.01e-16 6.66e-16  5.82e-15   100s

Barrier solved model in 40 iterations and 99.67 seconds (18.11 work units)
Optimal objective 2.00864473e+02

Done! Time elapsed: 132.02741813659668 seconds.
Starting HMC sampling...

                                                                                                                                                                                                                                                                                                                                
Finished sampling! Elapsed Time: 1126.5541710853577 seconds

Checking sampler transitions treedepth.
109 of 16000 (0.68%) transitions hit the maximum treedepth limit of 10, or 2^10 leapfrog steps.
Trajectories that are prematurely terminated due to this limit will result in slow exploration.
For optimal performance, increase this limit.

Checking sampler transitions for divergences.
No divergent transitions found.

Checking E-BFMI - sampler transitions HMC potential energy.
E-BFMI satisfactory.

Rank-normalized split effective sample size satisfactory for all parameters.

Rank-normalized split R-hat values satisfactory for all parameters.

Processing complete.

Parameters from last iteration: [2.46226297e-01 3.94965715e-01 3.95805772e-01 ... 2.52734840e+02
 2.34296608e+02 2.33780753e+02]

Parameters from current iteration:
            [2.43420299e-01 3.88586454e-01 3.89406330e-01 ... 2.52734830e+02
 2.34303600e+02 2.33818810e+02]

Updated uncertain values: [2.45524798e-01 3.93370899e-01 3.94205912e-01 ... 2.52734837e+02
 2.34298356e+02 2.33790267e+02]


            Iteration [  11]: Absolute Error = 0.16916542828425918,
            Percentage Error = 0.00728153602397732
            
Optimization Iteration[12/100]

Theta: [0.2455248  0.3933709  0.39420591 ... 1.88358342 1.19494516 1.0674037 ]

Gamma: [606.51918696 587.6849895  532.1095131  ... 252.7348372  234.29835619
 233.79026692]

Solving the optimization problem...
Set parameter TokenServer to value "licenses.rcc.uchicago.edu"
Read LP format model from file /scratch/local/jobs/50255463/tmphwwk6gb4.pyomo.lp
Reading time = 2.18 seconds
x1: 417600 rows, 834801 columns, 2083271 nonzeros
Gurobi Optimizer version 11.0.0 build v11.0.0rc2 (linux64 - "CentOS Linux 8")

CPU model: Intel(R) Xeon(R) Gold 6248R CPU @ 3.00GHz, instruction set [SSE2|AVX|AVX2|AVX512]
Thread count: 48 physical cores, 48 logical processors, using up to 32 threads

Optimize a model with 417600 rows, 834801 columns and 2083271 nonzeros
Model fingerprint: 0x85da07a6
Model has 400 quadratic objective terms
Coefficient statistics:
  Matrix range     [1e+00, 9e+02]
  Objective range  [2e-03, 8e+02]
  QObjective range [2e+03, 2e+05]
  Bounds range     [3e-06, 1e+00]
  RHS range        [9e-11, 4e-01]
Presolve removed 208947 rows and 209294 columns
Presolve time: 0.85s
Presolved: 208653 rows, 625507 columns, 1249571 nonzeros
Presolved model has 400 quadratic objective terms
Ordering time: 1.15s

Barrier statistics:
 AA' NZ     : 6.241e+05
 Factor NZ  : 6.773e+07 (roughly 900 MB of memory)
 Factor Ops : 2.543e+10 (less than 1 second per iteration)
 Threads    : 32

                  Objective                Residual
Iter       Primal          Dual         Primal    Dual     Compl     Time
   0  -1.46841409e+11  1.10640369e+11  1.04e+06 1.14e-13  1.00e+06     6s
   1  -6.48184115e+10  6.33662478e+10  4.43e+04 3.08e+01  4.67e+04     8s
   2  -3.05818433e+10  3.06535830e+10  4.48e+02 1.24e-01  5.43e+02    10s
   3  -1.08845424e+10  1.09726298e+10  3.21e+00 1.71e-12  2.86e+01    12s
   4  -2.40145519e+09  2.49927993e+09  2.67e-01 1.23e-12  5.95e+00    17s
   5  -5.82492747e+08  6.48620546e+08  3.65e-02 5.55e-12  1.46e+00    22s
   6  -9.63095398e+07  1.09570300e+08  2.74e-03 1.64e-12  2.41e-01    26s
   7  -1.41080967e+07  1.68755026e+07  2.74e-09 2.87e-12  3.63e-02    31s
   8  -2.06728271e+06  2.45943608e+06  2.53e-13 1.21e-12  5.30e-03    34s
   9  -3.07513076e+05  3.77863536e+05  4.92e-14 2.98e-13  8.02e-04    36s
  10  -4.61303782e+04  5.46460329e+04  2.20e-14 5.70e-14  1.18e-04    38s
  11  -7.13325492e+03  8.45851794e+03  1.30e-14 9.86e-15  1.83e-05    40s
  12  -1.73925853e+03  1.94849277e+03  1.17e-14 1.36e-15  4.32e-06    43s
  13  -4.06592268e+02  9.55803058e+02  1.39e-15 6.66e-16  1.60e-06    46s
  14  -9.53028445e+00  3.92602113e+02  7.08e-16 5.55e-16  4.71e-07    49s
  15   1.15463743e+02  2.78987354e+02  2.20e-16 7.77e-16  1.91e-07    51s
  16   1.61819842e+02  2.27556337e+02  1.29e-16 4.44e-16  7.70e-08    53s
  17   1.78176466e+02  2.14030060e+02  6.77e-17 4.44e-16  4.20e-08    55s
  18   1.89576640e+02  2.05853679e+02  4.66e-17 4.44e-16  1.91e-08    57s
  19   1.94866773e+02  2.02647495e+02  5.12e-17 4.44e-16  9.11e-09    59s
  20   1.97224432e+02  2.01377187e+02  5.38e-17 4.44e-16  4.86e-09    61s
  21   1.98335058e+02  2.00822739e+02  6.29e-17 4.44e-16  2.91e-09    62s
  22   1.98890757e+02  2.00556516e+02  2.70e-16 3.33e-16  1.95e-09    64s
  23   1.99210297e+02  2.00406350e+02  1.85e-16 4.44e-16  1.40e-09    66s
  24   1.99435898e+02  2.00302277e+02  1.33e-16 4.44e-16  1.01e-09    68s
  25   1.99694466e+02  2.00185042e+02  7.48e-17 5.55e-16  5.74e-10    70s
  26   1.99793437e+02  2.00141718e+02  7.05e-17 4.44e-16  4.08e-10    71s
  27   1.99924369e+02  2.00085010e+02  1.55e-16 4.44e-16  1.88e-10    73s
  28   1.99948842e+02  2.00074730e+02  1.59e-16 4.44e-16  1.47e-10    75s
  29   1.99986402e+02  2.00059064e+02  1.45e-16 4.44e-16  8.51e-11    77s
  30   2.00010852e+02  2.00049025e+02  1.73e-16 4.44e-16  4.47e-11    79s
  31   2.00026481e+02  2.00042634e+02  1.54e-16 4.44e-16  1.89e-11    80s
  32   2.00033853e+02  2.00039628e+02  4.54e-16 5.55e-16  6.76e-12    83s
  33   2.00036407e+02  2.00038607e+02  4.07e-15 4.44e-16  2.58e-12    84s
  34   2.00037633e+02  2.00038118e+02  1.13e-14 5.55e-16  5.67e-13    86s
  35   2.00037934e+02  2.00037998e+02  1.09e-14 5.55e-16  7.44e-14    89s
  36   2.00037973e+02  2.00037982e+02  6.72e-15 5.55e-16  1.06e-14    91s

Barrier solved model in 36 iterations and 90.89 seconds (16.62 work units)
Optimal objective 2.00037973e+02

Done! Time elapsed: 125.91524171829224 seconds.
Starting HMC sampling...

                                                                                                                                                                                                                                                                                                                                
Finished sampling! Elapsed Time: 676.8512434959412 seconds

Checking sampler transitions treedepth.
9 of 16000 (0.06%) transitions hit the maximum treedepth limit of 10, or 2^10 leapfrog steps.
Trajectories that are prematurely terminated due to this limit will result in slow exploration.
For optimal performance, increase this limit.

Checking sampler transitions for divergences.
No divergent transitions found.

Checking E-BFMI - sampler transitions HMC potential energy.
E-BFMI satisfactory.

Rank-normalized split effective sample size satisfactory for all parameters.

Rank-normalized split R-hat values satisfactory for all parameters.

Processing complete.

Parameters from last iteration: [2.45524798e-01 3.93370899e-01 3.94205912e-01 ... 2.52734837e+02
 2.34298356e+02 2.33790267e+02]

Parameters from current iteration:
            [2.43163814e-01 3.88344468e-01 3.89164426e-01 ... 2.52781292e+02
 2.34356502e+02 2.33806929e+02]

Updated uncertain values: [2.44934552e-01 3.92114292e-01 3.92945540e-01 ... 2.52746451e+02
 2.34312893e+02 2.33794432e+02]


            Iteration [  12]: Absolute Error = 0.19191845120644757,
            Percentage Error = 0.005871801833174774
            
Optimization Iteration[13/100]

Theta: [0.24493455 0.39211429 0.39294554 ... 1.88105458 1.19439627 1.06719012]

Gamma: [606.39112665 587.57388869 532.05543847 ... 252.74645079 234.31289273
 233.79443232]

Solving the optimization problem...
Set parameter TokenServer to value "licenses.rcc.uchicago.edu"
Read LP format model from file /scratch/local/jobs/50255463/tmpdq60wcp9.pyomo.lp
Reading time = 2.17 seconds
x1: 417600 rows, 834801 columns, 2083271 nonzeros
Gurobi Optimizer version 11.0.0 build v11.0.0rc2 (linux64 - "CentOS Linux 8")

CPU model: Intel(R) Xeon(R) Gold 6248R CPU @ 3.00GHz, instruction set [SSE2|AVX|AVX2|AVX512]
Thread count: 48 physical cores, 48 logical processors, using up to 32 threads

Optimize a model with 417600 rows, 834801 columns and 2083271 nonzeros
Model fingerprint: 0xdbd82f6f
Model has 400 quadratic objective terms
Coefficient statistics:
  Matrix range     [1e+00, 9e+02]
  Objective range  [2e-03, 8e+02]
  QObjective range [2e+03, 2e+05]
  Bounds range     [3e-06, 1e+00]
  RHS range        [9e-11, 4e-01]
Presolve removed 208947 rows and 209294 columns
Presolve time: 0.85s
Presolved: 208653 rows, 625507 columns, 1249571 nonzeros
Presolved model has 400 quadratic objective terms
Ordering time: 1.19s

Barrier statistics:
 AA' NZ     : 6.241e+05
 Factor NZ  : 6.773e+07 (roughly 900 MB of memory)
 Factor Ops : 2.543e+10 (less than 1 second per iteration)
 Threads    : 32

                  Objective                Residual
Iter       Primal          Dual         Primal    Dual     Compl     Time
   0  -1.46842381e+11  1.10640369e+11  1.04e+06 1.13e-13  1.00e+06     5s
   1  -6.48184529e+10  6.33662474e+10  4.43e+04 3.08e+01  4.67e+04     7s
   2  -3.05818435e+10  3.06535828e+10  4.48e+02 1.24e-01  5.43e+02     9s
   3  -1.08845424e+10  1.09726297e+10  3.21e+00 1.42e-12  2.86e+01    11s
   4  -2.40145517e+09  2.49927992e+09  2.67e-01 1.24e-12  5.95e+00    17s
   5  -5.82492737e+08  6.48620536e+08  3.65e-02 3.92e-12  1.46e+00    21s
   6  -9.63095340e+07  1.09570294e+08  2.74e-03 1.25e-12  2.41e-01    26s
   7  -1.41080958e+07  1.68755009e+07  2.74e-09 1.56e-12  3.63e-02    31s
   8  -2.06728270e+06  2.45943596e+06  2.65e-13 1.06e-12  5.30e-03    34s
   9  -3.07513047e+05  3.77862607e+05  4.05e-14 4.13e-13  8.02e-04    36s
  10  -4.61304464e+04  5.46455344e+04  2.34e-14 5.51e-14  1.18e-04    38s
  11  -7.13343501e+03  8.45792429e+03  1.43e-14 8.05e-15  1.83e-05    40s
  12  -1.73944708e+03  1.94773945e+03  1.23e-14 1.82e-15  4.32e-06    43s
  13  -4.06667340e+02  9.54478611e+02  1.23e-15 6.66e-16  1.59e-06    46s
  14  -9.63762577e+00  3.91397330e+02  6.93e-16 4.44e-16  4.70e-07    49s
  15   1.14714666e+02  2.78711350e+02  2.14e-16 4.44e-16  1.92e-07    51s
  16   1.63919222e+02  2.23928379e+02  8.74e-17 4.44e-16  7.03e-08    54s
  17   1.75605266e+02  2.14774139e+02  5.98e-17 4.44e-16  4.59e-08    55s
  18   1.87711503e+02  2.06031352e+02  6.74e-17 3.33e-16  2.14e-08    57s
  19   1.93125558e+02  2.02688307e+02  6.66e-17 4.44e-16  1.12e-08    59s
  20   1.96152432e+02  2.01004756e+02  4.03e-17 4.44e-16  5.68e-09    61s
  21   1.97487720e+02  2.00325152e+02  5.85e-16 4.44e-16  3.32e-09    63s
  22   1.98155960e+02  1.99999973e+02  3.17e-16 3.33e-16  2.16e-09    65s
  23   1.98561651e+02  1.99807660e+02  1.73e-16 4.44e-16  1.46e-09    67s
  24   1.98776975e+02  1.99708073e+02  1.09e-16 4.44e-16  1.09e-09    68s
  25   1.99051869e+02  1.99582982e+02  1.07e-16 4.44e-16  6.22e-10    70s
  26   1.99162946e+02  1.99534125e+02  1.22e-16 4.44e-16  4.35e-10    72s
  27   1.99285306e+02  1.99480907e+02  1.61e-16 4.44e-16  2.29e-10    74s
  28   1.99330183e+02  1.99461904e+02  1.06e-16 5.55e-16  1.54e-10    76s
  29   1.99373201e+02  1.99443887e+02  1.43e-16 4.44e-16  8.28e-11    77s
  30   1.99396547e+02  1.99434303e+02  1.54e-16 4.44e-16  4.42e-11    79s
  31   1.99409753e+02  1.99428879e+02  1.55e-16 4.44e-16  2.24e-11    81s
  32   1.99412683e+02  1.99427683e+02  2.37e-16 4.44e-16  1.76e-11    83s
  33   1.99419885e+02  1.99424769e+02  2.12e-15 4.44e-16  5.72e-12    85s
  34   1.99421777e+02  1.99424009e+02  4.03e-15 4.44e-16  2.61e-12    87s
  35   1.99423075e+02  1.99423490e+02  6.91e-15 5.55e-16  4.85e-13    89s
  36   1.99423298e+02  1.99423401e+02  4.21e-15 6.66e-16  1.21e-13    91s
  37   1.99423364e+02  1.99423375e+02  2.03e-15 5.55e-16  1.31e-14    93s

Barrier solved model in 37 iterations and 92.77 seconds (16.96 work units)
Optimal objective 1.99423364e+02

Done! Time elapsed: 125.4693706035614 seconds.
Starting HMC sampling...

                                                                                                                                                                                                                                                                                                                                
Finished sampling! Elapsed Time: 921.1192035675049 seconds

Checking sampler transitions treedepth.
46 of 16000 (0.29%) transitions hit the maximum treedepth limit of 10, or 2^10 leapfrog steps.
Trajectories that are prematurely terminated due to this limit will result in slow exploration.
For optimal performance, increase this limit.

Checking sampler transitions for divergences.
No divergent transitions found.

Checking E-BFMI - sampler transitions HMC potential energy.
E-BFMI satisfactory.

Rank-normalized split effective sample size satisfactory for all parameters.

Rank-normalized split R-hat values satisfactory for all parameters.

Processing complete.

Parameters from last iteration: [2.44934552e-01 3.92114292e-01 3.92945540e-01 ... 2.52746451e+02
 2.34312893e+02 2.33794432e+02]

Parameters from current iteration:
            [2.43110745e-01 3.89052071e-01 3.89876326e-01 ... 2.52786987e+02
 2.34348638e+02 2.33802102e+02]

Updated uncertain values: [2.44478600e-01 3.91348737e-01 3.92178237e-01 ... 2.52756585e+02
 2.34321829e+02 2.33796350e+02]


            Iteration [  13]: Absolute Error = 0.12992483073480798,
            Percentage Error = 0.004578303675360571
            
Terminated. Sampling the final distribution...

                                                                                                                                                                                                                                                                                                                                
Solving the optimization problem...
Set parameter TokenServer to value "licenses.rcc.uchicago.edu"
Read LP format model from file /scratch/local/jobs/50255463/tmpozywtxw1.pyomo.lp
Reading time = 2.17 seconds
x1: 417600 rows, 834801 columns, 2083271 nonzeros
Gurobi Optimizer version 11.0.0 build v11.0.0rc2 (linux64 - "CentOS Linux 8")

CPU model: Intel(R) Xeon(R) Gold 6248R CPU @ 3.00GHz, instruction set [SSE2|AVX|AVX2|AVX512]
Thread count: 48 physical cores, 48 logical processors, using up to 32 threads

Optimize a model with 417600 rows, 834801 columns and 2083271 nonzeros
Model fingerprint: 0x08bb297e
Model has 400 quadratic objective terms
Coefficient statistics:
  Matrix range     [1e+00, 9e+02]
  Objective range  [2e-03, 8e+02]
  QObjective range [2e+03, 2e+05]
  Bounds range     [2e-06, 1e+00]
  RHS range        [6e-10, 4e-01]
Presolve removed 209011 rows and 209422 columns
Presolve time: 0.84s
Presolved: 208589 rows, 625379 columns, 1249315 nonzeros
Presolved model has 400 quadratic objective terms
Ordering time: 1.37s

Barrier statistics:
 AA' NZ     : 6.239e+05
 Factor NZ  : 6.769e+07 (roughly 900 MB of memory)
 Factor Ops : 2.541e+10 (less than 1 second per iteration)
 Threads    : 32

                  Objective                Residual
Iter       Primal          Dual         Primal    Dual     Compl     Time
   0  -1.46843756e+11  1.10640510e+11  1.04e+06 1.14e-13  1.00e+06     6s
   1  -6.43704614e+10  6.29221589e+10  4.42e+04 3.07e+01  4.64e+04     8s
   2  -3.03826040e+10  3.04542729e+10  4.47e+02 1.24e-01  5.40e+02    10s
   3  -1.08294703e+10  1.09174247e+10  3.61e+00 1.61e-12  2.88e+01    12s
   4  -2.46846318e+09  2.56652290e+09  2.90e-01 1.44e-12  6.13e+00    16s
   5  -5.87255021e+08  6.54705809e+08  3.72e-02 3.58e-12  1.47e+00    20s
   6  -9.80834293e+07  1.11723808e+08  2.91e-03 1.56e-12  2.46e-01    25s
   7  -1.44834051e+07  1.73458037e+07  6.93e-06 4.18e-12  3.73e-02    30s
   8  -2.12383787e+06  2.53342874e+06  7.08e-12 1.04e-12  5.45e-03    33s
   9  -3.16286364e+05  3.89782798e+05  3.82e-14 3.96e-13  8.27e-04    35s
  10  -4.75436978e+04  5.63396935e+04  2.11e-14 6.40e-14  1.22e-04    37s
  11  -7.40764276e+03  8.65683687e+03  1.38e-14 1.16e-14  1.88e-05    39s
  12  -1.85709400e+03  1.94241692e+03  1.45e-14 1.92e-15  4.45e-06    43s
  13  -4.65699985e+02  8.69082235e+02  1.18e-15 6.66e-16  1.56e-06    45s
  14  -6.78413295e+01  3.41845742e+02  7.90e-16 6.66e-16  4.80e-07    48s
  15   5.95404694e+01  2.09343704e+02  2.61e-16 4.44e-16  1.75e-07    50s
  16   1.07801444e+02  1.62465215e+02  1.24e-16 5.55e-16  6.40e-08    52s
  17   1.21560535e+02  1.52885735e+02  8.20e-17 4.44e-16  3.67e-08    54s
  18   1.29394884e+02  1.48330883e+02  5.88e-17 4.44e-16  2.22e-08    56s
  19   1.35194001e+02  1.44859993e+02  5.42e-17 4.44e-16  1.13e-08    58s
  20   1.37710345e+02  1.43322653e+02  9.41e-17 4.44e-16  6.57e-09    60s
  21   1.39140399e+02  1.42575268e+02  1.98e-16 4.44e-16  4.02e-09    61s
  22   1.40053065e+02  1.42116269e+02  8.13e-17 4.44e-16  2.42e-09    63s
  23   1.40486343e+02  1.41899491e+02  1.08e-16 4.44e-16  1.65e-09    65s
  24   1.40925066e+02  1.41695546e+02  1.36e-16 4.44e-16  9.02e-10    67s
  25   1.41065251e+02  1.41630839e+02  7.89e-17 4.44e-16  6.62e-10    69s
  26   1.41210143e+02  1.41566552e+02  5.18e-17 4.44e-16  4.17e-10    70s
  27   1.41317961e+02  1.41519461e+02  9.41e-17 5.55e-16  2.36e-10    72s
  28   1.41383417e+02  1.41491705e+02  2.79e-16 4.44e-16  1.27e-10    74s
  29   1.41411240e+02  1.41480054e+02  7.20e-17 5.55e-16  8.06e-11    76s
  30   1.41447545e+02  1.41465248e+02  1.78e-16 4.44e-16  2.07e-11    78s
  31   1.41454346e+02  1.41462513e+02  5.51e-16 5.55e-16  9.56e-12    80s
  32   1.41458164e+02  1.41461000e+02  1.03e-15 5.55e-16  3.32e-12    82s
  33   1.41459972e+02  1.41460285e+02  3.66e-15 5.55e-16  3.67e-13    84s
  34   1.41460132e+02  1.41460222e+02  6.17e-15 5.55e-16  1.05e-13    86s
  35   1.41460185e+02  1.41460201e+02  6.90e-15 5.55e-16  1.84e-14    88s
  36   1.41460197e+02  1.41460197e+02  1.10e-14 6.66e-16  2.24e-16    90s

Barrier solved model in 36 iterations and 89.72 seconds (16.48 work units)
Optimal objective 1.41460197e+02

Done! Time elapsed: 122.14202690124512 seconds.
min_result 0.11041736509809033 min_pe 4.1

Program ends Fri May 29 23:45:24 CDT 2026
Exit code: 0
Elapsed time: 21034 seconds
