Command: /project/lhansen/HMC_rep26_robust_mac/amazon-carbon-prices/.venv/bin/python pysrc/bash/shadow_price.py --id 42 --xi 1 --sites 1043
Working directory: /project/lhansen/HMC_rep26_robust_mac/amazon-carbon-prices
Program starts Fri May 29 17:54:48 CDT 2026

Data successfully loaded from /project/lhansen/HMC_rep26_robust_mac/amazon-carbon-prices/data/calibration
Waiting for Stan compile lock: /project/lhansen/HMC_rep26_robust_mac/amazon-carbon-prices/stan_model/adjusted.compile.lock
Using Stan model executable: /project/lhansen/HMC_rep26_robust_mac/amazon-carbon-prices/stan_model/adjusted
Optimization Iteration[1/100]

Theta: [0.19293399 0.39270684 0.39383513 ... 2.1961384  1.20930668 1.03223742]

Gamma: [605.85192903 587.02426052 531.68859839 ... 252.44623295 234.13249733
 233.63746894]

Solving the optimization problem...
Set parameter TokenServer to value "licenses.rcc.uchicago.edu"
Read LP format model from file /scratch/local/jobs/50255464/tmpc_6k_14g.pyomo.lp
Reading time = 2.28 seconds
x1: 417600 rows, 834801 columns, 2083271 nonzeros
Gurobi Optimizer version 11.0.0 build v11.0.0rc2 (linux64 - "CentOS Linux 8")

CPU model: Intel(R) Xeon(R) Gold 6248R CPU @ 3.00GHz, instruction set [SSE2|AVX|AVX2|AVX512]
Thread count: 48 physical cores, 48 logical processors, using up to 32 threads

Optimize a model with 417600 rows, 834801 columns and 2083271 nonzeros
Model fingerprint: 0x8a9b3cf7
Model has 400 quadratic objective terms
Coefficient statistics:
  Matrix range     [1e+00, 9e+02]
  Objective range  [2e-03, 8e+02]
  QObjective range [2e+03, 2e+05]
  Bounds range     [3e-06, 1e+00]
  RHS range        [9e-11, 4e-01]
Presolve removed 208947 rows and 209294 columns
Presolve time: 0.98s
Presolved: 208653 rows, 625507 columns, 1249571 nonzeros
Presolved model has 400 quadratic objective terms
Ordering time: 1.71s

Barrier statistics:
 AA' NZ     : 6.241e+05
 Factor NZ  : 6.773e+07 (roughly 900 MB of memory)
 Factor Ops : 2.543e+10 (less than 1 second per iteration)
 Threads    : 32

                  Objective                Residual
Iter       Primal          Dual         Primal    Dual     Compl     Time
   0  -1.47100884e+11  1.10640370e+11  1.04e+06 1.14e-13  1.00e+06     6s
   1  -6.48294065e+10  6.33660971e+10  4.43e+04 3.08e+01  4.67e+04     8s
   2  -3.05819234e+10  3.06535094e+10  4.48e+02 1.24e-01  5.43e+02    10s
   3  -1.08845344e+10  1.09725957e+10  3.21e+00 1.58e-12  2.86e+01    13s
   4  -2.40144729e+09  2.49925975e+09  2.67e-01 1.39e-12  5.95e+00    18s
   5  -5.82493806e+08  6.48615468e+08  3.65e-02 4.69e-12  1.46e+00    23s
   6  -9.63106783e+07  1.09569144e+08  2.74e-03 1.57e-12  2.41e-01    28s
   7  -1.41085040e+07  1.68753515e+07  2.74e-09 1.89e-12  3.63e-02    33s
   8  -2.06736139e+06  2.45936751e+06  2.61e-13 1.55e-12  5.30e-03    36s
   9  -3.07492828e+05  3.78009844e+05  3.91e-14 3.89e-13  8.03e-04    38s
  10  -4.60607034e+04  5.47747163e+04  1.98e-14 5.76e-14  1.18e-04    40s
  11  -7.09068795e+03  8.88750746e+03  1.20e-14 5.88e-15  1.87e-05    42s
  12  -1.25437799e+03  2.70335835e+03  1.05e-14 2.11e-15  4.63e-06    45s
  13  -1.63518322e+02  8.39892511e+02  3.30e-15 8.88e-16  1.17e-06    48s
  14   1.52527154e+02  4.97090504e+02  4.36e-16 5.55e-16  4.03e-07    51s
  15   2.60675537e+02  3.99846902e+02  2.20e-16 5.55e-16  1.63e-07    53s
  16   3.03068968e+02  3.55872575e+02  1.43e-16 6.66e-16  6.18e-08    55s
  17   3.12740766e+02  3.48730998e+02  1.07e-16 4.44e-16  4.21e-08    57s
  18   3.23861241e+02  3.41102367e+02  7.83e-17 4.44e-16  2.02e-08    59s
  19   3.28125214e+02  3.38573851e+02  7.89e-17 4.44e-16  1.22e-08    61s
  20   3.31549436e+02  3.36696707e+02  1.14e-16 4.44e-16  6.03e-09    63s
  21   3.32938201e+02  3.35997100e+02  7.55e-17 4.44e-16  3.58e-09    65s
  22   3.33733716e+02  3.35613674e+02  9.04e-17 4.44e-16  2.20e-09    67s
  23   3.34169271e+02  3.35410161e+02  1.70e-16 6.66e-16  1.45e-09    68s
  24   3.34530880e+02  3.35244889e+02  1.81e-16 4.44e-16  8.36e-10    70s
  25   3.34636830e+02  3.35197852e+02  1.08e-16 4.44e-16  6.57e-10    72s
  26   3.34813668e+02  3.35120674e+02  1.93e-16 4.44e-16  3.59e-10    74s
  27   3.34861288e+02  3.35100226e+02  1.38e-16 4.44e-16  2.80e-10    76s
  28   3.34946972e+02  3.35064159e+02  4.94e-16 4.44e-16  1.37e-10    78s
  29   3.34983949e+02  3.35048688e+02  3.11e-16 6.66e-16  7.58e-11    79s
  30   3.35011968e+02  3.35037106e+02  3.72e-16 4.44e-16  2.94e-11    81s
  31   3.35021786e+02  3.35033107e+02  7.95e-16 5.55e-16  1.33e-11    83s
  32   3.35027549e+02  3.35030787e+02  3.62e-15 5.55e-16  3.79e-12    85s
  33   3.35029072e+02  3.35030179e+02  3.97e-15 6.66e-16  1.30e-12    87s
  34   3.35029674e+02  3.35029940e+02  3.96e-15 5.55e-16  3.12e-13    89s
  35   3.35029849e+02  3.35029871e+02  8.94e-15 6.66e-16  2.57e-14    92s
  36   3.35029864e+02  3.35029865e+02  1.36e-14 6.66e-16  1.48e-15    94s

Barrier solved model in 36 iterations and 93.99 seconds (16.62 work units)
Optimal objective 3.35029864e+02

Done! Time elapsed: 126.62452483177185 seconds.
Starting HMC sampling...

                                                                                                                                                                                                                                                                                                                                
Finished sampling! Elapsed Time: 950.0370049476624 seconds

Checking sampler transitions treedepth.
151 of 16000 (0.94%) transitions hit the maximum treedepth limit of 10, or 2^10 leapfrog steps.
Trajectories that are prematurely terminated due to this limit will result in slow exploration.
For optimal performance, increase this limit.

Checking sampler transitions for divergences.
No divergent transitions found.

Checking E-BFMI - sampler transitions HMC potential energy.
E-BFMI satisfactory.

Rank-normalized split effective sample size satisfactory for all parameters.

Rank-normalized split R-hat values satisfactory for all parameters.

Processing complete.

Parameters from last iteration: [1.92933991e-01 3.92706841e-01 3.93835127e-01 ... 2.52446233e+02
 2.34132497e+02 2.33637469e+02]

Parameters from current iteration:
            [  0.28933675   0.43677199   0.43760468 ... 252.72987325 234.28906495
 233.73856204]

Updated uncertain values: [2.17034680e-01 4.03723129e-01 4.04777516e-01 ... 2.52517143e+02
 2.34171639e+02 2.33662742e+02]


            Iteration [   1]: Absolute Error = 1.7422251389062922,
            Percentage Error = 0.1926759585885849
            
Optimization Iteration[2/100]

Theta: [0.21703468 0.40372313 0.40477752 ... 2.10825162 1.20962173 1.04726603]

Gamma: [606.00910015 587.15677115 531.77065841 ... 252.51714303 234.17163923
 233.66274222]

Solving the optimization problem...
Set parameter TokenServer to value "licenses.rcc.uchicago.edu"
Read LP format model from file /scratch/local/jobs/50255464/tmpjbdvlx1g.pyomo.lp
Reading time = 2.18 seconds
x1: 417600 rows, 834801 columns, 2083271 nonzeros
Gurobi Optimizer version 11.0.0 build v11.0.0rc2 (linux64 - "CentOS Linux 8")

CPU model: Intel(R) Xeon(R) Gold 6248R CPU @ 3.00GHz, instruction set [SSE2|AVX|AVX2|AVX512]
Thread count: 48 physical cores, 48 logical processors, using up to 32 threads

Optimize a model with 417600 rows, 834801 columns and 2083271 nonzeros
Model fingerprint: 0xd462fcd2
Model has 400 quadratic objective terms
Coefficient statistics:
  Matrix range     [1e+00, 9e+02]
  Objective range  [2e-03, 8e+02]
  QObjective range [2e+03, 2e+05]
  Bounds range     [3e-06, 1e+00]
  RHS range        [9e-11, 4e-01]
Presolve removed 208947 rows and 209294 columns
Presolve time: 0.81s
Presolved: 208653 rows, 625507 columns, 1249571 nonzeros
Presolved model has 400 quadratic objective terms
Ordering time: 1.11s

Barrier statistics:
 AA' NZ     : 6.241e+05
 Factor NZ  : 6.773e+07 (roughly 900 MB of memory)
 Factor Ops : 2.543e+10 (less than 1 second per iteration)
 Threads    : 32

                  Objective                Residual
Iter       Primal          Dual         Primal    Dual     Compl     Time
   0  -3.68929754e+10  1.08047398e+08  1.04e+06 3.25e+02  9.96e+05     5s
   1  -1.93829049e+09  4.19923228e+07  5.37e+04 1.04e-12  5.93e+04     7s
   2  -1.13817516e+07  6.71044672e+06  1.34e+02 1.84e-12  1.64e+02     9s
   3  -1.13193327e+06  1.14895921e+06  1.84e+00 2.55e-12  4.68e+00    11s
   4  -1.95428075e+05  2.66180470e+05  6.02e-02 1.83e-12  6.07e-01    13s
   5  -3.89457067e+04  5.13836411e+04  2.49e-03 1.20e-12  1.09e-01    15s
   6  -1.03074222e+04  1.38710912e+04  3.63e-04 1.22e-12  2.90e-02    17s
   7  -3.28303272e+03  5.09291211e+03  9.84e-05 5.14e-12  1.01e-02    19s
   8  -1.13225873e+03  2.61425688e+03  1.24e-05 1.14e-12  4.49e-03    21s
   9  -3.55799880e+02  1.19074330e+03  3.95e-06 8.28e-13  1.85e-03    22s
  10   9.01075585e+01  4.59853151e+02  3.35e-07 5.28e-13  4.43e-04    24s
  11   2.18413033e+02  3.49739020e+02  1.36e-08 2.27e-13  1.57e-04    26s
  12   2.57916313e+02  3.07577071e+02  1.13e-09 3.41e-13  5.95e-05    28s
  13   2.63108779e+02  3.03540646e+02  8.31e-10 4.55e-13  4.85e-05    30s
  14   2.72755657e+02  2.96133215e+02  4.60e-10 3.41e-13  2.80e-05    32s
  15   2.74421197e+02  2.95022913e+02  3.78e-10 3.50e-13  2.47e-05    34s
  16   2.79029884e+02  2.91992306e+02  2.31e-10 3.77e-13  1.55e-05    35s
  17   2.81557167e+02  2.90477423e+02  1.30e-10 3.41e-13  1.07e-05    37s
  18   2.84936826e+02  2.88606391e+02  1.64e-11 6.82e-13  4.40e-06    40s
  19   2.86219025e+02  2.87936327e+02  5.35e-12 4.55e-13  2.06e-06    42s
  20   2.86761155e+02  2.87669884e+02  2.08e-12 4.55e-13  1.09e-06    44s
  21   2.86949188e+02  2.87581197e+02  1.12e-12 4.55e-13  7.58e-07    45s
  22   2.87123049e+02  2.87502054e+02  5.07e-13 4.55e-13  4.54e-07    47s
  23   2.87247073e+02  2.87447318e+02  1.82e-13 4.55e-13  2.40e-07    49s
  24   2.87301525e+02  2.87423907e+02  8.79e-14 4.55e-13  1.47e-07    51s
  25   2.87358452e+02  2.87399853e+02  9.98e-15 6.82e-13  4.96e-08    53s
  26   2.87360525e+02  2.87399014e+02  8.79e-15 6.82e-13  4.61e-08    55s
  27   2.87376038e+02  2.87392773e+02  2.05e-15 5.68e-13  2.01e-08    57s
  28   2.87384533e+02  2.87389340e+02  1.15e-15 5.68e-13  5.76e-09    59s
  29   2.87386551e+02  2.87388536e+02  5.15e-15 5.68e-13  2.38e-09    61s
  30   2.87387245e+02  2.87388259e+02  3.37e-15 5.68e-13  1.22e-09    63s
  31   2.87387527e+02  2.87388148e+02  1.55e-15 4.55e-13  7.45e-10    64s
  32   2.87387877e+02  2.87388009e+02  2.87e-15 6.82e-13  1.59e-10    66s
  33   2.87387940e+02  2.87387984e+02  2.10e-15 4.55e-13  5.25e-11    68s
  34   2.87387966e+02  2.87387974e+02  1.22e-15 4.55e-13  9.71e-12    70s
  35   2.87387971e+02  2.87387972e+02  5.66e-16 6.82e-13  8.41e-13    72s

Barrier solved model in 35 iterations and 71.79 seconds (15.80 work units)
Optimal objective 2.87387971e+02

Done! Time elapsed: 104.92298626899719 seconds.
Starting HMC sampling...

                                                                                                                                                                                                                                                                                                                                
Finished sampling! Elapsed Time: 668.8941507339478 seconds

Checking sampler transitions treedepth.
10 of 16000 (0.06%) transitions hit the maximum treedepth limit of 10, or 2^10 leapfrog steps.
Trajectories that are prematurely terminated due to this limit will result in slow exploration.
For optimal performance, increase this limit.

Checking sampler transitions for divergences.
No divergent transitions found.

Checking E-BFMI - sampler transitions HMC potential energy.
E-BFMI satisfactory.

Rank-normalized split effective sample size satisfactory for all parameters.

Rank-normalized split R-hat values satisfactory for all parameters.

Processing complete.

Parameters from last iteration: [2.17034680e-01 4.03723129e-01 4.04777516e-01 ... 2.52517143e+02
 2.34171639e+02 2.33662742e+02]

Parameters from current iteration:
            [  0.28027217   0.42876788   0.42960656 ... 252.67896697 234.18962822
 233.63888285]

Updated uncertain values: [2.32844052e-01 4.09984317e-01 4.10984779e-01 ... 2.52557599e+02
 2.34176136e+02 2.33656777e+02]


            Iteration [   2]: Absolute Error = 1.1248226592578021,
            Percentage Error = 0.16966415508626337
            
Optimization Iteration[3/100]

Theta: [0.23284405 0.40998432 0.41098478 ... 2.04457404 1.20913701 1.0572956 ]

Gamma: [606.19935932 587.34484644 531.89927679 ... 252.55759901 234.17613648
 233.65677738]

Solving the optimization problem...
Set parameter TokenServer to value "licenses.rcc.uchicago.edu"
Read LP format model from file /scratch/local/jobs/50255464/tmpxlyttfm9.pyomo.lp
Reading time = 2.16 seconds
x1: 417600 rows, 834801 columns, 2083271 nonzeros
Gurobi Optimizer version 11.0.0 build v11.0.0rc2 (linux64 - "CentOS Linux 8")

CPU model: Intel(R) Xeon(R) Gold 6248R CPU @ 3.00GHz, instruction set [SSE2|AVX|AVX2|AVX512]
Thread count: 48 physical cores, 48 logical processors, using up to 32 threads

Optimize a model with 417600 rows, 834801 columns and 2083271 nonzeros
Model fingerprint: 0x40e1dc8c
Model has 400 quadratic objective terms
Coefficient statistics:
  Matrix range     [1e+00, 9e+02]
  Objective range  [2e-03, 8e+02]
  QObjective range [2e+03, 2e+05]
  Bounds range     [3e-06, 1e+00]
  RHS range        [9e-11, 4e-01]
Presolve removed 208947 rows and 209294 columns
Presolve time: 0.81s
Presolved: 208653 rows, 625507 columns, 1249571 nonzeros
Presolved model has 400 quadratic objective terms
Ordering time: 0.88s

Barrier statistics:
 AA' NZ     : 6.241e+05
 Factor NZ  : 6.773e+07 (roughly 900 MB of memory)
 Factor Ops : 2.543e+10 (less than 1 second per iteration)
 Threads    : 32

                  Objective                Residual
Iter       Primal          Dual         Primal    Dual     Compl     Time
   0  -1.47502581e+11  1.10640370e+11  1.04e+06 1.13e-13  1.00e+06     6s
   1  -6.48463734e+10  6.33660864e+10  4.43e+04 3.08e+01  4.67e+04     8s
   2  -3.05820916e+10  3.06535044e+10  4.48e+02 1.24e-01  5.43e+02    10s
   3  -1.08845346e+10  1.09725937e+10  3.21e+00 1.50e-12  2.86e+01    12s
   4  -2.40144758e+09  2.49925938e+09  2.67e-01 1.23e-12  5.95e+00    16s
   5  -5.82493672e+08  6.48614960e+08  3.65e-02 5.45e-12  1.46e+00    21s
   6  -9.63106827e+07  1.09568903e+08  2.74e-03 1.41e-12  2.41e-01    26s
   7  -1.41085732e+07  1.68752314e+07  2.74e-09 1.55e-12  3.63e-02    30s
   8  -2.06743809e+06  2.45930192e+06  2.72e-13 1.06e-12  5.30e-03    33s
   9  -3.07558912e+05  3.77905476e+05  4.82e-14 3.64e-13  8.03e-04    35s
  10  -4.61251252e+04  5.46901509e+04  1.84e-14 4.77e-14  1.18e-04    37s
  11  -7.12364997e+03  8.61511804e+03  1.15e-14 8.75e-15  1.84e-05    39s
  12  -1.29578411e+03  1.90598388e+03  1.13e-14 2.57e-15  3.75e-06    42s
  13  -2.58087251e+02  9.65097590e+02  1.05e-15 6.66e-16  1.43e-06    43s
  14   1.10509575e+02  3.85055148e+02  9.24e-16 5.55e-16  3.21e-07    46s
  15   1.98296435e+02  3.04140528e+02  2.15e-16 5.55e-16  1.24e-07    48s
  16   2.34548385e+02  2.69634616e+02  1.00e-16 4.44e-16  4.11e-08    50s
  17   2.43724138e+02  2.63728943e+02  1.02e-16 4.44e-16  2.34e-08    51s
  18   2.50146359e+02  2.59932002e+02  6.87e-17 4.44e-16  1.15e-08    53s
  19   2.52766657e+02  2.58548830e+02  1.50e-16 4.44e-16  6.77e-09    55s
  20   2.54595227e+02  2.57638614e+02  8.20e-17 4.44e-16  3.56e-09    57s
  21   2.55248167e+02  2.57332229e+02  5.98e-17 4.44e-16  2.44e-09    58s
  22   2.55752133e+02  2.57100122e+02  8.33e-17 4.44e-16  1.58e-09    60s
  23   2.56070368e+02  2.56956790e+02  1.30e-16 4.44e-16  1.04e-09    62s
  24   2.56318457e+02  2.56847332e+02  1.10e-16 4.44e-16  6.19e-10    63s
  25   2.56398646e+02  2.56812863e+02  7.83e-17 5.55e-16  4.85e-10    65s
  26   2.56595771e+02  2.56728626e+02  1.77e-16 5.55e-16  1.56e-10    67s
  27   2.56635348e+02  2.56712118e+02  1.22e-16 5.55e-16  8.99e-11    69s
  28   2.56651717e+02  2.56705391e+02  2.69e-16 4.44e-16  6.28e-11    71s
  29   2.56664057e+02  2.56700386e+02  3.66e-16 6.66e-16  4.25e-11    72s
  30   2.56685139e+02  2.56691857e+02  1.55e-15 6.66e-16  7.87e-12    74s
  31   2.56687810e+02  2.56690784e+02  7.66e-15 5.55e-16  3.48e-12    76s
  32   2.56689271e+02  2.56690205e+02  3.10e-14 5.55e-16  1.09e-12    78s
  33   2.56689691e+02  2.56690039e+02  1.13e-14 5.55e-16  4.08e-13    80s
  34   2.56689894e+02  2.56689959e+02  1.09e-14 4.44e-16  7.50e-14    82s
  35   2.56689924e+02  2.56689947e+02  7.66e-15 6.66e-16  2.62e-14    83s
  36   2.56689939e+02  2.56689941e+02  6.94e-15 6.66e-16  1.84e-15    85s

Barrier solved model in 36 iterations and 85.16 seconds (16.33 work units)
Optimal objective 2.56689939e+02

Done! Time elapsed: 115.30920386314392 seconds.
Starting HMC sampling...

                                                                                                                                                                                                                                                                                                                                
Finished sampling! Elapsed Time: 1007.6617765426636 seconds

Checking sampler transitions treedepth.
50 of 16000 (0.31%) transitions hit the maximum treedepth limit of 10, or 2^10 leapfrog steps.
Trajectories that are prematurely terminated due to this limit will result in slow exploration.
For optimal performance, increase this limit.

Checking sampler transitions for divergences.
No divergent transitions found.

Checking E-BFMI - sampler transitions HMC potential energy.
E-BFMI satisfactory.

Rank-normalized split effective sample size satisfactory for all parameters.

Rank-normalized split R-hat values satisfactory for all parameters.

Processing complete.

Parameters from last iteration: [2.32844052e-01 4.09984317e-01 4.10984779e-01 ... 2.52557599e+02
 2.34176136e+02 2.33656777e+02]

Parameters from current iteration:
            [  0.26974682   0.41223997   0.41304474 ... 252.73237058 234.28351094
 233.73704933]

Updated uncertain values: [2.42069743e-01 4.10548229e-01 4.11499770e-01 ... 2.52601292e+02
 2.34202980e+02 2.33676845e+02]


            Iteration [   3]: Absolute Error = 0.6818662908008264,
            Percentage Error = 0.14438884071246594
            
Optimization Iteration[4/100]

Theta: [0.24206974 0.41054823 0.41149977 ... 1.99844208 1.20780473 1.06338394]

Gamma: [606.28206883 587.4367704  531.98115246 ... 252.60129191 234.2029801
 233.67684536]

Solving the optimization problem...
Set parameter TokenServer to value "licenses.rcc.uchicago.edu"
Read LP format model from file /scratch/local/jobs/50255464/tmplpsdaeul.pyomo.lp
Reading time = 2.17 seconds
x1: 417600 rows, 834801 columns, 2083271 nonzeros
Gurobi Optimizer version 11.0.0 build v11.0.0rc2 (linux64 - "CentOS Linux 8")

CPU model: Intel(R) Xeon(R) Gold 6248R CPU @ 3.00GHz, instruction set [SSE2|AVX|AVX2|AVX512]
Thread count: 48 physical cores, 48 logical processors, using up to 32 threads

Optimize a model with 417600 rows, 834801 columns and 2083271 nonzeros
Model fingerprint: 0x1e4ac9ab
Model has 400 quadratic objective terms
Coefficient statistics:
  Matrix range     [1e+00, 9e+02]
  Objective range  [3e-04, 8e+02]
  QObjective range [2e+03, 2e+05]
  Bounds range     [3e-06, 1e+00]
  RHS range        [9e-11, 4e-01]
Presolve removed 208947 rows and 209294 columns
Presolve time: 0.81s
Presolved: 208653 rows, 625507 columns, 1249571 nonzeros
Presolved model has 400 quadratic objective terms
Ordering time: 1.41s

Barrier statistics:
 AA' NZ     : 6.241e+05
 Factor NZ  : 6.773e+07 (roughly 900 MB of memory)
 Factor Ops : 2.543e+10 (less than 1 second per iteration)
 Threads    : 32

                  Objective                Residual
Iter       Primal          Dual         Primal    Dual     Compl     Time
   0  -1.47607791e+11  1.10640370e+11  1.04e+06 1.13e-13  1.00e+06     6s
   1  -6.48508191e+10  6.33660844e+10  4.43e+04 3.08e+01  4.67e+04     8s
   2  -3.05821360e+10  3.06535035e+10  4.48e+02 1.24e-01  5.43e+02     9s
   3  -1.08845347e+10  1.09725933e+10  3.21e+00 1.46e-12  2.86e+01    11s
   4  -2.40144768e+09  2.49925934e+09  2.67e-01 1.25e-12  5.95e+00    16s
   5  -5.82493632e+08  6.48614836e+08  3.65e-02 6.61e-12  1.46e+00    21s
   6  -9.63106771e+07  1.09568838e+08  2.74e-03 1.37e-12  2.41e-01    26s
   7  -1.41085898e+07  1.68752003e+07  2.74e-09 1.53e-12  3.63e-02    31s
   8  -2.06745787e+06  2.45928493e+06  2.64e-13 8.78e-13  5.30e-03    33s
   9  -3.07576026e+05  3.77876981e+05  3.64e-14 3.86e-13  8.03e-04    35s
  10  -4.61418982e+04  5.46675170e+04  2.74e-14 6.39e-14  1.18e-04    37s
  11  -7.13181344e+03  8.54423576e+03  1.31e-14 7.33e-15  1.84e-05    39s
  12  -1.70892844e+03  1.96876459e+03  1.20e-14 2.19e-15  4.31e-06    42s
  13  -3.67403994e+02  1.09131788e+03  1.46e-15 6.66e-16  1.71e-06    44s
  14   5.85155800e+01  4.20294273e+02  6.07e-16 5.33e-16  4.24e-07    47s
  15   1.62829287e+02  2.99996863e+02  2.54e-16 6.66e-16  1.61e-07    49s
  16   2.05830494e+02  2.56222850e+02  1.50e-16 4.44e-16  5.90e-08    51s
  17   2.21594728e+02  2.44776186e+02  1.03e-16 4.44e-16  2.71e-08    53s
  18   2.25567189e+02  2.42336161e+02  9.80e-17 4.44e-16  1.96e-08    54s
  19   2.30134747e+02  2.39665775e+02  7.57e-17 4.44e-16  1.12e-08    56s
  20   2.33412314e+02  2.37905128e+02  4.58e-17 4.44e-16  5.26e-09    58s
  21   2.34378614e+02  2.37432170e+02  6.01e-17 4.44e-16  3.58e-09    60s
  22   2.35129768e+02  2.37073854e+02  1.03e-16 4.44e-16  2.28e-09    62s
  23   2.35558995e+02  2.36875026e+02  1.76e-16 4.44e-16  1.54e-09    63s
  24   2.35948949e+02  2.36697976e+02  2.55e-16 4.44e-16  8.77e-10    65s
  25   2.36135924e+02  2.36615911e+02  2.23e-16 4.44e-16  5.62e-10    67s
  26   2.36277704e+02  2.36554812e+02  3.28e-16 4.44e-16  3.24e-10    69s
  27   2.36353225e+02  2.36522749e+02  1.04e-16 4.44e-16  1.98e-10    70s
  28   2.36420928e+02  2.36494510e+02  2.90e-16 4.44e-16  8.61e-11    72s
  29   2.36451524e+02  2.36482072e+02  2.34e-16 4.44e-16  3.58e-11    74s
  30   2.36467443e+02  2.36475693e+02  4.21e-16 5.55e-16  9.66e-12    76s
  31   2.36471577e+02  2.36474060e+02  1.45e-15 6.66e-16  2.91e-12    78s
  32   2.36472678e+02  2.36473623e+02  2.19e-15 5.55e-16  1.11e-12    81s
  33   2.36473067e+02  2.36473469e+02  1.85e-15 4.44e-16  4.71e-13    82s
  34   2.36473244e+02  2.36473400e+02  3.86e-15 4.44e-16  1.82e-13    84s
  35   2.36473331e+02  2.36473365e+02  2.50e-15 6.66e-16  3.98e-14    86s
  36   2.36473351e+02  2.36473357e+02  1.13e-15 5.55e-16  7.46e-15    88s

Barrier solved model in 36 iterations and 87.57 seconds (16.33 work units)
Optimal objective 2.36473351e+02

Done! Time elapsed: 117.75180888175964 seconds.
Starting HMC sampling...

                                                                                                                                                                                                                                                                                                                                
Finished sampling! Elapsed Time: 1046.3647541999817 seconds

Checking sampler transitions treedepth.
84 of 16000 (0.53%) transitions hit the maximum treedepth limit of 10, or 2^10 leapfrog steps.
Trajectories that are prematurely terminated due to this limit will result in slow exploration.
For optimal performance, increase this limit.

Checking sampler transitions for divergences.
No divergent transitions found.

Checking E-BFMI - sampler transitions HMC potential energy.
E-BFMI satisfactory.

Rank-normalized split effective sample size satisfactory for all parameters.

Rank-normalized split R-hat values satisfactory for all parameters.

Processing complete.

Parameters from last iteration: [2.42069743e-01 4.10548229e-01 4.11499770e-01 ... 2.52601292e+02
 2.34202980e+02 2.33676845e+02]

Parameters from current iteration:
            [  0.26172105   0.40643655   0.40725388 ... 252.66539064 234.24232904
 233.74499442]

Updated uncertain values: [2.46982569e-01 4.09520308e-01 4.10438297e-01 ... 2.52617317e+02
 2.34212817e+02 2.33693883e+02]


            Iteration [   4]: Absolute Error = 0.39518918441410733,
            Percentage Error = 0.11557942511134021
            
Optimization Iteration[5/100]

Theta: [0.24698257 0.40952031 0.4104383  ... 1.96593914 1.20581347 1.06641144]

Gamma: [606.37627823 587.54381548 532.06528828 ... 252.61731659 234.21281733
 233.69388263]

Solving the optimization problem...
Set parameter TokenServer to value "licenses.rcc.uchicago.edu"
Read LP format model from file /scratch/local/jobs/50255464/tmppjy2vm06.pyomo.lp
Reading time = 2.17 seconds
x1: 417600 rows, 834801 columns, 2083271 nonzeros
Gurobi Optimizer version 11.0.0 build v11.0.0rc2 (linux64 - "CentOS Linux 8")

CPU model: Intel(R) Xeon(R) Gold 6248R CPU @ 3.00GHz, instruction set [SSE2|AVX|AVX2|AVX512]
Thread count: 48 physical cores, 48 logical processors, using up to 32 threads

Optimize a model with 417600 rows, 834801 columns and 2083271 nonzeros
Model fingerprint: 0xc3fae8b6
Model has 400 quadratic objective terms
Coefficient statistics:
  Matrix range     [1e+00, 9e+02]
  Objective range  [2e-03, 8e+02]
  QObjective range [2e+03, 2e+05]
  Bounds range     [3e-06, 1e+00]
  RHS range        [9e-11, 4e-01]
Presolve removed 208947 rows and 209294 columns
Presolve time: 0.82s
Presolved: 208653 rows, 625507 columns, 1249571 nonzeros
Presolved model has 400 quadratic objective terms
Ordering time: 1.02s

Barrier statistics:
 AA' NZ     : 6.241e+05
 Factor NZ  : 6.773e+07 (roughly 900 MB of memory)
 Factor Ops : 2.543e+10 (less than 1 second per iteration)
 Threads    : 32

                  Objective                Residual
Iter       Primal          Dual         Primal    Dual     Compl     Time
   0  -3.72228981e+10  1.08047380e+08  1.04e+06 3.25e+02  9.96e+05     5s
   1  -1.95744095e+09  4.19957347e+07  5.37e+04 1.08e-12  5.94e+04     7s
   2  -1.14366336e+07  6.71225816e+06  1.34e+02 2.11e-12  1.64e+02     9s
   3  -1.13247206e+06  1.14884543e+06  1.84e+00 2.35e-12  4.68e+00    11s
   4  -1.95514061e+05  2.66160305e+05  6.03e-02 1.98e-12  6.07e-01    13s
   5  -3.90226923e+04  5.13947634e+04  2.50e-03 1.15e-12  1.09e-01    15s
   6  -9.55814772e+03  1.25007782e+04  2.89e-04 1.22e-12  2.65e-02    17s
   7  -3.46146129e+03  4.39149179e+03  7.20e-05 7.68e-13  9.42e-03    19s
   8  -1.32212838e+03  2.48673118e+03  1.43e-05 1.19e-12  4.57e-03    21s
   9  -5.40375759e+02  1.26621491e+03  5.31e-06 6.51e-13  2.17e-03    22s
  10  -3.93629470e+01  5.27463629e+02  5.31e-12 6.36e-13  6.80e-04    24s
  11   1.33638554e+02  3.21261086e+02  1.41e-13 4.55e-13  2.25e-04    27s
  12   1.84210186e+02  2.50681820e+02  6.16e-15 4.55e-13  7.97e-05    29s
  13   1.99393670e+02  2.38530855e+02  2.70e-15 4.55e-13  4.69e-05    30s
  14   2.10869461e+02  2.30295417e+02  1.10e-15 4.55e-13  2.33e-05    32s
  15   2.15936916e+02  2.27089676e+02  5.33e-16 4.55e-13  1.34e-05    34s
  16   2.19733050e+02  2.24888820e+02  2.14e-16 4.55e-13  6.18e-06    36s
  17   2.21551098e+02  2.23932428e+02  3.40e-16 4.55e-13  2.85e-06    38s
  18   2.22386798e+02  2.23533250e+02  1.13e-16 4.55e-13  1.37e-06    40s
  19   2.22778313e+02  2.23353229e+02  1.05e-16 4.55e-13  6.89e-07    42s
  20   2.22899076e+02  2.23299442e+02  1.29e-16 4.55e-13  4.80e-07    44s
  21   2.22998280e+02  2.23256499e+02  1.53e-16 4.55e-13  3.10e-07    46s
  22   2.23067212e+02  2.23226831e+02  1.96e-16 4.55e-13  1.91e-07    47s
  23   2.23138897e+02  2.23196361e+02  2.41e-16 4.55e-13  6.89e-08    49s
  24   2.23139969e+02  2.23195926e+02  2.46e-16 5.68e-13  6.71e-08    51s
  25   2.23141476e+02  2.23195318e+02  2.32e-16 5.68e-13  6.46e-08    53s
  26   2.23160939e+02  2.23187471e+02  2.69e-16 4.55e-13  3.18e-08    55s
  27   2.23163288e+02  2.23186541e+02  4.28e-16 4.55e-13  2.79e-08    57s
  28   2.23175140e+02  2.23181792e+02  1.54e-15 5.68e-13  7.98e-09    59s
  29   2.23178898e+02  2.23180299e+02  5.02e-15 6.82e-13  1.68e-09    61s
  30   2.23179430e+02  2.23180089e+02  1.80e-14 4.55e-13  7.90e-10    63s
  31   2.23179822e+02  2.23179934e+02  1.11e-14 5.68e-13  1.33e-10    65s
  32   2.23179890e+02  2.23179907e+02  1.58e-14 5.68e-13  2.04e-11    67s
  33   2.23179900e+02  2.23179903e+02  1.61e-14 5.68e-13  2.84e-12    68s
  34   2.23179902e+02  2.23179902e+02  2.43e-14 6.82e-13  3.27e-14    70s

Barrier solved model in 34 iterations and 70.27 seconds (15.45 work units)
Optimal objective 2.23179902e+02

Done! Time elapsed: 100.90701079368591 seconds.
Starting HMC sampling...

                                                                                                                                                                                                                                                                                                                                
Finished sampling! Elapsed Time: 949.2540955543518 seconds

Checking sampler transitions treedepth.
123 of 16000 (0.77%) transitions hit the maximum treedepth limit of 10, or 2^10 leapfrog steps.
Trajectories that are prematurely terminated due to this limit will result in slow exploration.
For optimal performance, increase this limit.

Checking sampler transitions for divergences.
No divergent transitions found.

Checking E-BFMI - sampler transitions HMC potential energy.
E-BFMI satisfactory.

Rank-normalized split effective sample size satisfactory for all parameters.

Rank-normalized split R-hat values satisfactory for all parameters.

Processing complete.

Parameters from last iteration: [2.46982569e-01 4.09520308e-01 4.10438297e-01 ... 2.52617317e+02
 2.34212817e+02 2.33693883e+02]

Parameters from current iteration:
            [  0.25438201   0.40054888   0.40137441 ... 252.66487308 234.23658155
 233.71559191]

Updated uncertain values: [2.48832430e-01 4.07277452e-01 4.08172326e-01 ... 2.52629206e+02
 2.34218758e+02 2.33699310e+02]


            Iteration [   5]: Absolute Error = 0.2844158116321296,
            Percentage Error = 0.08643655936669903
            
Optimization Iteration[6/100]

Theta: [0.24883243 0.40727745 0.40817233 ... 1.94186425 1.20287836 1.06694738]

Gamma: [606.32362484 587.4827994  531.99136117 ... 252.62920571 234.21875839
 233.69930995]

Solving the optimization problem...
Set parameter TokenServer to value "licenses.rcc.uchicago.edu"
Read LP format model from file /scratch/local/jobs/50255464/tmpyvzm3vq8.pyomo.lp
Reading time = 2.17 seconds
x1: 417600 rows, 834801 columns, 2083271 nonzeros
Gurobi Optimizer version 11.0.0 build v11.0.0rc2 (linux64 - "CentOS Linux 8")

CPU model: Intel(R) Xeon(R) Gold 6248R CPU @ 3.00GHz, instruction set [SSE2|AVX|AVX2|AVX512]
Thread count: 48 physical cores, 48 logical processors, using up to 32 threads

Optimize a model with 417600 rows, 834801 columns and 2083271 nonzeros
Model fingerprint: 0x2b8c563f
Model has 400 quadratic objective terms
Coefficient statistics:
  Matrix range     [1e+00, 9e+02]
  Objective range  [2e-03, 8e+02]
  QObjective range [2e+03, 2e+05]
  Bounds range     [3e-06, 1e+00]
  RHS range        [9e-11, 4e-01]
Presolve removed 208947 rows and 209294 columns
Presolve time: 0.83s
Presolved: 208653 rows, 625507 columns, 1249571 nonzeros
Presolved model has 400 quadratic objective terms
Ordering time: 1.46s

Barrier statistics:
 AA' NZ     : 6.241e+05
 Factor NZ  : 6.773e+07 (roughly 900 MB of memory)
 Factor Ops : 2.543e+10 (less than 1 second per iteration)
 Threads    : 32

                  Objective                Residual
Iter       Primal          Dual         Primal    Dual     Compl     Time
   0  -3.72629770e+10  1.08047378e+08  1.04e+06 3.25e+02  9.96e+05     6s
   1  -1.95953350e+09  4.19951002e+07  5.37e+04 9.75e-13  5.94e+04     8s
   2  -1.14428099e+07  6.71226477e+06  1.34e+02 1.91e-12  1.64e+02    10s
   3  -1.13249624e+06  1.14879643e+06  1.84e+00 2.84e-12  4.68e+00    12s
   4  -1.95518957e+05  2.66151088e+05  6.03e-02 1.69e-12  6.07e-01    14s
   5  -3.90292696e+04  5.13916363e+04  2.50e-03 1.05e-12  1.09e-01    15s
   6  -9.43026448e+03  1.22722808e+04  2.77e-04 1.01e-12  2.61e-02    18s
   7  -3.39596554e+03  4.27798703e+03  6.75e-05 6.48e-13  9.21e-03    19s
   8  -1.20799139e+03  2.29178338e+03  1.12e-05 1.02e-12  4.20e-03    21s
   9  -3.64093229e+02  9.45844503e+02  2.84e-06 7.01e-13  1.57e-03    23s
  10   1.84163838e+01  4.14464910e+02  1.55e-07 3.10e-13  4.75e-04    25s
  11   1.51480817e+02  2.65695509e+02  1.42e-08 4.55e-13  1.37e-04    27s
  12   1.81748084e+02  2.38021402e+02  3.50e-09 3.41e-13  6.75e-05    29s
  13   1.99176307e+02  2.24101860e+02  1.17e-09 2.91e-13  2.99e-05    31s
  14   2.03579661e+02  2.20998557e+02  6.73e-10 4.55e-13  2.09e-05    33s
  15   2.09632215e+02  2.17084763e+02  2.29e-10 2.75e-13  8.93e-06    35s
  16   2.11625687e+02  2.15894125e+02  9.26e-11 4.55e-13  5.12e-06    36s
  17   2.13149582e+02  2.15074290e+02  3.10e-11 4.55e-13  2.31e-06    38s
  18   2.13722111e+02  2.14783537e+02  1.19e-11 4.55e-13  1.27e-06    41s
  19   2.13930716e+02  2.14681558e+02  6.71e-12 4.55e-13  9.00e-07    43s
  20   2.14112512e+02  2.14596823e+02  3.18e-12 4.55e-13  5.81e-07    45s
  21   2.14206470e+02  2.14554073e+02  2.00e-12 4.55e-13  4.17e-07    46s
  22   2.14227228e+02  2.14544619e+02  1.72e-12 4.55e-13  3.81e-07    48s
  23   2.14311322e+02  2.14506691e+02  5.48e-13 4.55e-13  2.34e-07    50s
  24   2.14371879e+02  2.14480563e+02  2.24e-13 4.55e-13  1.30e-07    52s
  25   2.14422671e+02  2.14459190e+02  1.29e-14 7.96e-13  4.38e-08    54s
  26   2.14438030e+02  2.14452954e+02  3.10e-15 4.55e-13  1.79e-08    56s
  27   2.14445238e+02  2.14450047e+02  1.51e-15 4.55e-13  5.76e-09    58s
  28   2.14447284e+02  2.14449228e+02  8.98e-15 4.55e-13  2.33e-09    60s
  29   2.14448387e+02  2.14448790e+02  1.31e-14 6.82e-13  4.83e-10    62s
  30   2.14448581e+02  2.14448713e+02  6.18e-15 5.68e-13  1.59e-10    64s
  31   2.14448659e+02  2.14448682e+02  6.76e-15 5.68e-13  2.77e-11    66s
  32   2.14448673e+02  2.14448677e+02  4.95e-15 5.68e-13  5.09e-12    68s
  33   2.14448676e+02  2.14448676e+02  3.69e-15 6.82e-13  5.34e-14    69s

Barrier solved model in 33 iterations and 69.50 seconds (14.99 work units)
Optimal objective 2.14448676e+02

Done! Time elapsed: 100.18395495414734 seconds.
Starting HMC sampling...

                                                                                                                                                                                                                                                                                                                                
Finished sampling! Elapsed Time: 904.2601990699768 seconds

Checking sampler transitions treedepth.
136 of 16000 (0.85%) transitions hit the maximum treedepth limit of 10, or 2^10 leapfrog steps.
Trajectories that are prematurely terminated due to this limit will result in slow exploration.
For optimal performance, increase this limit.

Checking sampler transitions for divergences.
No divergent transitions found.

Checking E-BFMI - sampler transitions HMC potential energy.
E-BFMI satisfactory.

Rank-normalized split effective sample size satisfactory for all parameters.

Rank-normalized split R-hat values satisfactory for all parameters.

Processing complete.

Parameters from last iteration: [2.48832430e-01 4.07277452e-01 4.08172326e-01 ... 2.52629206e+02
 2.34218758e+02 2.33699310e+02]

Parameters from current iteration:
            [2.49053241e-01 3.94849726e-01 3.95673162e-01 ... 2.52788883e+02
 2.34369463e+02 2.33816721e+02]

Updated uncertain values: [2.48887633e-01 4.04170521e-01 4.05047535e-01 ... 2.52669125e+02
 2.34256435e+02 2.33728663e+02]


            Iteration [   6]: Absolute Error = 0.28760633310730555,
            Percentage Error = 0.057110279976024816
            
Optimization Iteration[7/100]

Theta: [0.24888763 0.40417052 0.40504753 ... 1.92343055 1.20061044 1.06735573]

Gamma: [606.18682398 587.35420068 531.89647458 ... 252.66912507 234.25643456
 233.72866263]

Solving the optimization problem...
Set parameter TokenServer to value "licenses.rcc.uchicago.edu"
Read LP format model from file /scratch/local/jobs/50255464/tmp_ygzo07v.pyomo.lp
Reading time = 2.16 seconds
x1: 417600 rows, 834801 columns, 2083271 nonzeros
Gurobi Optimizer version 11.0.0 build v11.0.0rc2 (linux64 - "CentOS Linux 8")

CPU model: Intel(R) Xeon(R) Gold 6248R CPU @ 3.00GHz, instruction set [SSE2|AVX|AVX2|AVX512]
Thread count: 48 physical cores, 48 logical processors, using up to 32 threads

Optimize a model with 417600 rows, 834801 columns and 2083271 nonzeros
Model fingerprint: 0x498143f1
Model has 400 quadratic objective terms
Coefficient statistics:
  Matrix range     [1e+00, 9e+02]
  Objective range  [2e-03, 8e+02]
  QObjective range [2e+03, 2e+05]
  Bounds range     [3e-06, 1e+00]
  RHS range        [9e-11, 4e-01]
Presolve removed 208947 rows and 209294 columns
Presolve time: 0.81s
Presolved: 208653 rows, 625507 columns, 1249571 nonzeros
Presolved model has 400 quadratic objective terms
Ordering time: 1.46s

Barrier statistics:
 AA' NZ     : 6.241e+05
 Factor NZ  : 6.773e+07 (roughly 900 MB of memory)
 Factor Ops : 2.543e+10 (less than 1 second per iteration)
 Threads    : 32

                  Objective                Residual
Iter       Primal          Dual         Primal    Dual     Compl     Time
   0  -3.72869684e+10  1.08047377e+08  1.04e+06 3.25e+02  9.96e+05     5s
   1  -1.96073037e+09  4.19946589e+07  5.37e+04 9.66e-13  5.94e+04     7s
   2  -1.14464209e+07  6.71224620e+06  1.34e+02 1.75e-12  1.64e+02     9s
   3  -1.13250539e+06  1.14876342e+06  1.84e+00 2.84e-12  4.68e+00    11s
   4  -1.95521495e+05  2.66145099e+05  6.03e-02 1.82e-12  6.07e-01    13s
   5  -3.90325060e+04  5.13885954e+04  2.50e-03 1.16e-12  1.09e-01    15s
   6  -9.34090981e+03  1.21139097e+04  2.68e-04 1.33e-12  2.58e-02    17s
   7  -3.34618872e+03  4.19442086e+03  6.43e-05 7.37e-13  9.05e-03    19s
   8  -1.17329736e+03  2.20091711e+03  1.06e-05 1.50e-12  4.05e-03    21s
   9  -3.66190227e+02  9.36509563e+02  2.80e-06 6.74e-13  1.56e-03    23s
  10   1.36487746e+01  4.06957128e+02  1.86e-07 3.68e-13  4.72e-04    25s
  11   1.46532193e+02  2.59809973e+02  1.67e-08 2.27e-13  1.36e-04    27s
  12   1.80085747e+02  2.28914536e+02  2.46e-09 2.27e-13  5.85e-05    29s
  13   1.95192334e+02  2.17153899e+02  7.41e-10 2.38e-13  2.63e-05    31s
  14   1.99707190e+02  2.14084053e+02  3.90e-10 3.41e-13  1.72e-05    33s
  15   2.04676267e+02  2.10981160e+02  1.36e-10 3.41e-13  7.56e-06    34s
  16   2.06121709e+02  2.10138866e+02  6.25e-11 4.55e-13  4.82e-06    36s
  17   2.07468822e+02  2.09426924e+02  2.46e-11 4.55e-13  2.35e-06    38s
  18   2.08294086e+02  2.09012487e+02  5.10e-12 5.68e-13  8.61e-07    41s
  19   2.08450140e+02  2.08939185e+02  2.39e-12 4.55e-13  5.86e-07    43s
  20   2.08600921e+02  2.08871848e+02  9.61e-13 4.55e-13  3.25e-07    44s
  21   2.08669630e+02  2.08842180e+02  4.02e-13 4.55e-13  2.07e-07    46s
  22   2.08742814e+02  2.08810995e+02  1.05e-13 5.68e-13  8.17e-08    48s
  23   2.08765899e+02  2.08801461e+02  1.66e-14 6.82e-13  4.26e-08    50s
  24   2.08782798e+02  2.08794581e+02  5.43e-15 5.68e-13  1.41e-08    52s
  25   2.08787762e+02  2.08792583e+02  1.86e-15 4.55e-13  5.78e-09    54s
  26   2.08790147e+02  2.08791631e+02  4.94e-15 4.55e-13  1.78e-09    56s
  27   2.08790976e+02  2.08791301e+02  6.48e-15 4.55e-13  3.89e-10    58s
  28   2.08791166e+02  2.08791225e+02  3.81e-15 5.68e-13  7.08e-11    60s
  29   2.08791206e+02  2.08791210e+02  4.39e-15 6.82e-13  4.48e-12    62s
  30   2.08791208e+02  2.08791208e+02  2.36e-15 6.82e-13  3.15e-14    64s

Barrier solved model in 30 iterations and 63.84 seconds (13.98 work units)
Optimal objective 2.08791208e+02

Done! Time elapsed: 97.60400819778442 seconds.
Starting HMC sampling...

                                                                                                                                                                                                                                                                                                                                
Finished sampling! Elapsed Time: 962.8369691371918 seconds

Checking sampler transitions treedepth.
71 of 16000 (0.44%) transitions hit the maximum treedepth limit of 10, or 2^10 leapfrog steps.
Trajectories that are prematurely terminated due to this limit will result in slow exploration.
For optimal performance, increase this limit.

Checking sampler transitions for divergences.
No divergent transitions found.

Checking E-BFMI - sampler transitions HMC potential energy.
E-BFMI satisfactory.

Rank-normalized split effective sample size satisfactory for all parameters.

Rank-normalized split R-hat values satisfactory for all parameters.

Processing complete.

Parameters from last iteration: [2.48887633e-01 4.04170521e-01 4.05047535e-01 ... 2.52669125e+02
 2.34256435e+02 2.33728663e+02]

Parameters from current iteration:
            [2.45280698e-01 3.90061629e-01 3.90879330e-01 ... 2.52850448e+02
 2.34372034e+02 2.33809013e+02]

Updated uncertain values: [2.47985899e-01 4.00643298e-01 4.01505483e-01 ... 2.52714456e+02
 2.34285334e+02 2.33748750e+02]


            Iteration [   7]: Absolute Error = 0.27429010778325846,
            Percentage Error = 0.032578075912661
            
Optimization Iteration[8/100]

Theta: [0.2479859  0.4006433  0.40150548 ... 1.91062099 1.19867779 1.06721582]

Gamma: [606.24701577 587.41797205 531.95049906 ... 252.71445586 234.28533437
 233.74875029]

Solving the optimization problem...
Set parameter TokenServer to value "licenses.rcc.uchicago.edu"
Read LP format model from file /scratch/local/jobs/50255464/tmplllgx87n.pyomo.lp
Reading time = 2.18 seconds
x1: 417600 rows, 834801 columns, 2083271 nonzeros
Gurobi Optimizer version 11.0.0 build v11.0.0rc2 (linux64 - "CentOS Linux 8")

CPU model: Intel(R) Xeon(R) Gold 6248R CPU @ 3.00GHz, instruction set [SSE2|AVX|AVX2|AVX512]
Thread count: 48 physical cores, 48 logical processors, using up to 32 threads

Optimize a model with 417600 rows, 834801 columns and 2083271 nonzeros
Model fingerprint: 0x3c72c36a
Model has 400 quadratic objective terms
Coefficient statistics:
  Matrix range     [1e+00, 9e+02]
  Objective range  [2e-03, 8e+02]
  QObjective range [2e+03, 2e+05]
  Bounds range     [3e-06, 1e+00]
  RHS range        [9e-11, 4e-01]
Presolve removed 208947 rows and 209294 columns
Presolve time: 0.81s
Presolved: 208653 rows, 625507 columns, 1249571 nonzeros
Presolved model has 400 quadratic objective terms
Ordering time: 1.02s

Barrier statistics:
 AA' NZ     : 6.241e+05
 Factor NZ  : 6.773e+07 (roughly 900 MB of memory)
 Factor Ops : 2.543e+10 (less than 1 second per iteration)
 Threads    : 32

                  Objective                Residual
Iter       Primal          Dual         Primal    Dual     Compl     Time
   0  -1.47750907e+11  1.10640369e+11  1.04e+06 1.14e-13  1.00e+06     5s
   1  -6.48568734e+10  6.33660839e+10  4.43e+04 3.08e+01  4.67e+04     7s
   2  -3.05821971e+10  3.06535033e+10  4.48e+02 1.24e-01  5.43e+02     9s
   3  -1.08845351e+10  1.09725932e+10  3.21e+00 1.38e-12  2.86e+01    11s
   4  -2.40144786e+09  2.49925943e+09  2.67e-01 1.40e-12  5.95e+00    16s
   5  -5.82493552e+08  6.48614695e+08  3.65e-02 5.44e-12  1.46e+00    21s
   6  -9.63106356e+07  1.09568733e+08  2.74e-03 1.45e-12  2.41e-01    26s
   7  -1.41086045e+07  1.68751531e+07  2.74e-09 1.44e-12  3.63e-02    31s
   8  -2.06748328e+06  2.45926291e+06  2.65e-13 1.29e-12  5.30e-03    33s
   9  -3.07598651e+05  3.77834074e+05  3.90e-14 3.36e-13  8.02e-04    35s
  10  -4.61649714e+04  5.46346502e+04  2.22e-14 5.05e-14  1.18e-04    37s
  11  -7.14693186e+03  8.46313748e+03  1.18e-14 9.45e-15  1.83e-05    39s
  12  -1.74109119e+03  1.94716540e+03  1.19e-14 2.11e-15  4.32e-06    42s
  13  -4.03795839e+02  9.56883402e+02  1.05e-15 6.66e-16  1.59e-06    45s
  14   1.78616697e+00  4.19301606e+02  4.49e-16 4.44e-16  4.89e-07    47s
  15   1.24529024e+02  2.75903082e+02  2.20e-16 5.55e-16  1.77e-07    49s
  16   1.63397787e+02  2.35468129e+02  1.31e-16 4.44e-16  8.44e-08    51s
  17   1.80483448e+02  2.21123099e+02  7.22e-17 4.44e-16  4.76e-08    53s
  18   1.92669423e+02  2.12129318e+02  6.83e-17 4.44e-16  2.28e-08    55s
  19   1.97902262e+02  2.08813989e+02  6.33e-17 4.44e-16  1.28e-08    57s
  20   2.00917927e+02  2.07081562e+02  6.07e-17 4.44e-16  7.22e-09    58s
  21   2.02868956e+02  2.06046358e+02  4.51e-17 4.44e-16  3.72e-09    60s
  22   2.03656419e+02  2.05656344e+02  4.90e-17 4.44e-16  2.34e-09    62s
  23   2.04033385e+02  2.05475327e+02  4.92e-17 4.44e-16  1.69e-09    64s
  24   2.04450325e+02  2.05278390e+02  8.15e-17 4.44e-16  9.69e-10    66s
  25   2.04590368e+02  2.05215156e+02  1.06e-16 4.44e-16  7.31e-10    67s
  26   2.04755845e+02  2.05141555e+02  1.45e-16 4.44e-16  4.52e-10    69s
  27   2.04836975e+02  2.05106427e+02  1.54e-16 4.44e-16  3.15e-10    71s
  28   2.04925298e+02  2.05068530e+02  1.66e-16 4.44e-16  1.68e-10    73s
  29   2.04979198e+02  2.05045948e+02  2.92e-16 4.44e-16  7.81e-11    75s
  30   2.05002651e+02  2.05036344e+02  3.76e-16 5.55e-16  3.94e-11    77s
  31   2.05018330e+02  2.05029952e+02  6.29e-16 5.55e-16  1.36e-11    78s
  32   2.05023138e+02  2.05028009e+02  6.10e-16 4.44e-16  5.70e-12    80s
  33   2.05025505e+02  2.05027064e+02  4.54e-15 6.66e-16  1.83e-12    82s
  34   2.05026331e+02  2.05026736e+02  8.22e-15 5.55e-16  4.74e-13    85s
  35   2.05026553e+02  2.05026647e+02  3.08e-15 5.55e-16  1.11e-13    86s
  36   2.05026608e+02  2.05026625e+02  4.48e-15 4.44e-16  1.98e-14    88s
  37   2.05026620e+02  2.05026621e+02  3.04e-15 6.66e-16  2.84e-17    90s

Barrier solved model in 37 iterations and 90.14 seconds (16.82 work units)
Optimal objective 2.05026620e+02

Done! Time elapsed: 121.01313018798828 seconds.
Starting HMC sampling...

                                                                                                                                                                                                                                                                                                                                
Finished sampling! Elapsed Time: 854.6296417713165 seconds

Checking sampler transitions treedepth.
50 of 16000 (0.31%) transitions hit the maximum treedepth limit of 10, or 2^10 leapfrog steps.
Trajectories that are prematurely terminated due to this limit will result in slow exploration.
For optimal performance, increase this limit.

Checking sampler transitions for divergences.
No divergent transitions found.

Checking E-BFMI - sampler transitions HMC potential energy.
E-BFMI satisfactory.

Rank-normalized split effective sample size satisfactory for all parameters.

Rank-normalized split R-hat values satisfactory for all parameters.

Processing complete.

Parameters from last iteration: [2.47985899e-01 4.00643298e-01 4.01505483e-01 ... 2.52714456e+02
 2.34285334e+02 2.33748750e+02]

Parameters from current iteration:
            [2.43320565e-01 3.88759400e-01 3.89580817e-01 ... 2.52666707e+02
 2.34215802e+02 2.33690099e+02]

Updated uncertain values: [2.46819566e-01 3.97672323e-01 3.98524317e-01 ... 2.52702519e+02
 2.34267951e+02 2.33734087e+02]


            Iteration [   8]: Absolute Error = 0.2649943413408664,
            Percentage Error = 0.018234989186533934
            
Optimization Iteration[9/100]

Theta: [0.24681957 0.39767232 0.39852432 ... 1.90292319 1.19768844 1.06732996]

Gamma: [606.27683951 587.43733576 531.93423714 ... 252.70251856 234.26795128
 233.73408745]

Solving the optimization problem...
Set parameter TokenServer to value "licenses.rcc.uchicago.edu"
Read LP format model from file /scratch/local/jobs/50255464/tmpgb_um9q2.pyomo.lp
Reading time = 2.16 seconds
x1: 417600 rows, 834801 columns, 2083271 nonzeros
Gurobi Optimizer version 11.0.0 build v11.0.0rc2 (linux64 - "CentOS Linux 8")

CPU model: Intel(R) Xeon(R) Gold 6248R CPU @ 3.00GHz, instruction set [SSE2|AVX|AVX2|AVX512]
Thread count: 48 physical cores, 48 logical processors, using up to 32 threads

Optimize a model with 417600 rows, 834801 columns and 2083271 nonzeros
Model fingerprint: 0xfe6fa1ee
Model has 400 quadratic objective terms
Coefficient statistics:
  Matrix range     [1e+00, 9e+02]
  Objective range  [4e-04, 8e+02]
  QObjective range [2e+03, 2e+05]
  Bounds range     [3e-06, 1e+00]
  RHS range        [9e-11, 4e-01]
Presolve removed 208947 rows and 209294 columns
Presolve time: 0.81s
Presolved: 208653 rows, 625507 columns, 1249571 nonzeros
Presolved model has 400 quadratic objective terms
Ordering time: 1.22s

Barrier statistics:
 AA' NZ     : 6.241e+05
 Factor NZ  : 6.773e+07 (roughly 900 MB of memory)
 Factor Ops : 2.543e+10 (less than 1 second per iteration)
 Threads    : 32

                  Objective                Residual
Iter       Primal          Dual         Primal    Dual     Compl     Time
   0  -1.47758367e+11  1.10640369e+11  1.04e+06 1.14e-13  1.00e+06     5s
   1  -6.48571912e+10  6.33660847e+10  4.43e+04 3.08e+01  4.67e+04     7s
   2  -3.05822006e+10  3.06535036e+10  4.48e+02 1.24e-01  5.43e+02     9s
   3  -1.08845352e+10  1.09725933e+10  3.21e+00 1.43e-12  2.86e+01    11s
   4  -2.40144788e+09  2.49925945e+09  2.67e-01 1.26e-12  5.95e+00    16s
   5  -5.82493550e+08  6.48614694e+08  3.65e-02 4.47e-12  1.46e+00    21s
   6  -9.63106303e+07  1.09568726e+08  2.74e-03 1.64e-12  2.41e-01    25s
   7  -1.41086043e+07  1.68751492e+07  2.74e-09 1.39e-12  3.63e-02    30s
   8  -2.06748444e+06  2.45926236e+06  2.87e-13 1.01e-12  5.30e-03    33s
   9  -3.07599508e+05  3.77830244e+05  3.88e-14 3.66e-13  8.02e-04    35s
  10  -4.61660758e+04  5.46323025e+04  2.04e-14 6.14e-14  1.18e-04    37s
  11  -7.14827451e+03  8.46058939e+03  1.47e-14 1.09e-14  1.83e-05    39s
  12  -1.74441756e+03  1.94684993e+03  1.15e-14 1.72e-15  4.32e-06    42s
  13  -4.08314729e+02  9.56971706e+02  1.76e-15 6.66e-16  1.60e-06    45s
  14  -2.41300459e+00  4.22374901e+02  7.84e-16 5.55e-16  4.97e-07    47s
  15   1.20561195e+02  2.75419468e+02  2.03e-16 4.44e-16  1.81e-07    50s
  16   1.57107824e+02  2.37004789e+02  1.30e-16 4.44e-16  9.35e-08    52s
  17   1.76965244e+02  2.19654033e+02  7.81e-17 4.44e-16  5.00e-08    53s
  18   1.89147775e+02  2.10438443e+02  9.82e-17 5.55e-16  2.49e-08    55s
  19   1.94815237e+02  2.06735645e+02  5.68e-17 4.44e-16  1.40e-08    57s
  20   1.98022069e+02  2.04840583e+02  4.21e-17 4.44e-16  7.98e-09    59s
  21   2.00417537e+02  2.03537181e+02  4.53e-17 4.44e-16  3.65e-09    60s
  22   2.00568824e+02  2.03460963e+02  4.05e-17 4.44e-16  3.39e-09    62s
  23   2.01261570e+02  2.03119899e+02  4.19e-17 4.44e-16  2.18e-09    64s
  24   2.01819522e+02  2.02851303e+02  9.32e-17 4.44e-16  1.21e-09    66s
  25   2.01964943e+02  2.02784422e+02  1.07e-16 4.44e-16  9.59e-10    68s
  26   2.02216260e+02  2.02670300e+02  7.55e-17 4.44e-16  5.32e-10    69s
  27   2.02319677e+02  2.02624922e+02  1.22e-16 4.44e-16  3.57e-10    71s
  28   2.02424914e+02  2.02579703e+02  1.42e-16 4.44e-16  1.81e-10    73s
  29   2.02473336e+02  2.02559511e+02  2.78e-16 4.44e-16  1.01e-10    75s
  30   2.02503365e+02  2.02547077e+02  3.77e-16 4.44e-16  5.12e-11    77s
  31   2.02519604e+02  2.02540402e+02  3.97e-16 4.44e-16  2.43e-11    78s
  32   2.02530950e+02  2.02535785e+02  9.21e-16 5.55e-16  5.66e-12    81s
  33   2.02532883e+02  2.02535006e+02  3.78e-15 5.55e-16  2.49e-12    82s
  34   2.02533951e+02  2.02534579e+02  1.31e-15 6.66e-16  7.36e-13    85s
  35   2.02534324e+02  2.02534431e+02  3.93e-15 5.55e-16  1.26e-13    87s
  36   2.02534394e+02  2.02534403e+02  3.56e-15 6.66e-16  1.12e-14    89s

Barrier solved model in 36 iterations and 88.91 seconds (16.62 work units)
Optimal objective 2.02534394e+02

Done! Time elapsed: 120.16751456260681 seconds.
Starting HMC sampling...

                                                                                                                                                                                                                                                                                                                                
Finished sampling! Elapsed Time: 914.7511603832245 seconds

Checking sampler transitions treedepth.
62 of 16000 (0.39%) transitions hit the maximum treedepth limit of 10, or 2^10 leapfrog steps.
Trajectories that are prematurely terminated due to this limit will result in slow exploration.
For optimal performance, increase this limit.

Checking sampler transitions for divergences.
No divergent transitions found.

Checking E-BFMI - sampler transitions HMC potential energy.
E-BFMI satisfactory.

Rank-normalized split effective sample size satisfactory for all parameters.

Rank-normalized split R-hat values satisfactory for all parameters.

Processing complete.

Parameters from last iteration: [2.46819566e-01 3.97672323e-01 3.98524317e-01 ... 2.52702519e+02
 2.34267951e+02 2.33734087e+02]

Parameters from current iteration:
            [2.42253361e-01 3.88520948e-01 3.89347045e-01 ... 2.52702572e+02
 2.34302028e+02 2.33789877e+02]

Updated uncertain values: [2.45678014e-01 3.95384480e-01 3.96229999e-01 ... 2.52702532e+02
 2.34276470e+02 2.33748035e+02]


            Iteration [   9]: Absolute Error = 0.21563460182107974,
            Percentage Error = 0.013680049077096258
            
Optimization Iteration[10/100]

Theta: [0.24567801 0.39538448 0.39623    ... 1.89676911 1.19611862 1.06648772]

Gamma: [606.25109561 587.40525207 531.90056831 ... 252.70253199 234.27647039
 233.74803488]

Solving the optimization problem...
Set parameter TokenServer to value "licenses.rcc.uchicago.edu"
Read LP format model from file /scratch/local/jobs/50255464/tmpm7k7y84_.pyomo.lp
Reading time = 2.19 seconds
x1: 417600 rows, 834801 columns, 2083271 nonzeros
Gurobi Optimizer version 11.0.0 build v11.0.0rc2 (linux64 - "CentOS Linux 8")

CPU model: Intel(R) Xeon(R) Gold 6248R CPU @ 3.00GHz, instruction set [SSE2|AVX|AVX2|AVX512]
Thread count: 48 physical cores, 48 logical processors, using up to 32 threads

Optimize a model with 417600 rows, 834801 columns and 2083271 nonzeros
Model fingerprint: 0xbe5062e1
Model has 400 quadratic objective terms
Coefficient statistics:
  Matrix range     [1e+00, 9e+02]
  Objective range  [4e-04, 8e+02]
  QObjective range [2e+03, 2e+05]
  Bounds range     [3e-06, 1e+00]
  RHS range        [9e-11, 4e-01]
Presolve removed 208947 rows and 209294 columns
Presolve time: 0.80s
Presolved: 208653 rows, 625507 columns, 1249571 nonzeros
Presolved model has 400 quadratic objective terms
Ordering time: 1.18s

Barrier statistics:
 AA' NZ     : 6.241e+05
 Factor NZ  : 6.773e+07 (roughly 900 MB of memory)
 Factor Ops : 2.543e+10 (less than 1 second per iteration)
 Threads    : 32

                  Objective                Residual
Iter       Primal          Dual         Primal    Dual     Compl     Time
   0  -1.47761887e+11  1.10640369e+11  1.04e+06 1.13e-13  1.00e+06     5s
   1  -6.48573413e+10  6.33660847e+10  4.43e+04 3.08e+01  4.67e+04     7s
   2  -3.05822021e+10  3.06535036e+10  4.48e+02 1.24e-01  5.43e+02     9s
   3  -1.08845352e+10  1.09725933e+10  3.21e+00 1.40e-12  2.86e+01    11s
   4  -2.40144788e+09  2.49925947e+09  2.67e-01 1.24e-12  5.95e+00    16s
   5  -5.82493541e+08  6.48614690e+08  3.65e-02 5.02e-12  1.46e+00    21s
   6  -9.63106232e+07  1.09568719e+08  2.74e-03 1.25e-12  2.41e-01    26s
   7  -1.41086034e+07  1.68751473e+07  2.74e-09 1.54e-12  3.63e-02    31s
   8  -2.06748480e+06  2.45926199e+06  2.76e-13 1.59e-12  5.30e-03    33s
   9  -3.07599874e+05  3.77828278e+05  4.18e-14 3.32e-13  8.02e-04    36s
  10  -4.61666417e+04  5.46311040e+04  1.99e-14 5.73e-14  1.18e-04    38s
  11  -7.14906649e+03  8.45917412e+03  1.34e-14 9.24e-15  1.83e-05    39s
  12  -1.74593252e+03  1.94586837e+03  1.06e-14 1.75e-15  4.32e-06    43s
  13  -4.07630434e+02  9.53677817e+02  1.68e-15 6.66e-16  1.59e-06    45s
  14  -7.38469970e-01  4.10365422e+02  6.61e-16 4.71e-16  4.81e-07    48s
  15   1.21601382e+02  2.70467360e+02  2.87e-16 6.66e-16  1.74e-07    50s
  16   1.61867052e+02  2.28720594e+02  9.06e-17 4.44e-16  7.83e-08    52s
  17   1.77591213e+02  2.16716167e+02  7.03e-17 4.44e-16  4.58e-08    54s
  18   1.90415721e+02  2.06913069e+02  6.59e-17 5.55e-16  1.93e-08    56s
  19   1.91532576e+02  2.06184309e+02  5.83e-17 4.44e-16  1.72e-08    58s
  20   1.95203213e+02  2.03892688e+02  4.68e-17 4.44e-16  1.02e-08    59s
  21   1.98265260e+02  2.02133690e+02  3.66e-17 4.44e-16  4.53e-09    61s
  22   1.99167897e+02  2.01663113e+02  3.73e-17 4.44e-16  2.92e-09    63s
  23   1.99917648e+02  2.01288376e+02  4.29e-17 3.33e-16  1.60e-09    65s
  24   2.00076810e+02  2.01213210e+02  5.51e-17 4.44e-16  1.33e-09    67s
  25   2.00345685e+02  2.01087062e+02  8.57e-17 4.44e-16  8.68e-10    68s
  26   2.00568488e+02  2.00986835e+02  1.00e-16 5.55e-16  4.90e-10    70s
  27   2.00639108e+02  2.00955286e+02  1.11e-16 4.44e-16  3.70e-10    72s
  28   2.00767994e+02  2.00900053e+02  3.17e-16 4.44e-16  1.55e-10    74s
  29   2.00816093e+02  2.00879809e+02  2.36e-16 5.55e-16  7.46e-11    76s
  30   2.00841217e+02  2.00869439e+02  3.45e-16 4.44e-16  3.30e-11    77s
  31   2.00849897e+02  2.00865926e+02  4.31e-16 5.55e-16  1.88e-11    79s
  32   2.00858408e+02  2.00862483e+02  8.07e-16 5.55e-16  4.77e-12    81s
  33   2.00859964e+02  2.00861858e+02  9.76e-16 4.44e-16  2.22e-12    83s
  34   2.00861001e+02  2.00861444e+02  9.01e-16 5.55e-16  5.18e-13    85s
  35   2.00861253e+02  2.00861343e+02  2.95e-15 7.77e-16  1.05e-13    87s
  36   2.00861313e+02  2.00861319e+02  4.32e-15 5.55e-16  7.45e-15    89s

Barrier solved model in 36 iterations and 89.40 seconds (16.64 work units)
Optimal objective 2.00861313e+02

Done! Time elapsed: 120.43100452423096 seconds.
Starting HMC sampling...

                                                                                                                                                                                                                                                                                                                                
Finished sampling! Elapsed Time: 982.009537935257 seconds

Checking sampler transitions treedepth.
96 of 16000 (0.60%) transitions hit the maximum treedepth limit of 10, or 2^10 leapfrog steps.
Trajectories that are prematurely terminated due to this limit will result in slow exploration.
For optimal performance, increase this limit.

Checking sampler transitions for divergences.
No divergent transitions found.

Checking E-BFMI - sampler transitions HMC potential energy.
E-BFMI satisfactory.

Rank-normalized split effective sample size satisfactory for all parameters.

Rank-normalized split R-hat values satisfactory for all parameters.

Processing complete.

Parameters from last iteration: [2.45678014e-01 3.95384480e-01 3.96229999e-01 ... 2.52702532e+02
 2.34276470e+02 2.33748035e+02]

Parameters from current iteration:
            [2.42350363e-01 3.87133371e-01 3.87951084e-01 ... 2.52745664e+02
 2.34332901e+02 2.33846523e+02]

Updated uncertain values: [2.44846102e-01 3.93321703e-01 3.94160270e-01 ... 2.52713315e+02
 2.34290578e+02 2.33772657e+02]


            Iteration [  10]: Absolute Error = 0.15854626531393023,
            Percentage Error = 0.010311827011779594
            
Optimization Iteration[11/100]

Theta: [0.2448461  0.3933217  0.39416027 ... 1.89109426 1.19527263 1.06646066]

Gamma: [606.25756581 587.4039998  531.87767343 ... 252.71331499 234.2905781
 233.77265699]

Solving the optimization problem...
Set parameter TokenServer to value "licenses.rcc.uchicago.edu"
Read LP format model from file /scratch/local/jobs/50255464/tmpgth8vh11.pyomo.lp
Reading time = 2.18 seconds
x1: 417600 rows, 834801 columns, 2083271 nonzeros
Gurobi Optimizer version 11.0.0 build v11.0.0rc2 (linux64 - "CentOS Linux 8")

CPU model: Intel(R) Xeon(R) Gold 6248R CPU @ 3.00GHz, instruction set [SSE2|AVX|AVX2|AVX512]
Thread count: 48 physical cores, 48 logical processors, using up to 32 threads

Optimize a model with 417600 rows, 834801 columns and 2083271 nonzeros
Model fingerprint: 0x5fb02f87
Model has 400 quadratic objective terms
Coefficient statistics:
  Matrix range     [1e+00, 9e+02]
  Objective range  [1e-03, 8e+02]
  QObjective range [2e+03, 2e+05]
  Bounds range     [3e-06, 1e+00]
  RHS range        [9e-11, 4e-01]
Presolve removed 208947 rows and 209294 columns
Presolve time: 0.81s
Presolved: 208653 rows, 625507 columns, 1249571 nonzeros
Presolved model has 400 quadratic objective terms
Ordering time: 1.18s

Barrier statistics:
 AA' NZ     : 6.241e+05
 Factor NZ  : 6.773e+07 (roughly 900 MB of memory)
 Factor Ops : 2.543e+10 (less than 1 second per iteration)
 Threads    : 32

                  Objective                Residual
Iter       Primal          Dual         Primal    Dual     Compl     Time
   0  -1.47765675e+11  1.10640369e+11  1.04e+06 1.14e-13  1.00e+06     6s
   1  -6.48575023e+10  6.33660847e+10  4.43e+04 3.08e+01  4.67e+04     8s
   2  -3.05822037e+10  3.06535037e+10  4.48e+02 1.24e-01  5.43e+02    10s
   3  -1.08845352e+10  1.09725933e+10  3.21e+00 1.56e-12  2.86e+01    12s
   4  -2.40144787e+09  2.49925946e+09  2.67e-01 1.25e-12  5.95e+00    17s
   5  -5.82493538e+08  6.48614690e+08  3.65e-02 3.96e-12  1.46e+00    22s
   6  -9.63106205e+07  1.09568716e+08  2.74e-03 1.43e-12  2.41e-01    26s
   7  -1.41086030e+07  1.68751440e+07  2.74e-09 1.53e-12  3.63e-02    32s
   8  -2.06748541e+06  2.45926210e+06  2.81e-13 9.44e-13  5.30e-03    34s
   9  -3.07600241e+05  3.77825819e+05  4.15e-14 3.97e-13  8.02e-04    36s
  10  -4.61671901e+04  5.46297338e+04  1.86e-14 7.25e-14  1.18e-04    38s
  11  -7.14975002e+03  8.45771338e+03  1.62e-14 1.00e-14  1.83e-05    40s
  12  -1.74681473e+03  1.94457050e+03  1.27e-14 1.88e-15  4.32e-06    43s
  13  -4.10533674e+02  9.53162347e+02  1.20e-15 6.66e-16  1.60e-06    46s
  14  -1.17488223e+01  3.91414828e+02  4.29e-16 4.44e-16  4.72e-07    48s
  15   1.20035496e+02  2.69715991e+02  3.85e-16 6.66e-16  1.75e-07    51s
  16   1.63428842e+02  2.24524259e+02  2.17e-16 4.44e-16  7.15e-08    53s
  17   1.79276824e+02  2.13035740e+02  1.08e-16 4.44e-16  3.95e-08    55s
  18   1.89672945e+02  2.05696509e+02  5.18e-17 3.33e-16  1.88e-08    56s
  19   1.94793989e+02  2.02292271e+02  3.73e-17 4.44e-16  8.78e-09    58s
  20   1.97004554e+02  2.00970998e+02  3.51e-17 4.44e-16  4.64e-09    60s
  21   1.98263233e+02  2.00252324e+02  6.05e-17 5.55e-16  2.33e-09    62s
  22   1.98783995e+02  1.99976762e+02  6.96e-17 4.44e-16  1.40e-09    63s
  23   1.99098090e+02  1.99820563e+02  4.66e-17 4.44e-16  8.46e-10    65s
  24   1.99273828e+02  1.99737639e+02  8.48e-17 4.44e-16  5.43e-10    67s
  25   1.99451246e+02  1.99657820e+02  1.22e-16 4.44e-16  2.42e-10    69s
  26   1.99521136e+02  1.99626915e+02  1.47e-16 4.44e-16  1.24e-10    71s
  27   1.99553651e+02  1.99613025e+02  9.04e-17 4.44e-16  6.95e-11    72s
  28   1.99579406e+02  1.99602261e+02  2.83e-16 4.44e-16  2.68e-11    74s
  29   1.99588104e+02  1.99598668e+02  2.66e-16 5.55e-16  1.24e-11    76s
  30   1.99592647e+02  1.99596817e+02  1.02e-15 5.55e-16  4.88e-12    78s
  31   1.99594840e+02  1.99595932e+02  5.02e-15 5.55e-16  1.28e-12    80s
  32   1.99595389e+02  1.99595711e+02  2.52e-15 6.66e-16  3.77e-13    82s
  33   1.99595553e+02  1.99595646e+02  1.45e-15 5.55e-16  1.09e-13    83s
  34   1.99595613e+02  1.99595622e+02  1.40e-15 5.55e-16  1.13e-14    86s

Barrier solved model in 34 iterations and 85.51 seconds (15.54 work units)
Optimal objective 1.99595613e+02

Done! Time elapsed: 116.39695620536804 seconds.
Starting HMC sampling...

                                                                                                                                                                                                                                                                                                                                
Finished sampling! Elapsed Time: 980.2551531791687 seconds

Checking sampler transitions treedepth.
66 of 16000 (0.41%) transitions hit the maximum treedepth limit of 10, or 2^10 leapfrog steps.
Trajectories that are prematurely terminated due to this limit will result in slow exploration.
For optimal performance, increase this limit.

Checking sampler transitions for divergences.
No divergent transitions found.

Checking E-BFMI - sampler transitions HMC potential energy.
E-BFMI satisfactory.

Rank-normalized split effective sample size satisfactory for all parameters.

Rank-normalized split R-hat values satisfactory for all parameters.

Processing complete.

Parameters from last iteration: [2.44846102e-01 3.93321703e-01 3.94160270e-01 ... 2.52713315e+02
 2.34290578e+02 2.33772657e+02]

Parameters from current iteration:
            [2.40830159e-01 3.85751538e-01 3.86570032e-01 ... 2.52914335e+02
 2.34479128e+02 2.33954842e+02]

Updated uncertain values: [2.43842116e-01 3.91429161e-01 3.92262710e-01 ... 2.52763570e+02
 2.34337716e+02 2.33818203e+02]


            Iteration [  11]: Absolute Error = 0.2540092336937505,
            Percentage Error = 0.007714090296871328
            
Optimization Iteration[12/100]

Theta: [0.24384212 0.39142916 0.39226271 ... 1.88762863 1.19409658 1.0656633 ]

Gamma: [606.2216656  587.38235755 531.87549594 ... 252.76357003 234.33771568
 233.81820328]

Solving the optimization problem...
Set parameter TokenServer to value "licenses.rcc.uchicago.edu"
Read LP format model from file /scratch/local/jobs/50255464/tmpc38z9zk5.pyomo.lp
Reading time = 2.19 seconds
x1: 417600 rows, 834801 columns, 2083271 nonzeros
Gurobi Optimizer version 11.0.0 build v11.0.0rc2 (linux64 - "CentOS Linux 8")

CPU model: Intel(R) Xeon(R) Gold 6248R CPU @ 3.00GHz, instruction set [SSE2|AVX|AVX2|AVX512]
Thread count: 48 physical cores, 48 logical processors, using up to 32 threads

Optimize a model with 417600 rows, 834801 columns and 2083271 nonzeros
Model fingerprint: 0x39518f6f
Model has 400 quadratic objective terms
Coefficient statistics:
  Matrix range     [1e+00, 9e+02]
  Objective range  [2e-03, 8e+02]
  QObjective range [2e+03, 2e+05]
  Bounds range     [3e-06, 1e+00]
  RHS range        [9e-11, 4e-01]
Presolve removed 208947 rows and 209294 columns
Presolve time: 0.80s
Presolved: 208653 rows, 625507 columns, 1249571 nonzeros
Presolved model has 400 quadratic objective terms
Ordering time: 1.15s

Barrier statistics:
 AA' NZ     : 6.241e+05
 Factor NZ  : 6.773e+07 (roughly 900 MB of memory)
 Factor Ops : 2.543e+10 (less than 1 second per iteration)
 Threads    : 32

                  Objective                Residual
Iter       Primal          Dual         Primal    Dual     Compl     Time
   0  -1.47764984e+11  1.10640369e+11  1.04e+06 1.14e-13  1.00e+06     5s
   1  -6.48574754e+10  6.33660862e+10  4.43e+04 3.08e+01  4.67e+04     7s
   2  -3.05822040e+10  3.06535043e+10  4.48e+02 1.24e-01  5.43e+02     9s
   3  -1.08845354e+10  1.09725936e+10  3.21e+00 1.47e-12  2.86e+01    11s
   4  -2.40144791e+09  2.49925953e+09  2.67e-01 1.25e-12  5.95e+00    16s
   5  -5.82493541e+08  6.48614703e+08  3.65e-02 2.52e-12  1.46e+00    21s
   6  -9.63106152e+07  1.09568715e+08  2.74e-03 1.48e-12  2.41e-01    25s
   7  -1.41086017e+07  1.68751441e+07  2.74e-09 1.33e-12  3.63e-02    30s
   8  -2.06748505e+06  2.45926236e+06  2.79e-13 1.32e-12  5.30e-03    33s
   9  -3.07600054e+05  3.77825286e+05  3.94e-14 3.24e-13  8.02e-04    35s
  10  -4.61671673e+04  5.46294092e+04  1.92e-14 5.66e-14  1.18e-04    37s
  11  -7.14991700e+03  8.45720259e+03  1.46e-14 7.19e-15  1.83e-05    39s
  12  -1.74701017e+03  1.94369159e+03  1.18e-14 1.74e-15  4.32e-06    42s
  13  -4.10282873e+02  9.51239725e+02  1.55e-15 6.66e-16  1.59e-06    44s
  14  -1.22850857e+01  3.90810974e+02  4.54e-16 6.66e-16  4.72e-07    47s
  15   1.19014250e+02  2.69465547e+02  2.59e-16 4.44e-16  1.76e-07    49s
  16   1.62407032e+02  2.24086240e+02  1.01e-16 4.44e-16  7.22e-08    51s
  17   1.78824209e+02  2.12103168e+02  5.90e-17 4.44e-16  3.90e-08    53s
  18   1.89313359e+02  2.04690538e+02  6.01e-17 4.44e-16  1.80e-08    55s
  19   1.93960594e+02  2.01591054e+02  5.10e-17 5.55e-16  8.93e-09    56s
  20   1.96358709e+02  2.00165279e+02  5.70e-17 4.44e-16  4.46e-09    58s
  21   1.97514117e+02  1.99506424e+02  5.42e-17 4.44e-16  2.33e-09    60s
  22   1.98003645e+02  1.99245788e+02  3.97e-17 4.44e-16  1.45e-09    62s
  23   1.98299319e+02  1.99096231e+02  8.61e-17 4.44e-16  9.33e-10    63s
  24   1.98545443e+02  1.98976495e+02  6.22e-17 5.55e-16  5.05e-10    65s
  25   1.98694076e+02  1.98909883e+02  1.24e-16 4.44e-16  2.53e-10    67s
  26   1.98734891e+02  1.98891863e+02  8.41e-17 4.44e-16  1.84e-10    68s
  27   1.98761299e+02  1.98880425e+02  1.32e-16 4.44e-16  1.39e-10    70s
  28   1.98813869e+02  1.98857982e+02  1.78e-16 5.55e-16  5.16e-11    72s
  29   1.98825297e+02  1.98853269e+02  5.06e-16 4.44e-16  3.27e-11    74s
  30   1.98838778e+02  1.98847773e+02  5.30e-16 4.44e-16  1.05e-11    75s
  31   1.98841513e+02  1.98846663e+02  1.43e-15 4.44e-16  6.03e-12    77s
  32   1.98844136e+02  1.98845608e+02  8.31e-15 4.44e-16  1.72e-12    79s
  33   1.98844776e+02  1.98845351e+02  2.35e-14 5.55e-16  6.74e-13    81s
  34   1.98845153e+02  1.98845201e+02  9.93e-15 5.55e-16  5.56e-14    83s
  35   1.98845184e+02  1.98845188e+02  1.03e-14 4.44e-16  4.73e-15    85s

Barrier solved model in 35 iterations and 84.78 seconds (16.16 work units)
Optimal objective 1.98845184e+02

Done! Time elapsed: 115.18342399597168 seconds.
Starting HMC sampling...

                                                                                                                                                                                                                                                                                                                                
Finished sampling! Elapsed Time: 902.7321240901947 seconds

Checking sampler transitions treedepth.
79 of 16000 (0.49%) transitions hit the maximum treedepth limit of 10, or 2^10 leapfrog steps.
Trajectories that are prematurely terminated due to this limit will result in slow exploration.
For optimal performance, increase this limit.

Checking sampler transitions for divergences.
No divergent transitions found.

Checking E-BFMI - sampler transitions HMC potential energy.
E-BFMI satisfactory.

Rank-normalized split effective sample size satisfactory for all parameters.

Rank-normalized split R-hat values satisfactory for all parameters.

Processing complete.

Parameters from last iteration: [2.43842116e-01 3.91429161e-01 3.92262710e-01 ... 2.52763570e+02
 2.34337716e+02 2.33818203e+02]

Parameters from current iteration:
            [2.41315484e-01 3.86555696e-01 3.87375991e-01 ... 2.52702518e+02
 2.34265135e+02 2.33758347e+02]

Updated uncertain values: [2.43210458e-01 3.90210795e-01 3.91041031e-01 ... 2.52748307e+02
 2.34319571e+02 2.33803239e+02]


            Iteration [  12]: Absolute Error = 0.1326128900979029,
            Percentage Error = 0.005747431979438616
            
Optimization Iteration[13/100]

Theta: [0.24321046 0.3902108  0.39104103 ... 1.88444647 1.1929514  1.06483806]

Gamma: [606.29503166 587.44692215 531.90931639 ... 252.74830711 234.31957061
 233.80323912]

Solving the optimization problem...
Set parameter TokenServer to value "licenses.rcc.uchicago.edu"
Read LP format model from file /scratch/local/jobs/50255464/tmp8145cbzh.pyomo.lp
Reading time = 2.16 seconds
x1: 417600 rows, 834801 columns, 2083271 nonzeros
Gurobi Optimizer version 11.0.0 build v11.0.0rc2 (linux64 - "CentOS Linux 8")

CPU model: Intel(R) Xeon(R) Gold 6248R CPU @ 3.00GHz, instruction set [SSE2|AVX|AVX2|AVX512]
Thread count: 48 physical cores, 48 logical processors, using up to 32 threads

Optimize a model with 417600 rows, 834801 columns and 2083271 nonzeros
Model fingerprint: 0x32e87ac7
Model has 400 quadratic objective terms
Coefficient statistics:
  Matrix range     [1e+00, 9e+02]
  Objective range  [2e-03, 8e+02]
  QObjective range [2e+03, 2e+05]
  Bounds range     [3e-06, 1e+00]
  RHS range        [9e-11, 4e-01]
Presolve removed 208947 rows and 209294 columns
Presolve time: 0.83s
Presolved: 208653 rows, 625507 columns, 1249571 nonzeros
Presolved model has 400 quadratic objective terms
Ordering time: 1.29s

Barrier statistics:
 AA' NZ     : 6.241e+05
 Factor NZ  : 6.773e+07 (roughly 900 MB of memory)
 Factor Ops : 2.543e+10 (less than 1 second per iteration)
 Threads    : 32

                  Objective                Residual
Iter       Primal          Dual         Primal    Dual     Compl     Time
   0  -1.47765638e+11  1.10640369e+11  1.04e+06 1.13e-13  1.00e+06     6s
   1  -6.48575042e+10  6.33660867e+10  4.43e+04 3.08e+01  4.67e+04     7s
   2  -3.05822045e+10  3.06535046e+10  4.48e+02 1.24e-01  5.43e+02     9s
   3  -1.08845355e+10  1.09725937e+10  3.21e+00 1.55e-12  2.86e+01    11s
   4  -2.40144792e+09  2.49925955e+09  2.67e-01 1.38e-12  5.95e+00    15s
   5  -5.82493540e+08  6.48614706e+08  3.65e-02 3.26e-12  1.46e+00    19s
   6  -9.63106127e+07  1.09568713e+08  2.74e-03 1.61e-12  2.41e-01    24s
   7  -1.41086011e+07  1.68751425e+07  2.74e-09 1.81e-12  3.63e-02    29s
   8  -2.06748508e+06  2.45926269e+06  2.71e-13 1.06e-12  5.30e-03    32s
   9  -3.07600003e+05  3.77824311e+05  3.72e-14 3.20e-13  8.02e-04    34s
  10  -4.61672396e+04  5.46289938e+04  2.26e-14 5.86e-14  1.18e-04    35s
  11  -7.15010662e+03  8.45668734e+03  1.50e-14 8.20e-15  1.83e-05    37s
  12  -1.74714700e+03  1.94289311e+03  1.20e-14 1.71e-15  4.32e-06    41s
  13  -4.08828397e+02  9.48674481e+02  1.13e-15 6.66e-16  1.59e-06    43s
  14  -3.72850672e+00  4.10805747e+02  5.72e-16 4.44e-16  4.85e-07    46s
  15   1.17718263e+02  2.69776993e+02  2.06e-16 4.44e-16  1.78e-07    48s
  16   1.57266471e+02  2.28246750e+02  1.37e-16 4.44e-16  8.31e-08    50s
  17   1.74584930e+02  2.13693783e+02  6.44e-17 4.44e-16  4.58e-08    52s
  18   1.85675290e+02  2.05538216e+02  5.10e-17 4.44e-16  2.33e-08    54s
  19   1.91257957e+02  2.01965879e+02  5.70e-17 4.44e-16  1.25e-08    55s
  20   1.94236221e+02  2.00244008e+02  3.90e-17 4.44e-16  7.03e-09    57s
  21   1.96149849e+02  1.99226058e+02  3.51e-17 3.33e-16  3.60e-09    59s
  22   1.96906461e+02  1.98849275e+02  5.64e-17 4.44e-16  2.27e-09    61s
  23   1.97310628e+02  1.98654952e+02  1.01e-16 4.44e-16  1.57e-09    62s
  24   1.97610496e+02  1.98513770e+02  9.50e-17 4.44e-16  1.06e-09    64s
  25   1.97841175e+02  1.98408285e+02  1.38e-16 4.44e-16  6.64e-10    66s
  26   1.97976954e+02  1.98348031e+02  1.95e-16 4.44e-16  4.34e-10    68s
  27   1.98078542e+02  1.98303595e+02  2.60e-16 4.44e-16  2.63e-10    70s
  28   1.98162495e+02  1.98267771e+02  2.61e-16 4.44e-16  1.23e-10    71s
  29   1.98203817e+02  1.98250280e+02  2.56e-16 4.44e-16  5.44e-11    73s
  30   1.98221280e+02  1.98243092e+02  3.23e-16 4.44e-16  2.55e-11    75s
  31   1.98224174e+02  1.98241912e+02  2.84e-16 4.44e-16  2.08e-11    77s
  32   1.98229573e+02  1.98239716e+02  1.69e-15 6.66e-16  1.19e-11    79s
  33   1.98234813e+02  1.98237607e+02  1.94e-15 4.44e-16  3.27e-12    81s
  34   1.98236338e+02  1.98236997e+02  5.67e-15 4.44e-16  7.71e-13    83s
  35   1.98236642e+02  1.98236876e+02  3.66e-15 5.55e-16  2.74e-13    85s
  36   1.98236796e+02  1.98236814e+02  6.11e-15 6.66e-16  2.12e-14    87s
  37   1.98236809e+02  1.98236809e+02  4.16e-15 6.66e-16  4.61e-16    89s

Barrier solved model in 37 iterations and 88.53 seconds (16.84 work units)
Optimal objective 1.98236809e+02

Done! Time elapsed: 122.45375919342041 seconds.
Starting HMC sampling...

                                                                                                                                                                                                                                                                                                                                
Finished sampling! Elapsed Time: 966.2281379699707 seconds

Checking sampler transitions treedepth.
193 of 16000 (1.21%) transitions hit the maximum treedepth limit of 10, or 2^10 leapfrog steps.
Trajectories that are prematurely terminated due to this limit will result in slow exploration.
For optimal performance, increase this limit.

Checking sampler transitions for divergences.
No divergent transitions found.

Checking E-BFMI - sampler transitions HMC potential energy.
E-BFMI satisfactory.

Rank-normalized split effective sample size satisfactory for all parameters.

Rank-normalized split R-hat values satisfactory for all parameters.

Processing complete.

Parameters from last iteration: [2.43210458e-01 3.90210795e-01 3.91041031e-01 ... 2.52748307e+02
 2.34319571e+02 2.33803239e+02]

Parameters from current iteration:
            [2.41198298e-01 3.86286288e-01 3.87105723e-01 ... 2.52770224e+02
 2.34358827e+02 2.33879807e+02]

Updated uncertain values: [2.42707418e-01 3.89229668e-01 3.90057204e-01 ... 2.52753786e+02
 2.34329385e+02 2.33822381e+02]


            Iteration [  13]: Absolute Error = 0.13922970138196433,
            Percentage Error = 0.007251674640545989
            
Optimization Iteration[14/100]

Theta: [0.24270742 0.38922967 0.3900572  ... 1.88151197 1.19263712 1.06498794]

Gamma: [606.33190329 587.46955382 531.90500977 ... 252.75378645 234.32938468
 233.82238104]

Solving the optimization problem...
Set parameter TokenServer to value "licenses.rcc.uchicago.edu"
Read LP format model from file /scratch/local/jobs/50255464/tmpt5hfw3ch.pyomo.lp
Reading time = 2.18 seconds
x1: 417600 rows, 834801 columns, 2083271 nonzeros
Gurobi Optimizer version 11.0.0 build v11.0.0rc2 (linux64 - "CentOS Linux 8")

CPU model: Intel(R) Xeon(R) Gold 6248R CPU @ 3.00GHz, instruction set [SSE2|AVX|AVX2|AVX512]
Thread count: 48 physical cores, 48 logical processors, using up to 32 threads

Optimize a model with 417600 rows, 834801 columns and 2083271 nonzeros
Model fingerprint: 0xe90322c3
Model has 400 quadratic objective terms
Coefficient statistics:
  Matrix range     [1e+00, 9e+02]
  Objective range  [2e-03, 8e+02]
  QObjective range [2e+03, 2e+05]
  Bounds range     [3e-06, 1e+00]
  RHS range        [9e-11, 4e-01]
Presolve removed 208947 rows and 209294 columns
Presolve time: 0.81s
Presolved: 208653 rows, 625507 columns, 1249571 nonzeros
Presolved model has 400 quadratic objective terms
Ordering time: 0.98s

Barrier statistics:
 AA' NZ     : 6.241e+05
 Factor NZ  : 6.773e+07 (roughly 900 MB of memory)
 Factor Ops : 2.543e+10 (less than 1 second per iteration)
 Threads    : 32

                  Objective                Residual
Iter       Primal          Dual         Primal    Dual     Compl     Time
   0  -1.47766526e+11  1.10640369e+11  1.04e+06 1.12e-13  1.00e+06     6s
   1  -6.48575423e+10  6.33660869e+10  4.43e+04 3.08e+01  4.67e+04     8s
   2  -3.05822050e+10  3.06535047e+10  4.48e+02 1.24e-01  5.43e+02    10s
   3  -1.08845355e+10  1.09725937e+10  3.21e+00 1.52e-12  2.86e+01    12s
   4  -2.40144792e+09  2.49925955e+09  2.67e-01 1.25e-12  5.95e+00    17s
   5  -5.82493542e+08  6.48614710e+08  3.65e-02 4.54e-12  1.46e+00    21s
   6  -9.63106129e+07  1.09568714e+08  2.74e-03 1.52e-12  2.41e-01    26s
   7  -1.41086010e+07  1.68751415e+07  2.74e-09 3.66e-12  3.63e-02    31s
   8  -2.06748528e+06  2.45926323e+06  2.72e-13 1.00e-12  5.30e-03    34s
   9  -3.07600023e+05  3.77823305e+05  4.01e-14 3.70e-13  8.02e-04    36s
  10  -4.61673569e+04  5.46285485e+04  2.15e-14 5.50e-14  1.18e-04    38s
  11  -7.15029974e+03  8.45617371e+03  1.35e-14 8.11e-15  1.83e-05    40s
  12  -1.74719909e+03  1.94210996e+03  1.27e-14 1.69e-15  4.32e-06    44s
  13  -4.08896459e+02  9.47429104e+02  1.34e-15 6.66e-16  1.59e-06    47s
  14  -3.90090025e+00  4.10044204e+02  6.22e-16 4.51e-16  4.85e-07    49s
  15   1.16837516e+02  2.70023310e+02  2.62e-16 4.44e-16  1.79e-07    52s
  16   1.55978797e+02  2.28714406e+02  1.70e-16 4.44e-16  8.52e-08    54s
  17   1.73427910e+02  2.13880831e+02  7.50e-17 4.44e-16  4.74e-08    56s
  18   1.84770747e+02  2.05424687e+02  6.25e-17 4.44e-16  2.42e-08    58s
  19   1.90402318e+02  2.01768363e+02  5.33e-17 5.55e-16  1.33e-08    60s
  20   1.93692652e+02  1.99837802e+02  3.45e-17 4.44e-16  7.19e-09    62s
  21   1.95619042e+02  1.98802637e+02  5.81e-17 5.55e-16  3.73e-09    63s
  22   1.96430987e+02  1.98395704e+02  4.10e-17 4.44e-16  2.30e-09    66s
  23   1.96813558e+02  1.98211064e+02  8.39e-17 4.44e-16  1.64e-09    67s
  24   1.97146231e+02  1.98053560e+02  5.62e-17 4.44e-16  1.06e-09    69s
  25   1.97434002e+02  1.97921696e+02  8.48e-17 4.44e-16  5.71e-10    71s
  26   1.97556268e+02  1.97867536e+02  1.49e-16 4.44e-16  3.64e-10    73s
  27   1.97645968e+02  1.97829118e+02  2.55e-16 4.44e-16  2.14e-10    75s
  28   1.97723837e+02  1.97795924e+02  3.72e-16 4.44e-16  8.44e-11    77s
  29   1.97731765e+02  1.97792647e+02  3.45e-16 4.44e-16  7.13e-11    79s
  30   1.97750525e+02  1.97784966e+02  1.94e-16 5.55e-16  4.03e-11    81s
  31   1.97764168e+02  1.97779392e+02  1.36e-16 4.44e-16  1.78e-11    82s
  32   1.97772756e+02  1.97775910e+02  1.78e-15 5.55e-16  3.69e-12    84s
  33   1.97774090e+02  1.97775375e+02  1.73e-15 5.55e-16  1.50e-12    86s
  34   1.97774781e+02  1.97775099e+02  2.93e-15 7.77e-16  3.73e-13    88s
  35   1.97774979e+02  1.97775020e+02  2.39e-15 6.66e-16  4.77e-14    91s
  36   1.97775005e+02  1.97775010e+02  3.57e-15 5.55e-16  5.07e-15    93s

Barrier solved model in 36 iterations and 92.85 seconds (16.64 work units)
Optimal objective 1.97775005e+02

Done! Time elapsed: 124.37930059432983 seconds.
Starting HMC sampling...

                                                                                                                                                                                                                                                                                                                                
Finished sampling! Elapsed Time: 991.3889875411987 seconds

Checking sampler transitions treedepth.
108 of 16000 (0.68%) transitions hit the maximum treedepth limit of 10, or 2^10 leapfrog steps.
Trajectories that are prematurely terminated due to this limit will result in slow exploration.
For optimal performance, increase this limit.

Checking sampler transitions for divergences.
No divergent transitions found.

Checking E-BFMI - sampler transitions HMC potential energy.
E-BFMI satisfactory.

Rank-normalized split effective sample size satisfactory for all parameters.

Rank-normalized split R-hat values satisfactory for all parameters.

Processing complete.

Parameters from last iteration: [2.42707418e-01 3.89229668e-01 3.90057204e-01 ... 2.52753786e+02
 2.34329385e+02 2.33822381e+02]

Parameters from current iteration:
            [2.40748474e-01 3.87569260e-01 3.88398481e-01 ... 2.52708805e+02
 2.34276919e+02 2.33773456e+02]

Updated uncertain values: [2.42217682e-01 3.88814566e-01 3.89642523e-01 ... 2.52742541e+02
 2.34316268e+02 2.33810150e+02]


            Iteration [  14]: Absolute Error = 0.10662666273333343,
            Percentage Error = 0.0059647959058772
            
Optimization Iteration[15/100]

Theta: [0.24221768 0.38881457 0.38964252 ... 1.87954832 1.19246915 1.06514188]

Gamma: [606.39577792 587.53275905 531.95677284 ... 252.74254121 234.31626821
 233.81014987]

Solving the optimization problem...
Set parameter TokenServer to value "licenses.rcc.uchicago.edu"
Read LP format model from file /scratch/local/jobs/50255464/tmpqezze6s8.pyomo.lp
Reading time = 2.16 seconds
x1: 417600 rows, 834801 columns, 2083271 nonzeros
Gurobi Optimizer version 11.0.0 build v11.0.0rc2 (linux64 - "CentOS Linux 8")

CPU model: Intel(R) Xeon(R) Gold 6248R CPU @ 3.00GHz, instruction set [SSE2|AVX|AVX2|AVX512]
Thread count: 48 physical cores, 48 logical processors, using up to 32 threads

Optimize a model with 417600 rows, 834801 columns and 2083271 nonzeros
Model fingerprint: 0x0e003c3d
Model has 400 quadratic objective terms
Coefficient statistics:
  Matrix range     [1e+00, 9e+02]
  Objective range  [2e-03, 8e+02]
  QObjective range [2e+03, 2e+05]
  Bounds range     [3e-06, 1e+00]
  RHS range        [9e-11, 4e-01]
Presolve removed 208947 rows and 209294 columns
Presolve time: 0.84s
Presolved: 208653 rows, 625507 columns, 1249571 nonzeros
Presolved model has 400 quadratic objective terms
Ordering time: 1.38s

Barrier statistics:
 AA' NZ     : 6.241e+05
 Factor NZ  : 6.773e+07 (roughly 900 MB of memory)
 Factor Ops : 2.543e+10 (less than 1 second per iteration)
 Threads    : 32

                  Objective                Residual
Iter       Primal          Dual         Primal    Dual     Compl     Time
   0  -1.47766457e+11  1.10640369e+11  1.04e+06 1.13e-13  1.00e+06     6s
   1  -6.48575399e+10  6.33660869e+10  4.43e+04 3.08e+01  4.67e+04     8s
   2  -3.05822049e+10  3.06535047e+10  4.48e+02 1.24e-01  5.43e+02    10s
   3  -1.08845355e+10  1.09725937e+10  3.21e+00 1.41e-12  2.86e+01    12s
   4  -2.40144792e+09  2.49925955e+09  2.67e-01 1.26e-12  5.95e+00    17s
   5  -5.82493539e+08  6.48614707e+08  3.65e-02 4.04e-12  1.46e+00    22s
   6  -9.63106096e+07  1.09568710e+08  2.74e-03 1.67e-12  2.41e-01    26s
   7  -1.41086001e+07  1.68751394e+07  2.74e-09 1.52e-12  3.63e-02    31s
   8  -2.06748518e+06  2.45926366e+06  2.73e-13 1.26e-12  5.30e-03    34s
   9  -3.07599827e+05  3.77822378e+05  4.10e-14 3.61e-13  8.02e-04    36s
  10  -4.61672853e+04  5.46282643e+04  2.28e-14 5.40e-14  1.18e-04    38s
  11  -7.15031363e+03  8.45583032e+03  1.43e-14 7.73e-15  1.83e-05    40s
  12  -1.74715796e+03  1.94163020e+03  1.32e-14 1.80e-15  4.32e-06    43s
  13  -4.08923647e+02  9.46727020e+02  9.98e-16 5.55e-16  1.59e-06    45s
  14  -9.44635576e+00  3.80614045e+02  5.74e-16 4.49e-16  4.57e-07    48s
  15   1.19866103e+02  2.65622206e+02  3.03e-16 6.66e-16  1.71e-07    50s
  16   1.65358519e+02  2.18441376e+02  1.46e-16 4.44e-16  6.21e-08    52s
  17   1.80097083e+02  2.07608844e+02  7.20e-17 4.44e-16  3.22e-08    54s
  18   1.89151135e+02  2.01804428e+02  4.36e-17 4.44e-16  1.48e-08    56s
  19   1.92415074e+02  1.99979733e+02  4.88e-17 4.44e-16  8.86e-09    58s
  20   1.94885981e+02  1.98685174e+02  4.71e-17 4.44e-16  4.45e-09    60s
  21   1.95696466e+02  1.98291173e+02  9.89e-17 4.44e-16  3.04e-09    61s
  22   1.96408660e+02  1.97953497e+02  1.12e-16 4.44e-16  1.81e-09    63s
  23   1.96887405e+02  1.97733600e+02  1.22e-16 4.44e-16  9.91e-10    65s
  24   1.97143372e+02  1.97619956e+02  1.93e-16 4.44e-16  5.58e-10    67s
  25   1.97217222e+02  1.97587992e+02  1.62e-16 4.44e-16  4.34e-10    69s
  26   1.97347831e+02  1.97532108e+02  2.05e-16 4.44e-16  2.16e-10    71s
  27   1.97406891e+02  1.97507218e+02  2.63e-16 4.44e-16  1.17e-10    73s
  28   1.97443766e+02  1.97491987e+02  1.65e-16 4.44e-16  5.65e-11    75s
  29   1.97456634e+02  1.97486672e+02  1.89e-16 4.44e-16  3.52e-11    76s
  30   1.97469345e+02  1.97481483e+02  1.32e-16 4.44e-16  1.42e-11    78s
  31   1.97471731e+02  1.97480516e+02  3.25e-16 4.44e-16  1.03e-11    80s
  32   1.97474685e+02  1.97479324e+02  3.38e-16 5.55e-16  5.43e-12    82s
  33   1.97477455e+02  1.97478214e+02  1.25e-15 4.44e-16  8.88e-13    84s
  34   1.97477851e+02  1.97478056e+02  3.67e-15 5.55e-16  2.40e-13    86s
  35   1.97477985e+02  1.97478002e+02  3.93e-15 6.66e-16  1.98e-14    88s
  36   1.97477997e+02  1.97477998e+02  1.57e-15 5.55e-16  2.54e-16    90s

Barrier solved model in 36 iterations and 90.13 seconds (16.37 work units)
Optimal objective 1.97477997e+02

Done! Time elapsed: 120.8491644859314 seconds.
Starting HMC sampling...

                                                                                                                                                                                                                                                                                                                                
Finished sampling! Elapsed Time: 1042.5389614105225 seconds

Checking sampler transitions treedepth.
35 of 16000 (0.22%) transitions hit the maximum treedepth limit of 10, or 2^10 leapfrog steps.
Trajectories that are prematurely terminated due to this limit will result in slow exploration.
For optimal performance, increase this limit.

Checking sampler transitions for divergences.
No divergent transitions found.

Checking E-BFMI - sampler transitions HMC potential energy.
E-BFMI satisfactory.

Rank-normalized split effective sample size satisfactory for all parameters.

Rank-normalized split R-hat values satisfactory for all parameters.

Processing complete.

Parameters from last iteration: [2.42217682e-01 3.88814566e-01 3.89642523e-01 ... 2.52742541e+02
 2.34316268e+02 2.33810150e+02]

Parameters from current iteration:
            [2.41824256e-01 3.87577228e-01 3.88400418e-01 ... 2.52690045e+02
 2.34267126e+02 2.33770390e+02]

Updated uncertain values: [2.42119325e-01 3.88505232e-01 3.89331997e-01 ... 2.52729417e+02
 2.34303983e+02 2.33800210e+02]


            Iteration [  15]: Absolute Error = 0.14585248624655378,
            Percentage Error = 0.002484312591797865
            
Terminated. Sampling the final distribution...

                                                                                                                                                                                                                                                                                                                                
Solving the optimization problem...
Set parameter TokenServer to value "licenses.rcc.uchicago.edu"
Read LP format model from file /scratch/local/jobs/50255464/tmpxd5_hii9.pyomo.lp
Reading time = 2.18 seconds
x1: 417600 rows, 834801 columns, 2083271 nonzeros
Gurobi Optimizer version 11.0.0 build v11.0.0rc2 (linux64 - "CentOS Linux 8")

CPU model: Intel(R) Xeon(R) Gold 6248R CPU @ 3.00GHz, instruction set [SSE2|AVX|AVX2|AVX512]
Thread count: 48 physical cores, 48 logical processors, using up to 32 threads

Optimize a model with 417600 rows, 834801 columns and 2083271 nonzeros
Model fingerprint: 0x08c29fb2
Model has 400 quadratic objective terms
Coefficient statistics:
  Matrix range     [1e+00, 9e+02]
  Objective range  [9e-04, 9e+02]
  QObjective range [2e+03, 2e+05]
  Bounds range     [2e-06, 1e+00]
  RHS range        [6e-10, 4e-01]
Presolve removed 209011 rows and 209422 columns
Presolve time: 0.85s
Presolved: 208589 rows, 625379 columns, 1249315 nonzeros
Presolved model has 400 quadratic objective terms
Ordering time: 1.30s

Barrier statistics:
 AA' NZ     : 6.239e+05
 Factor NZ  : 6.769e+07 (roughly 900 MB of memory)
 Factor Ops : 2.541e+10 (less than 1 second per iteration)
 Threads    : 32

                  Objective                Residual
Iter       Primal          Dual         Primal    Dual     Compl     Time
   0  -1.47766410e+11  1.10640510e+11  1.04e+06 1.14e-13  1.00e+06     5s
   1  -6.44093935e+10  6.29220064e+10  4.42e+04 3.07e+01  4.64e+04     7s
   2  -3.03829672e+10  3.04541983e+10  4.47e+02 1.24e-01  5.40e+02     9s
   3  -1.08294648e+10  1.09173897e+10  3.61e+00 1.56e-12  2.88e+01    11s
   4  -2.46845566e+09  2.56650205e+09  2.90e-01 1.30e-12  6.13e+00    16s
   5  -5.87255394e+08  6.54699460e+08  3.72e-02 4.87e-12  1.47e+00    20s
   6  -9.80842276e+07  1.11721862e+08  2.91e-03 1.81e-12  2.46e-01    25s
   7  -1.44843670e+07  1.73459989e+07  6.96e-06 1.35e-12  3.73e-02    30s
   8  -2.12410862e+06  2.53332524e+06  7.12e-12 1.08e-12  5.45e-03    32s
   9  -3.16384577e+05  3.89754695e+05  4.03e-14 3.88e-13  8.27e-04    34s
  10  -4.75827384e+04  5.63235649e+04  2.51e-14 7.04e-14  1.22e-04    36s
  11  -7.42506111e+03  8.65522610e+03  1.43e-14 8.80e-15  1.88e-05    38s
  12  -1.86504389e+03  1.93707412e+03  1.41e-14 2.62e-15  4.45e-06    42s
  13  -4.69743982e+02  8.65137228e+02  1.01e-15 6.66e-16  1.56e-06    45s
  14  -6.95647212e+01  3.37822448e+02  6.59e-16 6.66e-16  4.77e-07    47s
  15   5.88626412e+01  2.06277141e+02  4.21e-16 6.66e-16  1.73e-07    49s
  16   1.03631532e+02  1.63536528e+02  9.39e-17 4.44e-16  7.01e-08    51s
  17   1.16282542e+02  1.54298655e+02  5.31e-17 4.44e-16  4.45e-08    54s
  18   1.29022397e+02  1.45755893e+02  1.24e-16 3.33e-16  1.96e-08    56s
  19   1.31756240e+02  1.44206836e+02  1.25e-16 4.44e-16  1.46e-08    57s
  20   1.35485303e+02  1.42254921e+02  5.62e-17 4.44e-16  7.93e-09    59s
  21   1.37293425e+02  1.41299425e+02  9.15e-17 4.44e-16  4.69e-09    61s
  22   1.37611473e+02  1.41140080e+02  9.30e-17 4.44e-16  4.13e-09    63s
  23   1.38492792e+02  1.40718849e+02  1.16e-16 4.44e-16  2.61e-09    65s
  24   1.39209925e+02  1.40380060e+02  8.11e-17 4.44e-16  1.37e-09    67s
  25   1.39415049e+02  1.40285050e+02  1.00e-16 4.44e-16  1.02e-09    69s
  26   1.39598436e+02  1.40201867e+02  5.46e-17 4.44e-16  7.07e-10    71s
  27   1.39797850e+02  1.40114919e+02  4.64e-17 4.44e-16  3.71e-10    73s
  28   1.39809857e+02  1.40109706e+02  4.71e-17 4.44e-16  3.51e-10    75s
  29   1.39907012e+02  1.40067995e+02  1.04e-16 4.44e-16  1.89e-10    76s
  30   1.39965679e+02  1.40043173e+02  1.14e-16 4.44e-16  9.07e-11    79s
  31   1.39993263e+02  1.40031984e+02  9.15e-17 4.44e-16  4.53e-11    80s
  32   1.40009248e+02  1.40025498e+02  1.60e-16 4.44e-16  1.90e-11    82s
  33   1.40018457e+02  1.40021845e+02  1.07e-15 6.66e-16  3.97e-12    85s
  34   1.40019839e+02  1.40021303e+02  6.04e-15 5.55e-16  1.71e-12    87s
  35   1.40020621e+02  1.40020996e+02  5.27e-15 5.55e-16  4.40e-13    89s
  36   1.40020831e+02  1.40020914e+02  6.54e-15 5.55e-16  9.62e-14    91s
  37   1.40020875e+02  1.40020896e+02  3.60e-15 5.55e-16  2.52e-14    93s
  38   1.40020889e+02  1.40020891e+02  3.59e-15 6.66e-16  1.95e-15    95s

Barrier solved model in 38 iterations and 95.02 seconds (17.15 work units)
Optimal objective 1.40020889e+02

Done! Time elapsed: 126.81219029426575 seconds.
min_result 0.0959518462849066 min_pe 4.2

Program ends Sat May 30 00:32:53 CDT 2026
Exit code: 0
Elapsed time: 23884 seconds
