Command: /project/lhansen/HMC_rep26_robust_mac/amazon-carbon-prices/.venv/bin/python pysrc/bash/shadow_price.py --id 43 --xi 1 --sites 1043
Working directory: /project/lhansen/HMC_rep26_robust_mac/amazon-carbon-prices
Program starts Fri May 29 17:54:51 CDT 2026

Data successfully loaded from /project/lhansen/HMC_rep26_robust_mac/amazon-carbon-prices/data/calibration
Waiting for Stan compile lock: /project/lhansen/HMC_rep26_robust_mac/amazon-carbon-prices/stan_model/adjusted.compile.lock
Using Stan model executable: /project/lhansen/HMC_rep26_robust_mac/amazon-carbon-prices/stan_model/adjusted
Optimization Iteration[1/100]

Theta: [0.19293399 0.39270684 0.39383513 ... 2.1961384  1.20930668 1.03223742]

Gamma: [605.85192903 587.02426052 531.68859839 ... 252.44623295 234.13249733
 233.63746894]

Solving the optimization problem...
Set parameter TokenServer to value "licenses.rcc.uchicago.edu"
Read LP format model from file /scratch/local/jobs/50255465/tmp4sm0q69x.pyomo.lp
Reading time = 2.19 seconds
x1: 417600 rows, 834801 columns, 2083271 nonzeros
Gurobi Optimizer version 11.0.0 build v11.0.0rc2 (linux64 - "CentOS Linux 8")

CPU model: Intel(R) Xeon(R) Gold 6248R CPU @ 3.00GHz, instruction set [SSE2|AVX|AVX2|AVX512]
Thread count: 48 physical cores, 48 logical processors, using up to 32 threads

Optimize a model with 417600 rows, 834801 columns and 2083271 nonzeros
Model fingerprint: 0xd67ddaeb
Model has 400 quadratic objective terms
Coefficient statistics:
  Matrix range     [1e+00, 9e+02]
  Objective range  [5e-04, 8e+02]
  QObjective range [2e+03, 2e+05]
  Bounds range     [3e-06, 1e+00]
  RHS range        [9e-11, 4e-01]
Presolve removed 208947 rows and 209294 columns
Presolve time: 0.85s
Presolved: 208653 rows, 625507 columns, 1249571 nonzeros
Presolved model has 400 quadratic objective terms
Ordering time: 0.94s

Barrier statistics:
 AA' NZ     : 6.241e+05
 Factor NZ  : 6.773e+07 (roughly 900 MB of memory)
 Factor Ops : 2.543e+10 (less than 1 second per iteration)
 Threads    : 32

                  Objective                Residual
Iter       Primal          Dual         Primal    Dual     Compl     Time
   0  -1.48037057e+11  1.10640370e+11  1.04e+06 1.13e-13  1.00e+06     5s
   1  -6.48690042e+10  6.33659372e+10  4.43e+04 3.08e+01  4.67e+04     7s
   2  -3.05822903e+10  3.06534316e+10  4.48e+02 1.24e-01  5.43e+02     9s
   3  -1.08845277e+10  1.09725597e+10  3.21e+00 1.69e-12  2.86e+01    11s
   4  -2.40144009e+09  2.49923940e+09  2.67e-01 1.48e-12  5.95e+00    16s
   5  -5.82494612e+08  6.48609627e+08  3.65e-02 3.80e-12  1.46e+00    21s
   6  -9.63117577e+07  1.09567555e+08  2.74e-03 1.51e-12  2.41e-01    26s
   7  -1.41090119e+07  1.68749906e+07  2.74e-09 1.51e-12  3.63e-02    31s
   8  -2.06756644e+06  2.45919279e+06  2.76e-13 9.21e-13  5.30e-03    34s
   9  -3.07581899e+05  3.77967879e+05  4.88e-14 3.92e-13  8.03e-04    36s
  10  -4.60995685e+04  5.47552389e+04  1.95e-14 5.59e-14  1.18e-04    38s
  11  -7.10641282e+03  8.86444860e+03  1.15e-14 8.66e-15  1.87e-05    40s
  12  -1.26390289e+03  2.66022842e+03  8.93e-15 2.13e-15  4.59e-06    43s
  13  -1.69083616e+02  8.32885150e+02  1.49e-15 8.78e-16  1.17e-06    45s
  14   1.47451263e+02  4.91517179e+02  4.99e-16 4.44e-16  4.03e-07    48s
  15   2.57890336e+02  3.92564436e+02  3.43e-16 6.66e-16  1.58e-07    51s
  16   3.00921259e+02  3.49120234e+02  1.73e-16 6.66e-16  5.64e-08    53s
  17   3.09569356e+02  3.43084727e+02  1.60e-16 4.44e-16  3.92e-08    55s
  18   3.20825563e+02  3.35739122e+02  7.50e-17 4.44e-16  1.75e-08    56s
  19   3.23270378e+02  3.34368579e+02  6.74e-17 4.44e-16  1.30e-08    58s
  20   3.27072612e+02  3.32320312e+02  5.44e-17 5.55e-16  6.14e-09    60s
  21   3.28706998e+02  3.31513183e+02  1.06e-16 4.44e-16  3.29e-09    62s
  22   3.29462018e+02  3.31158456e+02  7.89e-17 5.55e-16  1.99e-09    64s
  23   3.29909241e+02  3.30954846e+02  9.89e-17 4.44e-16  1.22e-09    65s
  24   3.30184017e+02  3.30832291e+02  1.21e-16 4.44e-16  7.59e-10    67s
  25   3.30339731e+02  3.30764255e+02  1.47e-16 4.44e-16  4.97e-10    69s
  26   3.30458801e+02  3.30713092e+02  1.22e-16 4.44e-16  2.98e-10    71s
  27   3.30512037e+02  3.30690519e+02  1.33e-16 6.66e-16  2.09e-10    72s
  28   3.30580919e+02  3.30661705e+02  1.71e-16 4.44e-16  9.46e-11    74s
  29   3.30603331e+02  3.30652524e+02  4.10e-16 4.44e-16  5.76e-11    76s
  30   3.30625857e+02  3.30643338e+02  4.04e-16 5.55e-16  2.05e-11    78s
  31   3.30633750e+02  3.30640147e+02  5.88e-16 5.55e-16  7.49e-12    80s
  32   3.30637246e+02  3.30638745e+02  2.27e-15 6.66e-16  1.76e-12    82s
  33   3.30637858e+02  3.30638501e+02  1.98e-15 4.44e-16  7.52e-13    84s
  34   3.30638212e+02  3.30638360e+02  1.66e-15 6.66e-16  1.73e-13    86s
  35   3.30638297e+02  3.30638327e+02  7.33e-15 6.66e-16  3.42e-14    88s
  36   3.30638318e+02  3.30638318e+02  4.56e-15 6.66e-16  1.70e-16    90s

Barrier solved model in 36 iterations and 90.00 seconds (16.51 work units)
Optimal objective 3.30638318e+02

Done! Time elapsed: 121.7960250377655 seconds.
Starting HMC sampling...

                                                                                                                                                                                                                                                                                                                                
Finished sampling! Elapsed Time: 697.4845335483551 seconds

Checking sampler transitions treedepth.
4 of 16000 (0.03%) transitions hit the maximum treedepth limit of 10, or 2^10 leapfrog steps.
Trajectories that are prematurely terminated due to this limit will result in slow exploration.
For optimal performance, increase this limit.

Checking sampler transitions for divergences.
No divergent transitions found.

Checking E-BFMI - sampler transitions HMC potential energy.
E-BFMI satisfactory.

Rank-normalized split effective sample size satisfactory for all parameters.

Rank-normalized split R-hat values satisfactory for all parameters.

Processing complete.

Parameters from last iteration: [1.92933991e-01 3.92706841e-01 3.93835127e-01 ... 2.52446233e+02
 2.34132497e+02 2.33637469e+02]

Parameters from current iteration:
            [  0.28903915   0.4363452    0.43717716 ... 252.75725476 234.2252216
 233.63567054]

Updated uncertain values: [2.16960280e-01 4.03616431e-01 4.04670636e-01 ... 2.52523988e+02
 2.34155678e+02 2.33637019e+02]


            Iteration [   1]: Absolute Error = 1.8012318590625682,
            Percentage Error = 0.1920456384399622
            
Optimization Iteration[2/100]

Theta: [0.21696028 0.40361643 0.40467064 ... 2.10899492 1.20960918 1.04711276]

Gamma: [606.04999732 587.23959187 531.85665006 ... 252.5239884  234.15567839
 233.63701934]

Solving the optimization problem...
Set parameter TokenServer to value "licenses.rcc.uchicago.edu"
Read LP format model from file /scratch/local/jobs/50255465/tmplo3kal91.pyomo.lp
Reading time = 2.15 seconds
x1: 417600 rows, 834801 columns, 2083271 nonzeros
Gurobi Optimizer version 11.0.0 build v11.0.0rc2 (linux64 - "CentOS Linux 8")

CPU model: Intel(R) Xeon(R) Gold 6248R CPU @ 3.00GHz, instruction set [SSE2|AVX|AVX2|AVX512]
Thread count: 48 physical cores, 48 logical processors, using up to 32 threads

Optimize a model with 417600 rows, 834801 columns and 2083271 nonzeros
Model fingerprint: 0x846d9768
Model has 400 quadratic objective terms
Coefficient statistics:
  Matrix range     [1e+00, 9e+02]
  Objective range  [2e-03, 8e+02]
  QObjective range [2e+03, 2e+05]
  Bounds range     [3e-06, 1e+00]
  RHS range        [9e-11, 4e-01]
Presolve removed 208947 rows and 209294 columns
Presolve time: 0.80s
Presolved: 208653 rows, 625507 columns, 1249571 nonzeros
Presolved model has 400 quadratic objective terms
Ordering time: 1.08s

Barrier statistics:
 AA' NZ     : 6.241e+05
 Factor NZ  : 6.773e+07 (roughly 900 MB of memory)
 Factor Ops : 2.543e+10 (less than 1 second per iteration)
 Threads    : 32

                  Objective                Residual
Iter       Primal          Dual         Primal    Dual     Compl     Time
   0  -1.48275982e+11  1.10640370e+11  1.04e+06 1.13e-13  1.00e+06     5s
   1  -6.48790961e+10  6.33659311e+10  4.43e+04 3.08e+01  4.67e+04     7s
   2  -3.05823906e+10  3.06534287e+10  4.48e+02 1.24e-01  5.43e+02     9s
   3  -1.08845279e+10  1.09725586e+10  3.21e+00 1.66e-12  2.86e+01    11s
   4  -2.40144025e+09  2.49923915e+09  2.67e-01 1.24e-12  5.95e+00    16s
   5  -5.82494546e+08  6.48609326e+08  3.65e-02 5.99e-12  1.46e+00    21s
   6  -9.63117685e+07  1.09567416e+08  2.74e-03 1.43e-12  2.41e-01    25s
   7  -1.41090550e+07  1.68749212e+07  2.74e-09 1.55e-12  3.63e-02    30s
   8  -2.06761239e+06  2.45915406e+06  2.64e-13 1.24e-12  5.30e-03    33s
   9  -3.07621319e+05  3.77907142e+05  4.56e-14 2.73e-13  8.03e-04    35s
  10  -4.61378572e+04  5.47055803e+04  2.13e-14 6.68e-14  1.18e-04    37s
  11  -7.12641203e+03  8.70398677e+03  1.22e-14 8.29e-15  1.85e-05    38s
  12  -1.34011654e+03  2.14260882e+03  1.06e-14 1.85e-15  4.08e-06    42s
  13  -2.36261469e+02  9.67267680e+02  1.08e-15 6.66e-16  1.41e-06    44s
  14   1.33148088e+02  4.20676083e+02  4.81e-16 4.44e-16  3.37e-07    46s
  15   2.10699753e+02  3.35294631e+02  2.19e-16 4.44e-16  1.46e-07    48s
  16   2.26588002e+02  3.22979294e+02  1.58e-16 4.44e-16  1.13e-07    50s
  17   2.55616830e+02  3.01026595e+02  8.89e-17 4.44e-16  5.32e-08    52s
  18   2.68484752e+02  2.92539836e+02  7.76e-17 4.44e-16  2.82e-08    54s
  19   2.75507188e+02  2.88389926e+02  7.44e-17 4.44e-16  1.51e-08    56s
  20   2.79554154e+02  2.86225459e+02  5.72e-17 4.44e-16  7.81e-09    57s
  21   2.81623009e+02  2.85210041e+02  4.40e-16 5.55e-16  4.20e-09    59s
  22   2.82614462e+02  2.84751124e+02  2.01e-16 4.44e-16  2.50e-09    61s
  23   2.83209385e+02  2.84482615e+02  1.99e-16 4.44e-16  1.49e-09    63s
  24   2.83465379e+02  2.84369670e+02  3.19e-16 4.44e-16  1.06e-09    64s
  25   2.83607586e+02  2.84307770e+02  1.99e-16 4.44e-16  8.20e-10    66s
  26   2.83776671e+02  2.84234756e+02  2.24e-16 4.44e-16  5.36e-10    68s
  27   2.83915421e+02  2.84175784e+02  2.83e-16 4.44e-16  3.05e-10    69s
  28   2.83994927e+02  2.84142302e+02  3.24e-16 4.44e-16  1.73e-10    71s
  29   2.84034945e+02  2.84125756e+02  3.74e-16 4.44e-16  1.06e-10    73s
  30   2.84072660e+02  2.84110364e+02  3.46e-16 4.44e-16  4.41e-11    75s
  31   2.84091004e+02  2.84102927e+02  5.21e-16 5.55e-16  1.40e-11    77s
  32   2.84091522e+02  2.84102719e+02  4.70e-16 5.55e-16  1.31e-11    79s
  33   2.84095679e+02  2.84101054e+02  2.66e-15 4.44e-16  6.29e-12    81s
  34   2.84097601e+02  2.84100289e+02  6.73e-15 4.44e-16  3.15e-12    83s
  35   2.84098766e+02  2.84099827e+02  3.27e-15 4.44e-16  1.24e-12    85s
  36   2.84099291e+02  2.84099619e+02  2.86e-15 4.44e-16  3.84e-13    86s
  37   2.84099435e+02  2.84099561e+02  1.11e-15 6.66e-16  1.48e-13    88s
  38   2.84099522e+02  2.84099527e+02  1.81e-15 6.66e-16  6.52e-15    91s

Barrier solved model in 38 iterations and 90.63 seconds (17.41 work units)
Optimal objective 2.84099522e+02

Done! Time elapsed: 124.01938796043396 seconds.
Starting HMC sampling...

                                                                                                                                                                                                                                                                                                                                
Finished sampling! Elapsed Time: 993.5635614395142 seconds

Checking sampler transitions treedepth.
202 of 16000 (1.26%) transitions hit the maximum treedepth limit of 10, or 2^10 leapfrog steps.
Trajectories that are prematurely terminated due to this limit will result in slow exploration.
For optimal performance, increase this limit.

Checking sampler transitions for divergences.
No divergent transitions found.

Checking E-BFMI - sampler transitions HMC potential energy.
E-BFMI satisfactory.

Rank-normalized split effective sample size satisfactory for all parameters.

Rank-normalized split R-hat values satisfactory for all parameters.

Processing complete.

Parameters from last iteration: [2.16960280e-01 4.03616431e-01 4.04670636e-01 ... 2.52523988e+02
 2.34155678e+02 2.33637019e+02]

Parameters from current iteration:
            [  0.27780315   0.42229688   0.42311296 ... 252.80807113 234.32670675
 233.73035156]

Updated uncertain values: [2.32170999e-01 4.08286544e-01 4.09281218e-01 ... 2.52595009e+02
 2.34198435e+02 2.33660352e+02]


            Iteration [   2]: Absolute Error = 1.091612422265598,
            Percentage Error = 0.16835026505526532
            
Optimization Iteration[3/100]

Theta: [0.232171   0.40828654 0.40928122 ... 2.04523823 1.20886857 1.05686493]

Gamma: [606.14231962 587.32506168 531.92972272 ... 252.59500909 234.19843548
 233.6603524 ]

Solving the optimization problem...
Set parameter TokenServer to value "licenses.rcc.uchicago.edu"
Read LP format model from file /scratch/local/jobs/50255465/tmp92512wun.pyomo.lp
Reading time = 2.15 seconds
x1: 417600 rows, 834801 columns, 2083271 nonzeros
Gurobi Optimizer version 11.0.0 build v11.0.0rc2 (linux64 - "CentOS Linux 8")

CPU model: Intel(R) Xeon(R) Gold 6248R CPU @ 3.00GHz, instruction set [SSE2|AVX|AVX2|AVX512]
Thread count: 48 physical cores, 48 logical processors, using up to 32 threads

Optimize a model with 417600 rows, 834801 columns and 2083271 nonzeros
Model fingerprint: 0x665ee9cf
Model has 400 quadratic objective terms
Coefficient statistics:
  Matrix range     [1e+00, 9e+02]
  Objective range  [2e-03, 8e+02]
  QObjective range [2e+03, 2e+05]
  Bounds range     [3e-06, 1e+00]
  RHS range        [9e-11, 4e-01]
Presolve removed 208947 rows and 209294 columns
Presolve time: 0.80s
Presolved: 208653 rows, 625507 columns, 1249571 nonzeros
Presolved model has 400 quadratic objective terms
Ordering time: 1.04s

Barrier statistics:
 AA' NZ     : 6.241e+05
 Factor NZ  : 6.773e+07 (roughly 900 MB of memory)
 Factor Ops : 2.543e+10 (less than 1 second per iteration)
 Threads    : 32

                  Objective                Residual
Iter       Primal          Dual         Primal    Dual     Compl     Time
   0  -1.48433003e+11  1.10640370e+11  1.04e+06 1.12e-13  1.00e+06     6s
   1  -6.48857293e+10  6.33659275e+10  4.43e+04 3.08e+01  4.67e+04     7s
   2  -3.05824566e+10  3.06534270e+10  4.48e+02 1.24e-01  5.43e+02    10s
   3  -1.08845280e+10  1.09725579e+10  3.21e+00 1.46e-12  2.86e+01    12s
   4  -2.40144039e+09  2.49923906e+09  2.67e-01 1.36e-12  5.95e+00    16s
   5  -5.82494489e+08  6.48609135e+08  3.65e-02 6.38e-12  1.46e+00    21s
   6  -9.63117646e+07  1.09567320e+08  2.74e-03 1.25e-12  2.41e-01    26s
   7  -1.41090806e+07  1.68748731e+07  2.74e-09 1.43e-12  3.63e-02    31s
   8  -2.06764201e+06  2.45912791e+06  2.70e-13 1.02e-12  5.30e-03    33s
   9  -3.07646953e+05  3.77865038e+05  4.44e-14 3.72e-13  8.03e-04    35s
  10  -4.61629397e+04  5.46719692e+04  2.38e-14 8.17e-14  1.18e-04    37s
  11  -7.13832114e+03  8.59490349e+03  1.20e-14 1.14e-14  1.84e-05    39s
  12  -1.30368883e+03  1.89407061e+03  1.25e-14 1.94e-15  3.74e-06    42s
  13  -2.63401423e+02  9.61510373e+02  1.41e-15 6.66e-16  1.43e-06    44s
  14   1.08704485e+02  3.79326406e+02  5.11e-16 4.44e-16  3.17e-07    46s
  15   1.81421892e+02  3.03973965e+02  2.04e-16 4.44e-16  1.43e-07    49s
  16   2.01203334e+02  2.88916330e+02  1.32e-16 4.44e-16  1.03e-07    50s
  17   2.29664744e+02  2.67974965e+02  1.34e-16 4.44e-16  4.49e-08    52s
  18   2.36535594e+02  2.63730205e+02  9.87e-17 4.44e-16  3.18e-08    54s
  19   2.43966100e+02  2.59310150e+02  7.33e-17 4.44e-16  1.80e-08    56s
  20   2.47047661e+02  2.57704216e+02  6.66e-17 4.44e-16  1.25e-08    57s
  21   2.51060731e+02  2.55580314e+02  7.74e-17 4.44e-16  5.29e-09    59s
  22   2.51919635e+02  2.55172939e+02  6.55e-17 4.44e-16  3.81e-09    61s
  23   2.52945009e+02  2.54696183e+02  7.65e-17 4.44e-16  2.05e-09    63s
  24   2.53301718e+02  2.54535850e+02  1.09e-16 5.00e-16  1.44e-09    64s
  25   2.53613356e+02  2.54397677e+02  2.48e-16 4.44e-16  9.18e-10    66s
  26   2.53756334e+02  2.54335366e+02  1.69e-16 4.44e-16  6.78e-10    68s
  27   2.53878554e+02  2.54282551e+02  1.56e-16 4.44e-16  4.73e-10    70s
  28   2.54005573e+02  2.54228285e+02  3.51e-16 4.44e-16  2.61e-10    72s
  29   2.54092133e+02  2.54191851e+02  2.96e-16 4.44e-16  1.17e-10    73s
  30   2.54099782e+02  2.54188687e+02  2.93e-16 4.44e-16  1.04e-10    75s
  31   2.54145429e+02  2.54169926e+02  1.28e-15 5.55e-16  2.87e-11    77s
  32   2.54149257e+02  2.54168380e+02  8.98e-16 6.66e-16  2.24e-11    79s
  33   2.54149634e+02  2.54168228e+02  8.50e-16 6.66e-16  2.18e-11    81s
  34   2.54150331e+02  2.54167949e+02  6.69e-16 6.66e-16  2.06e-11    83s
  35   2.54156143e+02  2.54165621e+02  1.58e-15 4.44e-16  1.11e-11    84s
  36   2.54161071e+02  2.54163655e+02  8.50e-15 4.44e-16  3.03e-12    86s
  37   2.54162444e+02  2.54163108e+02  2.43e-14 5.55e-16  7.77e-13    88s
  38   2.54162802e+02  2.54162965e+02  4.65e-15 5.55e-16  1.91e-13    90s
  39   2.54162888e+02  2.54162931e+02  5.63e-15 5.55e-16  5.05e-14    92s
  40   2.54162917e+02  2.54162919e+02  1.36e-15 5.55e-16  2.24e-15    94s

Barrier solved model in 40 iterations and 93.83 seconds (18.07 work units)
Optimal objective 2.54162917e+02

Done! Time elapsed: 124.12725377082825 seconds.
Starting HMC sampling...

                                                                                                                                                                                                                                                                                                                                
Finished sampling! Elapsed Time: 1073.9356169700623 seconds

Checking sampler transitions treedepth.
134 of 16000 (0.84%) transitions hit the maximum treedepth limit of 10, or 2^10 leapfrog steps.
Trajectories that are prematurely terminated due to this limit will result in slow exploration.
For optimal performance, increase this limit.

Checking sampler transitions for divergences.
No divergent transitions found.

Checking E-BFMI - sampler transitions HMC potential energy.
E-BFMI satisfactory.

Rank-normalized split effective sample size satisfactory for all parameters.

Rank-normalized split R-hat values satisfactory for all parameters.

Processing complete.

Parameters from last iteration: [2.32170999e-01 4.08286544e-01 4.09281218e-01 ... 2.52595009e+02
 2.34198435e+02 2.33660352e+02]

Parameters from current iteration:
            [  0.26703315   0.41289754   0.41372136 ... 252.79344369 234.30765451
 233.73826611]

Updated uncertain values: [2.40886536e-01 4.09439293e-01 4.10391253e-01 ... 2.52644618e+02
 2.34225740e+02 2.33679831e+02]


            Iteration [   3]: Absolute Error = 0.7350429351366756,
            Percentage Error = 0.14294123419178348
            
Optimization Iteration[4/100]

Theta: [0.24088654 0.40943929 0.41039125 ... 2.00069341 1.20678694 1.06176593]

Gamma: [606.26331877 587.43605747 532.0056398  ... 252.64461774 234.22574024
 233.67983083]

Solving the optimization problem...
Set parameter TokenServer to value "licenses.rcc.uchicago.edu"
Read LP format model from file /scratch/local/jobs/50255465/tmp4lho3_ot.pyomo.lp
Reading time = 2.16 seconds
x1: 417600 rows, 834801 columns, 2083271 nonzeros
Gurobi Optimizer version 11.0.0 build v11.0.0rc2 (linux64 - "CentOS Linux 8")

CPU model: Intel(R) Xeon(R) Gold 6248R CPU @ 3.00GHz, instruction set [SSE2|AVX|AVX2|AVX512]
Thread count: 48 physical cores, 48 logical processors, using up to 32 threads

Optimize a model with 417600 rows, 834801 columns and 2083271 nonzeros
Model fingerprint: 0x072ab49a
Model has 400 quadratic objective terms
Coefficient statistics:
  Matrix range     [1e+00, 9e+02]
  Objective range  [1e-03, 8e+02]
  QObjective range [2e+03, 2e+05]
  Bounds range     [3e-06, 1e+00]
  RHS range        [9e-11, 4e-01]
Presolve removed 208947 rows and 209294 columns
Presolve time: 0.80s
Presolved: 208653 rows, 625507 columns, 1249571 nonzeros
Presolved model has 400 quadratic objective terms
Ordering time: 1.04s

Barrier statistics:
 AA' NZ     : 6.241e+05
 Factor NZ  : 6.773e+07 (roughly 900 MB of memory)
 Factor Ops : 2.543e+10 (less than 1 second per iteration)
 Threads    : 32

                  Objective                Residual
Iter       Primal          Dual         Primal    Dual     Compl     Time
   0  -3.80841877e+10  1.08047384e+08  1.04e+06 3.32e+02  9.96e+05     5s
   1  -2.02944885e+09  4.22101154e+07  5.45e+04 1.11e-12  6.03e+04     7s
   2  -1.16273071e+07  6.75087462e+06  1.35e+02 2.03e-12  1.66e+02     9s
   3  -1.14087157e+06  1.15494586e+06  1.86e+00 2.49e-12  4.72e+00    11s
   4  -1.96691290e+05  2.67415096e+05  6.06e-02 1.91e-12  6.10e-01    13s
   5  -3.93433024e+04  5.18191781e+04  2.52e-03 1.22e-12  1.10e-01    15s
   6  -9.80511574e+03  1.28708345e+04  3.08e-04 1.22e-12  2.72e-02    17s
   7  -3.29049790e+03  4.57269386e+03  7.69e-05 2.41e-12  9.43e-03    18s
   8  -1.16801262e+03  2.38814125e+03  1.14e-05 1.24e-12  4.26e-03    20s
   9  -3.88782194e+02  1.06331848e+03  3.55e-06 6.86e-13  1.74e-03    22s
  10   3.99615745e+01  4.12171826e+02  1.95e-07 3.57e-13  4.46e-04    24s
  11   1.64451023e+02  2.97423674e+02  8.09e-09 2.56e-13  1.59e-04    26s
  12   2.03215498e+02  2.56479321e+02  1.12e-09 2.31e-13  6.39e-05    28s
  13   2.19622210e+02  2.43584894e+02  3.46e-10 2.27e-13  2.87e-05    30s
  14   2.22826396e+02  2.41400818e+02  2.34e-10 3.13e-13  2.23e-05    32s
  15   2.27608582e+02  2.38347509e+02  1.21e-10 4.55e-13  1.29e-05    34s
  16   2.30947854e+02  2.36357877e+02  5.03e-11 3.41e-13  6.49e-06    35s
  17   2.32694221e+02  2.35392180e+02  1.78e-11 4.55e-13  3.23e-06    37s
  18   2.33642338e+02  2.34907932e+02  5.51e-12 4.55e-13  1.52e-06    39s
  19   2.34091898e+02  2.34689866e+02  1.43e-12 4.55e-13  7.17e-07    41s
  20   2.34228599e+02  2.34627685e+02  6.68e-13 4.55e-13  4.78e-07    43s
  21   2.34306254e+02  2.34593629e+02  3.20e-13 4.55e-13  3.45e-07    45s
  22   2.34404409e+02  2.34551545e+02  1.13e-13 4.55e-13  1.76e-07    47s
  23   2.34474816e+02  2.34521721e+02  1.34e-14 5.68e-13  5.62e-08    49s
  24   2.34493056e+02  2.34514334e+02  3.70e-15 4.55e-13  2.55e-08    50s
  25   2.34501677e+02  2.34510882e+02  2.09e-15 4.55e-13  1.10e-08    52s
  26   2.34504825e+02  2.34509631e+02  1.38e-15 4.55e-13  5.76e-09    54s
  27   2.34507334e+02  2.34508634e+02  2.75e-15 6.82e-13  1.56e-09    56s
  28   2.34508076e+02  2.34508341e+02  1.39e-15 6.82e-13  3.18e-10    58s
  29   2.34508238e+02  2.34508277e+02  1.28e-15 5.68e-13  4.75e-11    60s
  30   2.34508255e+02  2.34508271e+02  1.09e-15 5.68e-13  1.88e-11    61s
  31   2.34508265e+02  2.34508266e+02  4.71e-16 6.82e-13  1.28e-12    63s

Barrier solved model in 31 iterations and 63.04 seconds (14.31 work units)
Optimal objective 2.34508265e+02

Done! Time elapsed: 93.57491302490234 seconds.
Starting HMC sampling...

                                                                                                                                                                                                                                                                                                                                
Finished sampling! Elapsed Time: 991.8199717998505 seconds

Checking sampler transitions treedepth.
30 of 16000 (0.19%) transitions hit the maximum treedepth limit of 10, or 2^10 leapfrog steps.
Trajectories that are prematurely terminated due to this limit will result in slow exploration.
For optimal performance, increase this limit.

Checking sampler transitions for divergences.
No divergent transitions found.

Checking E-BFMI - sampler transitions HMC potential energy.
E-BFMI satisfactory.

Rank-normalized split effective sample size satisfactory for all parameters.

Rank-normalized split R-hat values satisfactory for all parameters.

Processing complete.

Parameters from last iteration: [2.40886536e-01 4.09439293e-01 4.10391253e-01 ... 2.52644618e+02
 2.34225740e+02 2.33679831e+02]

Parameters from current iteration:
            [  0.26011282   0.4055068    0.40632797 ... 252.79003484 234.35191767
 233.79953903]

Updated uncertain values: [2.45693106e-01 4.08456171e-01 4.09375432e-01 ... 2.52680972e+02
 2.34257285e+02 2.33709758e+02]


            Iteration [   4]: Absolute Error = 0.3860959507494499,
            Percentage Error = 0.11421035038661853
            
Optimization Iteration[5/100]

Theta: [0.24569311 0.40845617 0.40937543 ... 1.96841946 1.20472616 1.06466786]

Gamma: [606.21825532 587.40205593 531.9832613  ... 252.68097201 234.2572846
 233.70975788]

Solving the optimization problem...
Set parameter TokenServer to value "licenses.rcc.uchicago.edu"
Read LP format model from file /scratch/local/jobs/50255465/tmpbu4rekq2.pyomo.lp
Reading time = 2.14 seconds
x1: 417600 rows, 834801 columns, 2083271 nonzeros
Gurobi Optimizer version 11.0.0 build v11.0.0rc2 (linux64 - "CentOS Linux 8")

CPU model: Intel(R) Xeon(R) Gold 6248R CPU @ 3.00GHz, instruction set [SSE2|AVX|AVX2|AVX512]
Thread count: 48 physical cores, 48 logical processors, using up to 32 threads

Optimize a model with 417600 rows, 834801 columns and 2083271 nonzeros
Model fingerprint: 0x2adff7cb
Model has 400 quadratic objective terms
Coefficient statistics:
  Matrix range     [1e+00, 9e+02]
  Objective range  [1e-04, 8e+02]
  QObjective range [2e+03, 2e+05]
  Bounds range     [3e-06, 1e+00]
  RHS range        [9e-11, 4e-01]
Presolve removed 208947 rows and 209294 columns
Presolve time: 0.80s
Presolved: 208653 rows, 625507 columns, 1249571 nonzeros
Presolved model has 400 quadratic objective terms
Ordering time: 1.04s

Barrier statistics:
 AA' NZ     : 6.241e+05
 Factor NZ  : 6.773e+07 (roughly 900 MB of memory)
 Factor Ops : 2.543e+10 (less than 1 second per iteration)
 Threads    : 32

                  Objective                Residual
Iter       Primal          Dual         Primal    Dual     Compl     Time
   0  -1.48599504e+11  1.10640369e+11  1.04e+06 1.13e-13  1.00e+06     5s
   1  -6.48927658e+10  6.33659244e+10  4.43e+04 3.08e+01  4.67e+04     7s
   2  -3.05825267e+10  3.06534256e+10  4.48e+02 1.24e-01  5.43e+02     9s
   3  -1.08845282e+10  1.09725573e+10  3.21e+00 1.57e-12  2.86e+01    11s
   4  -2.40144056e+09  2.49923902e+09  2.67e-01 1.25e-12  5.95e+00    15s
   5  -5.82494414e+08  6.48608940e+08  3.65e-02 3.01e-12  1.46e+00    20s
   6  -9.63117455e+07  1.09567211e+08  2.74e-03 1.33e-12  2.41e-01    25s
   7  -1.41091047e+07  1.68748224e+07  2.74e-09 1.51e-12  3.63e-02    30s
   8  -2.06767279e+06  2.45910045e+06  2.83e-13 1.18e-12  5.30e-03    32s
   9  -3.07674026e+05  3.77819843e+05  4.68e-14 3.87e-13  8.03e-04    34s
  10  -4.61895994e+04  5.46359046e+04  2.02e-14 5.99e-14  1.18e-04    36s
  11  -7.15089305e+03  8.47981154e+03  1.32e-14 1.03e-14  1.83e-05    38s
  12  -1.71821989e+03  1.93800831e+03  1.11e-14 1.85e-15  4.28e-06    41s
  13  -4.08913777e+02  1.14609912e+03  1.18e-15 6.66e-16  1.82e-06    43s
  14   3.11053174e+01  3.91417208e+02  3.99e-16 5.71e-16  4.22e-07    46s
  15   1.47751797e+02  2.83449498e+02  2.62e-16 5.55e-16  1.59e-07    48s
  16   1.83608639e+02  2.47961504e+02  1.02e-16 4.44e-16  7.53e-08    50s
  17   2.01237804e+02  2.33847235e+02  7.70e-17 4.44e-16  3.82e-08    52s
  18   2.11531629e+02  2.26836256e+02  4.66e-17 4.44e-16  1.79e-08    53s
  19   2.16525365e+02  2.23914897e+02  5.18e-17 6.66e-16  8.65e-09    55s
  20   2.18572095e+02  2.22842541e+02  5.25e-17 4.44e-16  5.00e-09    57s
  21   2.19850072e+02  2.22213405e+02  8.63e-17 4.44e-16  2.77e-09    59s
  22   2.20520902e+02  2.21896925e+02  9.67e-17 4.44e-16  1.61e-09    60s
  23   2.20780963e+02  2.21780034e+02  6.38e-17 4.44e-16  1.17e-09    62s
  24   2.21091958e+02  2.21640572e+02  9.30e-17 4.44e-16  6.42e-10    64s
  25   2.21257926e+02  2.21567535e+02  1.55e-16 4.44e-16  3.62e-10    66s
  26   2.21338466e+02  2.21533315e+02  1.59e-16 4.44e-16  2.28e-10    68s
  27   2.21411394e+02  2.21502760e+02  3.60e-16 4.44e-16  1.07e-10    69s
  28   2.21448876e+02  2.21487319e+02  2.43e-16 4.44e-16  4.50e-11    71s
  29   2.21455217e+02  2.21484759e+02  3.76e-16 4.44e-16  3.46e-11    73s
  30   2.21470560e+02  2.21478586e+02  1.39e-15 4.44e-16  9.40e-12    75s
  31   2.21473486e+02  2.21477422e+02  6.62e-15 4.44e-16  4.61e-12    76s
  32   2.21475760e+02  2.21476520e+02  1.60e-14 5.55e-16  8.90e-13    78s
  33   2.21476228e+02  2.21476335e+02  5.84e-15 5.55e-16  1.25e-13    81s
  34   2.21476290e+02  2.21476310e+02  7.31e-15 6.66e-16  2.43e-14    83s
  35   2.21476304e+02  2.21476305e+02  9.20e-16 6.66e-16  7.99e-16    84s

Barrier solved model in 35 iterations and 84.33 seconds (16.14 work units)
Optimal objective 2.21476304e+02

Done! Time elapsed: 114.75652360916138 seconds.
Starting HMC sampling...

                                                                                                                                                                                                                                                                                                                                
Finished sampling! Elapsed Time: 996.7264158725739 seconds

Checking sampler transitions treedepth.
97 of 16000 (0.61%) transitions hit the maximum treedepth limit of 10, or 2^10 leapfrog steps.
Trajectories that are prematurely terminated due to this limit will result in slow exploration.
For optimal performance, increase this limit.

Checking sampler transitions for divergences.
No divergent transitions found.

Checking E-BFMI - sampler transitions HMC potential energy.
E-BFMI satisfactory.

Rank-normalized split effective sample size satisfactory for all parameters.

Rank-normalized split R-hat values satisfactory for all parameters.

Processing complete.

Parameters from last iteration: [2.45693106e-01 4.08456171e-01 4.09375432e-01 ... 2.52680972e+02
 2.34257285e+02 2.33709758e+02]

Parameters from current iteration:
            [  0.25338018   0.39909265   0.39991561 ... 252.77837102 234.328809
 233.79746574]

Updated uncertain values: [2.47614874e-01 4.06115291e-01 4.07010477e-01 ... 2.52705322e+02
 2.34275166e+02 2.33731685e+02]


            Iteration [   5]: Absolute Error = 0.31024303134825004,
            Percentage Error = 0.085659133539487
            
Optimization Iteration[6/100]

Theta: [0.24761487 0.40611529 0.40701048 ... 1.94363918 1.20204626 1.06562326]

Gamma: [606.28961264 587.46458872 532.01059816 ... 252.70532176 234.2751657
 233.73168484]

Solving the optimization problem...
Set parameter TokenServer to value "licenses.rcc.uchicago.edu"
Read LP format model from file /scratch/local/jobs/50255465/tmpfh2n9isz.pyomo.lp
Reading time = 2.14 seconds
x1: 417600 rows, 834801 columns, 2083271 nonzeros
Gurobi Optimizer version 11.0.0 build v11.0.0rc2 (linux64 - "CentOS Linux 8")

CPU model: Intel(R) Xeon(R) Gold 6248R CPU @ 3.00GHz, instruction set [SSE2|AVX|AVX2|AVX512]
Thread count: 48 physical cores, 48 logical processors, using up to 32 threads

Optimize a model with 417600 rows, 834801 columns and 2083271 nonzeros
Model fingerprint: 0xb1f8a8f0
Model has 400 quadratic objective terms
Coefficient statistics:
  Matrix range     [1e+00, 9e+02]
  Objective range  [2e-03, 8e+02]
  QObjective range [2e+03, 2e+05]
  Bounds range     [3e-06, 1e+00]
  RHS range        [9e-11, 4e-01]
Presolve removed 208947 rows and 209294 columns
Presolve time: 0.80s
Presolved: 208653 rows, 625507 columns, 1249571 nonzeros
Presolved model has 400 quadratic objective terms
Ordering time: 1.07s

Barrier statistics:
 AA' NZ     : 6.241e+05
 Factor NZ  : 6.773e+07 (roughly 900 MB of memory)
 Factor Ops : 2.543e+10 (less than 1 second per iteration)
 Threads    : 32

                  Objective                Residual
Iter       Primal          Dual         Primal    Dual     Compl     Time
   0  -3.81894790e+10  1.08047378e+08  1.04e+06 3.32e+02  9.96e+05     5s
   1  -2.03516605e+09  4.22087285e+07  5.45e+04 1.07e-12  6.03e+04     7s
   2  -1.16439166e+07  6.75096104e+06  1.35e+02 1.98e-12  1.66e+02     9s
   3  -1.14095172e+06  1.15482921e+06  1.86e+00 2.43e-12  4.72e+00    11s
   4  -1.96705684e+05  2.67392895e+05  6.06e-02 1.82e-12  6.10e-01    13s
   5  -3.93619635e+04  5.18135875e+04  2.52e-03 1.36e-12  1.10e-01    15s
   6  -9.49895765e+03  1.23211023e+04  2.77e-04 1.66e-12  2.62e-02    17s
   7  -3.42382588e+03  4.28855171e+03  6.75e-05 7.99e-13  9.25e-03    19s
   8  -1.19832092e+03  2.26388880e+03  1.07e-05 7.62e-13  4.15e-03    21s
   9  -3.59776079e+02  9.31430122e+02  2.64e-06 6.00e-13  1.55e-03    22s
  10   1.84929917e+01  4.09147796e+02  1.41e-07 3.29e-13  4.68e-04    24s
  11   1.49798291e+02  2.64050522e+02  1.32e-08 2.27e-13  1.37e-04    26s
  12   1.82530899e+02  2.34176478e+02  2.42e-09 2.27e-13  6.19e-05    28s
  13   1.98778584e+02  2.21536021e+02  7.40e-10 2.77e-13  2.73e-05    30s
  14   2.02878679e+02  2.18729238e+02  4.06e-10 3.41e-13  1.90e-05    32s
  15   2.07885576e+02  2.15590425e+02  1.65e-10 3.41e-13  9.24e-06    34s
  16   2.10398681e+02  2.14135475e+02  5.79e-11 4.55e-13  4.48e-06    35s
  17   2.11700103e+02  2.13432266e+02  1.18e-11 5.68e-13  2.08e-06    37s
  18   2.12271321e+02  2.13157358e+02  2.77e-12 5.68e-13  1.06e-06    39s
  19   2.12550818e+02  2.13031338e+02  1.14e-12 4.55e-13  5.76e-07    41s
  20   2.12689517e+02  2.12970341e+02  4.90e-13 4.55e-13  3.37e-07    43s
  21   2.12769476e+02  2.12936005e+02  2.22e-13 4.55e-13  2.00e-07    45s
  22   2.12825300e+02  2.12912492e+02  9.18e-14 4.55e-13  1.05e-07    47s
  23   2.12865379e+02  2.12895862e+02  1.29e-14 5.68e-13  3.65e-08    49s
  24   2.12876129e+02  2.12891542e+02  4.06e-15 4.55e-13  1.85e-08    50s
  25   2.12883644e+02  2.12888538e+02  2.49e-15 4.55e-13  5.87e-09    52s
  26   2.12885586e+02  2.12887767e+02  1.22e-14 5.68e-13  2.62e-09    54s
  27   2.12886797e+02  2.12887287e+02  1.24e-14 5.68e-13  5.86e-10    56s
  28   2.12887008e+02  2.12887203e+02  2.44e-15 6.82e-13  2.34e-10    58s
  29   2.12887137e+02  2.12887152e+02  4.00e-15 5.68e-13  1.87e-11    60s
  30   2.12887147e+02  2.12887148e+02  1.27e-15 5.68e-13  1.77e-12    62s
  31   2.12887148e+02  2.12887148e+02  6.43e-16 4.55e-13  1.43e-13    64s

Barrier solved model in 31 iterations and 64.00 seconds (14.32 work units)
Optimal objective 2.12887148e+02

Done! Time elapsed: 94.59919166564941 seconds.
Starting HMC sampling...

                                                                                                                                                                                                                                                                                                                                
Finished sampling! Elapsed Time: 1049.100611448288 seconds

Checking sampler transitions treedepth.
71 of 16000 (0.44%) transitions hit the maximum treedepth limit of 10, or 2^10 leapfrog steps.
Trajectories that are prematurely terminated due to this limit will result in slow exploration.
For optimal performance, increase this limit.

Checking sampler transitions for divergences.
No divergent transitions found.

Checking E-BFMI - sampler transitions HMC potential energy.
E-BFMI satisfactory.

Rank-normalized split effective sample size satisfactory for all parameters.

Rank-normalized split R-hat values satisfactory for all parameters.

Processing complete.

Parameters from last iteration: [2.47614874e-01 4.06115291e-01 4.07010477e-01 ... 2.52705322e+02
 2.34275166e+02 2.33731685e+02]

Parameters from current iteration:
            [2.48697851e-01 3.94198451e-01 3.95020217e-01 ... 2.52675864e+02
 2.34269581e+02 2.33791061e+02]

Updated uncertain values: [2.47885618e-01 4.03136081e-01 4.04012912e-01 ... 2.52697957e+02
 2.34273769e+02 2.33746529e+02]


            Iteration [   6]: Absolute Error = 0.3636265328236732,
            Percentage Error = 0.0544442811484657
            
Optimization Iteration[7/100]

Theta: [0.24788562 0.40313608 0.40401291 ... 1.92637589 1.20036373 1.0665231 ]

Gamma: [606.41517778 587.59763161 532.11424699 ... 252.6979574  234.2737695
 233.74652886]

Solving the optimization problem...
Set parameter TokenServer to value "licenses.rcc.uchicago.edu"
Read LP format model from file /scratch/local/jobs/50255465/tmpuy2r_p0j.pyomo.lp
Reading time = 2.15 seconds
x1: 417600 rows, 834801 columns, 2083271 nonzeros
Gurobi Optimizer version 11.0.0 build v11.0.0rc2 (linux64 - "CentOS Linux 8")

CPU model: Intel(R) Xeon(R) Gold 6248R CPU @ 3.00GHz, instruction set [SSE2|AVX|AVX2|AVX512]
Thread count: 48 physical cores, 48 logical processors, using up to 32 threads

Optimize a model with 417600 rows, 834801 columns and 2083271 nonzeros
Model fingerprint: 0xb1f86d86
Model has 400 quadratic objective terms
Coefficient statistics:
  Matrix range     [1e+00, 9e+02]
  Objective range  [2e-03, 8e+02]
  QObjective range [2e+03, 2e+05]
  Bounds range     [3e-06, 1e+00]
  RHS range        [9e-11, 4e-01]
Presolve removed 208947 rows and 209294 columns
Presolve time: 0.80s
Presolved: 208653 rows, 625507 columns, 1249571 nonzeros
Presolved model has 400 quadratic objective terms
Ordering time: 0.78s

Barrier statistics:
 AA' NZ     : 6.241e+05
 Factor NZ  : 6.773e+07 (roughly 900 MB of memory)
 Factor Ops : 2.543e+10 (less than 1 second per iteration)
 Threads    : 32

                  Objective                Residual
Iter       Primal          Dual         Primal    Dual     Compl     Time
   0  -1.48663778e+11  1.10640369e+11  1.04e+06 1.12e-13  1.00e+06     5s
   1  -6.48954864e+10  6.33659253e+10  4.43e+04 3.08e+01  4.67e+04     7s
   2  -3.05825546e+10  3.06534260e+10  4.48e+02 1.24e-01  5.43e+02     9s
   3  -1.08845285e+10  1.09725575e+10  3.21e+00 1.48e-12  2.86e+01    11s
   4  -2.40144068e+09  2.49923911e+09  2.67e-01 1.23e-12  5.95e+00    16s
   5  -5.82494379e+08  6.48608880e+08  3.65e-02 4.56e-12  1.46e+00    20s
   6  -9.63117226e+07  1.09567160e+08  2.74e-03 1.39e-12  2.41e-01    25s
   7  -1.41091106e+07  1.68748007e+07  2.74e-09 3.17e-12  3.63e-02    30s
   8  -2.06768413e+06  2.45909107e+06  2.56e-13 8.83e-13  5.30e-03    33s
   9  -3.07684044e+05  3.77799891e+05  4.88e-14 2.81e-13  8.03e-04    35s
  10  -4.61999027e+04  5.46209577e+04  2.27e-14 5.89e-14  1.18e-04    36s
  11  -7.16140551e+03  8.46484437e+03  1.41e-14 1.11e-14  1.83e-05    38s
  12  -1.74335952e+03  1.94195678e+03  1.24e-14 1.50e-15  4.31e-06    41s
  13  -4.03149731e+02  9.54122882e+02  1.40e-15 4.44e-16  1.59e-06    43s
  14   1.26079963e+01  4.48080846e+02  4.70e-16 5.55e-16  5.10e-07    46s
  15   1.24364143e+02  2.80830554e+02  1.95e-16 5.55e-16  1.83e-07    48s
  16   1.58351449e+02  2.45207381e+02  1.17e-16 4.44e-16  1.02e-07    50s
  17   1.81681853e+02  2.24412665e+02  6.74e-17 4.44e-16  5.00e-08    52s
  18   1.94634549e+02  2.14655372e+02  6.27e-17 5.55e-16  2.34e-08    53s
  19   1.99895939e+02  2.11295074e+02  5.72e-17 4.44e-16  1.33e-08    55s
  20   2.03540922e+02  2.09186740e+02  6.35e-17 4.44e-16  6.61e-09    57s
  21   2.04969079e+02  2.08437769e+02  5.38e-17 4.44e-16  4.06e-09    59s
  22   2.05916456e+02  2.07966817e+02  1.72e-16 4.44e-16  2.40e-09    60s
  23   2.06540116e+02  2.07666082e+02  1.16e-16 4.44e-16  1.32e-09    62s
  24   2.06838239e+02  2.07529606e+02  1.02e-16 4.44e-16  8.09e-10    64s
  25   2.07040855e+02  2.07438931e+02  1.27e-16 4.44e-16  4.66e-10    65s
  26   2.07167584e+02  2.07383945e+02  1.77e-16 4.44e-16  2.53e-10    67s
  27   2.07238754e+02  2.07353443e+02  2.57e-16 5.55e-16  1.34e-10    69s
  28   2.07279035e+02  2.07336740e+02  2.01e-16 4.44e-16  6.76e-11    71s
  29   2.07300230e+02  2.07327997e+02  1.58e-16 4.44e-16  3.25e-11    72s
  30   2.07310577e+02  2.07323793e+02  1.63e-16 5.55e-16  1.55e-11    74s
  31   2.07316048e+02  2.07321602e+02  6.54e-16 4.44e-16  6.50e-12    76s
  32   2.07318778e+02  2.07320514e+02  3.25e-15 4.44e-16  2.03e-12    78s
  33   2.07319244e+02  2.07320329e+02  1.69e-15 4.44e-16  1.27e-12    79s
  34   2.07319903e+02  2.07320068e+02  3.70e-15 6.66e-16  1.93e-13    81s
  35   2.07320005e+02  2.07320027e+02  3.73e-15 5.55e-16  2.54e-14    83s
  36   2.07320021e+02  2.07320021e+02  1.20e-15 5.55e-16  7.38e-16    85s

Barrier solved model in 36 iterations and 85.40 seconds (16.62 work units)
Optimal objective 2.07320021e+02

Done! Time elapsed: 118.47518348693848 seconds.
Starting HMC sampling...

                                                                                                                                                                                                                                                                                                                                
Finished sampling! Elapsed Time: 963.5220944881439 seconds

Checking sampler transitions treedepth.
15 of 16000 (0.09%) transitions hit the maximum treedepth limit of 10, or 2^10 leapfrog steps.
Trajectories that are prematurely terminated due to this limit will result in slow exploration.
For optimal performance, increase this limit.

Checking sampler transitions for divergences.
No divergent transitions found.

Checking E-BFMI - sampler transitions HMC potential energy.
E-BFMI satisfactory.

Rank-normalized split effective sample size satisfactory for all parameters.

Rank-normalized split R-hat values satisfactory for all parameters.

Processing complete.

Parameters from last iteration: [2.47885618e-01 4.03136081e-01 4.04012912e-01 ... 2.52697957e+02
 2.34273769e+02 2.33746529e+02]

Parameters from current iteration:
            [2.44427896e-01 3.89876315e-01 3.90697786e-01 ... 2.52725311e+02
 2.34330283e+02 2.33840047e+02]

Updated uncertain values: [2.47021187e-01 3.99821140e-01 4.00684131e-01 ... 2.52704796e+02
 2.34287898e+02 2.33769908e+02]


            Iteration [   7]: Absolute Error = 0.24130337288784176,
            Percentage Error = 0.03211876933844472
            
Optimization Iteration[8/100]

Theta: [0.24702119 0.39982114 0.40068413 ... 1.91365534 1.19816855 1.06606116]

Gamma: [606.36206275 587.53750691 532.04735712 ... 252.70479568 234.28789795
 233.76990844]

Solving the optimization problem...
Set parameter TokenServer to value "licenses.rcc.uchicago.edu"
Read LP format model from file /scratch/local/jobs/50255465/tmp50e4g7fe.pyomo.lp
Reading time = 2.17 seconds
x1: 417600 rows, 834801 columns, 2083271 nonzeros
Gurobi Optimizer version 11.0.0 build v11.0.0rc2 (linux64 - "CentOS Linux 8")

CPU model: Intel(R) Xeon(R) Gold 6248R CPU @ 3.00GHz, instruction set [SSE2|AVX|AVX2|AVX512]
Thread count: 48 physical cores, 48 logical processors, using up to 32 threads

Optimize a model with 417600 rows, 834801 columns and 2083271 nonzeros
Model fingerprint: 0x145af8d7
Model has 400 quadratic objective terms
Coefficient statistics:
  Matrix range     [1e+00, 9e+02]
  Objective range  [2e-03, 8e+02]
  QObjective range [2e+03, 2e+05]
  Bounds range     [3e-06, 1e+00]
  RHS range        [9e-11, 4e-01]
Presolve removed 208947 rows and 209294 columns
Presolve time: 0.80s
Presolved: 208653 rows, 625507 columns, 1249571 nonzeros
Presolved model has 400 quadratic objective terms
Ordering time: 1.09s

Barrier statistics:
 AA' NZ     : 6.241e+05
 Factor NZ  : 6.773e+07 (roughly 900 MB of memory)
 Factor Ops : 2.543e+10 (less than 1 second per iteration)
 Threads    : 32

                  Objective                Residual
Iter       Primal          Dual         Primal    Dual     Compl     Time
   0  -1.48676951e+11  1.10640369e+11  1.04e+06 1.13e-13  1.00e+06     6s
   1  -6.48960455e+10  6.33659258e+10  4.43e+04 3.08e+01  4.67e+04     8s
   2  -3.05825605e+10  3.06534262e+10  4.48e+02 1.24e-01  5.43e+02    10s
   3  -1.08845286e+10  1.09725576e+10  3.21e+00 1.46e-12  2.86e+01    12s
   4  -2.40144069e+09  2.49923912e+09  2.67e-01 1.41e-12  5.95e+00    16s
   5  -5.82494374e+08  6.48608873e+08  3.65e-02 3.80e-12  1.46e+00    21s
   6  -9.63117165e+07  1.09567149e+08  2.74e-03 1.41e-12  2.41e-01    26s
   7  -1.41091113e+07  1.68747962e+07  2.74e-09 1.42e-12  3.63e-02    31s
   8  -2.06768623e+06  2.45908890e+06  2.78e-13 9.23e-13  5.30e-03    33s
   9  -3.07685914e+05  3.77795198e+05  3.94e-14 2.86e-13  8.03e-04    35s
  10  -4.62019620e+04  5.46175883e+04  1.83e-14 5.19e-14  1.18e-04    37s
  11  -7.16369105e+03  8.46129948e+03  1.34e-14 9.11e-15  1.83e-05    39s
  12  -1.74936071e+03  1.94276466e+03  1.24e-14 1.57e-15  4.32e-06    42s
  13  -4.08377682e+02  9.54182194e+02  9.21e-16 4.96e-16  1.60e-06    44s
  14   5.66910304e-01  4.15146464e+02  6.39e-16 4.44e-16  4.85e-07    47s
  15   1.24006451e+02  2.72690925e+02  2.59e-16 4.44e-16  1.74e-07    49s
  16   1.63882347e+02  2.31981221e+02  1.11e-16 4.44e-16  7.97e-08    51s
  17   1.76637192e+02  2.22279590e+02  7.31e-17 4.44e-16  5.34e-08    53s
  18   1.91732007e+02  2.10647220e+02  7.78e-17 4.44e-16  2.21e-08    54s
  19   1.96348732e+02  2.07661271e+02  5.33e-17 4.44e-16  1.32e-08    56s
  20   2.00287432e+02  2.05374223e+02  4.58e-17 4.44e-16  5.96e-09    58s
  21   2.01780635e+02  2.04594030e+02  6.35e-17 4.44e-16  3.29e-09    59s
  22   2.02532574e+02  2.04227002e+02  6.87e-17 4.44e-16  1.98e-09    61s
  23   2.03052846e+02  2.03983031e+02  1.01e-16 4.44e-16  1.09e-09    63s
  24   2.03292179e+02  2.03874656e+02  2.84e-16 4.44e-16  6.82e-10    65s
  25   2.03509137e+02  2.03778811e+02  3.33e-16 4.44e-16  3.16e-10    66s
  26   2.03597820e+02  2.03740946e+02  4.15e-16 4.44e-16  1.68e-10    68s
  27   2.03641786e+02  2.03722581e+02  2.70e-16 4.44e-16  9.46e-11    70s
  28   2.03670824e+02  2.03710549e+02  4.50e-16 4.44e-16  4.65e-11    72s
  29   2.03683509e+02  2.03705341e+02  1.85e-16 4.44e-16  2.56e-11    73s
  30   2.03694050e+02  2.03701085e+02  1.11e-15 4.44e-16  8.24e-12    75s
  31   2.03696879e+02  2.03699948e+02  5.89e-15 5.55e-16  3.59e-12    77s
  32   2.03698329e+02  2.03699368e+02  2.59e-14 4.44e-16  1.22e-12    79s
  33   2.03698911e+02  2.03699137e+02  1.06e-14 6.66e-16  2.64e-13    81s
  34   2.03699026e+02  2.03699091e+02  1.09e-14 6.66e-16  7.60e-14    83s
  35   2.03699071e+02  2.03699073e+02  7.46e-15 5.55e-16  2.50e-15    85s

Barrier solved model in 35 iterations and 84.92 seconds (16.15 work units)
Optimal objective 2.03699071e+02

Done! Time elapsed: 115.20393657684326 seconds.
Starting HMC sampling...

                                                                                                                                                                                                                                                                                                                                
Finished sampling! Elapsed Time: 726.8448235988617 seconds

Checking sampler transitions treedepth.
47 of 16000 (0.29%) transitions hit the maximum treedepth limit of 10, or 2^10 leapfrog steps.
Trajectories that are prematurely terminated due to this limit will result in slow exploration.
For optimal performance, increase this limit.

Checking sampler transitions for divergences.
No divergent transitions found.

Checking E-BFMI - sampler transitions HMC potential energy.
E-BFMI satisfactory.

Rank-normalized split effective sample size satisfactory for all parameters.

Rank-normalized split R-hat values satisfactory for all parameters.

Processing complete.

Parameters from last iteration: [2.47021187e-01 3.99821140e-01 4.00684131e-01 ... 2.52704796e+02
 2.34287898e+02 2.33769908e+02]

Parameters from current iteration:
            [2.43512569e-01 3.88911600e-01 3.89732792e-01 ... 2.52747246e+02
 2.34315335e+02 2.33808027e+02]

Updated uncertain values: [2.46144033e-01 3.97093755e-01 3.97946296e-01 ... 2.52715408e+02
 2.34294757e+02 2.33779438e+02]


            Iteration [   8]: Absolute Error = 0.24885122597265763,
            Percentage Error = 0.019320914506977087
            
Optimization Iteration[9/100]

Theta: [0.24614403 0.39709375 0.3979463  ... 1.90511607 1.19685272 1.06594202]

Gamma: [606.36358473 587.53141076 532.0190155  ... 252.71540835 234.29475724
 233.77943802]

Solving the optimization problem...
Set parameter TokenServer to value "licenses.rcc.uchicago.edu"
Read LP format model from file /scratch/local/jobs/50255465/tmpfgtp2gyk.pyomo.lp
Reading time = 2.17 seconds
x1: 417600 rows, 834801 columns, 2083271 nonzeros
Gurobi Optimizer version 11.0.0 build v11.0.0rc2 (linux64 - "CentOS Linux 8")

CPU model: Intel(R) Xeon(R) Gold 6248R CPU @ 3.00GHz, instruction set [SSE2|AVX|AVX2|AVX512]
Thread count: 48 physical cores, 48 logical processors, using up to 32 threads

Optimize a model with 417600 rows, 834801 columns and 2083271 nonzeros
Model fingerprint: 0x9cc0e51d
Model has 400 quadratic objective terms
Coefficient statistics:
  Matrix range     [1e+00, 9e+02]
  Objective range  [2e-03, 8e+02]
  QObjective range [2e+03, 2e+05]
  Bounds range     [3e-06, 1e+00]
  RHS range        [9e-11, 4e-01]
Presolve removed 208947 rows and 209294 columns
Presolve time: 0.80s
Presolved: 208653 rows, 625507 columns, 1249571 nonzeros
Presolved model has 400 quadratic objective terms
Ordering time: 1.19s

Barrier statistics:
 AA' NZ     : 6.241e+05
 Factor NZ  : 6.773e+07 (roughly 900 MB of memory)
 Factor Ops : 2.543e+10 (less than 1 second per iteration)
 Threads    : 32

                  Objective                Residual
Iter       Primal          Dual         Primal    Dual     Compl     Time
   0  -3.82348902e+10  1.08047376e+08  1.04e+06 3.32e+02  9.96e+05     5s
   1  -2.03661846e+09  4.22012528e+07  5.45e+04 9.57e-13  6.03e+04     7s
   2  -1.16484834e+07  6.74972412e+06  1.35e+02 1.76e-12  1.66e+02     9s
   3  -1.14076254e+06  1.15457334e+06  1.86e+00 2.68e-12  4.71e+00    11s
   4  -1.96677570e+05  2.67341588e+05  6.06e-02 1.58e-12  6.10e-01    13s
   5  -3.93580827e+04  5.17926909e+04  2.52e-03 1.25e-12  1.10e-01    14s
   6  -9.29754017e+03  1.19676068e+04  2.57e-04 1.02e-12  2.55e-02    16s
   7  -3.30484089e+03  4.09407334e+03  6.01e-05 6.90e-13  8.87e-03    18s
   8  -1.13002569e+03  2.07716040e+03  9.49e-06 7.81e-13  3.85e-03    20s
   9  -3.58420623e+02  8.99924425e+02  2.55e-06 5.64e-13  1.51e-03    22s
  10   1.19084438e+01  3.91060867e+02  1.71e-07 2.93e-13  4.55e-04    24s
  11   1.40432496e+02  2.50840663e+02  1.57e-08 2.31e-13  1.32e-04    26s
  12   1.73845774e+02  2.20085787e+02  2.19e-09 2.27e-13  5.54e-05    28s
  13   1.88348682e+02  2.08934416e+02  6.05e-10 2.38e-13  2.47e-05    30s
  14   1.93063150e+02  2.05786900e+02  3.00e-10 2.70e-13  1.53e-05    32s
  15   1.97334264e+02  2.03156654e+02  1.06e-10 3.41e-13  6.98e-06    33s
  16   1.98798463e+02  2.02319365e+02  4.67e-11 3.41e-13  4.22e-06    35s
  17   2.00008801e+02  2.01685421e+02  1.76e-11 4.55e-13  2.01e-06    37s
  18   2.00768391e+02  2.01311735e+02  2.82e-12 6.82e-13  6.51e-07    39s
  19   2.00923700e+02  2.01240761e+02  1.01e-12 5.68e-13  3.80e-07    41s
  20   2.01017844e+02  2.01200048e+02  3.55e-13 4.55e-13  2.18e-07    43s
  21   2.01082234e+02  2.01172511e+02  1.27e-13 4.55e-13  1.08e-07    45s
  22   2.01116512e+02  2.01158191e+02  3.98e-14 4.55e-13  5.00e-08    47s
  23   2.01131146e+02  2.01152186e+02  8.17e-15 5.68e-13  2.52e-08    49s
  24   2.01139273e+02  2.01148915e+02  2.79e-15 4.55e-13  1.16e-08    50s
  25   2.01144993e+02  2.01146618e+02  1.24e-15 4.55e-13  1.95e-09    52s
  26   2.01145089e+02  2.01146580e+02  9.82e-16 5.68e-13  1.79e-09    54s
  27   2.01145776e+02  2.01146306e+02  8.58e-15 5.68e-13  6.35e-10    56s
  28   2.01146116e+02  2.01146170e+02  1.19e-14 5.68e-13  6.54e-11    58s
  29   2.01146151e+02  2.01146157e+02  2.76e-15 6.82e-13  6.96e-12    60s
  30   2.01146155e+02  2.01146155e+02  7.18e-15 6.82e-13  3.52e-13    62s

Barrier solved model in 30 iterations and 61.88 seconds (13.98 work units)
Optimal objective 2.01146155e+02

Done! Time elapsed: 92.55297207832336 seconds.
Starting HMC sampling...

                                                                                                                                                                                                                                                                                                                                
Finished sampling! Elapsed Time: 979.7688345909119 seconds

Checking sampler transitions treedepth.
36 of 16000 (0.23%) transitions hit the maximum treedepth limit of 10, or 2^10 leapfrog steps.
Trajectories that are prematurely terminated due to this limit will result in slow exploration.
For optimal performance, increase this limit.

Checking sampler transitions for divergences.
No divergent transitions found.

Checking E-BFMI - sampler transitions HMC potential energy.
E-BFMI satisfactory.

Rank-normalized split effective sample size satisfactory for all parameters.

Rank-normalized split R-hat values satisfactory for all parameters.

Processing complete.

Parameters from last iteration: [2.46144033e-01 3.97093755e-01 3.97946296e-01 ... 2.52715408e+02
 2.34294757e+02 2.33779438e+02]

Parameters from current iteration:
            [2.40787995e-01 3.85100029e-01 3.85915082e-01 ... 2.52743626e+02
 2.34320842e+02 2.33826566e+02]

Updated uncertain values: [2.44805023e-01 3.94095324e-01 3.94938492e-01 ... 2.52722463e+02
 2.34301278e+02 2.33791220e+02]


            Iteration [   9]: Absolute Error = 0.279028617617314,
            Percentage Error = 0.01346360298124804
            
Optimization Iteration[10/100]

Theta: [0.24480502 0.39409532 0.39493849 ... 1.89765885 1.19506241 1.0650903 ]

Gamma: [606.35766015 587.52123815 531.98988796 ... 252.72246283 234.30127837
 233.79122007]

Solving the optimization problem...
Set parameter TokenServer to value "licenses.rcc.uchicago.edu"
Read LP format model from file /scratch/local/jobs/50255465/tmpnhjmjs6h.pyomo.lp
Reading time = 2.19 seconds
x1: 417600 rows, 834801 columns, 2083271 nonzeros
Gurobi Optimizer version 11.0.0 build v11.0.0rc2 (linux64 - "CentOS Linux 8")

CPU model: Intel(R) Xeon(R) Gold 6248R CPU @ 3.00GHz, instruction set [SSE2|AVX|AVX2|AVX512]
Thread count: 48 physical cores, 48 logical processors, using up to 32 threads

Optimize a model with 417600 rows, 834801 columns and 2083271 nonzeros
Model fingerprint: 0x52da1537
Model has 400 quadratic objective terms
Coefficient statistics:
  Matrix range     [1e+00, 9e+02]
  Objective range  [9e-04, 8e+02]
  QObjective range [2e+03, 2e+05]
  Bounds range     [3e-06, 1e+00]
  RHS range        [9e-11, 4e-01]
Presolve removed 208947 rows and 209294 columns
Presolve time: 0.82s
Presolved: 208653 rows, 625507 columns, 1249571 nonzeros
Presolved model has 400 quadratic objective terms
Ordering time: 1.24s

Barrier statistics:
 AA' NZ     : 6.241e+05
 Factor NZ  : 6.773e+07 (roughly 900 MB of memory)
 Factor Ops : 2.543e+10 (less than 1 second per iteration)
 Threads    : 32

                  Objective                Residual
Iter       Primal          Dual         Primal    Dual     Compl     Time
   0  -1.48688105e+11  1.10640369e+11  1.04e+06 1.13e-13  1.00e+06     5s
   1  -6.48965212e+10  6.33659273e+10  4.43e+04 3.08e+01  4.67e+04     7s
   2  -3.05825659e+10  3.06534269e+10  4.48e+02 1.24e-01  5.43e+02     9s
   3  -1.08845289e+10  1.09725578e+10  3.21e+00 1.51e-12  2.86e+01    11s
   4  -2.40144073e+09  2.49923919e+09  2.67e-01 1.25e-12  5.95e+00    16s
   5  -5.82494370e+08  6.48608883e+08  3.65e-02 3.21e-12  1.46e+00    21s
   6  -9.63117062e+07  1.09567141e+08  2.74e-03 1.46e-12  2.41e-01    26s
   7  -1.41091097e+07  1.68747875e+07  2.74e-09 1.22e-12  3.63e-02    31s
   8  -2.06768788e+06  2.45908890e+06  2.75e-13 1.80e-12  5.30e-03    33s
   9  -3.07687079e+05  3.77788120e+05  4.13e-14 2.98e-13  8.03e-04    35s
  10  -4.62037039e+04  5.46135537e+04  1.97e-14 5.19e-14  1.18e-04    37s
  11  -7.16589650e+03  8.45692805e+03  1.31e-14 8.38e-15  1.83e-05    39s
  12  -1.75377622e+03  1.94069721e+03  1.13e-14 1.92e-15  4.33e-06    43s
  13  -4.11443153e+02  9.49185121e+02  1.27e-15 4.44e-16  1.59e-06    45s
  14  -6.51414818e+00  3.77442675e+02  5.73e-16 4.44e-16  4.50e-07    48s
  15   1.23608771e+02  2.64502879e+02  2.89e-16 5.55e-16  1.65e-07    50s
  16   1.67456105e+02  2.20355557e+02  1.35e-16 6.66e-16  6.19e-08    52s
  17   1.80899344e+02  2.10544091e+02  8.20e-17 4.44e-16  3.47e-08    54s
  18   1.90654112e+02  2.04182469e+02  5.77e-17 4.44e-16  1.58e-08    56s
  19   1.93931136e+02  2.02332555e+02  4.51e-17 4.44e-16  9.84e-09    58s
  20   1.96232039e+02  2.01153360e+02  6.14e-17 4.44e-16  5.76e-09    60s
  21   1.97825848e+02  2.00332241e+02  5.66e-17 4.44e-16  2.93e-09    62s
  22   1.98654878e+02  1.99925564e+02  1.02e-16 5.55e-16  1.49e-09    63s
  23   1.99075205e+02  1.99733675e+02  1.21e-16 4.44e-16  7.71e-10    65s
  24   1.99282416e+02  1.99641840e+02  1.95e-16 4.44e-16  4.21e-10    67s
  25   1.99391056e+02  1.99595259e+02  1.64e-16 4.44e-16  2.39e-10    69s
  26   1.99443381e+02  1.99572877e+02  1.87e-16 4.44e-16  1.52e-10    71s
  27   1.99492733e+02  1.99552172e+02  1.41e-16 4.44e-16  6.96e-11    73s
  28   1.99515546e+02  1.99542697e+02  2.95e-16 5.55e-16  3.18e-11    75s
  29   1.99527531e+02  1.99537811e+02  2.30e-16 4.44e-16  1.20e-11    77s
  30   1.99532355e+02  1.99535859e+02  1.60e-15 5.55e-16  4.10e-12    79s
  31   1.99533805e+02  1.99535276e+02  5.10e-15 4.44e-16  1.72e-12    80s
  32   1.99534500e+02  1.99534998e+02  4.05e-15 4.44e-16  5.84e-13    82s
  33   1.99534603e+02  1.99534957e+02  3.04e-15 5.55e-16  4.14e-13    84s
  34   1.99534798e+02  1.99534879e+02  6.21e-15 5.55e-16  9.48e-14    86s
  35   1.99534851e+02  1.99534858e+02  3.88e-15 5.55e-16  9.14e-15    88s

Barrier solved model in 35 iterations and 87.98 seconds (15.90 work units)
Optimal objective 1.99534851e+02

Done! Time elapsed: 121.77283120155334 seconds.
Starting HMC sampling...

                                                                                                                                                                                                                                                                                                                                
Finished sampling! Elapsed Time: 1017.3370137214661 seconds

Checking sampler transitions treedepth.
149 of 16000 (0.93%) transitions hit the maximum treedepth limit of 10, or 2^10 leapfrog steps.
Trajectories that are prematurely terminated due to this limit will result in slow exploration.
For optimal performance, increase this limit.

Checking sampler transitions for divergences.
No divergent transitions found.

Checking E-BFMI - sampler transitions HMC potential energy.
E-BFMI satisfactory.

Rank-normalized split effective sample size satisfactory for all parameters.

Rank-normalized split R-hat values satisfactory for all parameters.

Processing complete.

Parameters from last iteration: [2.44805023e-01 3.94095324e-01 3.94938492e-01 ... 2.52722463e+02
 2.34301278e+02 2.33791220e+02]

Parameters from current iteration:
            [2.40779947e-01 3.86710096e-01 3.87534287e-01 ... 2.52811533e+02
 2.34389812e+02 2.33868887e+02]

Updated uncertain values: [2.43798754e-01 3.92249017e-01 3.93087441e-01 ... 2.52744730e+02
 2.34323412e+02 2.33810637e+02]


            Iteration [  10]: Absolute Error = 0.2438213425672302,
            Percentage Error = 0.009847538229906463
            
Optimization Iteration[11/100]

Theta: [0.24379875 0.39224902 0.39308744 ... 1.89269489 1.19417708 1.06488209]

Gamma: [606.31358017 587.4769788  531.95841336 ... 252.74473032 234.32341171
 233.8106369 ]

Solving the optimization problem...
Set parameter TokenServer to value "licenses.rcc.uchicago.edu"
Read LP format model from file /scratch/local/jobs/50255465/tmpv954edkd.pyomo.lp
Reading time = 2.18 seconds
x1: 417600 rows, 834801 columns, 2083271 nonzeros
Gurobi Optimizer version 11.0.0 build v11.0.0rc2 (linux64 - "CentOS Linux 8")

CPU model: Intel(R) Xeon(R) Gold 6248R CPU @ 3.00GHz, instruction set [SSE2|AVX|AVX2|AVX512]
Thread count: 48 physical cores, 48 logical processors, using up to 32 threads

Optimize a model with 417600 rows, 834801 columns and 2083271 nonzeros
Model fingerprint: 0x9a940a12
Model has 400 quadratic objective terms
Coefficient statistics:
  Matrix range     [1e+00, 9e+02]
  Objective range  [2e-04, 8e+02]
  QObjective range [2e+03, 2e+05]
  Bounds range     [3e-06, 1e+00]
  RHS range        [9e-11, 4e-01]
Presolve removed 208947 rows and 209294 columns
Presolve time: 0.81s
Presolved: 208653 rows, 625507 columns, 1249571 nonzeros
Presolved model has 400 quadratic objective terms
Ordering time: 1.11s

Barrier statistics:
 AA' NZ     : 6.241e+05
 Factor NZ  : 6.773e+07 (roughly 900 MB of memory)
 Factor Ops : 2.543e+10 (less than 1 second per iteration)
 Threads    : 32

                  Objective                Residual
Iter       Primal          Dual         Primal    Dual     Compl     Time
   0  -1.48690000e+11  1.10640369e+11  1.04e+06 1.12e-13  1.00e+06     5s
   1  -6.48966020e+10  6.33659269e+10  4.43e+04 3.08e+01  4.67e+04     7s
   2  -3.05825665e+10  3.06534267e+10  4.48e+02 1.24e-01  5.43e+02     9s
   3  -1.08845288e+10  1.09725578e+10  3.21e+00 1.70e-12  2.86e+01    11s
   4  -2.40144071e+09  2.49923918e+09  2.67e-01 1.25e-12  5.95e+00    16s
   5  -5.82494359e+08  6.48608875e+08  3.65e-02 3.85e-12  1.46e+00    20s
   6  -9.63116995e+07  1.09567134e+08  2.74e-03 1.24e-12  2.41e-01    25s
   7  -1.41091085e+07  1.68747847e+07  2.74e-09 3.76e-12  3.63e-02    30s
   8  -2.06768808e+06  2.45908950e+06  2.39e-13 9.96e-13  5.30e-03    32s
   9  -3.07687115e+05  3.77786249e+05  4.11e-14 4.07e-13  8.03e-04    34s
  10  -4.62039424e+04  5.46126590e+04  2.27e-14 6.33e-14  1.18e-04    36s
  11  -7.16632305e+03  8.45586894e+03  1.35e-14 6.78e-15  1.83e-05    38s
  12  -1.75433765e+03  1.93950531e+03  1.10e-14 2.02e-15  4.32e-06    41s
  13  -4.13787082e+02  9.48359600e+02  1.28e-15 5.55e-16  1.59e-06    43s
  14  -1.20596601e+01  3.86407890e+02  5.14e-16 4.44e-16  4.67e-07    46s
  15   1.19833721e+02  2.66539105e+02  2.36e-16 7.77e-16  1.72e-07    48s
  16   1.63449518e+02  2.21960007e+02  1.15e-16 4.44e-16  6.85e-08    50s
  17   1.79453132e+02  2.09746262e+02  1.04e-16 4.44e-16  3.55e-08    52s
  18   1.88975096e+02  2.03453308e+02  6.29e-17 4.44e-16  1.70e-08    54s
  19   1.93128184e+02  2.01059091e+02  6.27e-17 4.44e-16  9.29e-09    55s
  20   1.95645762e+02  1.99724387e+02  5.49e-17 4.44e-16  4.78e-09    57s
  21   1.96962779e+02  1.99078135e+02  4.45e-17 4.44e-16  2.48e-09    59s
  22   1.97419863e+02  1.98864837e+02  9.78e-17 4.44e-16  1.69e-09    60s
  23   1.97863835e+02  1.98662476e+02  1.37e-16 4.44e-16  9.35e-10    62s
  24   1.98126405e+02  1.98546752e+02  1.91e-16 4.44e-16  4.92e-10    64s
  25   1.98187954e+02  1.98520084e+02  1.10e-16 5.55e-16  3.89e-10    65s
  26   1.98315138e+02  1.98465957e+02  3.02e-16 4.44e-16  1.77e-10    67s
  27   1.98359422e+02  1.98447252e+02  2.48e-16 4.44e-16  1.03e-10    69s
  28   1.98394130e+02  1.98432859e+02  1.47e-16 5.55e-16  4.53e-11    71s
  29   1.98411647e+02  1.98425683e+02  2.81e-16 4.44e-16  1.64e-11    72s
  30   1.98417427e+02  1.98423336e+02  1.75e-15 4.44e-16  6.92e-12    74s
  31   1.98419438e+02  1.98422526e+02  1.62e-15 4.44e-16  3.61e-12    76s
  32   1.98421088e+02  1.98421865e+02  1.83e-15 4.44e-16  9.10e-13    78s
  33   1.98421442e+02  1.98421724e+02  2.38e-15 5.55e-16  3.31e-13    79s
  34   1.98421611e+02  1.98421657e+02  7.42e-15 6.66e-16  5.35e-14    81s
  35   1.98421641e+02  1.98421645e+02  3.96e-15 5.55e-16  4.78e-15    83s

Barrier solved model in 35 iterations and 83.39 seconds (16.02 work units)
Optimal objective 1.98421641e+02

Done! Time elapsed: 114.08383655548096 seconds.
Starting HMC sampling...

                                                                                                                                                                                                                                                                                                                                
Finished sampling! Elapsed Time: 1047.1786499023438 seconds

Checking sampler transitions treedepth.
93 of 16000 (0.58%) transitions hit the maximum treedepth limit of 10, or 2^10 leapfrog steps.
Trajectories that are prematurely terminated due to this limit will result in slow exploration.
For optimal performance, increase this limit.

Checking sampler transitions for divergences.
No divergent transitions found.

Checking E-BFMI - sampler transitions HMC potential energy.
E-BFMI satisfactory.

Rank-normalized split effective sample size satisfactory for all parameters.

Rank-normalized split R-hat values satisfactory for all parameters.

Processing complete.

Parameters from last iteration: [2.43798754e-01 3.92249017e-01 3.93087441e-01 ... 2.52744730e+02
 2.34323412e+02 2.33810637e+02]

Parameters from current iteration:
            [2.40279275e-01 3.84411009e-01 3.85225043e-01 ... 2.52800563e+02
 2.34361460e+02 2.33836984e+02]

Updated uncertain values: [2.42918884e-01 3.90289515e-01 3.91121842e-01 ... 2.52758689e+02
 2.34332924e+02 2.33817224e+02]


            Iteration [  11]: Absolute Error = 0.13648520288165855,
            Percentage Error = 0.007688205491515663
            
Optimization Iteration[12/100]

Theta: [0.24291888 0.39028951 0.39112184 ... 1.88973268 1.19385342 1.06498936]

Gamma: [606.30798917 587.49316642 531.98980305 ... 252.7586886  234.33292381
 233.8172237 ]

Solving the optimization problem...
Set parameter TokenServer to value "licenses.rcc.uchicago.edu"
Read LP format model from file /scratch/local/jobs/50255465/tmpgawtz393.pyomo.lp
Reading time = 2.19 seconds
x1: 417600 rows, 834801 columns, 2083271 nonzeros
Gurobi Optimizer version 11.0.0 build v11.0.0rc2 (linux64 - "CentOS Linux 8")

CPU model: Intel(R) Xeon(R) Gold 6248R CPU @ 3.00GHz, instruction set [SSE2|AVX|AVX2|AVX512]
Thread count: 48 physical cores, 48 logical processors, using up to 32 threads

Optimize a model with 417600 rows, 834801 columns and 2083271 nonzeros
Model fingerprint: 0x78347b5c
Model has 400 quadratic objective terms
Coefficient statistics:
  Matrix range     [1e+00, 9e+02]
  Objective range  [3e-04, 8e+02]
  QObjective range [2e+03, 2e+05]
  Bounds range     [3e-06, 1e+00]
  RHS range        [9e-11, 4e-01]
Presolve removed 208947 rows and 209294 columns
Presolve time: 0.88s
Presolved: 208653 rows, 625507 columns, 1249571 nonzeros
Presolved model has 400 quadratic objective terms
Ordering time: 1.00s

Barrier statistics:
 AA' NZ     : 6.241e+05
 Factor NZ  : 6.773e+07 (roughly 900 MB of memory)
 Factor Ops : 2.543e+10 (less than 1 second per iteration)
 Threads    : 32

                  Objective                Residual
Iter       Primal          Dual         Primal    Dual     Compl     Time
   0  -1.48691029e+11  1.10640369e+11  1.04e+06 1.14e-13  1.00e+06     6s
   1  -6.48966477e+10  6.33659281e+10  4.43e+04 3.08e+01  4.67e+04     8s
   2  -3.05825674e+10  3.06534273e+10  4.48e+02 1.24e-01  5.43e+02    10s
   3  -1.08845290e+10  1.09725580e+10  3.21e+00 1.44e-12  2.86e+01    12s
   4  -2.40144075e+09  2.49923923e+09  2.67e-01 1.25e-12  5.95e+00    17s
   5  -5.82494361e+08  6.48608882e+08  3.65e-02 3.00e-12  1.46e+00    22s
   6  -9.63116952e+07  1.09567131e+08  2.74e-03 1.55e-12  2.41e-01    26s
   7  -1.41091078e+07  1.68747841e+07  2.74e-09 1.48e-12  3.63e-02    31s
   8  -2.06768811e+06  2.45908963e+06  2.45e-13 7.95e-13  5.30e-03    34s
   9  -3.07687083e+05  3.77784901e+05  4.39e-14 3.33e-13  8.03e-04    36s
  10  -4.62040811e+04  5.46120303e+04  2.16e-14 6.11e-14  1.18e-04    38s
  11  -7.16661668e+03  8.45508069e+03  1.28e-14 8.63e-15  1.83e-05    40s
  12  -1.75450708e+03  1.93830065e+03  1.15e-14 1.80e-15  4.32e-06    43s
  13  -4.12096448e+02  9.44912528e+02  1.18e-15 6.66e-16  1.59e-06    46s
  14  -4.74114357e+00  4.07871180e+02  5.81e-16 6.66e-16  4.83e-07    48s
  15   1.18668099e+02  2.65848249e+02  2.63e-16 4.44e-16  1.72e-07    51s
  16   1.59830945e+02  2.23888841e+02  1.34e-16 5.55e-16  7.50e-08    53s
  17   1.79511063e+02  2.08263692e+02  7.46e-17 4.44e-16  3.37e-08    54s
  18   1.83926421e+02  2.05366264e+02  6.38e-17 4.44e-16  2.51e-08    56s
  19   1.91047545e+02  2.00929544e+02  5.79e-17 4.44e-16  1.16e-08    58s
  20   1.92611404e+02  2.00063677e+02  4.29e-17 4.44e-16  8.73e-09    60s
  21   1.95169624e+02  1.98706328e+02  3.69e-17 4.44e-16  4.14e-09    62s
  22   1.96101122e+02  1.98250220e+02  6.14e-17 4.44e-16  2.52e-09    64s
  23   1.96643018e+02  1.97993709e+02  7.85e-17 4.44e-16  1.58e-09    66s
  24   1.97069938e+02  1.97798043e+02  1.31e-16 4.44e-16  8.52e-10    68s
  25   1.97299727e+02  1.97696387e+02  1.34e-16 4.44e-16  4.64e-10    69s
  26   1.97409053e+02  1.97649037e+02  9.89e-17 4.44e-16  2.81e-10    71s
  27   1.97452552e+02  1.97630459e+02  1.41e-16 4.44e-16  2.08e-10    73s
  28   1.97508866e+02  1.97606717e+02  1.37e-16 4.44e-16  1.15e-10    75s
  29   1.97543152e+02  1.97592373e+02  1.37e-16 4.44e-16  5.76e-11    77s
  30   1.97560386e+02  1.97585343e+02  2.74e-16 4.44e-16  2.92e-11    79s
  31   1.97571957e+02  1.97580646e+02  5.25e-16 4.44e-16  1.02e-11    80s
  32   1.97576189e+02  1.97578938e+02  2.22e-15 5.55e-16  3.22e-12    83s
  33   1.97577419e+02  1.97578445e+02  9.38e-15 5.55e-16  1.20e-12    85s
  34   1.97577992e+02  1.97578216e+02  6.80e-15 5.55e-16  2.62e-13    87s
  35   1.97578117e+02  1.97578167e+02  6.05e-15 5.55e-16  5.78e-14    89s
  36   1.97578151e+02  1.97578153e+02  6.18e-15 5.55e-16  2.73e-15    91s

Barrier solved model in 36 iterations and 91.37 seconds (16.64 work units)
Optimal objective 1.97578151e+02

Done! Time elapsed: 126.73693108558655 seconds.
Starting HMC sampling...

                                                                                                                                                                                                                                                                                                                                
Finished sampling! Elapsed Time: 804.3430840969086 seconds

Checking sampler transitions treedepth.
25 of 16000 (0.16%) transitions hit the maximum treedepth limit of 10, or 2^10 leapfrog steps.
Trajectories that are prematurely terminated due to this limit will result in slow exploration.
For optimal performance, increase this limit.

Checking sampler transitions for divergences.
No divergent transitions found.

Checking E-BFMI - sampler transitions HMC potential energy.
E-BFMI satisfactory.

Rank-normalized split effective sample size satisfactory for all parameters.

Rank-normalized split R-hat values satisfactory for all parameters.

Processing complete.

Parameters from last iteration: [2.42918884e-01 3.90289515e-01 3.91121842e-01 ... 2.52758689e+02
 2.34332924e+02 2.33817224e+02]

Parameters from current iteration:
            [2.39907149e-01 3.84891009e-01 3.85709855e-01 ... 2.52716244e+02
 2.34335816e+02 2.33860603e+02]

Updated uncertain values: [2.42165951e-01 3.88939888e-01 3.89768845e-01 ... 2.52748078e+02
 2.34333647e+02 2.33828068e+02]


            Iteration [  12]: Absolute Error = 0.15799956917840063,
            Percentage Error = 0.006042497447764244
            
Optimization Iteration[13/100]

Theta: [0.24216595 0.38893989 0.38976884 ... 1.88681313 1.19320246 1.06472671]

Gamma: [606.23330405 587.40887275 531.90144914 ... 252.74807755 234.3336468
 233.82806847]

Solving the optimization problem...
Set parameter TokenServer to value "licenses.rcc.uchicago.edu"
Read LP format model from file /scratch/local/jobs/50255465/tmp9y5d62pc.pyomo.lp
Reading time = 2.17 seconds
x1: 417600 rows, 834801 columns, 2083271 nonzeros
Gurobi Optimizer version 11.0.0 build v11.0.0rc2 (linux64 - "CentOS Linux 8")

CPU model: Intel(R) Xeon(R) Gold 6248R CPU @ 3.00GHz, instruction set [SSE2|AVX|AVX2|AVX512]
Thread count: 48 physical cores, 48 logical processors, using up to 32 threads

Optimize a model with 417600 rows, 834801 columns and 2083271 nonzeros
Model fingerprint: 0x28c2f711
Model has 400 quadratic objective terms
Coefficient statistics:
  Matrix range     [1e+00, 9e+02]
  Objective range  [8e-04, 8e+02]
  QObjective range [2e+03, 2e+05]
  Bounds range     [3e-06, 1e+00]
  RHS range        [9e-11, 4e-01]
Presolve removed 208947 rows and 209294 columns
Presolve time: 0.80s
Presolved: 208653 rows, 625507 columns, 1249571 nonzeros
Presolved model has 400 quadratic objective terms
Ordering time: 1.09s

Barrier statistics:
 AA' NZ     : 6.241e+05
 Factor NZ  : 6.773e+07 (roughly 900 MB of memory)
 Factor Ops : 2.543e+10 (less than 1 second per iteration)
 Threads    : 32

                  Objective                Residual
Iter       Primal          Dual         Primal    Dual     Compl     Time
   0  -1.48692204e+11  1.10640369e+11  1.04e+06 1.13e-13  1.00e+06     6s
   1  -6.48966982e+10  6.33659284e+10  4.43e+04 3.08e+01  4.67e+04     8s
   2  -3.05825680e+10  3.06534274e+10  4.48e+02 1.24e-01  5.43e+02    10s
   3  -1.08845290e+10  1.09725580e+10  3.21e+00 1.48e-12  2.86e+01    12s
   4  -2.40144074e+09  2.49923923e+09  2.67e-01 1.25e-12  5.95e+00    16s
   5  -5.82494362e+08  6.48608886e+08  3.65e-02 4.50e-12  1.46e+00    21s
   6  -9.63116941e+07  1.09567130e+08  2.74e-03 1.79e-12  2.41e-01    25s
   7  -1.41091077e+07  1.68747843e+07  2.74e-09 1.56e-12  3.63e-02    30s
   8  -2.06768829e+06  2.45908981e+06  2.82e-13 1.01e-12  5.30e-03    32s
   9  -3.07687248e+05  3.77784437e+05  4.29e-14 3.01e-13  8.03e-04    34s
  10  -4.62042979e+04  5.46116643e+04  2.08e-14 5.86e-14  1.18e-04    36s
  11  -7.16692276e+03  8.45461121e+03  1.34e-14 7.96e-15  1.83e-05    38s
  12  -1.75465815e+03  1.93737779e+03  1.25e-14 1.74e-15  4.32e-06    41s
  13  -4.12196816e+02  9.43247130e+02  1.23e-15 5.55e-16  1.59e-06    44s
  14  -5.27876167e+00  4.07301090e+02  4.90e-16 4.44e-16  4.83e-07    46s
  15   1.18094073e+02  2.65160176e+02  2.96e-16 5.55e-16  1.72e-07    48s
  16   1.59314833e+02  2.23141916e+02  1.29e-16 4.44e-16  7.47e-08    50s
  17   1.78957355e+02  2.07566376e+02  9.69e-17 4.44e-16  3.35e-08    52s
  18   1.83432190e+02  2.04634389e+02  7.00e-17 4.44e-16  2.48e-08    53s
  19   1.90511559e+02  2.00232946e+02  4.27e-17 4.44e-16  1.14e-08    55s
  20   1.92051994e+02  1.99382614e+02  3.71e-17 4.44e-16  8.58e-09    57s
  21   1.94582428e+02  1.98043521e+02  3.51e-17 4.44e-16  4.05e-09    59s
  22   1.95409652e+02  1.97639009e+02  4.08e-17 4.44e-16  2.61e-09    60s
  23   1.96006825e+02  1.97355673e+02  5.07e-17 4.44e-16  1.58e-09    62s
  24   1.96310896e+02  1.97217839e+02  6.07e-17 4.44e-16  1.06e-09    64s
  25   1.96613957e+02  1.97080990e+02  2.24e-16 4.44e-16  5.47e-10    66s
  26   1.96684524e+02  1.97049007e+02  7.61e-17 4.44e-16  4.27e-10    67s
  27   1.96804959e+02  1.96997227e+02  1.47e-16 5.55e-16  2.25e-10    69s
  28   1.96885971e+02  1.96962927e+02  2.18e-16 4.44e-16  9.01e-11    71s
  29   1.96887291e+02  1.96962380e+02  2.13e-16 4.44e-16  8.79e-11    73s
  30   1.96890992e+02  1.96960850e+02  1.83e-16 4.44e-16  8.18e-11    75s
  31   1.96919759e+02  1.96949003e+02  2.43e-16 4.44e-16  3.42e-11    76s
  32   1.96933191e+02  1.96943571e+02  3.30e-16 5.55e-16  1.22e-11    79s
  33   1.96937125e+02  1.96941996e+02  5.03e-16 4.44e-16  5.70e-12    80s
  34   1.96939443e+02  1.96941072e+02  1.88e-15 5.55e-16  1.91e-12    82s
  35   1.96940454e+02  1.96940669e+02  1.17e-15 6.66e-16  2.51e-13    84s
  36   1.96940578e+02  1.96940619e+02  1.55e-15 5.55e-16  4.77e-14    87s
  37   1.96940603e+02  1.96940609e+02  1.68e-15 6.66e-16  7.00e-15    88s

Barrier solved model in 37 iterations and 88.34 seconds (16.97 work units)
Optimal objective 1.96940603e+02

Done! Time elapsed: 119.44039916992188 seconds.
Starting HMC sampling...

                                                                                                                                                                                                                                                                                                                                
Finished sampling! Elapsed Time: 841.7416253089905 seconds

Checking sampler transitions treedepth.
52 of 16000 (0.33%) transitions hit the maximum treedepth limit of 10, or 2^10 leapfrog steps.
Trajectories that are prematurely terminated due to this limit will result in slow exploration.
For optimal performance, increase this limit.

Checking sampler transitions for divergences.
No divergent transitions found.

Checking E-BFMI - sampler transitions HMC potential energy.
E-BFMI satisfactory.

Rank-normalized split effective sample size satisfactory for all parameters.

Rank-normalized split R-hat values satisfactory for all parameters.

Processing complete.

Parameters from last iteration: [2.42165951e-01 3.88939888e-01 3.89768845e-01 ... 2.52748078e+02
 2.34333647e+02 2.33828068e+02]

Parameters from current iteration:
            [2.40228706e-01 3.85227882e-01 3.86046815e-01 ... 2.52758119e+02
 2.34308599e+02 2.33770450e+02]

Updated uncertain values: [2.41681640e-01 3.88011887e-01 3.88838337e-01 ... 2.52750588e+02
 2.34327385e+02 2.33813664e+02]


            Iteration [  13]: Absolute Error = 0.2195639695311229,
            Percentage Error = 0.004262932876233346
            
Terminated. Sampling the final distribution...

                                                                                                                                                                                                                                                                                                                                
Solving the optimization problem...
Set parameter TokenServer to value "licenses.rcc.uchicago.edu"
Read LP format model from file /scratch/local/jobs/50255465/tmpy5di7114.pyomo.lp
Reading time = 2.27 seconds
x1: 417600 rows, 834801 columns, 2083271 nonzeros
Gurobi Optimizer version 11.0.0 build v11.0.0rc2 (linux64 - "CentOS Linux 8")

CPU model: Intel(R) Xeon(R) Gold 6248R CPU @ 3.00GHz, instruction set [SSE2|AVX|AVX2|AVX512]
Thread count: 48 physical cores, 48 logical processors, using up to 32 threads

Optimize a model with 417600 rows, 834801 columns and 2083271 nonzeros
Model fingerprint: 0x5123497a
Model has 400 quadratic objective terms
Coefficient statistics:
  Matrix range     [1e+00, 9e+02]
  Objective range  [2e-04, 9e+02]
  QObjective range [2e+03, 2e+05]
  Bounds range     [2e-06, 1e+00]
  RHS range        [6e-10, 4e-01]
Presolve removed 209011 rows and 209422 columns
Presolve time: 0.82s
Presolved: 208589 rows, 625379 columns, 1249315 nonzeros
Presolved model has 400 quadratic objective terms
Ordering time: 1.14s

Barrier statistics:
 AA' NZ     : 6.239e+05
 Factor NZ  : 6.769e+07 (roughly 900 MB of memory)
 Factor Ops : 2.541e+10 (less than 1 second per iteration)
 Threads    : 32

                  Objective                Residual
Iter       Primal          Dual         Primal    Dual     Compl     Time
   0  -3.82407294e+10  1.08047485e+08  1.04e+06 3.26e+02  9.96e+05     5s
   1  -1.79431017e+09  4.12727495e+07  4.79e+04 1.14e-12  5.27e+04     7s
   2  -1.11400514e+07  6.55409079e+06  1.27e+02 2.66e-12  1.55e+02     9s
   3  -1.10599735e+06  1.12395946e+06  1.73e+00 2.59e-12  4.50e+00    11s
   4  -1.97956815e+05  2.67597431e+05  7.58e-02 1.97e-12  6.26e-01    13s
   5  -4.14506633e+04  5.70510796e+04  2.66e-03 1.19e-12  1.19e-01    15s
   6  -7.96715917e+03  9.92652042e+03  1.98e-04 1.20e-12  2.15e-02    17s
   7  -3.71793272e+03  4.48867335e+03  7.34e-05 6.82e-13  9.85e-03    18s
   8  -1.52958351e+03  2.32209105e+03  1.97e-05 6.14e-13  4.62e-03    21s
   9  -8.35812141e+02  1.27563099e+03  9.72e-06 4.41e-13  2.53e-03    22s
  10  -4.09926396e+02  7.99377363e+02  3.96e-06 4.27e-13  1.45e-03    24s
  11  -1.10934383e+00  2.56710797e+02  1.46e-07 3.37e-13  3.09e-04    26s
  12   8.25574710e+01  1.81604263e+02  1.50e-08 2.31e-13  1.19e-04    28s
  13   1.05842600e+02  1.61018607e+02  5.84e-09 2.45e-13  6.62e-05    30s
  14   1.22656981e+02  1.47863723e+02  2.13e-09 2.74e-13  3.02e-05    32s
  15   1.29464621e+02  1.42991954e+02  6.88e-10 2.63e-13  1.62e-05    34s
  16   1.32347485e+02  1.41157701e+02  2.82e-10 2.81e-13  1.06e-05    36s
  17   1.35434719e+02  1.39362202e+02  5.99e-11 4.55e-13  4.71e-06    38s
  18   1.36910128e+02  1.38570248e+02  1.32e-11 5.68e-13  1.99e-06    40s
  19   1.37383541e+02  1.38342515e+02  4.18e-12 5.68e-13  1.15e-06    42s
  20   1.37535939e+02  1.38271710e+02  1.49e-12 4.55e-13  8.82e-07    44s
  21   1.37748759e+02  1.38178628e+02  5.77e-13 5.68e-13  5.15e-07    45s
  22   1.37871802e+02  1.38125390e+02  1.79e-13 4.55e-13  3.04e-07    47s
  23   1.37983003e+02  1.38078229e+02  2.42e-14 6.82e-13  1.14e-07    49s
  24   1.38017374e+02  1.38064188e+02  5.34e-15 4.55e-13  5.61e-08    51s
  25   1.38036059e+02  1.38056713e+02  6.47e-16 6.82e-13  2.48e-08    53s
  26   1.38045780e+02  1.38052816e+02  1.79e-15 4.55e-13  8.44e-09    54s
  27   1.38047773e+02  1.38052016e+02  8.94e-16 5.68e-13  5.09e-09    56s
  28   1.38050393e+02  1.38050982e+02  9.74e-15 5.68e-13  7.05e-10    58s
  29   1.38050700e+02  1.38050861e+02  3.83e-15 5.68e-13  1.93e-10    60s
  30   1.38050786e+02  1.38050827e+02  1.61e-15 5.68e-13  4.95e-11    62s
  31   1.38050814e+02  1.38050816e+02  2.49e-15 5.68e-13  2.39e-12    63s
  32   1.38050816e+02  1.38050816e+02  2.55e-15 5.68e-13  3.88e-13    65s

Barrier solved model in 32 iterations and 65.23 seconds (14.65 work units)
Optimal objective 1.38050816e+02

Done! Time elapsed: 97.2825677394867 seconds.
min_result 0.08119088322420112 min_pe 4.3

Program ends Fri May 29 23:37:30 CDT 2026
Exit code: 0
Elapsed time: 20559 seconds
