Command: /project/lhansen/HMC_rep26_robust_mac/amazon-carbon-prices/.venv/bin/python pysrc/bash/shadow_price.py --id 44 --xi 1 --sites 1043
Working directory: /project/lhansen/HMC_rep26_robust_mac/amazon-carbon-prices
Program starts Fri May 29 17:55:05 CDT 2026

Data successfully loaded from /project/lhansen/HMC_rep26_robust_mac/amazon-carbon-prices/data/calibration
Waiting for Stan compile lock: /project/lhansen/HMC_rep26_robust_mac/amazon-carbon-prices/stan_model/adjusted.compile.lock
Using Stan model executable: /project/lhansen/HMC_rep26_robust_mac/amazon-carbon-prices/stan_model/adjusted
Optimization Iteration[1/100]

Theta: [0.19293399 0.39270684 0.39383513 ... 2.1961384  1.20930668 1.03223742]

Gamma: [605.85192903 587.02426052 531.68859839 ... 252.44623295 234.13249733
 233.63746894]

Solving the optimization problem...
Set parameter TokenServer to value "licenses.rcc.uchicago.edu"
Read LP format model from file /scratch/local/jobs/50255466/tmpbep78176.pyomo.lp
Reading time = 2.18 seconds
x1: 417600 rows, 834801 columns, 2083271 nonzeros
Gurobi Optimizer version 11.0.0 build v11.0.0rc2 (linux64 - "CentOS Linux 8")

CPU model: Intel(R) Xeon(R) Gold 6248R CPU @ 3.00GHz, instruction set [SSE2|AVX|AVX2|AVX512]
Thread count: 48 physical cores, 48 logical processors, using up to 32 threads

Optimize a model with 417600 rows, 834801 columns and 2083271 nonzeros
Model fingerprint: 0xc34ad6bd
Model has 400 quadratic objective terms
Coefficient statistics:
  Matrix range     [1e+00, 9e+02]
  Objective range  [2e-03, 9e+02]
  QObjective range [2e+03, 2e+05]
  Bounds range     [3e-06, 1e+00]
  RHS range        [9e-11, 4e-01]
Presolve removed 208947 rows and 209294 columns
Presolve time: 0.82s
Presolved: 208653 rows, 625507 columns, 1249571 nonzeros
Presolved model has 400 quadratic objective terms
Ordering time: 1.31s

Barrier statistics:
 AA' NZ     : 6.241e+05
 Factor NZ  : 6.773e+07 (roughly 900 MB of memory)
 Factor Ops : 2.543e+10 (less than 1 second per iteration)
 Threads    : 32

                  Objective                Residual
Iter       Primal          Dual         Primal    Dual     Compl     Time
   0  -1.48973231e+11  1.10640370e+11  1.04e+06 1.14e-13  1.00e+06     7s
   1  -6.49086019e+10  6.33657772e+10  4.43e+04 3.08e+01  4.67e+04    10s
   2  -3.05826572e+10  3.06533537e+10  4.48e+02 1.24e-01  5.43e+02    12s
   3  -1.08845210e+10  1.09725238e+10  3.21e+00 1.46e-12  2.86e+01    14s
   4  -2.40143288e+09  2.49921905e+09  2.67e-01 1.25e-12  5.95e+00    19s
   5  -5.82495419e+08  6.48603787e+08  3.65e-02 2.98e-12  1.46e+00    24s
   6  -9.63128371e+07  1.09565966e+08  2.74e-03 1.27e-12  2.41e-01    29s
   7  -1.41095198e+07  1.68746296e+07  2.74e-09 1.59e-12  3.63e-02    34s
   8  -2.06777146e+06  2.45901808e+06  2.79e-13 1.11e-12  5.30e-03    37s
   9  -3.07670931e+05  3.77925928e+05  5.59e-14 2.97e-13  8.03e-04    39s
  10  -4.61383795e+04  5.47357516e+04  2.11e-14 6.26e-14  1.18e-04    41s
  11  -7.12203415e+03  8.84144776e+03  1.19e-14 6.70e-15  1.87e-05    43s
  12  -1.28997411e+03  2.63633427e+03  9.69e-15 2.12e-15  4.60e-06    48s
  13  -1.76035238e+02  8.24001831e+02  2.59e-15 9.31e-16  1.17e-06    51s
  14   1.42344492e+02  4.88342619e+02  3.78e-16 6.66e-16  4.05e-07    54s
  15   2.49103756e+02  3.92503062e+02  1.96e-16 6.66e-16  1.68e-07    56s
  16   2.98017365e+02  3.43114537e+02  8.98e-17 4.44e-16  5.28e-08    59s
  17   3.02431517e+02  3.39949941e+02  7.52e-17 5.55e-16  4.39e-08    60s
  18   3.03680681e+02  3.39414256e+02  7.11e-17 5.55e-16  4.18e-08    62s
  19   3.16023096e+02  3.31648079e+02  8.74e-17 4.44e-16  1.83e-08    64s
  20   3.19912198e+02  3.29565093e+02  8.07e-17 5.55e-16  1.13e-08    66s
  21   3.23145158e+02  3.27965253e+02  5.27e-17 4.44e-16  5.64e-09    68s
  22   3.24740998e+02  3.27168358e+02  7.29e-17 4.44e-16  2.84e-09    70s
  23   3.25376027e+02  3.26868904e+02  8.76e-17 4.44e-16  1.75e-09    72s
  24   3.25874891e+02  3.26641150e+02  6.55e-17 5.55e-16  8.97e-10    74s
  25   3.25945185e+02  3.26610305e+02  8.28e-17 4.44e-16  7.79e-10    76s
  26   3.26131097e+02  3.26529614e+02  7.74e-17 6.66e-16  4.67e-10    78s
  27   3.26232017e+02  3.26486389e+02  1.22e-16 4.44e-16  2.98e-10    81s
  28   3.26333114e+02  3.26443575e+02  4.98e-16 5.55e-16  1.29e-10    83s
  29   3.26362192e+02  3.26431672e+02  3.40e-16 6.66e-16  8.13e-11    85s
  30   3.26400153e+02  3.26416235e+02  9.94e-16 6.66e-16  1.88e-11    87s
  31   3.26405746e+02  3.26413981e+02  2.32e-15 6.66e-16  9.64e-12    89s
  32   3.26410006e+02  3.26412288e+02  3.58e-15 5.55e-16  2.67e-12    91s
  33   3.26411262e+02  3.26411789e+02  5.18e-15 5.55e-16  6.17e-13    94s
  34   3.26411496e+02  3.26411697e+02  2.87e-15 8.88e-16  2.36e-13    96s
  35   3.26411612e+02  3.26411652e+02  2.80e-15 5.55e-16  4.65e-14    98s
  36   3.26411636e+02  3.26411642e+02  3.92e-15 6.66e-16  7.50e-15   100s

Barrier solved model in 36 iterations and 99.98 seconds (16.49 work units)
Optimal objective 3.26411636e+02

Done! Time elapsed: 131.29481267929077 seconds.
Starting HMC sampling...

                                                                                                                                                                                                                                                                                                                                
Finished sampling! Elapsed Time: 1171.144867658615 seconds

Checking sampler transitions treedepth.
104 of 16000 (0.65%) transitions hit the maximum treedepth limit of 10, or 2^10 leapfrog steps.
Trajectories that are prematurely terminated due to this limit will result in slow exploration.
For optimal performance, increase this limit.

Checking sampler transitions for divergences.
No divergent transitions found.

Checking E-BFMI - sampler transitions HMC potential energy.
E-BFMI satisfactory.

Rank-normalized split effective sample size satisfactory for all parameters.

Rank-normalized split R-hat values satisfactory for all parameters.

Processing complete.

Parameters from last iteration: [1.92933991e-01 3.92706841e-01 3.93835127e-01 ... 2.52446233e+02
 2.34132497e+02 2.33637469e+02]

Parameters from current iteration:
            [  0.2871119    0.43241641   0.43323707 ... 252.7767953  234.28451625
 233.71177996]

Updated uncertain values: [2.16478467e-01 4.02634233e-01 4.03685612e-01 ... 2.52528874e+02
 2.34170502e+02 2.33656047e+02]


            Iteration [   1]: Absolute Error = 1.8124939779687566,
            Percentage Error = 0.19080812612755332
            
Optimization Iteration[2/100]

Theta: [0.21647847 0.40263423 0.40368561 ... 2.10912143 1.20960924 1.04709246]

Gamma: [606.0443611  587.20967829 531.8234252  ... 252.52887354 234.17050206
 233.6560467 ]

Solving the optimization problem...
Set parameter TokenServer to value "licenses.rcc.uchicago.edu"
Read LP format model from file /scratch/local/jobs/50255466/tmpii3c0nr6.pyomo.lp
Reading time = 2.18 seconds
x1: 417600 rows, 834801 columns, 2083271 nonzeros
Gurobi Optimizer version 11.0.0 build v11.0.0rc2 (linux64 - "CentOS Linux 8")

CPU model: Intel(R) Xeon(R) Gold 6248R CPU @ 3.00GHz, instruction set [SSE2|AVX|AVX2|AVX512]
Thread count: 48 physical cores, 48 logical processors, using up to 32 threads

Optimize a model with 417600 rows, 834801 columns and 2083271 nonzeros
Model fingerprint: 0x7613a0cf
Model has 400 quadratic objective terms
Coefficient statistics:
  Matrix range     [1e+00, 9e+02]
  Objective range  [2e-03, 9e+02]
  QObjective range [2e+03, 2e+05]
  Bounds range     [3e-06, 1e+00]
  RHS range        [9e-11, 4e-01]
Presolve removed 208947 rows and 209294 columns
Presolve time: 0.83s
Presolved: 208653 rows, 625507 columns, 1249571 nonzeros
Presolved model has 400 quadratic objective terms
Ordering time: 1.22s

Barrier statistics:
 AA' NZ     : 6.241e+05
 Factor NZ  : 6.773e+07 (roughly 900 MB of memory)
 Factor Ops : 2.543e+10 (less than 1 second per iteration)
 Threads    : 32

                  Objective                Residual
Iter       Primal          Dual         Primal    Dual     Compl     Time
   0  -1.49208758e+11  1.10640370e+11  1.04e+06 1.12e-13  1.00e+06     7s
   1  -6.49185500e+10  6.33657710e+10  4.43e+04 3.08e+01  4.67e+04     9s
   2  -3.05827559e+10  3.06533507e+10  4.48e+02 1.24e-01  5.43e+02    12s
   3  -1.08845212e+10  1.09725226e+10  3.21e+00 1.59e-12  2.86e+01    14s
   4  -2.40143304e+09  2.49921880e+09  2.67e-01 1.24e-12  5.95e+00    18s
   5  -5.82495348e+08  6.48603485e+08  3.65e-02 6.75e-12  1.46e+00    22s
   6  -9.63128451e+07  1.09565826e+08  2.74e-03 1.50e-12  2.41e-01    27s
   7  -1.41095618e+07  1.68745603e+07  2.74e-09 1.47e-12  3.63e-02    31s
   8  -2.06781671e+06  2.45898022e+06  2.59e-13 1.18e-12  5.30e-03    34s
   9  -3.07709693e+05  3.77865612e+05  4.09e-14 2.57e-13  8.03e-04    36s
  10  -4.61760486e+04  5.46866873e+04  2.03e-14 6.33e-14  1.18e-04    39s
  11  -7.14146162e+03  8.68287384e+03  1.40e-14 7.10e-15  1.85e-05    41s
  12  -1.34139699e+03  2.12147092e+03  9.57e-15 2.55e-15  4.05e-06    45s
  13  -2.37123361e+02  9.51867416e+02  8.44e-16 6.66e-16  1.39e-06    47s
  14   1.32075394e+02  4.13752963e+02  4.58e-16 4.44e-16  3.30e-07    50s
  15   2.03005688e+02  3.36874632e+02  3.15e-16 4.44e-16  1.57e-07    53s
  16   2.33855351e+02  3.11812568e+02  1.91e-16 4.44e-16  9.13e-08    55s
  17   2.60413563e+02  2.94137716e+02  8.67e-17 4.44e-16  3.95e-08    57s
  18   2.70451937e+02  2.87334177e+02  5.66e-17 4.44e-16  1.98e-08    59s
  19   2.76734565e+02  2.83354349e+02  7.33e-17 5.55e-16  7.75e-09    60s
  20   2.77328625e+02  2.82989053e+02  7.98e-17 4.44e-16  6.63e-09    62s
  21   2.79406453e+02  2.81808578e+02  1.10e-16 4.44e-16  2.81e-09    64s
  22   2.79848863e+02  2.81574002e+02  1.27e-16 4.44e-16  2.02e-09    66s
  23   2.80229274e+02  2.81376433e+02  1.91e-16 4.44e-16  1.34e-09    68s
  24   2.80522963e+02  2.81236381e+02  7.96e-17 4.44e-16  8.35e-10    70s
  25   2.80730963e+02  2.81141965e+02  1.12e-16 4.44e-16  4.81e-10    72s
  26   2.80886203e+02  2.81073929e+02  3.79e-16 4.44e-16  2.20e-10    74s
  27   2.80945508e+02  2.81048587e+02  5.63e-16 5.55e-16  1.21e-10    76s
  28   2.80984435e+02  2.81032360e+02  5.85e-16 5.55e-16  5.61e-11    78s
  29   2.80985382e+02  2.81031971e+02  5.93e-16 5.55e-16  5.45e-11    80s
  30   2.81008564e+02  2.81022485e+02  9.10e-16 4.44e-16  1.63e-11    82s
  31   2.81014878e+02  2.81019968e+02  1.51e-15 5.55e-16  5.96e-12    85s
  32   2.81017052e+02  2.81019107e+02  5.50e-15 6.66e-16  2.41e-12    87s
  33   2.81018051e+02  2.81018710e+02  5.70e-15 6.66e-16  7.72e-13    89s
  34   2.81018368e+02  2.81018585e+02  2.22e-15 5.55e-16  2.54e-13    92s
  35   2.81018492e+02  2.81018536e+02  2.93e-15 6.66e-16  5.07e-14    94s
  36   2.81018518e+02  2.81018526e+02  3.85e-15 5.55e-16  8.82e-15    96s

Barrier solved model in 36 iterations and 95.82 seconds (16.33 work units)
Optimal objective 2.81018518e+02

Done! Time elapsed: 132.0090253353119 seconds.
Starting HMC sampling...

                                                                                                                                                                                                                                                                                                                                
Finished sampling! Elapsed Time: 765.3880023956299 seconds

Checking sampler transitions treedepth.
7 of 16000 (0.04%) transitions hit the maximum treedepth limit of 10, or 2^10 leapfrog steps.
Trajectories that are prematurely terminated due to this limit will result in slow exploration.
For optimal performance, increase this limit.

Checking sampler transitions for divergences.
No divergent transitions found.

Checking E-BFMI - sampler transitions HMC potential energy.
E-BFMI satisfactory.

Rank-normalized split effective sample size satisfactory for all parameters.

Rank-normalized split R-hat values satisfactory for all parameters.

Processing complete.

Parameters from last iteration: [2.16478467e-01 4.02634233e-01 4.03685612e-01 ... 2.52528874e+02
 2.34170502e+02 2.33656047e+02]

Parameters from current iteration:
            [  0.27592792   0.41898858   0.41979656 ... 252.84487205 234.36202463
 233.76532956]

Updated uncertain values: [2.31340830e-01 4.06722819e-01 4.07713350e-01 ... 2.52607873e+02
 2.34218383e+02 2.33683367e+02]


            Iteration [   2]: Absolute Error = 1.1416543217578692,
            Percentage Error = 0.16728602974016638
            
Optimization Iteration[3/100]

Theta: [0.23134083 0.40672282 0.40771335 ... 2.04658684 1.20849152 1.05616876]

Gamma: [606.11120134 587.26940113 531.86813901 ... 252.60787317 234.2183827
 233.68336741]

Solving the optimization problem...
Set parameter TokenServer to value "licenses.rcc.uchicago.edu"
Read LP format model from file /scratch/local/jobs/50255466/tmpnnf72ww6.pyomo.lp
Reading time = 2.18 seconds
x1: 417600 rows, 834801 columns, 2083271 nonzeros
Gurobi Optimizer version 11.0.0 build v11.0.0rc2 (linux64 - "CentOS Linux 8")

CPU model: Intel(R) Xeon(R) Gold 6248R CPU @ 3.00GHz, instruction set [SSE2|AVX|AVX2|AVX512]
Thread count: 48 physical cores, 48 logical processors, using up to 32 threads

Optimize a model with 417600 rows, 834801 columns and 2083271 nonzeros
Model fingerprint: 0x4b7629c4
Model has 400 quadratic objective terms
Coefficient statistics:
  Matrix range     [1e+00, 9e+02]
  Objective range  [9e-04, 9e+02]
  QObjective range [2e+03, 2e+05]
  Bounds range     [3e-06, 1e+00]
  RHS range        [9e-11, 4e-01]
Presolve removed 208947 rows and 209294 columns
Presolve time: 0.83s
Presolved: 208653 rows, 625507 columns, 1249571 nonzeros
Presolved model has 400 quadratic objective terms
Ordering time: 1.47s

Barrier statistics:
 AA' NZ     : 6.241e+05
 Factor NZ  : 6.773e+07 (roughly 900 MB of memory)
 Factor Ops : 2.543e+10 (less than 1 second per iteration)
 Threads    : 32

                  Objective                Residual
Iter       Primal          Dual         Primal    Dual     Compl     Time
   0  -1.49362841e+11  1.10640370e+11  1.04e+06 1.13e-13  1.00e+06     6s
   1  -6.49250591e+10  6.33657674e+10  4.43e+04 3.08e+01  4.67e+04     8s
   2  -3.05828206e+10  3.06533491e+10  4.48e+02 1.24e-01  5.43e+02    11s
   3  -1.08845213e+10  1.09725220e+10  3.21e+00 1.48e-12  2.86e+01    12s
   4  -2.40143318e+09  2.49921871e+09  2.67e-01 1.25e-12  5.95e+00    18s
   5  -5.82495291e+08  6.48603296e+08  3.65e-02 2.28e-12  1.46e+00    23s
   6  -9.63128410e+07  1.09565732e+08  2.74e-03 1.48e-12  2.41e-01    28s
   7  -1.41095868e+07  1.68745130e+07  2.74e-09 1.69e-12  3.63e-02    33s
   8  -2.06784571e+06  2.45895433e+06  2.74e-13 1.12e-12  5.30e-03    36s
   9  -3.07734859e+05  3.77824573e+05  4.32e-14 3.00e-13  8.03e-04    38s
  10  -4.62006519e+04  5.46538407e+04  2.10e-14 4.53e-14  1.18e-04    40s
  11  -7.15280839e+03  8.57445889e+03  1.25e-14 1.22e-14  1.84e-05    42s
  12  -1.73260479e+03  2.00074146e+03  1.10e-14 2.32e-15  4.37e-06    45s
  13  -3.41281741e+02  1.04947971e+03  9.40e-16 7.13e-16  1.63e-06    47s
  14   8.37089647e+01  4.09632464e+02  8.06e-16 5.55e-16  3.82e-07    50s
  15   1.82842515e+02  3.08906667e+02  2.18e-16 6.66e-16  1.48e-07    54s
  16   2.21117166e+02  2.75137487e+02  1.21e-16 5.55e-16  6.32e-08    56s
  17   2.37408167e+02  2.61488058e+02  5.85e-17 5.55e-16  2.82e-08    57s
  18   2.44847593e+02  2.55853022e+02  8.11e-17 4.44e-16  1.29e-08    59s
  19   2.48725759e+02  2.53319442e+02  6.35e-16 4.44e-16  5.38e-09    62s
  20   2.49795910e+02  2.52710820e+02  3.08e-16 4.44e-16  3.41e-09    64s
  21   2.50715028e+02  2.52235991e+02  1.12e-16 4.44e-16  1.78e-09    66s
  22   2.51047681e+02  2.52070797e+02  1.06e-16 4.44e-16  1.20e-09    68s
  23   2.51361157e+02  2.51920148e+02  6.44e-17 4.44e-16  6.54e-10    71s
  24   2.51528105e+02  2.51843214e+02  1.00e-16 4.44e-16  3.69e-10    73s
  25   2.51633761e+02  2.51796965e+02  1.47e-16 4.44e-16  1.91e-10    75s
  26   2.51690263e+02  2.51773132e+02  2.72e-16 4.44e-16  9.70e-11    77s
  27   2.51721263e+02  2.51760267e+02  4.51e-16 5.55e-16  4.57e-11    79s
  28   2.51740892e+02  2.51752265e+02  9.63e-16 4.44e-16  1.33e-11    81s
  29   2.51744183e+02  2.51750941e+02  9.92e-16 4.44e-16  7.91e-12    83s
  30   2.51746903e+02  2.51749858e+02  8.17e-15 6.66e-16  3.46e-12    85s
  31   2.51748156e+02  2.51749360e+02  4.18e-15 5.55e-16  1.41e-12    87s
  32   2.51748888e+02  2.51749071e+02  4.39e-15 5.55e-16  2.14e-13    91s
  33   2.51748987e+02  2.51749032e+02  2.19e-15 6.66e-16  5.32e-14    93s
  34   2.51749017e+02  2.51749020e+02  1.31e-15 6.66e-16  3.41e-15    95s

Barrier solved model in 34 iterations and 95.41 seconds (16.10 work units)
Optimal objective 2.51749017e+02

Done! Time elapsed: 128.2473394870758 seconds.
Starting HMC sampling...

                                                                                                                                                                                                                                                                                                                                
Finished sampling! Elapsed Time: 1055.0062537193298 seconds

Checking sampler transitions treedepth.
76 of 16000 (0.47%) transitions hit the maximum treedepth limit of 10, or 2^10 leapfrog steps.
Trajectories that are prematurely terminated due to this limit will result in slow exploration.
For optimal performance, increase this limit.

Checking sampler transitions for divergences.
No divergent transitions found.

Checking E-BFMI - sampler transitions HMC potential energy.
E-BFMI satisfactory.

Rank-normalized split effective sample size satisfactory for all parameters.

Rank-normalized split R-hat values satisfactory for all parameters.

Processing complete.

Parameters from last iteration: [2.31340830e-01 4.06722819e-01 4.07713350e-01 ... 2.52607873e+02
 2.34218383e+02 2.33683367e+02]

Parameters from current iteration:
            [  0.26545804   0.40846705   0.40927474 ... 252.78795206 234.31321426
 233.77528205]

Updated uncertain values: [2.39870133e-01 4.07158877e-01 4.08103698e-01 ... 2.52652893e+02
 2.34242091e+02 2.33706346e+02]


            Iteration [   3]: Absolute Error = 0.7181458968457264,
            Percentage Error = 0.1419365340537619
            
Optimization Iteration[4/100]

Theta: [0.23987013 0.40715888 0.4081037  ... 2.0009137  1.2067007  1.06162786]

Gamma: [606.23144523 587.3706378  531.90921747 ... 252.65289289 234.24209059
 233.70634607]

Solving the optimization problem...
Set parameter TokenServer to value "licenses.rcc.uchicago.edu"
Read LP format model from file /scratch/local/jobs/50255466/tmpwgmz29zl.pyomo.lp
Reading time = 2.18 seconds
x1: 417600 rows, 834801 columns, 2083271 nonzeros
Gurobi Optimizer version 11.0.0 build v11.0.0rc2 (linux64 - "CentOS Linux 8")

CPU model: Intel(R) Xeon(R) Gold 6248R CPU @ 3.00GHz, instruction set [SSE2|AVX|AVX2|AVX512]
Thread count: 48 physical cores, 48 logical processors, using up to 32 threads

Optimize a model with 417600 rows, 834801 columns and 2083271 nonzeros
Model fingerprint: 0x186e03ed
Model has 400 quadratic objective terms
Coefficient statistics:
  Matrix range     [1e+00, 9e+02]
  Objective range  [2e-03, 9e+02]
  QObjective range [2e+03, 2e+05]
  Bounds range     [3e-06, 1e+00]
  RHS range        [9e-11, 4e-01]
Presolve removed 208947 rows and 209294 columns
Presolve time: 0.84s
Presolved: 208653 rows, 625507 columns, 1249571 nonzeros
Presolved model has 400 quadratic objective terms
Ordering time: 1.23s

Barrier statistics:
 AA' NZ     : 6.241e+05
 Factor NZ  : 6.773e+07 (roughly 900 MB of memory)
 Factor Ops : 2.543e+10 (less than 1 second per iteration)
 Threads    : 32

                  Objective                Residual
Iter       Primal          Dual         Primal    Dual     Compl     Time
   0  -1.49463585e+11  1.10640369e+11  1.04e+06 1.13e-13  1.00e+06     7s
   1  -6.49293166e+10  6.33657657e+10  4.43e+04 3.08e+01  4.67e+04     9s
   2  -3.05828632e+10  3.06533483e+10  4.48e+02 1.24e-01  5.43e+02    11s
   3  -1.08845214e+10  1.09725216e+10  3.21e+00 1.56e-12  2.86e+01    13s
   4  -2.40143327e+09  2.49921866e+09  2.67e-01 1.43e-12  5.95e+00    17s
   5  -5.82495258e+08  6.48603183e+08  3.65e-02 5.63e-12  1.46e+00    21s
   6  -9.63128374e+07  1.09565672e+08  2.74e-03 1.42e-12  2.41e-01    26s
   7  -1.41096028e+07  1.68744826e+07  2.74e-09 1.42e-12  3.63e-02    31s
   8  -2.06786458e+06  2.45893799e+06  3.03e-13 1.04e-12  5.30e-03    34s
   9  -3.07751225e+05  3.77797518e+05  4.77e-14 2.47e-13  8.03e-04    36s
  10  -4.62166775e+04  5.46322855e+04  2.18e-14 7.19e-14  1.18e-04    38s
  11  -7.16016542e+03  8.50463950e+03  1.49e-14 6.78e-15  1.83e-05    41s
  12  -1.72235713e+03  1.95240321e+03  1.13e-14 1.79e-15  4.30e-06    46s
  13  -3.81212092e+02  1.09480391e+03  1.26e-15 6.64e-16  1.73e-06    48s
  14   5.38734493e+01  4.12360100e+02  4.60e-16 6.66e-16  4.20e-07    51s
  15   1.53464821e+02  3.02165378e+02  1.95e-16 5.55e-16  1.74e-07    54s
  16   2.04620973e+02  2.53190268e+02  1.32e-16 5.55e-16  5.69e-08    57s
  17   2.10016767e+02  2.48338512e+02  9.26e-17 5.55e-16  4.49e-08    59s
  18   2.22225201e+02  2.38591411e+02  7.22e-17 4.44e-16  1.92e-08    60s
  19   2.23677257e+02  2.37572250e+02  5.59e-17 4.44e-16  1.63e-08    62s
  20   2.27554103e+02  2.35078265e+02  6.29e-17 4.44e-16  8.81e-09    64s
  21   2.30125938e+02  2.33573002e+02  6.70e-17 4.44e-16  4.04e-09    66s
  22   2.31097167e+02  2.33050563e+02  6.74e-17 4.44e-16  2.29e-09    68s
  23   2.31512345e+02  2.32849049e+02  7.83e-17 6.66e-16  1.56e-09    70s
  24   2.31764174e+02  2.32729098e+02  1.14e-16 4.44e-16  1.13e-09    73s
  25   2.32032357e+02  2.32603669e+02  2.41e-16 4.44e-16  6.69e-10    75s
  26   2.32168260e+02  2.32543059e+02  2.71e-16 4.44e-16  4.39e-10    77s
  27   2.32287877e+02  2.32490918e+02  1.34e-16 4.44e-16  2.38e-10    79s
  28   2.32349744e+02  2.32464427e+02  1.87e-16 4.44e-16  1.34e-10    82s
  29   2.32382935e+02  2.32450562e+02  3.34e-16 4.44e-16  7.92e-11    84s
  30   2.32415828e+02  2.32437095e+02  3.16e-16 5.55e-16  2.49e-11    86s
  31   2.32426426e+02  2.32432848e+02  8.19e-16 5.55e-16  7.52e-12    89s
  32   2.32429641e+02  2.32431576e+02  1.31e-15 5.55e-16  2.27e-12    92s
  33   2.32430256e+02  2.32431333e+02  2.87e-15 4.44e-16  1.26e-12    94s
  34   2.32430843e+02  2.32431102e+02  4.01e-15 5.00e-16  3.03e-13    96s
  35   2.32431003e+02  2.32431039e+02  1.25e-15 6.66e-16  4.14e-14    98s
  36   2.32431024e+02  2.32431030e+02  5.70e-16 5.55e-16  7.11e-15   100s

Barrier solved model in 36 iterations and 100.54 seconds (16.33 work units)
Optimal objective 2.32431024e+02

Done! Time elapsed: 131.99737453460693 seconds.
Starting HMC sampling...

                                                                                                                                                                                                                                                                                                                                
Finished sampling! Elapsed Time: 1062.4075121879578 seconds

Checking sampler transitions treedepth.
108 of 16000 (0.68%) transitions hit the maximum treedepth limit of 10, or 2^10 leapfrog steps.
Trajectories that are prematurely terminated due to this limit will result in slow exploration.
For optimal performance, increase this limit.

Checking sampler transitions for divergences.
No divergent transitions found.

Checking E-BFMI - sampler transitions HMC potential energy.
E-BFMI satisfactory.

Rank-normalized split effective sample size satisfactory for all parameters.

Rank-normalized split R-hat values satisfactory for all parameters.

Processing complete.

Parameters from last iteration: [2.39870133e-01 4.07158877e-01 4.08103698e-01 ... 2.52652893e+02
 2.34242091e+02 2.33706346e+02]

Parameters from current iteration:
            [  0.25714391   0.40181366   0.40263074 ... 252.82543487 234.35806068
 233.7922063 ]

Updated uncertain values: [2.44188577e-01 4.05822574e-01 4.06735458e-01 ... 2.52696028e+02
 2.34271083e+02 2.33727811e+02]


            Iteration [   4]: Absolute Error = 0.3932904146654437,
            Percentage Error = 0.11188688163140355
            
Optimization Iteration[5/100]

Theta: [0.24418858 0.40582257 0.40673546 ... 1.96845813 1.20434619 1.06422998]

Gamma: [606.19857779 587.36369223 531.91659551 ... 252.69602838 234.27108311
 233.72781113]

Solving the optimization problem...
Set parameter TokenServer to value "licenses.rcc.uchicago.edu"
Read LP format model from file /scratch/local/jobs/50255466/tmp05i2ihd1.pyomo.lp
Reading time = 2.18 seconds
x1: 417600 rows, 834801 columns, 2083271 nonzeros
Gurobi Optimizer version 11.0.0 build v11.0.0rc2 (linux64 - "CentOS Linux 8")

CPU model: Intel(R) Xeon(R) Gold 6248R CPU @ 3.00GHz, instruction set [SSE2|AVX|AVX2|AVX512]
Thread count: 48 physical cores, 48 logical processors, using up to 32 threads

Optimize a model with 417600 rows, 834801 columns and 2083271 nonzeros
Model fingerprint: 0xcb1d14fd
Model has 400 quadratic objective terms
Coefficient statistics:
  Matrix range     [1e+00, 9e+02]
  Objective range  [2e-03, 9e+02]
  QObjective range [2e+03, 2e+05]
  Bounds range     [3e-06, 1e+00]
  RHS range        [9e-11, 4e-01]
Presolve removed 208947 rows and 209294 columns
Presolve time: 0.86s
Presolved: 208653 rows, 625507 columns, 1249571 nonzeros
Presolved model has 400 quadratic objective terms
Ordering time: 1.54s

Barrier statistics:
 AA' NZ     : 6.241e+05
 Factor NZ  : 6.773e+07 (roughly 900 MB of memory)
 Factor Ops : 2.543e+10 (less than 1 second per iteration)
 Threads    : 32

                  Objective                Residual
Iter       Primal          Dual         Primal    Dual     Compl     Time
   0  -1.49527267e+11  1.10640369e+11  1.04e+06 1.14e-13  1.00e+06     6s
   1  -6.49320092e+10  6.33657654e+10  4.43e+04 3.08e+01  4.67e+04     8s
   2  -3.05828904e+10  3.06533481e+10  4.48e+02 1.24e-01  5.43e+02    11s
   3  -1.08845216e+10  1.09725216e+10  3.21e+00 1.67e-12  2.86e+01    14s
   4  -2.40143335e+09  2.49921868e+09  2.67e-01 1.25e-12  5.95e+00    19s
   5  -5.82495233e+08  6.48603117e+08  3.65e-02 2.01e-12  1.46e+00    24s
   6  -9.63128281e+07  1.09565630e+08  2.74e-03 1.67e-12  2.41e-01    28s
   7  -1.41096116e+07  1.68744640e+07  2.74e-09 2.39e-12  3.63e-02    33s
   8  -2.06787628e+06  2.45892791e+06  2.63e-13 8.72e-13  5.30e-03    35s
   9  -3.07761553e+05  3.77780231e+05  4.13e-14 2.98e-13  8.03e-04    38s
  10  -4.62268858e+04  5.46185548e+04  1.74e-14 5.64e-14  1.18e-04    40s
  11  -7.16791000e+03  8.47755097e+03  1.54e-14 1.00e-14  1.83e-05    42s
  12  -1.72589734e+03  1.93223961e+03  1.12e-14 1.95e-15  4.28e-06    46s
  13  -4.16566138e+02  1.15043984e+03  1.62e-15 7.00e-16  1.83e-06    49s
  14   3.36032360e+01  4.07800984e+02  4.88e-16 6.94e-16  4.38e-07    52s
  15   1.42436338e+02  2.86439740e+02  3.32e-16 4.44e-16  1.69e-07    55s
  16   1.87416616e+02  2.40563725e+02  8.76e-17 4.44e-16  6.22e-08    57s
  17   2.04202870e+02  2.28431956e+02  8.96e-17 4.44e-16  2.84e-08    59s
  18   2.06697098e+02  2.26905333e+02  6.18e-17 4.44e-16  2.37e-08    61s
  19   2.11846083e+02  2.23841037e+02  4.86e-17 4.44e-16  1.40e-08    63s
  20   2.13822702e+02  2.22858661e+02  7.24e-17 5.55e-16  1.06e-08    65s
  21   2.17201733e+02  2.20987052e+02  3.86e-17 4.44e-16  4.43e-09    67s
  22   2.18084848e+02  2.20547746e+02  1.46e-16 4.44e-16  2.88e-09    68s
  23   2.18875899e+02  2.20166872e+02  1.20e-16 4.44e-16  1.51e-09    71s
  24   2.19152049e+02  2.20040462e+02  8.83e-17 3.33e-16  1.04e-09    73s
  25   2.19467388e+02  2.19899579e+02  1.39e-16 4.44e-16  5.06e-10    75s
  26   2.19587514e+02  2.19847454e+02  1.18e-16 4.44e-16  3.04e-10    76s
  27   2.19665965e+02  2.19814213e+02  1.81e-16 4.44e-16  1.74e-10    78s
  28   2.19716251e+02  2.19793330e+02  2.10e-16 4.44e-16  9.02e-11    80s
  29   2.19747469e+02  2.19780513e+02  3.82e-16 4.44e-16  3.87e-11    81s
  30   2.19762963e+02  2.19774290e+02  3.01e-16 5.55e-16  1.33e-11    84s
  31   2.19767125e+02  2.19772638e+02  1.39e-15 5.55e-16  6.46e-12    85s
  32   2.19769840e+02  2.19771563e+02  4.48e-15 4.44e-16  2.02e-12    88s
  33   2.19770715e+02  2.19771216e+02  4.24e-15 6.66e-16  5.86e-13    90s
  34   2.19770980e+02  2.19771111e+02  4.83e-15 5.55e-16  1.54e-13    93s
  35   2.19771059e+02  2.19771080e+02  2.68e-15 5.55e-16  2.48e-14    95s
  36   2.19771072e+02  2.19771075e+02  1.35e-15 5.55e-16  3.15e-15    97s

Barrier solved model in 36 iterations and 96.89 seconds (16.48 work units)
Optimal objective 2.19771072e+02

Done! Time elapsed: 128.9198122024536 seconds.
Starting HMC sampling...

                                                                                                                                                                                                                                                                                                                                
Finished sampling! Elapsed Time: 1125.4342515468597 seconds

Checking sampler transitions treedepth.
71 of 16000 (0.44%) transitions hit the maximum treedepth limit of 10, or 2^10 leapfrog steps.
Trajectories that are prematurely terminated due to this limit will result in slow exploration.
For optimal performance, increase this limit.

Checking sampler transitions for divergences.
No divergent transitions found.

Checking E-BFMI - sampler transitions HMC potential energy.
E-BFMI satisfactory.

Rank-normalized split effective sample size satisfactory for all parameters.

Rank-normalized split R-hat values satisfactory for all parameters.

Processing complete.

Parameters from last iteration: [2.44188577e-01 4.05822574e-01 4.06735458e-01 ... 2.52696028e+02
 2.34271083e+02 2.33727811e+02]

Parameters from current iteration:
            [2.52383612e-01 3.97775590e-01 3.98596742e-01 ... 2.52844923e+02
 2.34384404e+02 2.33838241e+02]

Updated uncertain values: [2.46237336e-01 4.03810828e-01 4.04700779e-01 ... 2.52733252e+02
 2.34299413e+02 2.33755419e+02]


            Iteration [   5]: Absolute Error = 0.2220327113403755,
            Percentage Error = 0.08541173784284092
            
Optimization Iteration[6/100]

Theta: [0.24623734 0.40381083 0.40470078 ... 1.94523772 1.20183703 1.06510584]

Gamma: [606.23564813 587.39642206 531.93078325 ... 252.73325194 234.29941339
 233.75541854]

Solving the optimization problem...
Set parameter TokenServer to value "licenses.rcc.uchicago.edu"
Read LP format model from file /scratch/local/jobs/50255466/tmpov2pt00o.pyomo.lp
Reading time = 2.18 seconds
x1: 417600 rows, 834801 columns, 2083271 nonzeros
Gurobi Optimizer version 11.0.0 build v11.0.0rc2 (linux64 - "CentOS Linux 8")

CPU model: Intel(R) Xeon(R) Gold 6248R CPU @ 3.00GHz, instruction set [SSE2|AVX|AVX2|AVX512]
Thread count: 48 physical cores, 48 logical processors, using up to 32 threads

Optimize a model with 417600 rows, 834801 columns and 2083271 nonzeros
Model fingerprint: 0xd98637c7
Model has 400 quadratic objective terms
Coefficient statistics:
  Matrix range     [1e+00, 9e+02]
  Objective range  [9e-04, 9e+02]
  QObjective range [2e+03, 2e+05]
  Bounds range     [3e-06, 1e+00]
  RHS range        [9e-11, 4e-01]
Presolve removed 208947 rows and 209294 columns
Presolve time: 0.83s
Presolved: 208653 rows, 625507 columns, 1249571 nonzeros
Presolved model has 400 quadratic objective terms
Ordering time: 1.15s

Barrier statistics:
 AA' NZ     : 6.241e+05
 Factor NZ  : 6.773e+07 (roughly 900 MB of memory)
 Factor Ops : 2.543e+10 (less than 1 second per iteration)
 Threads    : 32

                  Objective                Residual
Iter       Primal          Dual         Primal    Dual     Compl     Time
   0  -1.49568359e+11  1.10640369e+11  1.04e+06 1.14e-13  1.00e+06     5s
   1  -6.49337468e+10  6.33657647e+10  4.43e+04 3.08e+01  4.67e+04     7s
   2  -3.05829077e+10  3.06533478e+10  4.48e+02 1.24e-01  5.43e+02    10s
   3  -1.08845216e+10  1.09725214e+10  3.21e+00 1.53e-12  2.86e+01    12s
   4  -2.40143339e+09  2.49921868e+09  2.67e-01 1.33e-12  5.95e+00    16s
   5  -5.82495209e+08  6.48603070e+08  3.65e-02 2.82e-12  1.46e+00    21s
   6  -9.63128178e+07  1.09565599e+08  2.74e-03 1.62e-12  2.41e-01    25s
   7  -1.41096165e+07  1.68744514e+07  2.74e-09 1.39e-12  3.63e-02    30s
   8  -2.06788362e+06  2.45892120e+06  2.59e-13 9.84e-13  5.30e-03    33s
   9  -3.07768094e+05  3.77768540e+05  4.86e-14 2.96e-13  8.03e-04    35s
  10  -4.62334427e+04  5.46094238e+04  1.82e-14 5.78e-14  1.18e-04    37s
  11  -7.17447241e+03  8.46853887e+03  1.41e-14 7.92e-15  1.83e-05    39s
  12  -1.74070173e+03  1.93408707e+03  1.27e-14 2.33e-15  4.30e-06    44s
  13  -4.38033618e+02  1.17687885e+03  1.89e-15 6.66e-16  1.89e-06    46s
  14  -2.48763941e+01  4.44226158e+02  4.64e-16 6.54e-16  5.49e-07    49s
  15   1.20223278e+02  2.71360885e+02  2.45e-16 4.44e-16  1.77e-07    52s
  16   1.52411437e+02  2.48919936e+02  1.44e-16 4.44e-16  1.13e-07    54s
  17   1.83748702e+02  2.26322122e+02  9.17e-17 4.44e-16  4.98e-08    56s
  18   1.87978317e+02  2.23833472e+02  8.37e-17 4.44e-16  4.20e-08    58s
  19   1.98471055e+02  2.17617122e+02  5.27e-17 4.44e-16  2.24e-08    60s
  20   2.04321178e+02  2.14503746e+02  6.20e-17 4.44e-16  1.19e-08    62s
  21   2.07357800e+02  2.13014888e+02  4.47e-17 4.44e-16  6.62e-09    64s
  22   2.09227227e+02  2.12151191e+02  8.30e-17 4.44e-16  3.42e-09    66s
  23   2.10052052e+02  2.11788216e+02  3.46e-16 5.55e-16  2.03e-09    68s
  24   2.10479671e+02  2.11603335e+02  2.25e-16 4.44e-16  1.32e-09    70s
  25   2.10921928e+02  2.11414778e+02  1.51e-16 4.44e-16  5.77e-10    72s
  26   2.11046203e+02  2.11363106e+02  1.55e-16 4.44e-16  3.71e-10    74s
  27   2.11116981e+02  2.11333791e+02  1.69e-16 4.44e-16  2.54e-10    76s
  28   2.11198554e+02  2.11300144e+02  2.18e-16 4.44e-16  1.19e-10    78s
  29   2.11201219e+02  2.11299062e+02  2.08e-16 5.55e-16  1.15e-10    80s
  30   2.11248601e+02  2.11279798e+02  4.66e-16 4.44e-16  3.65e-11    82s
  31   2.11255853e+02  2.11276948e+02  5.75e-16 5.55e-16  2.47e-11    84s
  32   2.11265446e+02  2.11273105e+02  1.23e-15 4.44e-16  8.97e-12    86s
  33   2.11269746e+02  2.11271396e+02  8.43e-15 5.55e-16  1.93e-12    89s
  34   2.11270413e+02  2.11271133e+02  2.96e-14 5.55e-16  8.42e-13    91s
  35   2.11270761e+02  2.11270995e+02  1.23e-14 5.55e-16  2.74e-13    93s
  36   2.11270889e+02  2.11270944e+02  8.71e-15 4.44e-16  6.42e-14    95s
  37   2.11270920e+02  2.11270932e+02  3.47e-15 5.55e-16  1.48e-14    97s
  38   2.11270928e+02  2.11270929e+02  7.10e-16 6.66e-16  6.21e-16    99s

Barrier solved model in 38 iterations and 99.05 seconds (17.28 work units)
Optimal objective 2.11270928e+02

Done! Time elapsed: 130.05908370018005 seconds.
Starting HMC sampling...

                                                                                                                                                                                                                                                                                                                                
Finished sampling! Elapsed Time: 1198.475601196289 seconds

Checking sampler transitions treedepth.
114 of 16000 (0.71%) transitions hit the maximum treedepth limit of 10, or 2^10 leapfrog steps.
Trajectories that are prematurely terminated due to this limit will result in slow exploration.
For optimal performance, increase this limit.

Checking sampler transitions for divergences.
No divergent transitions found.

Checking E-BFMI - sampler transitions HMC potential energy.
E-BFMI satisfactory.

Rank-normalized split effective sample size satisfactory for all parameters.

Rank-normalized split R-hat values satisfactory for all parameters.

Processing complete.

Parameters from last iteration: [2.46237336e-01 4.03810828e-01 4.04700779e-01 ... 2.52733252e+02
 2.34299413e+02 2.33755419e+02]

Parameters from current iteration:
            [2.47395142e-01 3.93064494e-01 3.93887213e-01 ... 2.52696573e+02
 2.34283101e+02 2.33761575e+02]

Updated uncertain values: [2.46526787e-01 4.01124244e-01 4.01997387e-01 ... 2.52724082e+02
 2.34295335e+02 2.33756958e+02]


            Iteration [   6]: Absolute Error = 0.2771888529583748,
            Percentage Error = 0.05343347681785006
            
Optimization Iteration[7/100]

Theta: [0.24652679 0.40112424 0.40199739 ... 1.92793427 1.20001794 1.06585082]

Gamma: [606.23200533 587.39062037 531.91897554 ... 252.72408216 234.29533533
 233.75695754]

Solving the optimization problem...
Set parameter TokenServer to value "licenses.rcc.uchicago.edu"
Read LP format model from file /scratch/local/jobs/50255466/tmpsoyb8o3a.pyomo.lp
Reading time = 2.17 seconds
x1: 417600 rows, 834801 columns, 2083271 nonzeros
Gurobi Optimizer version 11.0.0 build v11.0.0rc2 (linux64 - "CentOS Linux 8")

CPU model: Intel(R) Xeon(R) Gold 6248R CPU @ 3.00GHz, instruction set [SSE2|AVX|AVX2|AVX512]
Thread count: 48 physical cores, 48 logical processors, using up to 32 threads

Optimize a model with 417600 rows, 834801 columns and 2083271 nonzeros
Model fingerprint: 0x314a9444
Model has 400 quadratic objective terms
Coefficient statistics:
  Matrix range     [1e+00, 9e+02]
  Objective range  [5e-04, 9e+02]
  QObjective range [2e+03, 2e+05]
  Bounds range     [3e-06, 1e+00]
  RHS range        [9e-11, 4e-01]
Presolve removed 208947 rows and 209294 columns
Presolve time: 0.82s
Presolved: 208653 rows, 625507 columns, 1249571 nonzeros
Presolved model has 400 quadratic objective terms
Ordering time: 1.50s

Barrier statistics:
 AA' NZ     : 6.241e+05
 Factor NZ  : 6.773e+07 (roughly 900 MB of memory)
 Factor Ops : 2.543e+10 (less than 1 second per iteration)
 Threads    : 32

                  Objective                Residual
Iter       Primal          Dual         Primal    Dual     Compl     Time
   0  -1.49591496e+11  1.10640369e+11  1.04e+06 1.13e-13  1.00e+06     6s
   1  -6.49347263e+10  6.33657648e+10  4.43e+04 3.08e+01  4.67e+04     8s
   2  -3.05829177e+10  3.06533479e+10  4.48e+02 1.24e-01  5.43e+02    10s
   3  -1.08845217e+10  1.09725215e+10  3.21e+00 1.66e-12  2.86e+01    13s
   4  -2.40143342e+09  2.49921872e+09  2.67e-01 1.23e-12  5.95e+00    18s
   5  -5.82495191e+08  6.48603049e+08  3.65e-02 3.79e-12  1.46e+00    23s
   6  -9.63128056e+07  1.09565579e+08  2.74e-03 1.47e-12  2.41e-01    28s
   7  -1.41096175e+07  1.68744424e+07  2.74e-09 1.58e-12  3.63e-02    32s
   8  -2.06788751e+06  2.45891779e+06  2.73e-13 9.23e-13  5.30e-03    35s
   9  -3.07771625e+05  3.77760626e+05  4.79e-14 3.41e-13  8.03e-04    37s
  10  -4.62372044e+04  5.46036225e+04  1.79e-14 5.59e-14  1.18e-04    40s
  11  -7.17839911e+03  8.46269113e+03  1.38e-14 9.25e-15  1.83e-05    42s
  12  -1.75214977e+03  1.93780223e+03  1.05e-14 1.75e-15  4.32e-06    47s
  13  -4.08017715e+02  9.51655943e+02  1.73e-15 6.66e-16  1.59e-06    50s
  14   1.15319433e+01  4.38492834e+02  5.96e-16 4.44e-16  5.00e-07    54s
  15   1.12471020e+02  3.08545200e+02  2.68e-16 6.66e-16  2.30e-07    57s
  16   1.76687008e+02  2.28546594e+02  1.11e-16 6.66e-16  6.07e-08    59s
  17   1.82108739e+02  2.23341949e+02  9.56e-17 4.44e-16  4.83e-08    61s
  18   1.94750548e+02  2.12706596e+02  5.68e-17 4.44e-16  2.10e-08    63s
  19   1.95760130e+02  2.11961299e+02  4.68e-17 4.44e-16  1.90e-08    65s
  20   2.00224671e+02  2.08913300e+02  6.09e-17 4.44e-16  1.02e-08    67s
  21   2.02882890e+02  2.07292233e+02  4.97e-17 4.44e-16  5.16e-09    69s
  22   2.04107545e+02  2.06606127e+02  4.77e-17 4.44e-16  2.93e-09    71s
  23   2.04878640e+02  2.06209864e+02  5.90e-17 4.44e-16  1.56e-09    73s
  24   2.05323147e+02  2.05993262e+02  1.02e-16 4.44e-16  7.85e-10    75s
  25   2.05520509e+02  2.05901963e+02  2.39e-16 4.44e-16  4.47e-10    77s
  26   2.05587774e+02  2.05871250e+02  1.54e-16 4.44e-16  3.32e-10    79s
  27   2.05659184e+02  2.05839497e+02  1.61e-16 4.44e-16  2.11e-10    81s
  28   2.05721450e+02  2.05812351e+02  2.32e-16 4.44e-16  1.06e-10    83s
  29   2.05761375e+02  2.05795557e+02  2.78e-16 4.44e-16  4.00e-11    85s
  30   2.05773848e+02  2.05790375e+02  2.29e-16 4.44e-16  1.93e-11    87s
  31   2.05779645e+02  2.05788012e+02  1.02e-15 6.66e-16  9.80e-12    89s
  32   2.05783654e+02  2.05786394e+02  1.33e-15 6.66e-16  3.21e-12    91s
  33   2.05784653e+02  2.05785996e+02  2.42e-15 4.44e-16  1.57e-12    93s
  34   2.05785395e+02  2.05785701e+02  3.03e-15 5.55e-16  3.58e-13    96s
  35   2.05785536e+02  2.05785646e+02  1.66e-15 5.55e-16  1.28e-13    98s
  36   2.05785610e+02  2.05785617e+02  2.43e-15 5.55e-16  7.83e-15   101s

Barrier solved model in 36 iterations and 100.88 seconds (16.49 work units)
Optimal objective 2.05785610e+02

Done! Time elapsed: 135.09628057479858 seconds.
Starting HMC sampling...

                                                                                                                                                                                                                                                                                                                                
Finished sampling! Elapsed Time: 1071.0881161689758 seconds

Checking sampler transitions treedepth.
116 of 16000 (0.72%) transitions hit the maximum treedepth limit of 10, or 2^10 leapfrog steps.
Trajectories that are prematurely terminated due to this limit will result in slow exploration.
For optimal performance, increase this limit.

Checking sampler transitions for divergences.
No divergent transitions found.

Checking E-BFMI - sampler transitions HMC potential energy.
E-BFMI satisfactory.

Rank-normalized split effective sample size satisfactory for all parameters.

Rank-normalized split R-hat values satisfactory for all parameters.

Processing complete.

Parameters from last iteration: [2.46526787e-01 4.01124244e-01 4.01997387e-01 ... 2.52724082e+02
 2.34295335e+02 2.33756958e+02]

Parameters from current iteration:
            [2.43070691e-01 3.87327530e-01 3.88142271e-01 ... 2.52681415e+02
 2.34256301e+02 2.33743569e+02]

Updated uncertain values: [2.45662763e-01 3.97675066e-01 3.98533608e-01 ... 2.52713415e+02
 2.34285577e+02 2.33753610e+02]


            Iteration [   7]: Absolute Error = 0.28658994078398337,
            Percentage Error = 0.03135660467150506
            
Optimization Iteration[8/100]

Theta: [0.24566276 0.39767507 0.39853361 ... 1.91477089 1.19743729 1.0650003 ]

Gamma: [606.25449762 587.41627805 531.93028493 ... 252.71341526 234.28557672
 233.75361036]

Solving the optimization problem...
Set parameter TokenServer to value "licenses.rcc.uchicago.edu"
Read LP format model from file /scratch/local/jobs/50255466/tmp9_1pmvxo.pyomo.lp
Reading time = 2.18 seconds
x1: 417600 rows, 834801 columns, 2083271 nonzeros
Gurobi Optimizer version 11.0.0 build v11.0.0rc2 (linux64 - "CentOS Linux 8")

CPU model: Intel(R) Xeon(R) Gold 6248R CPU @ 3.00GHz, instruction set [SSE2|AVX|AVX2|AVX512]
Thread count: 48 physical cores, 48 logical processors, using up to 32 threads

Optimize a model with 417600 rows, 834801 columns and 2083271 nonzeros
Model fingerprint: 0x6d7d3d49
Model has 400 quadratic objective terms
Coefficient statistics:
  Matrix range     [1e+00, 9e+02]
  Objective range  [7e-04, 9e+02]
  QObjective range [2e+03, 2e+05]
  Bounds range     [3e-06, 1e+00]
  RHS range        [9e-11, 4e-01]
Presolve removed 208947 rows and 209294 columns
Presolve time: 0.82s
Presolved: 208653 rows, 625507 columns, 1249571 nonzeros
Presolved model has 400 quadratic objective terms
Ordering time: 1.73s

Barrier statistics:
 AA' NZ     : 6.241e+05
 Factor NZ  : 6.773e+07 (roughly 900 MB of memory)
 Factor Ops : 2.543e+10 (less than 1 second per iteration)
 Threads    : 32

                  Objective                Residual
Iter       Primal          Dual         Primal    Dual     Compl     Time
   0  -1.49603964e+11  1.10640369e+11  1.04e+06 1.13e-13  1.00e+06     6s
   1  -6.49352562e+10  6.33657661e+10  4.43e+04 3.08e+01  4.67e+04     8s
   2  -3.05829235e+10  3.06533484e+10  4.48e+02 1.24e-01  5.43e+02    10s
   3  -1.08845219e+10  1.09725217e+10  3.21e+00 1.48e-12  2.86e+01    13s
   4  -2.40143347e+09  2.49921877e+09  2.67e-01 1.44e-12  5.95e+00    19s
   5  -5.82495187e+08  6.48603050e+08  3.65e-02 3.81e-12  1.46e+00    24s
   6  -9.63127982e+07  1.09565570e+08  2.74e-03 1.32e-12  2.41e-01    28s
   7  -1.41096176e+07  1.68744373e+07  2.74e-09 1.18e-12  3.63e-02    33s
   8  -2.06788956e+06  2.45891664e+06  2.55e-13 1.30e-12  5.30e-03    36s
   9  -3.07773403e+05  3.77755718e+05  4.66e-14 2.80e-13  8.03e-04    39s
  10  -4.62392329e+04  5.46002798e+04  2.31e-14 6.19e-14  1.18e-04    41s
  11  -7.18066145e+03  8.45917255e+03  1.38e-14 8.85e-15  1.83e-05    43s
  12  -1.75774469e+03  1.93816060e+03  1.12e-14 2.19e-15  4.33e-06    47s
  13  -4.12738077e+02  9.50653139e+02  1.42e-15 4.70e-16  1.60e-06    49s
  14  -5.65914312e-01  4.11452027e+02  5.15e-16 4.44e-16  4.82e-07    52s
  15   1.23026088e+02  2.69850332e+02  3.28e-16 4.44e-16  1.72e-07    55s
  16   1.67882329e+02  2.24742081e+02  1.03e-16 4.44e-16  6.66e-08    57s
  17   1.79013430e+02  2.16491031e+02  7.94e-17 4.44e-16  4.39e-08    59s
  18   1.91320214e+02  2.08088878e+02  6.85e-17 4.44e-16  1.96e-08    61s
  19   1.92614960e+02  2.07328451e+02  6.22e-17 4.44e-16  1.72e-08    63s
  20   1.97108497e+02  2.04751084e+02  5.46e-17 4.44e-16  8.95e-09    65s
  21   1.99373548e+02  2.03561725e+02  3.53e-17 6.66e-16  4.90e-09    67s
  22   2.00687909e+02  2.02916609e+02  4.21e-17 4.44e-16  2.61e-09    69s
  23   2.01336465e+02  2.02613602e+02  3.99e-17 4.44e-16  1.50e-09    71s
  24   2.01687523e+02  2.02454628e+02  7.50e-17 4.44e-16  8.98e-10    73s
  25   2.01906767e+02  2.02357060e+02  1.29e-16 4.44e-16  5.27e-10    75s
  26   2.02014732e+02  2.02310114e+02  1.96e-16 4.44e-16  3.46e-10    78s
  27   2.02090894e+02  2.02277653e+02  2.26e-16 4.44e-16  2.19e-10    80s
  28   2.02150454e+02  2.02252539e+02  2.49e-16 4.44e-16  1.20e-10    81s
  29   2.02183304e+02  2.02238934e+02  2.17e-16 4.44e-16  6.51e-11    84s
  30   2.02205315e+02  2.02229831e+02  2.88e-16 4.44e-16  2.87e-11    86s
  31   2.02214244e+02  2.02226213e+02  6.01e-16 4.44e-16  1.40e-11    88s
  32   2.02219999e+02  2.02223904e+02  4.29e-16 5.55e-16  4.57e-12    90s
  33   2.02221620e+02  2.02223257e+02  2.63e-15 4.44e-16  1.92e-12    92s
  34   2.02222427e+02  2.02222936e+02  1.37e-15 5.55e-16  5.96e-13    95s
  35   2.02222738e+02  2.02222813e+02  3.30e-15 5.55e-16  8.79e-14    98s
  36   2.02222787e+02  2.02222793e+02  7.05e-15 5.55e-16  7.45e-15   100s

Barrier solved model in 36 iterations and 99.90 seconds (16.62 work units)
Optimal objective 2.02222787e+02

Done! Time elapsed: 132.42701077461243 seconds.
Starting HMC sampling...

                                                                                                                                                                                                                                                                                                                                
Finished sampling! Elapsed Time: 791.0789561271667 seconds

Checking sampler transitions treedepth.
44 of 16000 (0.28%) transitions hit the maximum treedepth limit of 10, or 2^10 leapfrog steps.
Trajectories that are prematurely terminated due to this limit will result in slow exploration.
For optimal performance, increase this limit.

Checking sampler transitions for divergences.
No divergent transitions found.

Checking E-BFMI - sampler transitions HMC potential energy.
E-BFMI satisfactory.

Rank-normalized split effective sample size satisfactory for all parameters.

Rank-normalized split R-hat values satisfactory for all parameters.

Processing complete.

Parameters from last iteration: [2.45662763e-01 3.97675066e-01 3.98533608e-01 ... 2.52713415e+02
 2.34285577e+02 2.33753610e+02]

Parameters from current iteration:
            [2.41334337e-01 3.86555550e-01 3.87375737e-01 ... 2.52849571e+02
 2.34414184e+02 2.33885281e+02]

Updated uncertain values: [2.44580657e-01 3.94895187e-01 3.95744140e-01 ... 2.52747454e+02
 2.34317729e+02 2.33786528e+02]


            Iteration [   8]: Absolute Error = 0.2357010548072367,
            Percentage Error = 0.017864373775592222
            
Optimization Iteration[9/100]

Theta: [0.24458066 0.39489519 0.39574414 ... 1.90629934 1.19538116 1.06397759]

Gamma: [606.27933026 587.45318035 531.97377308 ... 252.74745432 234.31772863
 233.78652795]

Solving the optimization problem...
Set parameter TokenServer to value "licenses.rcc.uchicago.edu"
Read LP format model from file /scratch/local/jobs/50255466/tmpvd643uf7.pyomo.lp
Reading time = 2.19 seconds
x1: 417600 rows, 834801 columns, 2083271 nonzeros
Gurobi Optimizer version 11.0.0 build v11.0.0rc2 (linux64 - "CentOS Linux 8")

CPU model: Intel(R) Xeon(R) Gold 6248R CPU @ 3.00GHz, instruction set [SSE2|AVX|AVX2|AVX512]
Thread count: 48 physical cores, 48 logical processors, using up to 32 threads

Optimize a model with 417600 rows, 834801 columns and 2083271 nonzeros
Model fingerprint: 0x90dd781e
Model has 400 quadratic objective terms
Coefficient statistics:
  Matrix range     [1e+00, 9e+02]
  Objective range  [2e-03, 9e+02]
  QObjective range [2e+03, 2e+05]
  Bounds range     [3e-06, 1e+00]
  RHS range        [9e-11, 4e-01]
Presolve removed 208947 rows and 209294 columns
Presolve time: 0.85s
Presolved: 208653 rows, 625507 columns, 1249571 nonzeros
Presolved model has 400 quadratic objective terms
Ordering time: 1.51s

Barrier statistics:
 AA' NZ     : 6.241e+05
 Factor NZ  : 6.773e+07 (roughly 900 MB of memory)
 Factor Ops : 2.543e+10 (less than 1 second per iteration)
 Threads    : 32

                  Objective                Residual
Iter       Primal          Dual         Primal    Dual     Compl     Time
   0  -1.49610309e+11  1.10640369e+11  1.04e+06 1.13e-13  1.00e+06     7s
   1  -6.49355265e+10  6.33657665e+10  4.43e+04 3.08e+01  4.67e+04     9s
   2  -3.05829264e+10  3.06533486e+10  4.48e+02 1.24e-01  5.43e+02    12s
   3  -1.08845220e+10  1.09725218e+10  3.21e+00 1.58e-12  2.86e+01    14s
   4  -2.40143348e+09  2.49921880e+09  2.67e-01 1.25e-12  5.95e+00    19s
   5  -5.82495175e+08  6.48603044e+08  3.65e-02 4.33e-12  1.46e+00    24s
   6  -9.63127873e+07  1.09565558e+08  2.74e-03 1.62e-12  2.41e-01    30s
   7  -1.41096163e+07  1.68744326e+07  2.74e-09 1.53e-12  3.63e-02    35s
   8  -2.06789034e+06  2.45891594e+06  2.63e-13 1.11e-12  5.30e-03    38s
   9  -3.07774067e+05  3.77751973e+05  4.55e-14 3.03e-13  8.03e-04    39s
  10  -4.62402054e+04  5.45980588e+04  2.14e-14 4.95e-14  1.18e-04    41s
  11  -7.18189835e+03  8.45675836e+03  1.36e-14 1.04e-14  1.83e-05    43s
  12  -1.76034152e+03  1.93714892e+03  1.12e-14 1.79e-15  4.33e-06    48s
  13  -4.14178418e+02  9.47475556e+02  1.30e-15 4.69e-16  1.59e-06    51s
  14  -1.33112829e+00  4.04274636e+02  6.69e-16 4.44e-16  4.75e-07    54s
  15   1.17507543e+02  2.70866576e+02  2.42e-16 4.44e-16  1.80e-07    57s
  16   1.65880611e+02  2.21756337e+02  1.40e-16 4.44e-16  6.54e-08    59s
  17   1.73235359e+02  2.16414882e+02  9.71e-17 4.44e-16  5.06e-08    61s
  18   1.87612579e+02  2.06448988e+02  6.96e-17 4.44e-16  2.21e-08    63s
  19   1.88769848e+02  2.05771359e+02  5.92e-17 4.44e-16  1.99e-08    65s
  20   1.92635748e+02  2.03529005e+02  5.66e-17 4.44e-16  1.28e-08    67s
  21   1.96612958e+02  2.01367218e+02  4.42e-17 4.44e-16  5.57e-09    69s
  22   1.97836517e+02  2.00771114e+02  5.68e-17 5.55e-16  3.44e-09    71s
  23   1.98687034e+02  2.00371456e+02  1.24e-16 4.44e-16  1.97e-09    73s
  24   1.99149358e+02  2.00160968e+02  1.50e-16 4.44e-16  1.18e-09    75s
  25   1.99436199e+02  2.00033092e+02  1.18e-16 6.66e-16  6.99e-10    77s
  26   1.99525192e+02  1.99994689e+02  1.30e-16 4.44e-16  5.50e-10    79s
  27   1.99657536e+02  1.99937446e+02  2.24e-16 4.44e-16  3.28e-10    82s
  28   1.99740001e+02  1.99902197e+02  2.87e-16 4.44e-16  1.90e-10    84s
  29   1.99802717e+02  1.99875835e+02  3.26e-16 4.44e-16  8.56e-11    85s
  30   1.99833051e+02  1.99863337e+02  4.07e-16 4.44e-16  3.55e-11    87s
  31   1.99833678e+02  1.99863083e+02  3.83e-16 4.44e-16  3.44e-11    89s
  32   1.99843404e+02  1.99859146e+02  1.87e-16 4.44e-16  1.84e-11    91s
  33   1.99849657e+02  1.99856637e+02  1.84e-15 4.44e-16  8.17e-12    93s
  34   1.99853274e+02  1.99855186e+02  1.56e-15 5.55e-16  2.24e-12    96s
  35   1.99854225e+02  1.99854807e+02  4.24e-15 6.66e-16  6.82e-13    99s
  36   1.99854560e+02  1.99854675e+02  4.05e-15 5.55e-16  1.34e-13   101s
  37   1.99854624e+02  1.99854649e+02  3.98e-15 5.55e-16  2.96e-14   104s
  38   1.99854641e+02  1.99854643e+02  3.45e-15 6.66e-16  1.45e-15   106s

Barrier solved model in 38 iterations and 105.85 seconds (17.31 work units)
Optimal objective 1.99854641e+02

Done! Time elapsed: 138.11910343170166 seconds.
Starting HMC sampling...

                                                                                                                                                                                                                                                                                                                                
Finished sampling! Elapsed Time: 1087.8512496948242 seconds

Checking sampler transitions treedepth.
34 of 16000 (0.21%) transitions hit the maximum treedepth limit of 10, or 2^10 leapfrog steps.
Trajectories that are prematurely terminated due to this limit will result in slow exploration.
For optimal performance, increase this limit.

Checking sampler transitions for divergences.
No divergent transitions found.

Checking E-BFMI - sampler transitions HMC potential energy.
E-BFMI satisfactory.

Rank-normalized split effective sample size satisfactory for all parameters.

Rank-normalized split R-hat values satisfactory for all parameters.

Processing complete.

Parameters from last iteration: [2.44580657e-01 3.94895187e-01 3.95744140e-01 ... 2.52747454e+02
 2.34317729e+02 2.33786528e+02]

Parameters from current iteration:
            [2.39729748e-01 3.84919461e-01 3.85739470e-01 ... 2.52744474e+02
 2.34289301e+02 2.33762711e+02]

Updated uncertain values: [2.43367929e-01 3.92401255e-01 3.93242973e-01 ... 2.52746709e+02
 2.34310622e+02 2.33780574e+02]


            Iteration [   9]: Absolute Error = 0.22412950204125082,
            Percentage Error = 0.013023873028070093
            
Optimization Iteration[10/100]

Theta: [0.24336793 0.39240126 0.39324297 ... 1.90048431 1.19395805 1.06327661]

Gamma: [606.31082284 587.48387178 531.98312887 ... 252.74670921 234.31062176
 233.78057366]

Solving the optimization problem...
Set parameter TokenServer to value "licenses.rcc.uchicago.edu"
Read LP format model from file /scratch/local/jobs/50255466/tmp4ne04hzr.pyomo.lp
Reading time = 2.16 seconds
x1: 417600 rows, 834801 columns, 2083271 nonzeros
Gurobi Optimizer version 11.0.0 build v11.0.0rc2 (linux64 - "CentOS Linux 8")

CPU model: Intel(R) Xeon(R) Gold 6248R CPU @ 3.00GHz, instruction set [SSE2|AVX|AVX2|AVX512]
Thread count: 48 physical cores, 48 logical processors, using up to 32 threads

Optimize a model with 417600 rows, 834801 columns and 2083271 nonzeros
Model fingerprint: 0xeb21577f
Model has 400 quadratic objective terms
Coefficient statistics:
  Matrix range     [1e+00, 9e+02]
  Objective range  [2e-03, 9e+02]
  QObjective range [2e+03, 2e+05]
  Bounds range     [3e-06, 1e+00]
  RHS range        [9e-11, 4e-01]
Presolve removed 208947 rows and 209294 columns
Presolve time: 0.81s
Presolved: 208653 rows, 625507 columns, 1249571 nonzeros
Presolved model has 400 quadratic objective terms
Ordering time: 1.37s

Barrier statistics:
 AA' NZ     : 6.241e+05
 Factor NZ  : 6.773e+07 (roughly 900 MB of memory)
 Factor Ops : 2.543e+10 (less than 1 second per iteration)
 Threads    : 32

                  Objective                Residual
Iter       Primal          Dual         Primal    Dual     Compl     Time
   0  -1.49614005e+11  1.10640369e+11  1.04e+06 1.12e-13  1.00e+06     6s
   1  -6.49356849e+10  6.33657676e+10  4.43e+04 3.08e+01  4.67e+04     8s
   2  -3.05829284e+10  3.06533491e+10  4.48e+02 1.24e-01  5.43e+02    10s
   3  -1.08845221e+10  1.09725219e+10  3.21e+00 1.42e-12  2.86e+01    12s
   4  -2.40143351e+09  2.49921885e+09  2.67e-01 1.25e-12  5.95e+00    18s
   5  -5.82495178e+08  6.48603055e+08  3.65e-02 2.00e-12  1.46e+00    21s
   6  -9.63127842e+07  1.09565557e+08  2.74e-03 1.54e-12  2.41e-01    27s
   7  -1.41096160e+07  1.68744318e+07  2.74e-09 1.52e-12  3.63e-02    31s
   8  -2.06789094e+06  2.45891633e+06  2.59e-13 1.02e-12  5.30e-03    33s
   9  -3.07774476e+05  3.77749604e+05  4.62e-14 4.02e-13  8.03e-04    36s
  10  -4.62408345e+04  5.45966984e+04  2.01e-14 6.88e-14  1.18e-04    37s
  11  -7.18272738e+03  8.45519263e+03  1.34e-14 8.81e-15  1.83e-05    39s
  12  -1.76147271e+03  1.93562410e+03  1.15e-14 1.93e-15  4.33e-06    43s
  13  -4.15013830e+02  9.44436375e+02  1.39e-15 6.66e-16  1.59e-06    47s
  14  -7.95218199e+00  3.74143260e+02  4.94e-16 6.66e-16  4.47e-07    50s
  15   1.20299841e+02  2.63751214e+02  2.70e-16 5.55e-16  1.68e-07    53s
  16   1.68537292e+02  2.16309880e+02  1.45e-16 4.44e-16  5.59e-08    55s
  17   1.71186973e+02  2.14531629e+02  1.28e-16 6.66e-16  5.07e-08    57s
  18   1.79260884e+02  2.09092511e+02  6.68e-17 4.44e-16  3.49e-08    59s
  19   1.88912894e+02  2.03025883e+02  4.94e-17 4.44e-16  1.65e-08    61s
  20   1.92994384e+02  2.00785462e+02  5.44e-17 4.44e-16  9.12e-09    63s
  21   1.95027481e+02  1.99739672e+02  7.20e-17 4.44e-16  5.52e-09    65s
  22   1.96566924e+02  1.98989948e+02  5.90e-17 4.44e-16  2.84e-09    67s
  23   1.97277373e+02  1.98662448e+02  1.14e-16 4.44e-16  1.62e-09    68s
  24   1.97701447e+02  1.98472020e+02  1.47e-16 4.44e-16  9.02e-10    70s
  25   1.97868072e+02  1.98399072e+02  1.31e-16 4.44e-16  6.22e-10    72s
  26   1.98018408e+02  1.98334095e+02  2.62e-16 4.44e-16  3.70e-10    74s
  27   1.98085094e+02  1.98305719e+02  1.89e-16 4.44e-16  2.58e-10    76s
  28   1.98164959e+02  1.98272255e+02  2.04e-16 4.44e-16  1.26e-10    78s
  29   1.98211183e+02  1.98253032e+02  3.59e-16 4.44e-16  4.90e-11    80s
  30   1.98227013e+02  1.98246520e+02  2.10e-16 4.44e-16  2.28e-11    82s
  31   1.98233416e+02  1.98243925e+02  9.24e-16 4.44e-16  1.23e-11    84s
  32   1.98237311e+02  1.98242366e+02  9.99e-16 4.44e-16  5.92e-12    86s
  33   1.98239276e+02  1.98241581e+02  3.35e-15 4.44e-16  2.70e-12    87s
  34   1.98240515e+02  1.98241086e+02  1.67e-15 5.55e-16  6.69e-13    89s
  35   1.98240850e+02  1.98240953e+02  4.69e-15 6.66e-16  1.21e-13    92s
  36   1.98240911e+02  1.98240929e+02  2.64e-15 6.66e-16  2.11e-14    94s
  37   1.98240923e+02  1.98240924e+02  1.30e-15 6.66e-16  1.22e-15    96s

Barrier solved model in 37 iterations and 95.78 seconds (16.98 work units)
Optimal objective 1.98240923e+02

Done! Time elapsed: 128.03153610229492 seconds.
Starting HMC sampling...

                                                                                                                                                                                                                                                                                                                                
Finished sampling! Elapsed Time: 1022.150680065155 seconds

Checking sampler transitions treedepth.
107 of 16000 (0.67%) transitions hit the maximum treedepth limit of 10, or 2^10 leapfrog steps.
Trajectories that are prematurely terminated due to this limit will result in slow exploration.
For optimal performance, increase this limit.

Checking sampler transitions for divergences.
No divergent transitions found.

Checking E-BFMI - sampler transitions HMC potential energy.
E-BFMI satisfactory.

Rank-normalized split effective sample size satisfactory for all parameters.

Rank-normalized split R-hat values satisfactory for all parameters.

Processing complete.

Parameters from last iteration: [2.43367929e-01 3.92401255e-01 3.93242973e-01 ... 2.52746709e+02
 2.34310622e+02 2.33780574e+02]

Parameters from current iteration:
            [2.38486249e-01 3.82902781e-01 3.83718424e-01 ... 2.52684478e+02
 2.34280925e+02 2.33801961e+02]

Updated uncertain values: [2.42147509e-01 3.90026637e-01 3.90861835e-01 ... 2.52731151e+02
 2.34303198e+02 2.33785921e+02]


            Iteration [  10]: Absolute Error = 0.1937143640972181,
            Percentage Error = 0.009597336360114828
            
Optimization Iteration[11/100]

Theta: [0.24214751 0.39002664 0.39086184 ... 1.89637785 1.19304141 1.06286199]

Gamma: [606.36411504 587.52340573 531.99374128 ... 252.7311514  234.30319764
 233.78592058]

Solving the optimization problem...
Set parameter TokenServer to value "licenses.rcc.uchicago.edu"
Read LP format model from file /scratch/local/jobs/50255466/tmpvjjas3yy.pyomo.lp
Reading time = 2.22 seconds
x1: 417600 rows, 834801 columns, 2083271 nonzeros
Gurobi Optimizer version 11.0.0 build v11.0.0rc2 (linux64 - "CentOS Linux 8")

CPU model: Intel(R) Xeon(R) Gold 6248R CPU @ 3.00GHz, instruction set [SSE2|AVX|AVX2|AVX512]
Thread count: 48 physical cores, 48 logical processors, using up to 32 threads

Optimize a model with 417600 rows, 834801 columns and 2083271 nonzeros
Model fingerprint: 0x4fc269d2
Model has 400 quadratic objective terms
Coefficient statistics:
  Matrix range     [1e+00, 9e+02]
  Objective range  [2e-03, 9e+02]
  QObjective range [2e+03, 2e+05]
  Bounds range     [3e-06, 1e+00]
  RHS range        [9e-11, 4e-01]
Presolve removed 208947 rows and 209294 columns
Presolve time: 0.81s
Presolved: 208653 rows, 625507 columns, 1249571 nonzeros
Presolved model has 400 quadratic objective terms
Ordering time: 1.12s

Barrier statistics:
 AA' NZ     : 6.241e+05
 Factor NZ  : 6.773e+07 (roughly 900 MB of memory)
 Factor Ops : 2.543e+10 (less than 1 second per iteration)
 Threads    : 32

                  Objective                Residual
Iter       Primal          Dual         Primal    Dual     Compl     Time
   0  -3.91656271e+10  1.08047376e+08  1.04e+06 3.40e+02  9.96e+05     6s
   1  -2.11366907e+09  4.24153985e+07  5.52e+04 9.75e-13  6.12e+04     8s
   2  -1.18532649e+07  6.78851410e+06  1.36e+02 1.91e-12  1.67e+02    10s
   3  -1.14926404e+06  1.16060947e+06  1.87e+00 2.54e-12  4.75e+00    12s
   4  -2.11760349e+05  2.82954753e+05  6.12e-02 1.69e-12  6.48e-01    14s
   5  -4.35193525e+04  5.70840364e+04  2.93e-03 1.24e-12  1.22e-01    17s
   6  -1.01940246e+04  1.29897201e+04  2.99e-04 1.11e-12  2.78e-02    19s
   7  -3.61549038e+03  4.42270568e+03  6.87e-05 7.46e-13  9.64e-03    21s
   8  -1.08012626e+03  1.94531589e+03  7.55e-06 7.98e-13  3.63e-03    23s
   9  -3.70462118e+02  9.08342061e+02  2.23e-06 6.67e-13  1.53e-03    25s
  10   1.80458618e+01  3.66289652e+02  1.40e-07 3.05e-13  4.18e-04    27s
  11   1.37411530e+02  2.48058679e+02  9.25e-09 2.38e-13  1.33e-04    30s
  12   1.73256466e+02  2.13052828e+02  5.96e-10 4.55e-13  4.77e-05    32s
  13   1.79345348e+02  2.08546236e+02  3.83e-10 4.55e-13  3.50e-05    34s
  14   1.87506447e+02  2.02884471e+02  1.74e-10 4.55e-13  1.84e-05    36s
  15   1.91440834e+02  2.00381457e+02  6.48e-11 4.55e-13  1.07e-05    38s
  16   1.93747288e+02  1.98983700e+02  2.59e-11 4.55e-13  6.28e-06    39s
  17   1.95930065e+02  1.97764332e+02  7.19e-12 4.55e-13  2.20e-06    42s
  18   1.96698656e+02  1.97363629e+02  1.04e-12 5.68e-13  7.97e-07    44s
  19   1.96862918e+02  1.97288383e+02  4.74e-13 4.55e-13  5.10e-07    47s
  20   1.96992296e+02  1.97231070e+02  1.96e-13 4.55e-13  2.86e-07    49s
  21   1.97060430e+02  1.97201621e+02  8.57e-14 4.55e-13  1.69e-07    51s
  22   1.97088756e+02  1.97189548e+02  3.35e-14 4.55e-13  1.21e-07    53s
  23   1.97135513e+02  1.97170048e+02  1.03e-14 4.55e-13  4.14e-08    55s
  24   1.97143592e+02  1.97166722e+02  6.07e-15 4.55e-13  2.77e-08    57s
  25   1.97152796e+02  1.97162971e+02  3.50e-15 4.55e-13  1.22e-08    60s
  26   1.97157258e+02  1.97161166e+02  2.26e-15 4.55e-13  4.69e-09    62s
  27   1.97158853e+02  1.97160526e+02  9.35e-16 4.55e-13  2.01e-09    64s
  28   1.97159656e+02  1.97160205e+02  4.38e-15 5.68e-13  6.59e-10    67s
  29   1.97159932e+02  1.97160096e+02  1.54e-15 6.82e-13  1.96e-10    69s
  30   1.97160026e+02  1.97160058e+02  1.16e-15 4.55e-13  3.90e-11    71s
  31   1.97160047e+02  1.97160050e+02  1.34e-15 5.68e-13  3.19e-12    73s
  32   1.97160049e+02  1.97160049e+02  8.80e-16 5.68e-13  2.37e-14    75s

Barrier solved model in 32 iterations and 74.93 seconds (14.65 work units)
Optimal objective 1.97160049e+02

Done! Time elapsed: 105.64401340484619 seconds.
Starting HMC sampling...

                                                                                                                                                                                                                                                                                                                                
Finished sampling! Elapsed Time: 888.4617476463318 seconds

Checking sampler transitions treedepth.
48 of 16000 (0.30%) transitions hit the maximum treedepth limit of 10, or 2^10 leapfrog steps.
Trajectories that are prematurely terminated due to this limit will result in slow exploration.
For optimal performance, increase this limit.

Checking sampler transitions for divergences.
No divergent transitions found.

Checking E-BFMI - sampler transitions HMC potential energy.
E-BFMI satisfactory.

Rank-normalized split effective sample size satisfactory for all parameters.

Rank-normalized split R-hat values satisfactory for all parameters.

Processing complete.

Parameters from last iteration: [2.42147509e-01 3.90026637e-01 3.90861835e-01 ... 2.52731151e+02
 2.34303198e+02 2.33785921e+02]

Parameters from current iteration:
            [2.39186080e-01 3.83568000e-01 3.84383447e-01 ... 2.52853684e+02
 2.34421039e+02 2.33857472e+02]

Updated uncertain values: [2.41407152e-01 3.88411978e-01 3.89242238e-01 ... 2.52761784e+02
 2.34332658e+02 2.33803809e+02]


            Iteration [  11]: Absolute Error = 0.18274345808936232,
            Percentage Error = 0.007539644241983984
            
Optimization Iteration[12/100]

Theta: [0.24140715 0.38841198 0.38924224 ... 1.89307798 1.1923632  1.06260695]

Gamma: [606.28147219 587.43609956 531.93684684 ... 252.76178444 234.33265789
 233.80380855]

Solving the optimization problem...
Set parameter TokenServer to value "licenses.rcc.uchicago.edu"
Read LP format model from file /scratch/local/jobs/50255466/tmpk778rsl2.pyomo.lp
Reading time = 2.15 seconds
x1: 417600 rows, 834801 columns, 2083271 nonzeros
Gurobi Optimizer version 11.0.0 build v11.0.0rc2 (linux64 - "CentOS Linux 8")

CPU model: Intel(R) Xeon(R) Gold 6248R CPU @ 3.00GHz, instruction set [SSE2|AVX|AVX2|AVX512]
Thread count: 48 physical cores, 48 logical processors, using up to 32 threads

Optimize a model with 417600 rows, 834801 columns and 2083271 nonzeros
Model fingerprint: 0x6dabddc2
Model has 400 quadratic objective terms
Coefficient statistics:
  Matrix range     [1e+00, 9e+02]
  Objective range  [2e-03, 9e+02]
  QObjective range [2e+03, 2e+05]
  Bounds range     [3e-06, 1e+00]
  RHS range        [9e-11, 4e-01]
Presolve removed 208947 rows and 209294 columns
Presolve time: 0.82s
Presolved: 208653 rows, 625507 columns, 1249571 nonzeros
Presolved model has 400 quadratic objective terms
Ordering time: 1.12s

Barrier statistics:
 AA' NZ     : 6.241e+05
 Factor NZ  : 6.773e+07 (roughly 900 MB of memory)
 Factor Ops : 2.543e+10 (less than 1 second per iteration)
 Threads    : 32

                  Objective                Residual
Iter       Primal          Dual         Primal    Dual     Compl     Time
   0  -1.49617717e+11  1.10640369e+11  1.04e+06 1.13e-13  1.00e+06     6s
   1  -6.49358433e+10  6.33657671e+10  4.43e+04 3.08e+01  4.67e+04     8s
   2  -3.05829298e+10  3.06533489e+10  4.48e+02 1.24e-01  5.43e+02    10s
   3  -1.08845221e+10  1.09725219e+10  3.21e+00 1.47e-12  2.86e+01    12s
   4  -2.40143348e+09  2.49921883e+09  2.67e-01 1.46e-12  5.95e+00    17s
   5  -5.82495166e+08  6.48603046e+08  3.65e-02 4.62e-12  1.46e+00    21s
   6  -9.63127760e+07  1.09565549e+08  2.74e-03 1.41e-12  2.41e-01    27s
   7  -1.41096148e+07  1.68744292e+07  2.74e-09 1.38e-12  3.63e-02    30s
   8  -2.06789132e+06  2.45891653e+06  2.66e-13 1.16e-12  5.30e-03    32s
   9  -3.07774695e+05  3.77746965e+05  4.90e-14 3.36e-13  8.03e-04    35s
  10  -4.62413330e+04  5.45952997e+04  1.89e-14 5.31e-14  1.18e-04    37s
  11  -7.18352890e+03  8.45350931e+03  1.48e-14 9.50e-15  1.83e-05    39s
  12  -1.76214321e+03  1.93316100e+03  1.14e-14 2.61e-15  4.33e-06    43s
  13  -4.15395534e+02  9.39526577e+02  1.27e-15 6.66e-16  1.59e-06    46s
  14  -4.94552817e+00  4.03079044e+02  5.25e-16 6.66e-16  4.78e-07    49s
  15   1.14492812e+02  2.67155893e+02  1.98e-16 5.55e-16  1.79e-07    51s
  16   1.61804032e+02  2.18906760e+02  1.54e-16 4.44e-16  6.69e-08    54s
  17   1.72287983e+02  2.11162672e+02  9.78e-17 4.44e-16  4.55e-08    56s
  18   1.84620285e+02  2.02691295e+02  9.50e-17 4.44e-16  2.12e-08    58s
  19   1.88087296e+02  2.00629834e+02  7.65e-17 4.44e-16  1.47e-08    60s
  20   1.92337004e+02  1.98237366e+02  5.85e-17 5.55e-16  6.91e-09    62s
  21   1.94119021e+02  1.97331532e+02  6.12e-16 4.44e-16  3.76e-09    64s
  22   1.95027161e+02  1.96896282e+02  2.98e-16 4.44e-16  2.19e-09    66s
  23   1.95626246e+02  1.96618868e+02  1.70e-16 4.44e-16  1.16e-09    69s
  24   1.95849390e+02  1.96518989e+02  1.23e-16 4.44e-16  7.84e-10    71s
  25   1.96047117e+02  1.96431861e+02  1.86e-16 4.44e-16  4.50e-10    73s
  26   1.96127249e+02  1.96397234e+02  1.69e-16 4.44e-16  3.16e-10    75s
  27   1.96184937e+02  1.96372672e+02  1.94e-16 4.44e-16  2.20e-10    77s
  28   1.96254034e+02  1.96343521e+02  2.24e-16 4.44e-16  1.05e-10    79s
  29   1.96284347e+02  1.96330845e+02  2.01e-16 4.44e-16  5.44e-11    81s
  30   1.96299911e+02  1.96324445e+02  1.81e-16 4.44e-16  2.87e-11    83s
  31   1.96309795e+02  1.96320419e+02  1.62e-15 4.44e-16  1.24e-11    85s
  32   1.96313103e+02  1.96319074e+02  1.26e-15 4.44e-16  6.99e-12    87s
  33   1.96314896e+02  1.96318351e+02  1.06e-15 3.33e-16  4.05e-12    89s
  34   1.96316699e+02  1.96317626e+02  9.70e-16 6.66e-16  1.08e-12    91s
  35   1.96317139e+02  1.96317451e+02  1.99e-15 5.55e-16  3.65e-13    94s
  36   1.96317332e+02  1.96317374e+02  4.52e-15 5.55e-16  4.96e-14    96s
  37   1.96317352e+02  1.96317366e+02  2.41e-15 4.44e-16  1.58e-14    98s
  38   1.96317362e+02  1.96317362e+02  1.85e-15 5.55e-16  5.76e-16   100s

Barrier solved model in 38 iterations and 100.26 seconds (17.31 work units)
Optimal objective 1.96317362e+02

Done! Time elapsed: 131.69257640838623 seconds.
Starting HMC sampling...

                                                                                                                                                                                                                                                                                                                                
Finished sampling! Elapsed Time: 1035.1194548606873 seconds

Checking sampler transitions treedepth.
128 of 16000 (0.80%) transitions hit the maximum treedepth limit of 10, or 2^10 leapfrog steps.
Trajectories that are prematurely terminated due to this limit will result in slow exploration.
For optimal performance, increase this limit.

Checking sampler transitions for divergences.
No divergent transitions found.

Checking E-BFMI - sampler transitions HMC potential energy.
E-BFMI satisfactory.

Rank-normalized split effective sample size satisfactory for all parameters.

Rank-normalized split R-hat values satisfactory for all parameters.

Processing complete.

Parameters from last iteration: [2.41407152e-01 3.88411978e-01 3.89242238e-01 ... 2.52761784e+02
 2.34332658e+02 2.33803809e+02]

Parameters from current iteration:
            [2.39175807e-01 3.83866990e-01 3.84684183e-01 ... 2.52795766e+02
 2.34358851e+02 2.33851244e+02]

Updated uncertain values: [2.40849316e-01 3.87275731e-01 3.88102725e-01 ... 2.52770280e+02
 2.34339206e+02 2.33815667e+02]


            Iteration [  12]: Absolute Error = 0.15209506916028204,
            Percentage Error = 0.005595174070198684
            
Optimization Iteration[13/100]

Theta: [0.24084932 0.38727573 0.38810272 ... 1.89007727 1.1919873  1.0626735 ]

Gamma: [606.33278312 587.46816788 531.93147047 ... 252.77027979 234.33920627
 233.81566735]

Solving the optimization problem...
Set parameter TokenServer to value "licenses.rcc.uchicago.edu"
Read LP format model from file /scratch/local/jobs/50255466/tmpei0ffle1.pyomo.lp
Reading time = 2.15 seconds
x1: 417600 rows, 834801 columns, 2083271 nonzeros
Gurobi Optimizer version 11.0.0 build v11.0.0rc2 (linux64 - "CentOS Linux 8")

CPU model: Intel(R) Xeon(R) Gold 6248R CPU @ 3.00GHz, instruction set [SSE2|AVX|AVX2|AVX512]
Thread count: 48 physical cores, 48 logical processors, using up to 32 threads

Optimize a model with 417600 rows, 834801 columns and 2083271 nonzeros
Model fingerprint: 0x4a3819f3
Model has 400 quadratic objective terms
Coefficient statistics:
  Matrix range     [1e+00, 9e+02]
  Objective range  [2e-03, 9e+02]
  QObjective range [2e+03, 2e+05]
  Bounds range     [3e-06, 1e+00]
  RHS range        [9e-11, 4e-01]
Presolve removed 208947 rows and 209294 columns
Presolve time: 0.80s
Presolved: 208653 rows, 625507 columns, 1249571 nonzeros
Presolved model has 400 quadratic objective terms
Ordering time: 1.51s

Barrier statistics:
 AA' NZ     : 6.241e+05
 Factor NZ  : 6.773e+07 (roughly 900 MB of memory)
 Factor Ops : 2.543e+10 (less than 1 second per iteration)
 Threads    : 32

                  Objective                Residual
Iter       Primal          Dual         Primal    Dual     Compl     Time
   0  -1.49618480e+11  1.10640369e+11  1.04e+06 1.13e-13  1.00e+06     6s
   1  -6.49358769e+10  6.33657677e+10  4.43e+04 3.08e+01  4.67e+04     8s
   2  -3.05829303e+10  3.06533492e+10  4.48e+02 1.24e-01  5.43e+02    10s
   3  -1.08845221e+10  1.09725220e+10  3.21e+00 1.59e-12  2.86e+01    12s
   4  -2.40143350e+09  2.49921885e+09  2.67e-01 1.34e-12  5.95e+00    17s
   5  -5.82495166e+08  6.48603050e+08  3.65e-02 4.93e-12  1.46e+00    22s
   6  -9.63127733e+07  1.09565547e+08  2.74e-03 1.39e-12  2.41e-01    27s
   7  -1.41096140e+07  1.68744267e+07  2.74e-09 1.27e-12  3.63e-02    33s
   8  -2.06789135e+06  2.45891684e+06  2.62e-13 1.16e-12  5.30e-03    36s
   9  -3.07774615e+05  3.77745661e+05  4.79e-14 3.03e-13  8.03e-04    38s
  10  -4.62413921e+04  5.45946691e+04  1.79e-14 4.79e-14  1.18e-04    40s
  11  -7.18370868e+03  8.45281120e+03  1.66e-14 7.86e-15  1.83e-05    42s
  12  -1.76209983e+03  1.93208116e+03  1.27e-14 1.69e-15  4.33e-06    46s
  13  -4.15311288e+02  9.37578383e+02  1.31e-15 6.66e-16  1.58e-06    49s
  14  -7.11422700e+00  4.06729016e+02  4.69e-16 4.44e-16  4.85e-07    51s
  15   1.16982602e+02  2.62909751e+02  2.81e-16 4.44e-16  1.71e-07    54s
  16   1.59841839e+02  2.19894289e+02  1.59e-16 4.44e-16  7.03e-08    56s
  17   1.73740984e+02  2.10083503e+02  8.87e-17 4.44e-16  4.25e-08    58s
  18   1.85738782e+02  2.01356266e+02  8.54e-17 4.44e-16  1.83e-08    60s
  19   1.87387888e+02  2.00315992e+02  7.22e-17 4.44e-16  1.51e-08    62s
  20   1.91777788e+02  1.97683951e+02  4.55e-17 4.44e-16  6.91e-09    64s
  21   1.93590528e+02  1.96706458e+02  1.48e-16 4.44e-16  3.65e-09    65s
  22   1.94580990e+02  1.96214146e+02  8.72e-17 4.44e-16  1.91e-09    68s
  23   1.95091290e+02  1.95972237e+02  6.94e-17 4.44e-16  1.03e-09    69s
  24   1.95351485e+02  1.95854101e+02  1.63e-16 4.44e-16  5.88e-10    71s
  25   1.95475078e+02  1.95799271e+02  2.57e-16 4.44e-16  3.80e-10    73s
  26   1.95553300e+02  1.95765293e+02  2.09e-16 4.44e-16  2.48e-10    75s
  27   1.95610508e+02  1.95740784e+02  1.99e-16 4.44e-16  1.53e-10    77s
  28   1.95650576e+02  1.95723946e+02  3.91e-16 4.44e-16  8.59e-11    79s
  29   1.95678830e+02  1.95712096e+02  4.91e-16 4.44e-16  3.89e-11    81s
  30   1.95691505e+02  1.95706890e+02  5.14e-16 5.55e-16  1.80e-11    83s
  31   1.95695032e+02  1.95705463e+02  1.80e-15 4.44e-16  1.22e-11    84s
  32   1.95697209e+02  1.95704585e+02  1.29e-15 4.44e-16  8.64e-12    85s
  33   1.95700454e+02  1.95703281e+02  1.92e-15 6.66e-16  3.31e-12    87s
  34   1.95701815e+02  1.95702738e+02  4.08e-15 4.44e-16  1.08e-12    90s
  35   1.95702303e+02  1.95702544e+02  2.50e-15 4.44e-16  2.82e-13    93s
  36   1.95702435e+02  1.95702491e+02  2.71e-15 5.55e-16  6.55e-14    95s
  37   1.95702472e+02  1.95702476e+02  1.00e-15 6.66e-16  4.49e-15    97s

Barrier solved model in 37 iterations and 97.27 seconds (16.98 work units)
Optimal objective 1.95702472e+02

Done! Time elapsed: 130.18830060958862 seconds.
Starting HMC sampling...

                                                                                                                                                                                                                                                                                                                                
Finished sampling! Elapsed Time: 994.8178017139435 seconds

Checking sampler transitions treedepth.
92 of 16000 (0.57%) transitions hit the maximum treedepth limit of 10, or 2^10 leapfrog steps.
Trajectories that are prematurely terminated due to this limit will result in slow exploration.
For optimal performance, increase this limit.

Checking sampler transitions for divergences.
No divergent transitions found.

Checking E-BFMI - sampler transitions HMC potential energy.
E-BFMI satisfactory.

Rank-normalized split effective sample size satisfactory for all parameters.

Rank-normalized split R-hat values satisfactory for all parameters.

Processing complete.

Parameters from last iteration: [2.40849316e-01 3.87275731e-01 3.88102725e-01 ... 2.52770280e+02
 2.34339206e+02 2.33815667e+02]

Parameters from current iteration:
            [2.39209534e-01 3.83476874e-01 3.84291674e-01 ... 2.52701878e+02
 2.34301310e+02 2.33810435e+02]

Updated uncertain values: [2.40439370e-01 3.86326016e-01 3.87149962e-01 ... 2.52753179e+02
 2.34329732e+02 2.33814359e+02]


            Iteration [  13]: Absolute Error = 0.14132734897623322,
            Percentage Error = 0.004183366129040974
            
Terminated. Sampling the final distribution...

                                                                                                                                                                                                                                                                                                                                
Solving the optimization problem...
Set parameter TokenServer to value "licenses.rcc.uchicago.edu"
Read LP format model from file /scratch/local/jobs/50255466/tmpwfr7lcfn.pyomo.lp
Reading time = 2.16 seconds
x1: 417600 rows, 834801 columns, 2083271 nonzeros
Gurobi Optimizer version 11.0.0 build v11.0.0rc2 (linux64 - "CentOS Linux 8")

CPU model: Intel(R) Xeon(R) Gold 6248R CPU @ 3.00GHz, instruction set [SSE2|AVX|AVX2|AVX512]
Thread count: 48 physical cores, 48 logical processors, using up to 32 threads

Optimize a model with 417600 rows, 834801 columns and 2083271 nonzeros
Model fingerprint: 0x184bb16e
Model has 400 quadratic objective terms
Coefficient statistics:
  Matrix range     [1e+00, 9e+02]
  Objective range  [2e-03, 9e+02]
  QObjective range [2e+03, 2e+05]
  Bounds range     [2e-06, 1e+00]
  RHS range        [6e-10, 4e-01]
Presolve removed 209011 rows and 209422 columns
Presolve time: 0.81s
Presolved: 208589 rows, 625379 columns, 1249315 nonzeros
Presolved model has 400 quadratic objective terms
Ordering time: 0.96s

Barrier statistics:
 AA' NZ     : 6.239e+05
 Factor NZ  : 6.769e+07 (roughly 900 MB of memory)
 Factor Ops : 2.541e+10 (less than 1 second per iteration)
 Threads    : 32

                  Objective                Residual
Iter       Primal          Dual         Primal    Dual     Compl     Time
   0  -1.49622075e+11  1.10640510e+11  1.04e+06 1.13e-13  1.00e+06     6s
   1  -6.44877053e+10  6.29217158e+10  4.42e+04 3.07e+01  4.64e+04     8s
   2  -3.03837041e+10  3.04540557e+10  4.47e+02 1.24e-01  5.40e+02    10s
   3  -1.08294558e+10  1.09173218e+10  3.61e+00 1.50e-12  2.88e+01    13s
   4  -2.46844100e+09  2.56646082e+09  2.90e-01 1.31e-12  6.13e+00    18s
   5  -5.87256233e+08  6.54686897e+08  3.72e-02 7.10e-12  1.47e+00    22s
   6  -9.80858248e+07  1.11717981e+08  2.91e-03 1.68e-12  2.46e-01    27s
   7  -1.44863165e+07  1.73464253e+07  7.02e-06 1.12e-12  3.73e-02    32s
   8  -2.12465641e+06  2.53312565e+06  7.20e-12 1.02e-12  5.45e-03    35s
   9  -3.16584087e+05  3.89697132e+05  4.61e-14 4.07e-13  8.27e-04    37s
  10  -4.76633371e+04  5.62890658e+04  2.32e-14 9.00e-14  1.22e-04    39s
  11  -7.46179761e+03  8.64981399e+03  1.57e-14 8.72e-15  1.89e-05    41s
  12  -1.88221435e+03  1.92505646e+03  1.28e-14 2.28e-15  4.46e-06    46s
  13  -4.83382585e+02  8.67552937e+02  1.26e-15 6.66e-16  1.58e-06    49s
  14  -7.30369576e+01  3.25058077e+02  7.84e-16 6.66e-16  4.66e-07    52s
  15   5.24026855e+01  2.08030041e+02  2.76e-16 5.55e-16  1.82e-07    55s
  16   9.89733021e+01  1.60268392e+02  1.65e-16 6.66e-16  7.18e-08    57s
  17   1.09860451e+02  1.52245210e+02  8.13e-17 4.44e-16  4.96e-08    59s
  18   1.22531401e+02  1.43559768e+02  7.22e-17 4.44e-16  2.46e-08    61s
  19   1.27680457e+02  1.40475619e+02  1.07e-16 4.44e-16  1.50e-08    63s
  20   1.32006329e+02  1.38089840e+02  6.35e-17 5.55e-16  7.12e-09    65s
  21   1.32132821e+02  1.38025035e+02  6.72e-17 5.55e-16  6.90e-09    66s
  22   1.32577075e+02  1.37801693e+02  6.16e-17 4.44e-16  6.12e-09    68s
  23   1.33877758e+02  1.37178566e+02  3.92e-17 4.44e-16  3.87e-09    70s
  24   1.34885527e+02  1.36695401e+02  4.10e-17 4.44e-16  2.12e-09    72s
  25   1.35305287e+02  1.36498644e+02  4.25e-17 4.44e-16  1.40e-09    74s
  26   1.35593107e+02  1.36366120e+02  5.46e-17 4.44e-16  9.05e-10    76s
  27   1.35824562e+02  1.36263517e+02  1.59e-16 4.44e-16  5.14e-10    77s
  28   1.35852055e+02  1.36251571e+02  1.87e-16 4.44e-16  4.68e-10    79s
  29   1.35972917e+02  1.36199613e+02  1.81e-16 4.44e-16  2.65e-10    81s
  30   1.36035291e+02  1.36173165e+02  2.11e-16 4.44e-16  1.61e-10    83s
  31   1.36039142e+02  1.36171551e+02  1.78e-16 5.55e-16  1.55e-10    85s
  32   1.36087130e+02  1.36151534e+02  1.39e-16 4.44e-16  7.54e-11    87s
  33   1.36107266e+02  1.36143336e+02  3.18e-16 4.44e-16  4.22e-11    89s
  34   1.36121264e+02  1.36137619e+02  4.08e-16 4.44e-16  1.92e-11    91s
  35   1.36130226e+02  1.36134056e+02  4.03e-15 6.66e-16  4.48e-12    94s
  36   1.36132143e+02  1.36133302e+02  1.79e-14 6.66e-16  1.36e-12    96s
  37   1.36132631e+02  1.36133110e+02  1.04e-14 5.55e-16  5.61e-13    98s
  38   1.36132847e+02  1.36133025e+02  3.40e-15 5.55e-16  2.08e-13    99s
  39   1.36132965e+02  1.36132979e+02  2.80e-15 4.44e-16  1.64e-14   101s
  40   1.36132975e+02  1.36132975e+02  4.48e-15 6.66e-16  3.44e-16   103s

Barrier solved model in 40 iterations and 103.15 seconds (17.98 work units)
Optimal objective 1.36132975e+02

Done! Time elapsed: 134.41248607635498 seconds.
min_result 0.06535833480316973 min_pe 4.4

Program ends Sat May 30 00:03:28 CDT 2026
Exit code: 0
Elapsed time: 22103 seconds
