Command: /project/lhansen/HMC_rep26_robust_mac/amazon-carbon-prices/.venv/bin/python pysrc/bash/shadow_price.py --id 48 --xi 1 --sites 1043
Working directory: /project/lhansen/HMC_rep26_robust_mac/amazon-carbon-prices
Program starts Fri May 29 17:55:13 CDT 2026

Data successfully loaded from /project/lhansen/HMC_rep26_robust_mac/amazon-carbon-prices/data/calibration
Waiting for Stan compile lock: /project/lhansen/HMC_rep26_robust_mac/amazon-carbon-prices/stan_model/adjusted.compile.lock
Using Stan model executable: /project/lhansen/HMC_rep26_robust_mac/amazon-carbon-prices/stan_model/adjusted
Optimization Iteration[1/100]

Theta: [0.19293399 0.39270684 0.39383513 ... 2.1961384  1.20930668 1.03223742]

Gamma: [605.85192903 587.02426052 531.68859839 ... 252.44623295 234.13249733
 233.63746894]

Solving the optimization problem...
Set parameter TokenServer to value "licenses.rcc.uchicago.edu"
Read LP format model from file /scratch/local/jobs/50255470/tmpsg3w0agr.pyomo.lp
Reading time = 2.16 seconds
x1: 417600 rows, 834801 columns, 2083271 nonzeros
Gurobi Optimizer version 11.0.0 build v11.0.0rc2 (linux64 - "CentOS Linux 8")

CPU model: Intel(R) Xeon(R) Gold 6248R CPU @ 3.00GHz, instruction set [SSE2|AVX|AVX2|AVX512]
Thread count: 48 physical cores, 48 logical processors, using up to 32 threads

Optimize a model with 417600 rows, 834801 columns and 2083271 nonzeros
Model fingerprint: 0x4971ac20
Model has 400 quadratic objective terms
Coefficient statistics:
  Matrix range     [1e+00, 9e+02]
  Objective range  [4e-04, 9e+02]
  QObjective range [2e+03, 2e+05]
  Bounds range     [3e-06, 1e+00]
  RHS range        [9e-11, 4e-01]
Presolve removed 208947 rows and 209294 columns
Presolve time: 0.83s
Presolved: 208653 rows, 625507 columns, 1249571 nonzeros
Presolved model has 400 quadratic objective terms
Ordering time: 1.23s

Barrier statistics:
 AA' NZ     : 6.241e+05
 Factor NZ  : 6.773e+07 (roughly 900 MB of memory)
 Factor Ops : 2.543e+10 (less than 1 second per iteration)
 Threads    : 32

                  Objective                Residual
Iter       Primal          Dual         Primal    Dual     Compl     Time
   0  -1.52717924e+11  1.10640370e+11  1.04e+06 1.13e-13  1.00e+06     6s
   1  -6.50669920e+10  6.33651376e+10  4.43e+04 3.08e+01  4.67e+04     7s
   2  -3.05841248e+10  3.06530422e+10  4.48e+02 1.24e-01  5.43e+02    10s
   3  -1.08844942e+10  1.09723801e+10  3.21e+00 1.42e-12  2.86e+01    12s
   4  -2.40140406e+09  2.49913765e+09  2.67e-01 1.27e-12  5.95e+00    16s
   5  -5.82498638e+08  6.48580419e+08  3.65e-02 5.59e-12  1.46e+00    21s
   6  -9.63171516e+07  1.09559608e+08  2.74e-03 1.51e-12  2.41e-01    26s
   7  -1.41115508e+07  1.68731856e+07  2.74e-09 1.91e-12  3.63e-02    31s
   8  -2.06859108e+06  2.45831934e+06  2.54e-13 1.13e-12  5.30e-03    33s
   9  -3.08026660e+05  3.77758248e+05  4.06e-14 3.85e-13  8.03e-04    35s
  10  -4.62930834e+04  5.46577037e+04  1.99e-14 6.29e-14  1.18e-04    37s
  11  -7.18349208e+03  8.75002130e+03  1.16e-14 8.57e-15  1.87e-05    39s
  12  -1.31502381e+03  2.46461990e+03  9.31e-15 2.03e-15  4.43e-06    43s
  13  -1.93605049e+02  7.95952490e+02  2.90e-15 1.31e-15  1.16e-06    45s
  14   1.30046496e+02  4.63199461e+02  5.67e-16 4.44e-16  3.90e-07    48s
  15   2.08291460e+02  3.84529526e+02  2.55e-16 4.44e-16  2.06e-07    50s
  16   2.56481136e+02  3.45618608e+02  2.33e-16 4.44e-16  1.04e-07    52s
  17   2.74834322e+02  3.31321940e+02  1.36e-16 4.44e-16  6.61e-08    54s
  18   2.78076779e+02  3.29087074e+02  1.27e-16 4.44e-16  5.97e-08    56s
  19   2.85209045e+02  3.24343701e+02  1.27e-16 4.44e-16  4.58e-08    57s
  20   2.88575249e+02  3.22489848e+02  1.26e-16 5.08e-16  3.97e-08    59s
  21   2.95992995e+02  3.18059693e+02  1.10e-16 4.44e-16  2.58e-08    61s
  22   3.03258123e+02  3.14451288e+02  8.61e-17 4.44e-16  1.31e-08    63s
  23   3.07984112e+02  3.12293715e+02  1.09e-16 6.66e-16  5.05e-09    66s
  24   3.09461641e+02  3.11687126e+02  1.42e-16 4.44e-16  2.61e-09    68s
  25   3.10046689e+02  3.11450294e+02  1.97e-16 6.66e-16  1.64e-09    69s
  26   3.10409310e+02  3.11302806e+02  1.54e-16 4.44e-16  1.05e-09    71s
  27   3.10612739e+02  3.11219944e+02  1.08e-16 4.44e-16  7.11e-10    73s
  28   3.10767800e+02  3.11157016e+02  1.86e-16 4.44e-16  4.56e-10    75s
  29   3.10910422e+02  3.11098925e+02  3.76e-16 4.44e-16  2.21e-10    77s
  30   3.10957088e+02  3.11080237e+02  2.70e-16 4.44e-16  1.44e-10    79s
  31   3.11002395e+02  3.11062139e+02  3.65e-16 5.55e-16  6.99e-11    80s
  32   3.11028361e+02  3.11051754e+02  7.09e-16 6.66e-16  2.74e-11    82s
  33   3.11037570e+02  3.11048083e+02  7.39e-16 6.66e-16  1.23e-11    83s
  34   3.11043245e+02  3.11045826e+02  2.73e-15 6.66e-16  3.02e-12    85s
  35   3.11044311e+02  3.11045405e+02  5.79e-15 4.44e-16  1.28e-12    87s
  36   3.11044846e+02  3.11045194e+02  2.33e-15 6.66e-16  4.07e-13    89s
  37   3.11045048e+02  3.11045115e+02  3.06e-15 5.55e-16  7.80e-14    91s
  38   3.11045082e+02  3.11045101e+02  3.92e-15 6.66e-16  2.21e-14    93s
  39   3.11045095e+02  3.11045096e+02  3.07e-15 6.66e-16  1.88e-15    94s

Barrier solved model in 39 iterations and 94.40 seconds (17.65 work units)
Optimal objective 3.11045095e+02

Done! Time elapsed: 124.38556981086731 seconds.
Starting HMC sampling...

                                                                                                                                                                                                                                                                                                                                
Finished sampling! Elapsed Time: 1048.834564447403 seconds

Checking sampler transitions treedepth.
67 of 16000 (0.42%) transitions hit the maximum treedepth limit of 10, or 2^10 leapfrog steps.
Trajectories that are prematurely terminated due to this limit will result in slow exploration.
For optimal performance, increase this limit.

Checking sampler transitions for divergences.
No divergent transitions found.

Checking E-BFMI - sampler transitions HMC potential energy.
E-BFMI satisfactory.

Rank-normalized split effective sample size satisfactory for all parameters.

Rank-normalized split R-hat values satisfactory for all parameters.

Processing complete.

Parameters from last iteration: [1.92933991e-01 3.92706841e-01 3.93835127e-01 ... 2.52446233e+02
 2.34132497e+02 2.33637469e+02]

Parameters from current iteration:
            [  0.28293265   0.42537445   0.42617894 ... 252.69756696 234.2274391
 233.67041902]

Updated uncertain values: [2.15433657e-01 4.00873744e-01 4.01921081e-01 ... 2.52509066e+02
 2.34156233e+02 2.33645706e+02]


            Iteration [   1]: Absolute Error = 1.8188382491666744,
            Percentage Error = 0.1859635242929378
            
Optimization Iteration[2/100]

Theta: [0.21543366 0.40087374 0.40192108 ... 2.11116906 1.20909107 1.04612127]

Gamma: [606.05253108 587.22914864 531.85486318 ... 252.50906645 234.15623277
 233.64570646]

Solving the optimization problem...
Set parameter TokenServer to value "licenses.rcc.uchicago.edu"
Read LP format model from file /scratch/local/jobs/50255470/tmpz7fnhuyj.pyomo.lp
Reading time = 2.33 seconds
x1: 417600 rows, 834801 columns, 2083271 nonzeros
Gurobi Optimizer version 11.0.0 build v11.0.0rc2 (linux64 - "CentOS Linux 8")

CPU model: Intel(R) Xeon(R) Gold 6248R CPU @ 3.00GHz, instruction set [SSE2|AVX|AVX2|AVX512]
Thread count: 48 physical cores, 48 logical processors, using up to 32 threads

Optimize a model with 417600 rows, 834801 columns and 2083271 nonzeros
Model fingerprint: 0xb840aaf5
Model has 400 quadratic objective terms
Coefficient statistics:
  Matrix range     [1e+00, 9e+02]
  Objective range  [2e-03, 9e+02]
  QObjective range [2e+03, 2e+05]
  Bounds range     [3e-06, 1e+00]
  RHS range        [9e-11, 4e-01]
Presolve removed 208947 rows and 209294 columns
Presolve time: 0.83s
Presolved: 208653 rows, 625507 columns, 1249571 nonzeros
Presolved model has 400 quadratic objective terms
Ordering time: 1.10s

Barrier statistics:
 AA' NZ     : 6.241e+05
 Factor NZ  : 6.773e+07 (roughly 900 MB of memory)
 Factor Ops : 2.543e+10 (less than 1 second per iteration)
 Threads    : 32

                  Objective                Residual
Iter       Primal          Dual         Primal    Dual     Compl     Time
   0  -1.52939882e+11  1.10640370e+11  1.04e+06 1.13e-13  1.00e+06     5s
   1  -6.50763689e+10  6.33651331e+10  4.43e+04 3.08e+01  4.67e+04     7s
   2  -3.05842185e+10  3.06530401e+10  4.48e+02 1.24e-01  5.43e+02     9s
   3  -1.08844946e+10  1.09723792e+10  3.21e+00 1.45e-12  2.86e+01    12s
   4  -2.40140425e+09  2.49913745e+09  2.67e-01 1.28e-12  5.95e+00    17s
   5  -5.82498590e+08  6.48580151e+08  3.65e-02 7.86e-12  1.46e+00    21s
   6  -9.63171668e+07  1.09559484e+08  2.74e-03 1.60e-12  2.41e-01    26s
   7  -1.41115911e+07  1.68731198e+07  2.74e-09 2.51e-12  3.63e-02    31s
   8  -2.06863351e+06  2.45828246e+06  2.56e-13 1.11e-12  5.30e-03    34s
   9  -3.08062818e+05  3.77700485e+05  3.89e-14 2.98e-13  8.03e-04    36s
  10  -4.63282155e+04  5.46113664e+04  1.72e-14 6.10e-14  1.18e-04    38s
  11  -7.20057373e+03  8.59883352e+03  1.27e-14 7.32e-15  1.85e-05    40s
  12  -1.37387676e+03  2.07024184e+03  1.15e-14 2.23e-15  4.03e-06    44s
  13  -2.51029725e+02  9.15622541e+02  2.05e-15 6.66e-16  1.37e-06    46s
  14   1.27729810e+02  3.88720155e+02  4.75e-16 6.66e-16  3.06e-07    49s
  15   2.14297492e+02  3.01482498e+02  1.99e-16 6.66e-16  1.02e-07    51s
  16   2.48017814e+02  2.81369624e+02  1.03e-16 6.66e-16  3.90e-08    53s
  17   2.50905399e+02  2.79724079e+02  9.63e-17 4.44e-16  3.37e-08    55s
  18   2.57517317e+02  2.75963997e+02  8.98e-17 4.44e-16  2.16e-08    57s
  19   2.63690899e+02  2.72696736e+02  5.18e-17 4.44e-16  1.05e-08    59s
  20   2.66450884e+02  2.71377935e+02  8.09e-17 4.44e-16  5.77e-09    61s
  21   2.67946946e+02  2.70696703e+02  6.48e-17 4.44e-16  3.22e-09    63s
  22   2.68615159e+02  2.70401762e+02  1.52e-16 4.44e-16  2.09e-09    65s
  23   2.69104386e+02  2.70189039e+02  3.26e-16 4.44e-16  1.27e-09    67s
  24   2.69471510e+02  2.70032223e+02  1.12e-16 4.44e-16  6.56e-10    69s
  25   2.69642544e+02  2.69960654e+02  2.18e-16 6.66e-16  3.72e-10    71s
  26   2.69750976e+02  2.69916152e+02  1.86e-16 4.44e-16  1.93e-10    73s
  27   2.69798253e+02  2.69896788e+02  2.14e-16 4.44e-16  1.15e-10    75s
  28   2.69848045e+02  2.69876502e+02  7.53e-16 6.66e-16  3.33e-11    77s
  29   2.69856279e+02  2.69873193e+02  7.73e-16 4.44e-16  1.98e-11    79s
  30   2.69862958e+02  2.69870537e+02  9.45e-16 4.44e-16  8.87e-12    81s
  31   2.69866791e+02  2.69869021e+02  5.22e-15 6.66e-16  2.61e-12    83s
  32   2.69867869e+02  2.69868595e+02  1.34e-14 5.55e-16  8.51e-13    86s
  33   2.69868245e+02  2.69868447e+02  5.55e-15 5.55e-16  2.37e-13    88s
  34   2.69868359e+02  2.69868402e+02  3.56e-15 6.66e-16  5.05e-14    89s
  35   2.69868390e+02  2.69868390e+02  1.41e-15 6.66e-16  5.55e-16    91s

Barrier solved model in 35 iterations and 91.39 seconds (15.99 work units)
Optimal objective 2.69868390e+02

Done! Time elapsed: 125.04408669471741 seconds.
Starting HMC sampling...

                                                                                                                                                                                                                                                                                                                                
Finished sampling! Elapsed Time: 1023.1558756828308 seconds

Checking sampler transitions treedepth.
108 of 16000 (0.68%) transitions hit the maximum treedepth limit of 10, or 2^10 leapfrog steps.
Trajectories that are prematurely terminated due to this limit will result in slow exploration.
For optimal performance, increase this limit.

Checking sampler transitions for divergences.
No divergent transitions found.

Checking E-BFMI - sampler transitions HMC potential energy.
E-BFMI satisfactory.

Rank-normalized split effective sample size satisfactory for all parameters.

Rank-normalized split R-hat values satisfactory for all parameters.

Processing complete.

Parameters from last iteration: [2.15433657e-01 4.00873744e-01 4.01921081e-01 ... 2.52509066e+02
 2.34156233e+02 2.33645706e+02]

Parameters from current iteration:
            [  0.26864071   0.41254032   0.41335305 ... 252.66747662 234.25476627
 233.75261947]

Updated uncertain values: [2.28735421e-01 4.03790388e-01 4.04779072e-01 ... 2.52548669e+02
 2.34180866e+02 2.33672435e+02]


            Iteration [   2]: Absolute Error = 1.1554010457031154,
            Percentage Error = 0.163500598878733
            
Optimization Iteration[3/100]

Theta: [0.22873542 0.40379039 0.40477907 ... 2.04953027 1.20685117 1.05369814]

Gamma: [606.15290587 587.3113727  531.89123651 ... 252.54866899 234.18086615
 233.67243471]

Solving the optimization problem...
Set parameter TokenServer to value "licenses.rcc.uchicago.edu"
Read LP format model from file /scratch/local/jobs/50255470/tmp3e1z4zsq.pyomo.lp
Reading time = 2.17 seconds
x1: 417600 rows, 834801 columns, 2083271 nonzeros
Gurobi Optimizer version 11.0.0 build v11.0.0rc2 (linux64 - "CentOS Linux 8")

CPU model: Intel(R) Xeon(R) Gold 6248R CPU @ 3.00GHz, instruction set [SSE2|AVX|AVX2|AVX512]
Thread count: 48 physical cores, 48 logical processors, using up to 32 threads

Optimize a model with 417600 rows, 834801 columns and 2083271 nonzeros
Model fingerprint: 0x657de3d1
Model has 400 quadratic objective terms
Coefficient statistics:
  Matrix range     [1e+00, 9e+02]
  Objective range  [2e-03, 9e+02]
  QObjective range [2e+03, 2e+05]
  Bounds range     [3e-06, 1e+00]
  RHS range        [9e-11, 4e-01]
Presolve removed 208947 rows and 209294 columns
Presolve time: 0.81s
Presolved: 208653 rows, 625507 columns, 1249571 nonzeros
Presolved model has 400 quadratic objective terms
Ordering time: 1.27s

Barrier statistics:
 AA' NZ     : 6.241e+05
 Factor NZ  : 6.773e+07 (roughly 900 MB of memory)
 Factor Ops : 2.543e+10 (less than 1 second per iteration)
 Threads    : 32

                  Objective                Residual
Iter       Primal          Dual         Primal    Dual     Compl     Time
   0  -1.53084593e+11  1.10640369e+11  1.04e+06 1.13e-13  1.00e+06     6s
   1  -6.50824826e+10  6.33651298e+10  4.43e+04 3.08e+01  4.67e+04     8s
   2  -3.05842793e+10  3.06530385e+10  4.48e+02 1.24e-01  5.43e+02    10s
   3  -1.08844947e+10  1.09723786e+10  3.21e+00 1.41e-12  2.86e+01    12s
   4  -2.40140436e+09  2.49913734e+09  2.67e-01 1.25e-12  5.95e+00    17s
   5  -5.82498544e+08  6.48579980e+08  3.65e-02 3.64e-12  1.46e+00    22s
   6  -9.63171670e+07  1.09559400e+08  2.74e-03 1.57e-12  2.41e-01    27s
   7  -1.41116153e+07  1.68730768e+07  2.74e-09 2.03e-12  3.63e-02    32s
   8  -2.06866082e+06  2.45825855e+06  2.82e-13 1.25e-12  5.30e-03    34s
   9  -3.08086472e+05  3.77662576e+05  4.27e-14 2.50e-13  8.03e-04    36s
  10  -4.63512335e+04  5.45808311e+04  1.99e-14 5.39e-14  1.18e-04    38s
  11  -7.21107748e+03  8.49874129e+03  1.22e-14 8.19e-15  1.84e-05    40s
  12  -1.76708110e+03  1.97570927e+03  1.02e-14 1.94e-15  4.38e-06    44s
  13  -3.68736536e+02  1.05292068e+03  1.09e-15 7.11e-16  1.66e-06    46s
  14   7.01218376e+01  4.03641896e+02  5.15e-16 6.66e-16  3.90e-07    48s
  15   1.74872575e+02  2.95282318e+02  2.22e-16 5.55e-16  1.41e-07    51s
  16   2.16849308e+02  2.57836644e+02  1.04e-16 6.66e-16  4.80e-08    53s
  17   2.20405157e+02  2.55609628e+02  8.61e-17 4.44e-16  4.12e-08    55s
  18   2.30544391e+02  2.49331360e+02  4.92e-17 4.44e-16  2.20e-08    57s
  19   2.36545442e+02  2.45992782e+02  4.42e-17 4.44e-16  1.11e-08    58s
  20   2.39430601e+02  2.44530818e+02  6.31e-17 6.66e-16  5.97e-09    60s
  21   2.40697688e+02  2.43929073e+02  5.55e-17 4.44e-16  3.78e-09    62s
  22   2.41733470e+02  2.43453280e+02  7.16e-17 4.44e-16  2.01e-09    64s
  23   2.42272010e+02  2.43215974e+02  8.65e-17 4.44e-16  1.11e-09    66s
  24   2.42544492e+02  2.43099281e+02  1.48e-16 4.44e-16  6.50e-10    68s
  25   2.42645567e+02  2.43056745e+02  1.86e-16 4.44e-16  4.81e-10    69s
  26   2.42775954e+02  2.43002352e+02  1.39e-16 5.55e-16  2.65e-10    71s
  27   2.42858263e+02  2.42968604e+02  1.29e-16 5.55e-16  1.29e-10    73s
  28   2.42912868e+02  2.42946675e+02  2.54e-16 5.55e-16  3.96e-11    75s
  29   2.42924574e+02  2.42942076e+02  1.73e-16 4.44e-16  2.05e-11    77s
  30   2.42932739e+02  2.42938878e+02  5.46e-16 5.55e-16  7.19e-12    79s
  31   2.42935309e+02  2.42937870e+02  2.02e-15 5.55e-16  3.00e-12    81s
  32   2.42936699e+02  2.42937328e+02  7.46e-15 5.55e-16  7.36e-13    84s
  33   2.42937064e+02  2.42937185e+02  2.75e-15 5.55e-16  1.42e-13    86s
  34   2.42937144e+02  2.42937154e+02  1.53e-15 5.55e-16  1.22e-14    87s

Barrier solved model in 34 iterations and 87.35 seconds (15.52 work units)
Optimal objective 2.42937144e+02

Done! Time elapsed: 117.81182265281677 seconds.
Starting HMC sampling...

                                                                                                                                                                                                                                                                                                                                
Finished sampling! Elapsed Time: 1048.8735597133636 seconds

Checking sampler transitions treedepth.
138 of 16000 (0.86%) transitions hit the maximum treedepth limit of 10, or 2^10 leapfrog steps.
Trajectories that are prematurely terminated due to this limit will result in slow exploration.
For optimal performance, increase this limit.

Checking sampler transitions for divergences.
No divergent transitions found.

Checking E-BFMI - sampler transitions HMC potential energy.
E-BFMI satisfactory.

Rank-normalized split effective sample size satisfactory for all parameters.

Rank-normalized split R-hat values satisfactory for all parameters.

Processing complete.

Parameters from last iteration: [2.28735421e-01 4.03790388e-01 4.04779072e-01 ... 2.52548669e+02
 2.34180866e+02 2.33672435e+02]

Parameters from current iteration:
            [  0.25977417   0.40493329   0.40575313 ... 252.83709718 234.39222032
 233.83202378]

Updated uncertain values: [2.36495107e-01 4.04076114e-01 4.05022586e-01 ... 2.52620776e+02
 2.34233705e+02 2.33712332e+02]


            Iteration [   3]: Absolute Error = 0.7171991878612971,
            Percentage Error = 0.13711115659867773
            
Optimization Iteration[4/100]

Theta: [0.23649511 0.40407611 0.40502259 ... 2.00457343 1.20451038 1.05840079]

Gamma: [606.11457063 587.28564597 531.87605969 ... 252.62077604 234.23370469
 233.71233198]

Solving the optimization problem...
Set parameter TokenServer to value "licenses.rcc.uchicago.edu"
Read LP format model from file /scratch/local/jobs/50255470/tmpxprrd2lm.pyomo.lp
Reading time = 2.18 seconds
x1: 417600 rows, 834801 columns, 2083271 nonzeros
Gurobi Optimizer version 11.0.0 build v11.0.0rc2 (linux64 - "CentOS Linux 8")

CPU model: Intel(R) Xeon(R) Gold 6248R CPU @ 3.00GHz, instruction set [SSE2|AVX|AVX2|AVX512]
Thread count: 48 physical cores, 48 logical processors, using up to 32 threads

Optimize a model with 417600 rows, 834801 columns and 2083271 nonzeros
Model fingerprint: 0xf40088c1
Model has 400 quadratic objective terms
Coefficient statistics:
  Matrix range     [1e+00, 9e+02]
  Objective range  [2e-03, 9e+02]
  QObjective range [2e+03, 2e+05]
  Bounds range     [3e-06, 1e+00]
  RHS range        [9e-11, 4e-01]
Presolve removed 208947 rows and 209294 columns
Presolve time: 0.82s
Presolved: 208653 rows, 625507 columns, 1249571 nonzeros
Presolved model has 400 quadratic objective terms
Ordering time: 1.33s

Barrier statistics:
 AA' NZ     : 6.241e+05
 Factor NZ  : 6.773e+07 (roughly 900 MB of memory)
 Factor Ops : 2.543e+10 (less than 1 second per iteration)
 Threads    : 32

                  Objective                Residual
Iter       Primal          Dual         Primal    Dual     Compl     Time
   0  -1.53179274e+11  1.10640369e+11  1.04e+06 1.12e-13  1.00e+06     6s
   1  -6.50864833e+10  6.33651277e+10  4.43e+04 3.08e+01  4.67e+04     7s
   2  -3.05843190e+10  3.06530375e+10  4.48e+02 1.24e-01  5.43e+02    10s
   3  -1.08844947e+10  1.09723782e+10  3.21e+00 1.45e-12  2.86e+01    12s
   4  -2.40140444e+09  2.49913730e+09  2.67e-01 1.30e-12  5.95e+00    17s
   5  -5.82498500e+08  6.48579864e+08  3.65e-02 4.59e-12  1.46e+00    21s
   6  -9.63171560e+07  1.09559336e+08  2.74e-03 1.44e-12  2.41e-01    26s
   7  -1.41116294e+07  1.68730494e+07  2.74e-09 2.17e-12  3.63e-02    31s
   8  -2.06867840e+06  2.45824331e+06  2.72e-13 1.10e-12  5.30e-03    34s
   9  -3.08101932e+05  3.77637755e+05  3.57e-14 2.93e-13  8.03e-04    36s
  10  -4.63663362e+04  5.45608563e+04  2.17e-14 5.94e-14  1.18e-04    38s
  11  -7.22592629e+03  8.47928690e+03  1.29e-14 8.78e-15  1.84e-05    40s
  12  -1.74511116e+03  1.91999825e+03  1.06e-14 1.89e-15  4.29e-06    43s
  13  -4.08628139e+02  1.10490386e+03  1.36e-15 6.66e-16  1.77e-06    45s
  14   4.15850414e+01  4.02386407e+02  7.04e-16 6.66e-16  4.22e-07    48s
  15   1.45265695e+02  2.90996582e+02  2.66e-16 6.66e-16  1.71e-07    50s
  16   1.95820973e+02  2.42004340e+02  1.18e-16 4.44e-16  5.41e-08    52s
  17   2.05572765e+02  2.35813803e+02  1.06e-16 4.44e-16  3.54e-08    54s
  18   2.15689638e+02  2.29676997e+02  5.66e-17 4.44e-16  1.64e-08    56s
  19   2.19901917e+02  2.27449691e+02  7.57e-17 4.44e-16  8.84e-09    58s
  20   2.21866509e+02  2.26473933e+02  5.88e-17 4.44e-16  5.39e-09    60s
  21   2.23421263e+02  2.25738373e+02  1.06e-16 4.44e-16  2.71e-09    62s
  22   2.24119564e+02  2.25425221e+02  1.94e-16 4.44e-16  1.53e-09    63s
  23   2.24561381e+02  2.25233193e+02  1.77e-16 4.44e-16  7.87e-10    65s
  24   2.24704349e+02  2.25172891e+02  1.44e-16 4.44e-16  5.49e-10    67s
  25   2.24874874e+02  2.25101817e+02  2.84e-16 5.55e-16  2.66e-10    69s
  26   2.24946330e+02  2.25072562e+02  2.16e-16 4.44e-16  1.48e-10    71s
  27   2.24995221e+02  2.25052796e+02  2.73e-16 4.44e-16  6.74e-11    73s
  28   2.25025566e+02  2.25040713e+02  3.95e-16 4.44e-16  1.77e-11    75s
  29   2.25031591e+02  2.25038354e+02  1.55e-15 5.55e-16  7.92e-12    77s
  30   2.25035084e+02  2.25036989e+02  2.45e-15 6.66e-16  2.23e-12    79s
  31   2.25036058e+02  2.25036608e+02  2.91e-15 6.66e-16  6.44e-13    82s
  32   2.25036342e+02  2.25036497e+02  4.65e-15 6.66e-16  1.81e-13    84s
  33   2.25036433e+02  2.25036462e+02  2.03e-15 5.55e-16  3.38e-14    86s
  34   2.25036450e+02  2.25036455e+02  1.42e-15 5.55e-16  6.76e-15    88s

Barrier solved model in 34 iterations and 87.69 seconds (15.66 work units)
Optimal objective 2.25036450e+02

Done! Time elapsed: 118.53757333755493 seconds.
Starting HMC sampling...

                                                                                                                                                                                                                                                                                                                                
Finished sampling! Elapsed Time: 1023.1198036670685 seconds

Checking sampler transitions treedepth.
79 of 16000 (0.49%) transitions hit the maximum treedepth limit of 10, or 2^10 leapfrog steps.
Trajectories that are prematurely terminated due to this limit will result in slow exploration.
For optimal performance, increase this limit.

Checking sampler transitions for divergences.
No divergent transitions found.

Checking E-BFMI - sampler transitions HMC potential energy.
E-BFMI satisfactory.

Rank-normalized split effective sample size satisfactory for all parameters.

Rank-normalized split R-hat values satisfactory for all parameters.

Processing complete.

Parameters from last iteration: [2.36495107e-01 4.04076114e-01 4.05022586e-01 ... 2.52620776e+02
 2.34233705e+02 2.33712332e+02]

Parameters from current iteration:
            [  0.25359794   0.39718096   0.3979919  ... 252.80693332 234.36684852
 233.84154047]

Updated uncertain values: [2.40770816e-01 4.02352327e-01 4.03264914e-01 ... 2.52667315e+02
 2.34266991e+02 2.33744634e+02]


            Iteration [   4]: Absolute Error = 0.4240664162084613,
            Percentage Error = 0.10978583096473263
            
Optimization Iteration[5/100]

Theta: [0.24077082 0.40235233 0.40326491 ... 1.97413818 1.20201706 1.06044766]

Gamma: [606.17144    587.32617568 531.87476838 ... 252.66731536 234.26699065
 233.7446341 ]

Solving the optimization problem...
Set parameter TokenServer to value "licenses.rcc.uchicago.edu"
Read LP format model from file /scratch/local/jobs/50255470/tmpv8rjdaf2.pyomo.lp
Reading time = 2.16 seconds
x1: 417600 rows, 834801 columns, 2083271 nonzeros
Gurobi Optimizer version 11.0.0 build v11.0.0rc2 (linux64 - "CentOS Linux 8")

CPU model: Intel(R) Xeon(R) Gold 6248R CPU @ 3.00GHz, instruction set [SSE2|AVX|AVX2|AVX512]
Thread count: 48 physical cores, 48 logical processors, using up to 32 threads

Optimize a model with 417600 rows, 834801 columns and 2083271 nonzeros
Model fingerprint: 0x0e430993
Model has 400 quadratic objective terms
Coefficient statistics:
  Matrix range     [1e+00, 9e+02]
  Objective range  [2e-03, 9e+02]
  QObjective range [2e+03, 2e+05]
  Bounds range     [3e-06, 1e+00]
  RHS range        [9e-11, 4e-01]
Presolve removed 208947 rows and 209294 columns
Presolve time: 0.85s
Presolved: 208653 rows, 625507 columns, 1249571 nonzeros
Presolved model has 400 quadratic objective terms
Ordering time: 1.05s

Barrier statistics:
 AA' NZ     : 6.241e+05
 Factor NZ  : 6.773e+07 (roughly 900 MB of memory)
 Factor Ops : 2.543e+10 (less than 1 second per iteration)
 Threads    : 32

                  Objective                Residual
Iter       Primal          Dual         Primal    Dual     Compl     Time
   0  -1.53241477e+11  1.10640369e+11  1.04e+06 1.14e-13  1.00e+06     5s
   1  -6.50891124e+10  6.33651267e+10  4.43e+04 3.08e+01  4.67e+04     7s
   2  -3.05843453e+10  3.06530371e+10  4.48e+02 1.24e-01  5.43e+02     9s
   3  -1.08844948e+10  1.09723780e+10  3.21e+00 1.73e-12  2.86e+01    11s
   4  -2.40140450e+09  2.49913729e+09  2.67e-01 1.40e-12  5.95e+00    16s
   5  -5.82498472e+08  6.48579795e+08  3.65e-02 5.28e-12  1.46e+00    21s
   6  -9.63171475e+07  1.09559295e+08  2.74e-03 1.47e-12  2.41e-01    26s
   7  -1.41116379e+07  1.68730299e+07  2.74e-09 4.33e-12  3.63e-02    31s
   8  -2.06868981e+06  2.45823346e+06  2.68e-13 9.10e-13  5.30e-03    33s
   9  -3.08111981e+05  3.77620847e+05  4.32e-14 3.21e-13  8.03e-04    36s
  10  -4.63762407e+04  5.45474996e+04  2.24e-14 5.10e-14  1.18e-04    38s
  11  -7.23562257e+03  8.46636303e+03  1.15e-14 9.75e-15  1.84e-05    40s
  12  -1.75735334e+03  1.91090014e+03  1.11e-14 2.35e-15  4.29e-06    43s
  13  -4.06288222e+02  9.40262474e+02  1.41e-15 6.66e-16  1.58e-06    46s
  14   1.99677484e+01  4.36936885e+02  6.20e-16 5.55e-16  4.88e-07    48s
  15   1.07721357e+02  3.28636279e+02  2.38e-16 6.66e-16  2.59e-07    51s
  16   1.79877450e+02  2.39382403e+02  1.20e-16 6.66e-16  6.97e-08    53s
  17   1.91942800e+02  2.27708742e+02  1.31e-16 4.44e-16  4.19e-08    54s
  18   2.02949288e+02  2.19223292e+02  5.92e-17 4.44e-16  1.91e-08    56s
  19   2.04528941e+02  2.18130165e+02  4.92e-17 4.44e-16  1.59e-08    58s
  20   2.09141281e+02  2.15236977e+02  5.12e-17 6.66e-16  7.14e-09    60s
  21   2.11021304e+02  2.14173574e+02  5.44e-17 5.55e-16  3.69e-09    62s
  22   2.12011853e+02  2.13677446e+02  7.07e-17 4.44e-16  1.95e-09    64s
  23   2.12515274e+02  2.13438361e+02  1.29e-16 4.44e-16  1.08e-09    65s
  24   2.12741684e+02  2.13334867e+02  1.30e-16 4.44e-16  6.94e-10    67s
  25   2.12865154e+02  2.13279800e+02  1.37e-16 4.44e-16  4.85e-10    69s
  26   2.12985982e+02  2.13226732e+02  2.02e-16 4.44e-16  2.82e-10    71s
  27   2.13031906e+02  2.13207026e+02  2.26e-16 4.44e-16  2.05e-10    73s
  28   2.13086833e+02  2.13183915e+02  2.21e-16 4.44e-16  1.14e-10    75s
  29   2.13128389e+02  2.13166742e+02  4.10e-16 5.55e-16  4.49e-11    77s
  30   2.13147433e+02  2.13159057e+02  3.49e-16 5.55e-16  1.36e-11    79s
  31   2.13151716e+02  2.13157365e+02  1.45e-15 4.44e-16  6.61e-12    81s
  32   2.13154858e+02  2.13156126e+02  9.83e-15 5.55e-16  1.48e-12    83s
  33   2.13155204e+02  2.13155990e+02  3.05e-15 4.44e-16  9.21e-13    85s
  34   2.13155682e+02  2.13155803e+02  7.21e-15 5.55e-16  1.41e-13    87s
  35   2.13155746e+02  2.13155778e+02  1.59e-15 5.55e-16  3.73e-14    89s
  36   2.13155766e+02  2.13155770e+02  1.45e-15 5.55e-16  4.86e-15    91s

Barrier solved model in 36 iterations and 90.96 seconds (16.35 work units)
Optimal objective 2.13155766e+02

Done! Time elapsed: 121.47713232040405 seconds.
Starting HMC sampling...

                                                                                                                                                                                                                                                                                                                                
Finished sampling! Elapsed Time: 1063.4690022468567 seconds

Checking sampler transitions treedepth.
174 of 16000 (1.09%) transitions hit the maximum treedepth limit of 10, or 2^10 leapfrog steps.
Trajectories that are prematurely terminated due to this limit will result in slow exploration.
For optimal performance, increase this limit.

Checking sampler transitions for divergences.
No divergent transitions found.

Checking E-BFMI - sampler transitions HMC potential energy.
E-BFMI satisfactory.

Rank-normalized split effective sample size satisfactory for all parameters.

Rank-normalized split R-hat values satisfactory for all parameters.

Processing complete.

Parameters from last iteration: [2.40770816e-01 4.02352327e-01 4.03264914e-01 ... 2.52667315e+02
 2.34266991e+02 2.33744634e+02]

Parameters from current iteration:
            [2.46429265e-01 3.90328856e-01 3.91141579e-01 ... 2.52890876e+02
 2.34433837e+02 2.33844691e+02]

Updated uncertain values: [2.42185428e-01 3.99346459e-01 4.00234081e-01 ... 2.52723206e+02
 2.34308702e+02 2.33769648e+02]


            Iteration [   5]: Absolute Error = 0.3539710475000106,
            Percentage Error = 0.0749543877696797
            
Optimization Iteration[6/100]

Theta: [0.24218543 0.39934646 0.40023408 ... 1.95125686 1.19930767 1.06102304]

Gamma: [606.07892355 587.25895707 531.84888213 ... 252.72320559 234.30870229
 233.76964832]

Solving the optimization problem...
Set parameter TokenServer to value "licenses.rcc.uchicago.edu"
Read LP format model from file /scratch/local/jobs/50255470/tmp3g98g0hw.pyomo.lp
Reading time = 2.24 seconds
x1: 417600 rows, 834801 columns, 2083271 nonzeros
Gurobi Optimizer version 11.0.0 build v11.0.0rc2 (linux64 - "CentOS Linux 8")

CPU model: Intel(R) Xeon(R) Gold 6248R CPU @ 3.00GHz, instruction set [SSE2|AVX|AVX2|AVX512]
Thread count: 48 physical cores, 48 logical processors, using up to 32 threads

Optimize a model with 417600 rows, 834801 columns and 2083271 nonzeros
Model fingerprint: 0xfac77cdb
Model has 400 quadratic objective terms
Coefficient statistics:
  Matrix range     [1e+00, 9e+02]
  Objective range  [5e-04, 9e+02]
  QObjective range [2e+03, 2e+05]
  Bounds range     [3e-06, 1e+00]
  RHS range        [9e-11, 4e-01]
Presolve removed 208947 rows and 209294 columns
Presolve time: 0.82s
Presolved: 208653 rows, 625507 columns, 1249571 nonzeros
Presolved model has 400 quadratic objective terms
Ordering time: 1.32s

Barrier statistics:
 AA' NZ     : 6.241e+05
 Factor NZ  : 6.773e+07 (roughly 900 MB of memory)
 Factor Ops : 2.543e+10 (less than 1 second per iteration)
 Threads    : 32

                  Objective                Residual
Iter       Primal          Dual         Primal    Dual     Compl     Time
   0  -1.53277805e+11  1.10640369e+11  1.04e+06 1.13e-13  1.00e+06     5s
   1  -6.50906499e+10  6.33651274e+10  4.43e+04 3.08e+01  4.67e+04     7s
   2  -3.05843612e+10  3.06530374e+10  4.48e+02 1.24e-01  5.43e+02     9s
   3  -1.08844950e+10  1.09723781e+10  3.21e+00 1.50e-12  2.86e+01    11s
   4  -2.40140457e+09  2.49913735e+09  2.67e-01 1.23e-12  5.95e+00    16s
   5  -5.82498457e+08  6.48579766e+08  3.65e-02 3.47e-12  1.46e+00    21s
   6  -9.63171371e+07  1.09559270e+08  2.74e-03 1.44e-12  2.41e-01    26s
   7  -1.41116416e+07  1.68730181e+07  2.74e-09 1.27e-12  3.63e-02    31s
   8  -2.06869625e+06  2.45822800e+06  2.76e-13 1.43e-12  5.30e-03    33s
   9  -3.08117724e+05  3.77610013e+05  4.00e-14 3.03e-13  8.03e-04    35s
  10  -4.63820850e+04  5.45392525e+04  2.01e-14 5.37e-14  1.18e-04    37s
  11  -7.24147961e+03  8.45828145e+03  1.34e-14 9.10e-15  1.84e-05    39s
  12  -1.77639869e+03  1.91984571e+03  1.13e-14 2.28e-15  4.33e-06    42s
  13  -4.18779752e+02  9.42150747e+02  1.49e-15 6.66e-16  1.59e-06    45s
  14   9.32651138e+00  4.37416417e+02  4.85e-16 4.44e-16  5.01e-07    48s
  15   1.18021315e+02  2.82149736e+02  1.77e-16 4.44e-16  1.92e-07    50s
  16   1.70039514e+02  2.28353347e+02  2.60e-16 5.55e-16  6.83e-08    52s
  17   1.81330041e+02  2.20258736e+02  1.29e-16 5.55e-16  4.56e-08    54s
  18   1.93904427e+02  2.11888544e+02  5.31e-17 4.44e-16  2.11e-08    56s
  19   1.94744115e+02  2.11399773e+02  4.81e-17 4.44e-16  1.95e-08    58s
  20   2.00322231e+02  2.08216453e+02  5.62e-17 4.44e-16  9.24e-09    60s
  21   2.02518655e+02  2.07091854e+02  4.32e-17 4.44e-16  5.35e-09    62s
  22   2.04013936e+02  2.06370201e+02  1.74e-16 4.44e-16  2.76e-09    63s
  23   2.04799428e+02  2.06011079e+02  2.12e-16 4.44e-16  1.42e-09    65s
  24   2.05198484e+02  2.05835417e+02  1.42e-16 4.44e-16  7.46e-10    67s
  25   2.05295012e+02  2.05793788e+02  1.44e-16 4.44e-16  5.84e-10    69s
  26   2.05474607e+02  2.05717571e+02  2.71e-16 5.55e-16  2.84e-10    71s
  27   2.05538918e+02  2.05690758e+02  2.47e-16 4.44e-16  1.78e-10    72s
  28   2.05598284e+02  2.05666345e+02  4.94e-16 4.44e-16  7.97e-11    74s
  29   2.05621545e+02  2.05656920e+02  3.04e-16 4.44e-16  4.14e-11    76s
  30   2.05634307e+02  2.05651809e+02  1.27e-15 4.44e-16  2.05e-11    78s
  31   2.05642075e+02  2.05648721e+02  1.30e-15 6.66e-16  7.78e-12    80s
  32   2.05645304e+02  2.05647446e+02  3.32e-15 6.66e-16  2.51e-12    82s
  33   2.05645393e+02  2.05647411e+02  3.12e-15 5.55e-16  2.36e-12    84s
  34   2.05646315e+02  2.05647050e+02  1.85e-14 6.66e-16  8.60e-13    86s
  35   2.05646730e+02  2.05646887e+02  7.32e-15 6.66e-16  1.84e-13    88s
  36   2.05646805e+02  2.05646858e+02  1.95e-15 5.55e-16  6.23e-14    90s
  37   2.05646841e+02  2.05646844e+02  1.86e-15 6.66e-16  3.70e-15    92s

Barrier solved model in 37 iterations and 91.62 seconds (16.83 work units)
Optimal objective 2.05646841e+02

Done! Time elapsed: 122.55070853233337 seconds.
Starting HMC sampling...

                                                                                                                                                                                                                                                                                                                                
Finished sampling! Elapsed Time: 1030.3565828800201 seconds

Checking sampler transitions treedepth.
41 of 16000 (0.26%) transitions hit the maximum treedepth limit of 10, or 2^10 leapfrog steps.
Trajectories that are prematurely terminated due to this limit will result in slow exploration.
For optimal performance, increase this limit.

Checking sampler transitions for divergences.
No divergent transitions found.

Checking E-BFMI - sampler transitions HMC potential energy.
E-BFMI satisfactory.

Rank-normalized split effective sample size satisfactory for all parameters.

Rank-normalized split R-hat values satisfactory for all parameters.

Processing complete.

Parameters from last iteration: [2.42185428e-01 3.99346459e-01 4.00234081e-01 ... 2.52723206e+02
 2.34308702e+02 2.33769648e+02]

Parameters from current iteration:
            [2.41225270e-01 3.84193887e-01 3.85001352e-01 ... 2.52800836e+02
 2.34383180e+02 2.33877505e+02]

Updated uncertain values: [2.41945389e-01 3.95558316e-01 3.96425898e-01 ... 2.52742613e+02
 2.34327322e+02 2.33796613e+02]


            Iteration [   6]: Absolute Error = 0.32419970168564305,
            Percentage Error = 0.04859409339547491
            
Optimization Iteration[7/100]

Theta: [0.24194539 0.39555832 0.3964259  ... 1.93586989 1.19685662 1.06064147]

Gamma: [606.08474043 587.252069   531.81086596 ... 252.74261325 234.32732169
 233.79661255]

Solving the optimization problem...
Set parameter TokenServer to value "licenses.rcc.uchicago.edu"
Read LP format model from file /scratch/local/jobs/50255470/tmpgomwryb5.pyomo.lp
Reading time = 2.17 seconds
x1: 417600 rows, 834801 columns, 2083271 nonzeros
Gurobi Optimizer version 11.0.0 build v11.0.0rc2 (linux64 - "CentOS Linux 8")

CPU model: Intel(R) Xeon(R) Gold 6248R CPU @ 3.00GHz, instruction set [SSE2|AVX|AVX2|AVX512]
Thread count: 48 physical cores, 48 logical processors, using up to 32 threads

Optimize a model with 417600 rows, 834801 columns and 2083271 nonzeros
Model fingerprint: 0x9b3d75b7
Model has 400 quadratic objective terms
Coefficient statistics:
  Matrix range     [1e+00, 9e+02]
  Objective range  [2e-03, 9e+02]
  QObjective range [2e+03, 2e+05]
  Bounds range     [3e-06, 1e+00]
  RHS range        [9e-11, 4e-01]
Presolve removed 208947 rows and 209294 columns
Presolve time: 0.83s
Presolved: 208653 rows, 625507 columns, 1249571 nonzeros
Presolved model has 400 quadratic objective terms
Ordering time: 1.33s

Barrier statistics:
 AA' NZ     : 6.241e+05
 Factor NZ  : 6.773e+07 (roughly 900 MB of memory)
 Factor Ops : 2.543e+10 (less than 1 second per iteration)
 Threads    : 32

                  Objective                Residual
Iter       Primal          Dual         Primal    Dual     Compl     Time
   0  -1.53298615e+11  1.10640369e+11  1.04e+06 1.14e-13  1.00e+06     6s
   1  -6.50915314e+10  6.33651278e+10  4.43e+04 3.08e+01  4.67e+04     7s
   2  -3.05843702e+10  3.06530376e+10  4.48e+02 1.24e-01  5.43e+02    10s
   3  -1.08844951e+10  1.09723782e+10  3.21e+00 1.63e-12  2.86e+01    12s
   4  -2.40140460e+09  2.49913738e+09  2.67e-01 1.25e-12  5.95e+00    17s
   5  -5.82498450e+08  6.48579757e+08  3.65e-02 8.23e-12  1.46e+00    21s
   6  -9.63171327e+07  1.09559258e+08  2.74e-03 1.46e-12  2.41e-01    26s
   7  -1.41116434e+07  1.68730103e+07  2.74e-09 1.83e-12  3.63e-02    31s
   8  -2.06869984e+06  2.45822507e+06  2.83e-13 8.33e-13  5.30e-03    34s
   9  -3.08120851e+05  3.77602958e+05  3.37e-14 2.92e-13  8.03e-04    36s
  10  -4.63854062e+04  5.45341470e+04  2.04e-14 5.31e-14  1.18e-04    38s
  11  -7.24496162e+03  8.45316500e+03  1.32e-14 9.17e-15  1.84e-05    40s
  12  -1.78499821e+03  1.92107844e+03  9.86e-15 2.88e-15  4.34e-06    43s
  13  -4.24224458e+02  9.38509040e+02  1.03e-15 6.66e-16  1.60e-06    46s
  14  -2.37928130e-01  3.95370590e+02  5.60e-16 6.66e-16  4.63e-07    48s
  15   1.17181511e+02  2.72316720e+02  3.85e-16 4.44e-16  1.82e-07    50s
  16   1.70386232e+02  2.18677517e+02  1.56e-16 4.44e-16  5.65e-08    53s
  17   1.76055540e+02  2.14986990e+02  8.78e-17 4.44e-16  4.56e-08    54s
  18   1.88810128e+02  2.06847834e+02  8.28e-17 4.44e-16  2.11e-08    56s
  19   1.90168531e+02  2.06097055e+02  7.89e-17 4.44e-16  1.86e-08    58s
  20   1.95644284e+02  2.03111959e+02  6.31e-17 4.44e-16  8.74e-09    60s
  21   1.97563354e+02  2.02173147e+02  7.42e-16 4.44e-16  5.40e-09    62s
  22   1.99182481e+02  2.01414258e+02  3.15e-16 4.44e-16  2.61e-09    64s
  23   1.99488644e+02  2.01286200e+02  1.60e-16 4.44e-16  2.10e-09    66s
  24   2.00167594e+02  2.00982466e+02  2.81e-16 4.44e-16  9.54e-10    67s
  25   2.00352700e+02  2.00902039e+02  1.65e-16 4.44e-16  6.43e-10    69s
  26   2.00532688e+02  2.00824980e+02  1.84e-16 4.44e-16  3.42e-10    71s
  27   2.00580315e+02  2.00804949e+02  1.58e-16 4.44e-16  2.63e-10    73s
  28   2.00662610e+02  2.00770760e+02  3.43e-16 4.44e-16  1.27e-10    75s
  29   2.00702739e+02  2.00754343e+02  2.42e-16 4.44e-16  6.04e-11    77s
  30   2.00723150e+02  2.00746156e+02  4.09e-16 4.44e-16  2.69e-11    78s
  31   2.00734183e+02  2.00741747e+02  2.46e-15 4.44e-16  8.86e-12    80s
  32   2.00738265e+02  2.00740129e+02  1.57e-15 6.66e-16  2.18e-12    82s
  33   2.00738866e+02  2.00739893e+02  2.16e-15 5.55e-16  1.20e-12    84s
  34   2.00739484e+02  2.00739650e+02  2.82e-15 5.55e-16  1.94e-13    86s
  35   2.00739577e+02  2.00739613e+02  3.91e-15 5.55e-16  4.19e-14    89s
  36   2.00739603e+02  2.00739603e+02  2.55e-15 6.66e-16  8.54e-16    91s

Barrier solved model in 36 iterations and 90.64 seconds (16.64 work units)
Optimal objective 2.00739603e+02

Done! Time elapsed: 124.56788229942322 seconds.
Starting HMC sampling...

                                                                                                                                                                                                                                                                                                                                
Finished sampling! Elapsed Time: 907.9454526901245 seconds

Checking sampler transitions treedepth.
98 of 16000 (0.61%) transitions hit the maximum treedepth limit of 10, or 2^10 leapfrog steps.
Trajectories that are prematurely terminated due to this limit will result in slow exploration.
For optimal performance, increase this limit.

Checking sampler transitions for divergences.
No divergent transitions found.

Checking E-BFMI - sampler transitions HMC potential energy.
E-BFMI satisfactory.

Rank-normalized split effective sample size satisfactory for all parameters.

Rank-normalized split R-hat values satisfactory for all parameters.

Processing complete.

Parameters from last iteration: [2.41945389e-01 3.95558316e-01 3.96425898e-01 ... 2.52742613e+02
 2.34327322e+02 2.33796613e+02]

Parameters from current iteration:
            [2.37414405e-01 3.77817239e-01 3.78610213e-01 ... 2.52901300e+02
 2.34498315e+02 2.33995610e+02]

Updated uncertain values: [2.40812643e-01 3.91123047e-01 3.91971977e-01 ... 2.52782285e+02
 2.34370070e+02 2.33846362e+02]


            Iteration [   7]: Absolute Error = 0.2795113881360294,
            Percentage Error = 0.02368452959939337
            
Optimization Iteration[8/100]

Theta: [0.24081264 0.39112305 0.39197198 ... 1.92417956 1.19511419 1.06052583]

Gamma: [606.03190412 587.20877183 531.77462553 ... 252.78228493 234.37006997
 233.84636193]

Solving the optimization problem...
Set parameter TokenServer to value "licenses.rcc.uchicago.edu"
Read LP format model from file /scratch/local/jobs/50255470/tmpih40933w.pyomo.lp
Reading time = 2.16 seconds
x1: 417600 rows, 834801 columns, 2083271 nonzeros
Gurobi Optimizer version 11.0.0 build v11.0.0rc2 (linux64 - "CentOS Linux 8")

CPU model: Intel(R) Xeon(R) Gold 6248R CPU @ 3.00GHz, instruction set [SSE2|AVX|AVX2|AVX512]
Thread count: 48 physical cores, 48 logical processors, using up to 32 threads

Optimize a model with 417600 rows, 834801 columns and 2083271 nonzeros
Model fingerprint: 0x1e2251c6
Model has 400 quadratic objective terms
Coefficient statistics:
  Matrix range     [1e+00, 9e+02]
  Objective range  [2e-03, 9e+02]
  QObjective range [2e+03, 2e+05]
  Bounds range     [3e-06, 1e+00]
  RHS range        [9e-11, 4e-01]
Presolve removed 208947 rows and 209294 columns
Presolve time: 0.81s
Presolved: 208653 rows, 625507 columns, 1249571 nonzeros
Presolved model has 400 quadratic objective terms
Ordering time: 0.92s

Barrier statistics:
 AA' NZ     : 6.241e+05
 Factor NZ  : 6.773e+07 (roughly 900 MB of memory)
 Factor Ops : 2.543e+10 (less than 1 second per iteration)
 Threads    : 32

                  Objective                Residual
Iter       Primal          Dual         Primal    Dual     Compl     Time
   0  -1.53309593e+11  1.10640369e+11  1.04e+06 1.14e-13  1.00e+06     6s
   1  -6.50919983e+10  6.33651290e+10  4.43e+04 3.08e+01  4.67e+04     8s
   2  -3.05843755e+10  3.06530381e+10  4.48e+02 1.24e-01  5.43e+02    10s
   3  -1.08844953e+10  1.09723784e+10  3.21e+00 1.65e-12  2.86e+01    12s
   4  -2.40140464e+09  2.49913743e+09  2.67e-01 1.30e-12  5.95e+00    17s
   5  -5.82498449e+08  6.48579759e+08  3.65e-02 2.94e-12  1.46e+00    21s
   6  -9.63171265e+07  1.09559250e+08  2.74e-03 1.79e-12  2.41e-01    26s
   7  -1.41116436e+07  1.68730062e+07  2.74e-09 1.63e-12  3.63e-02    31s
   8  -2.06870168e+06  2.45822455e+06  2.66e-13 1.36e-12  5.30e-03    34s
   9  -3.08122346e+05  3.77598415e+05  3.90e-14 2.89e-13  8.03e-04    36s
  10  -4.63871486e+04  5.45311552e+04  2.02e-14 5.23e-14  1.18e-04    38s
  11  -7.24694042e+03  8.45000316e+03  1.20e-14 8.73e-15  1.84e-05    39s
  12  -1.78856173e+03  1.91954205e+03  1.10e-14 2.01e-15  4.34e-06    43s
  13  -4.26251860e+02  9.32979986e+02  1.43e-15 6.66e-16  1.59e-06    45s
  14  -3.25844029e+00  3.92979243e+02  5.30e-16 6.66e-16  4.64e-07    48s
  15   1.13905838e+02  2.69423540e+02  2.45e-16 6.66e-16  1.82e-07    50s
  16   1.65510459e+02  2.21974845e+02  1.08e-16 5.55e-16  6.61e-08    52s
  17   1.81801692e+02  2.07378001e+02  7.55e-17 4.44e-16  2.99e-08    54s
  18   1.89119487e+02  2.02233962e+02  1.57e-16 4.44e-16  1.54e-08    56s
  19   1.93487135e+02  1.99610126e+02  6.35e-17 4.44e-16  7.17e-09    57s
  20   1.94835736e+02  1.98890087e+02  1.03e-16 4.44e-16  4.75e-09    59s
  21   1.96136310e+02  1.98235030e+02  1.05e-16 4.44e-16  2.46e-09    61s
  22   1.96782239e+02  1.97924656e+02  1.28e-16 4.44e-16  1.34e-09    63s
  23   1.97129848e+02  1.97765329e+02  1.51e-16 4.44e-16  7.44e-10    64s
  24   1.97338653e+02  1.97673114e+02  1.61e-16 4.44e-16  3.92e-10    66s
  25   1.97448438e+02  1.97625976e+02  2.10e-16 4.44e-16  2.08e-10    68s
  26   1.97475161e+02  1.97614859e+02  1.10e-16 4.44e-16  1.64e-10    70s
  27   1.97526497e+02  1.97593742e+02  1.60e-16 4.44e-16  7.87e-11    71s
  28   1.97554825e+02  1.97582258e+02  5.56e-16 5.55e-16  3.21e-11    73s
  29   1.97566364e+02  1.97577620e+02  1.65e-15 4.44e-16  1.32e-11    75s
  30   1.97571859e+02  1.97575434e+02  1.42e-15 4.44e-16  4.19e-12    77s
  31   1.97573171e+02  1.97574916e+02  5.92e-16 4.44e-16  2.04e-12    78s
  32   1.97574196e+02  1.97574512e+02  2.34e-15 5.55e-16  3.70e-13    81s
  33   1.97574345e+02  1.97574453e+02  4.30e-15 4.44e-16  1.27e-13    82s
  34   1.97574415e+02  1.97574426e+02  3.28e-15 6.66e-16  1.34e-14    84s
  35   1.97574420e+02  1.97574424e+02  1.06e-15 5.55e-16  4.63e-15    86s

Barrier solved model in 35 iterations and 86.22 seconds (15.89 work units)
Optimal objective 1.97574420e+02

Done! Time elapsed: 116.47257995605469 seconds.
Starting HMC sampling...

                                                                                                                                                                                                                                                                                                                                
Finished sampling! Elapsed Time: 1068.4452288150787 seconds

Checking sampler transitions treedepth.
65 of 16000 (0.41%) transitions hit the maximum treedepth limit of 10, or 2^10 leapfrog steps.
Trajectories that are prematurely terminated due to this limit will result in slow exploration.
For optimal performance, increase this limit.

Checking sampler transitions for divergences.
No divergent transitions found.

Checking E-BFMI - sampler transitions HMC potential energy.
E-BFMI satisfactory.

Rank-normalized split effective sample size satisfactory for all parameters.

Rank-normalized split R-hat values satisfactory for all parameters.

Processing complete.

Parameters from last iteration: [2.40812643e-01 3.91123047e-01 3.91971977e-01 ... 2.52782285e+02
 2.34370070e+02 2.33846362e+02]

Parameters from current iteration:
            [2.34184849e-01 3.75685464e-01 3.76484638e-01 ... 2.52730806e+02
 2.34350446e+02 2.33860056e+02]

Updated uncertain values: [2.39155694e-01 3.87263651e-01 3.88100142e-01 ... 2.52769415e+02
 2.34365164e+02 2.33849785e+02]


            Iteration [   8]: Absolute Error = 0.36461209967080777,
            Percentage Error = 0.017305323280763975
            
Optimization Iteration[9/100]

Theta: [0.23915569 0.38726365 0.38810014 ... 1.91556145 1.19303829 1.05952136]

Gamma: [606.02316417 587.20839185 531.77892809 ... 252.76941517 234.36516407
 233.84978546]

Solving the optimization problem...
Set parameter TokenServer to value "licenses.rcc.uchicago.edu"
Read LP format model from file /scratch/local/jobs/50255470/tmpsiqghlh1.pyomo.lp
Reading time = 2.15 seconds
x1: 417600 rows, 834801 columns, 2083271 nonzeros
Gurobi Optimizer version 11.0.0 build v11.0.0rc2 (linux64 - "CentOS Linux 8")

CPU model: Intel(R) Xeon(R) Gold 6248R CPU @ 3.00GHz, instruction set [SSE2|AVX|AVX2|AVX512]
Thread count: 48 physical cores, 48 logical processors, using up to 32 threads

Optimize a model with 417600 rows, 834801 columns and 2083271 nonzeros
Model fingerprint: 0xd32a217a
Model has 400 quadratic objective terms
Coefficient statistics:
  Matrix range     [1e+00, 9e+02]
  Objective range  [2e-03, 9e+02]
  QObjective range [2e+03, 2e+05]
  Bounds range     [3e-06, 1e+00]
  RHS range        [9e-11, 4e-01]
Presolve removed 208947 rows and 209294 columns
Presolve time: 0.81s
Presolved: 208653 rows, 625507 columns, 1249571 nonzeros
Presolved model has 400 quadratic objective terms
Ordering time: 1.36s

Barrier statistics:
 AA' NZ     : 6.241e+05
 Factor NZ  : 6.773e+07 (roughly 900 MB of memory)
 Factor Ops : 2.543e+10 (less than 1 second per iteration)
 Threads    : 32

                  Objective                Residual
Iter       Primal          Dual         Primal    Dual     Compl     Time
   0  -1.53313610e+11  1.10640369e+11  1.04e+06 1.13e-13  1.00e+06     6s
   1  -6.50921703e+10  6.33651293e+10  4.43e+04 3.08e+01  4.67e+04     8s
   2  -3.05843773e+10  3.06530383e+10  4.48e+02 1.24e-01  5.43e+02    10s
   3  -1.08844954e+10  1.09723785e+10  3.21e+00 1.47e-12  2.86e+01    12s
   4  -2.40140464e+09  2.49913745e+09  2.67e-01 1.25e-12  5.95e+00    17s
   5  -5.82498443e+08  6.48579762e+08  3.65e-02 2.82e-12  1.46e+00    22s
   6  -9.63171204e+07  1.09559246e+08  2.74e-03 1.42e-12  2.41e-01    27s
   7  -1.41116428e+07  1.68730053e+07  2.74e-09 1.52e-12  3.63e-02    31s
   8  -2.06870227e+06  2.45822530e+06  2.85e-13 1.22e-12  5.30e-03    34s
   9  -3.08122756e+05  3.77595916e+05  4.31e-14 4.26e-13  8.03e-04    36s
  10  -4.63878236e+04  5.45297018e+04  2.04e-14 6.68e-14  1.18e-04    38s
  11  -7.24791199e+03  8.44825330e+03  1.26e-14 9.62e-15  1.84e-05    40s
  12  -1.78950070e+03  1.91711819e+03  1.08e-14 2.40e-15  4.34e-06    43s
  13  -4.26578651e+02  9.27600270e+02  1.25e-15 6.66e-16  1.59e-06    46s
  14  -1.23209852e+01  3.67439976e+02  4.89e-16 5.55e-16  4.45e-07    49s
  15   9.53089887e+01  2.63786256e+02  3.49e-16 4.44e-16  1.97e-07    51s
  16   1.51684029e+02  2.21701966e+02  1.76e-16 6.66e-16  8.20e-08    53s
  17   1.65741181e+02  2.11506274e+02  1.47e-16 4.44e-16  5.36e-08    55s
  18   1.71720334e+02  2.08009374e+02  1.23e-16 4.44e-16  4.25e-08    56s
  19   1.84482246e+02  2.00688347e+02  1.13e-16 4.44e-16  1.90e-08    58s
  20   1.86015250e+02  1.99951797e+02  9.97e-17 4.44e-16  1.63e-08    60s
  21   1.89781328e+02  1.98080053e+02  7.61e-17 4.44e-16  9.72e-09    62s
  22   1.92089986e+02  1.97002569e+02  5.51e-17 4.44e-16  5.75e-09    64s
  23   1.93848787e+02  1.96225378e+02  1.51e-16 4.44e-16  2.78e-09    65s
  24   1.94614961e+02  1.95907175e+02  1.57e-16 4.44e-16  1.51e-09    67s
  25   1.94975749e+02  1.95757573e+02  1.57e-16 4.44e-16  9.15e-10    69s
  26   1.95115636e+02  1.95700128e+02  1.68e-16 4.44e-16  6.84e-10    70s
  27   1.95290760e+02  1.95628224e+02  2.17e-16 5.55e-16  3.95e-10    72s
  28   1.95354309e+02  1.95603118e+02  1.80e-16 4.44e-16  2.91e-10    74s
  29   1.95427063e+02  1.95573280e+02  2.04e-16 5.55e-16  1.71e-10    76s
  30   1.95487822e+02  1.95548426e+02  3.79e-16 5.55e-16  7.10e-11    77s
  31   1.95516262e+02  1.95536919e+02  2.74e-16 5.55e-16  2.42e-11    79s
  32   1.95524012e+02  1.95533822e+02  1.31e-15 4.44e-16  1.15e-11    81s
  33   1.95528496e+02  1.95532039e+02  1.45e-15 4.44e-16  4.15e-12    83s
  34   1.95530381e+02  1.95531294e+02  5.35e-15 5.55e-16  1.07e-12    85s
  35   1.95530844e+02  1.95531112e+02  2.96e-15 6.66e-16  3.14e-13    87s
  36   1.95531013e+02  1.95531046e+02  5.15e-15 6.66e-16  3.83e-14    89s
  37   1.95531031e+02  1.95531039e+02  8.63e-16 5.55e-16  9.28e-15    91s

Barrier solved model in 37 iterations and 90.95 seconds (16.98 work units)
Optimal objective 1.95531031e+02

Done! Time elapsed: 121.15331172943115 seconds.
Starting HMC sampling...

                                                                                                                                                                                                                                                                                                                                
Finished sampling! Elapsed Time: 991.7128403186798 seconds

Checking sampler transitions treedepth.
206 of 16000 (1.29%) transitions hit the maximum treedepth limit of 10, or 2^10 leapfrog steps.
Trajectories that are prematurely terminated due to this limit will result in slow exploration.
For optimal performance, increase this limit.

Checking sampler transitions for divergences.
No divergent transitions found.

Checking E-BFMI - sampler transitions HMC potential energy.
E-BFMI satisfactory.

Rank-normalized split effective sample size satisfactory for all parameters.

Rank-normalized split R-hat values satisfactory for all parameters.

Processing complete.

Parameters from last iteration: [2.39155694e-01 3.87263651e-01 3.88100142e-01 ... 2.52769415e+02
 2.34365164e+02 2.33849785e+02]

Parameters from current iteration:
            [2.34531200e-01 3.77229763e-01 3.78035703e-01 ... 2.52836296e+02
 2.34413221e+02 2.33913201e+02]

Updated uncertain values: [2.37999571e-01 3.84755179e-01 3.85584032e-01 ... 2.52786135e+02
 2.34377178e+02 2.33865639e+02]


            Iteration [   9]: Absolute Error = 0.22267405022193998,
            Percentage Error = 0.012470027274505812
            
Optimization Iteration[10/100]

Theta: [0.23799957 0.38475518 0.38558403 ... 1.90939361 1.19196721 1.05930174]

Gamma: [606.06181597 587.24376216 531.79104577 ... 252.78613535 234.37717825
 233.86563938]

Solving the optimization problem...
Set parameter TokenServer to value "licenses.rcc.uchicago.edu"
Read LP format model from file /scratch/local/jobs/50255470/tmpjsfvb0wu.pyomo.lp
Reading time = 2.16 seconds
x1: 417600 rows, 834801 columns, 2083271 nonzeros
Gurobi Optimizer version 11.0.0 build v11.0.0rc2 (linux64 - "CentOS Linux 8")

CPU model: Intel(R) Xeon(R) Gold 6248R CPU @ 3.00GHz, instruction set [SSE2|AVX|AVX2|AVX512]
Thread count: 48 physical cores, 48 logical processors, using up to 32 threads

Optimize a model with 417600 rows, 834801 columns and 2083271 nonzeros
Model fingerprint: 0x2d8f734e
Model has 400 quadratic objective terms
Coefficient statistics:
  Matrix range     [1e+00, 9e+02]
  Objective range  [2e-03, 9e+02]
  QObjective range [2e+03, 2e+05]
  Bounds range     [3e-06, 1e+00]
  RHS range        [9e-11, 4e-01]
Presolve removed 208947 rows and 209294 columns
Presolve time: 0.82s
Presolved: 208653 rows, 625507 columns, 1249571 nonzeros
Presolved model has 400 quadratic objective terms
Ordering time: 1.13s

Barrier statistics:
 AA' NZ     : 6.241e+05
 Factor NZ  : 6.773e+07 (roughly 900 MB of memory)
 Factor Ops : 2.543e+10 (less than 1 second per iteration)
 Threads    : 32

                  Objective                Residual
Iter       Primal          Dual         Primal    Dual     Compl     Time
   0  -1.53317099e+11  1.10640369e+11  1.04e+06 1.12e-13  1.00e+06     5s
   1  -6.50923191e+10  6.33651291e+10  4.43e+04 3.08e+01  4.67e+04     7s
   2  -3.05843787e+10  3.06530382e+10  4.48e+02 1.24e-01  5.43e+02     9s
   3  -1.08844953e+10  1.09723784e+10  3.21e+00 1.78e-12  2.86e+01    11s
   4  -2.40140463e+09  2.49913744e+09  2.67e-01 1.38e-12  5.95e+00    16s
   5  -5.82498437e+08  6.48579759e+08  3.65e-02 3.51e-12  1.46e+00    20s
   6  -9.63171168e+07  1.09559243e+08  2.74e-03 1.32e-12  2.41e-01    25s
   7  -1.41116424e+07  1.68730031e+07  2.74e-09 1.25e-12  3.63e-02    30s
   8  -2.06870279e+06  2.45822565e+06  3.22e-13 1.07e-12  5.30e-03    33s
   9  -3.08122995e+05  3.77593451e+05  4.11e-14 2.59e-13  8.03e-04    35s
  10  -4.63882815e+04  5.45284193e+04  2.10e-14 6.11e-14  1.18e-04    36s
  11  -7.24858580e+03  8.44679528e+03  1.37e-14 9.59e-15  1.84e-05    38s
  12  -1.78947244e+03  1.91443226e+03  1.12e-14 2.64e-15  4.34e-06    42s
  13  -4.26231809e+02  9.22440574e+02  1.38e-15 6.66e-16  1.58e-06    44s
  14  -1.50977898e+01  3.70352677e+02  4.70e-16 4.44e-16  4.51e-07    47s
  15   9.24602135e+01  2.64298902e+02  2.47e-16 5.55e-16  2.01e-07    49s
  16   1.48435810e+02  2.21599898e+02  1.64e-16 4.44e-16  8.57e-08    51s
  17   1.64932977e+02  2.09506145e+02  1.23e-16 4.44e-16  5.22e-08    53s
  18   1.69827540e+02  2.06351487e+02  1.18e-16 4.44e-16  4.28e-08    55s
  19   1.74588574e+02  2.03449236e+02  1.14e-16 4.44e-16  3.38e-08    57s
  20   1.77066704e+02  2.02024228e+02  1.06e-16 4.61e-16  2.92e-08    58s
  21   1.79411082e+02  2.00914079e+02  7.05e-17 4.58e-16  2.52e-08    60s
  22   1.84062773e+02  1.98528848e+02  7.42e-17 4.44e-16  1.69e-08    63s
  23   1.89002363e+02  1.96350901e+02  7.22e-17 4.44e-16  8.60e-09    65s
  24   1.92276758e+02  1.94810215e+02  1.55e-16 5.55e-16  2.97e-09    67s
  25   1.93131901e+02  1.94430689e+02  1.17e-16 4.44e-16  1.52e-09    69s
  26   1.93393847e+02  1.94317542e+02  1.09e-16 4.44e-16  1.08e-09    71s
  27   1.93617695e+02  1.94221836e+02  2.28e-16 4.44e-16  7.07e-10    72s
  28   1.93781706e+02  1.94152615e+02  1.43e-16 4.44e-16  4.34e-10    74s
  29   1.93875785e+02  1.94113364e+02  1.91e-16 4.44e-16  2.78e-10    76s
  30   1.93975190e+02  1.94072357e+02  1.64e-16 4.44e-16  1.14e-10    78s
  31   1.93977981e+02  1.94071231e+02  1.56e-16 6.66e-16  1.09e-10    80s
  32   1.94008935e+02  1.94058737e+02  1.34e-16 4.44e-16  5.83e-11    81s
  33   1.94028783e+02  1.94050828e+02  4.54e-16 6.66e-16  2.58e-11    83s
  34   1.94039796e+02  1.94046433e+02  2.61e-15 5.55e-16  7.77e-12    85s
  35   1.94042026e+02  1.94045549e+02  1.20e-15 4.44e-16  4.12e-12    87s
  36   1.94043359e+02  1.94045024e+02  1.08e-15 4.44e-16  1.95e-12    89s
  37   1.94044096e+02  1.94044734e+02  4.64e-15 5.55e-16  7.47e-13    90s
  38   1.94044461e+02  1.94044591e+02  2.50e-15 4.44e-16  1.52e-13    92s
  39   1.94044532e+02  1.94044563e+02  5.32e-16 6.66e-16  3.66e-14    94s
  40   1.94044553e+02  1.94044555e+02  7.63e-16 6.66e-16  2.75e-15    96s

Barrier solved model in 40 iterations and 95.77 seconds (18.41 work units)
Optimal objective 1.94044553e+02

Done! Time elapsed: 126.40347814559937 seconds.
Starting HMC sampling...

                                                                                                                                                                                                                                                                                                                                
Finished sampling! Elapsed Time: 791.2845981121063 seconds

Checking sampler transitions treedepth.
40 of 16000 (0.25%) transitions hit the maximum treedepth limit of 10, or 2^10 leapfrog steps.
Trajectories that are prematurely terminated due to this limit will result in slow exploration.
For optimal performance, increase this limit.

Checking sampler transitions for divergences.
No divergent transitions found.

Checking E-BFMI - sampler transitions HMC potential energy.
E-BFMI satisfactory.

Rank-normalized split effective sample size satisfactory for all parameters.

Rank-normalized split R-hat values satisfactory for all parameters.

Processing complete.

Parameters from last iteration: [2.37999571e-01 3.84755179e-01 3.85584032e-01 ... 2.52786135e+02
 2.34377178e+02 2.33865639e+02]

Parameters from current iteration:
            [2.33522414e-01 3.75379971e-01 3.76181161e-01 ... 2.52979065e+02
 2.34542589e+02 2.34017469e+02]

Updated uncertain values: [2.36880282e-01 3.82411377e-01 3.83233315e-01 ... 2.52834368e+02
 2.34418531e+02 2.33903597e+02]


            Iteration [  10]: Absolute Error = 0.18989847387967984,
            Percentage Error = 0.009586147459030988
            
Optimization Iteration[11/100]

Theta: [0.23688028 0.38241138 0.38323331 ... 1.90352386 1.19082689 1.05895804]

Gamma: [606.10325814 587.29644234 531.84378712 ... 252.83436775 234.41853087
 233.90359671]

Solving the optimization problem...
Set parameter TokenServer to value "licenses.rcc.uchicago.edu"
Read LP format model from file /scratch/local/jobs/50255470/tmpe09gjjf0.pyomo.lp
Reading time = 2.16 seconds
x1: 417600 rows, 834801 columns, 2083271 nonzeros
Gurobi Optimizer version 11.0.0 build v11.0.0rc2 (linux64 - "CentOS Linux 8")

CPU model: Intel(R) Xeon(R) Gold 6248R CPU @ 3.00GHz, instruction set [SSE2|AVX|AVX2|AVX512]
Thread count: 48 physical cores, 48 logical processors, using up to 32 threads

Optimize a model with 417600 rows, 834801 columns and 2083271 nonzeros
Model fingerprint: 0x83a8a169
Model has 400 quadratic objective terms
Coefficient statistics:
  Matrix range     [1e+00, 9e+02]
  Objective range  [2e-03, 9e+02]
  QObjective range [2e+03, 2e+05]
  Bounds range     [3e-06, 1e+00]
  RHS range        [9e-11, 4e-01]
Presolve removed 208947 rows and 209294 columns
Presolve time: 0.82s
Presolved: 208653 rows, 625507 columns, 1249571 nonzeros
Presolved model has 400 quadratic objective terms
Ordering time: 1.43s

Barrier statistics:
 AA' NZ     : 6.241e+05
 Factor NZ  : 6.773e+07 (roughly 900 MB of memory)
 Factor Ops : 2.543e+10 (less than 1 second per iteration)
 Threads    : 32

                  Objective                Residual
Iter       Primal          Dual         Primal    Dual     Compl     Time
   0  -4.28690562e+10  1.08047377e+08  1.04e+06 3.70e+02  9.95e+05     6s
   1  -2.44190415e+09  4.33324145e+07  5.84e+04 1.04e-12  6.51e+04     7s
   2  -1.27071370e+07  6.95461818e+06  1.41e+02 1.66e-12  1.74e+02     9s
   3  -1.18538938e+06  1.18652302e+06  1.94e+00 3.18e-12  4.90e+00    12s
   4  -2.17480939e+05  2.88878852e+05  6.23e-02 1.92e-12  6.63e-01    14s
   5  -4.51569828e+04  5.91236633e+04  3.06e-03 1.22e-12  1.26e-01    15s
   6  -1.05051196e+04  1.32080129e+04  3.03e-04 1.68e-12  2.85e-02    18s
   7  -3.78438255e+03  4.53977323e+03  7.12e-05 1.23e-12  9.98e-03    19s
   8  -1.12047274e+03  1.90607816e+03  7.98e-06 7.43e-13  3.63e-03    21s
   9  -4.49248351e+02  9.74140991e+02  2.98e-06 5.63e-13  1.71e-03    23s
  10   1.69446848e+00  3.65745846e+02  1.59e-07 4.55e-13  4.36e-04    25s
  11   1.28567478e+02  2.48837626e+02  6.67e-09 2.27e-13  1.44e-04    28s
  12   1.66701288e+02  2.10467208e+02  4.99e-10 4.55e-13  5.25e-05    30s
  13   1.71925893e+02  2.06527478e+02  3.46e-10 3.41e-13  4.15e-05    32s
  14   1.82073816e+02  1.99387696e+02  1.47e-10 3.41e-13  2.08e-05    34s
  15   1.87130506e+02  1.96118551e+02  5.81e-11 4.55e-13  1.08e-05    35s
  16   1.89525401e+02  1.94708973e+02  2.78e-11 4.55e-13  6.21e-06    37s
  17   1.91671850e+02  1.93538854e+02  6.56e-12 4.55e-13  2.24e-06    39s
  18   1.92381830e+02  1.93183211e+02  1.22e-12 4.55e-13  9.61e-07    42s
  19   1.92654340e+02  1.93059033e+02  4.25e-13 5.68e-13  4.85e-07    44s
  20   1.92723240e+02  1.93028642e+02  2.68e-13 4.55e-13  3.66e-07    46s
  21   1.92830028e+02  1.92982849e+02  9.21e-14 4.55e-13  1.83e-07    47s
  22   1.92888797e+02  1.92958002e+02  3.06e-14 4.55e-13  8.30e-08    49s
  23   1.92917879e+02  1.92945994e+02  6.81e-15 5.68e-13  3.37e-08    51s
  24   1.92929188e+02  1.92941447e+02  4.22e-15 5.68e-13  1.47e-08    53s
  25   1.92931813e+02  1.92940398e+02  2.58e-15 4.55e-13  1.03e-08    55s
  26   1.92935877e+02  1.92938787e+02  2.05e-15 4.55e-13  3.49e-09    57s
  27   1.92937459e+02  1.92938161e+02  4.68e-15 6.82e-13  8.42e-10    59s
  28   1.92937836e+02  1.92938013e+02  1.40e-15 6.82e-13  2.13e-10    62s
  29   1.92937870e+02  1.92938000e+02  7.90e-16 4.55e-13  1.56e-10    64s
  30   1.92937952e+02  1.92937968e+02  4.84e-16 5.68e-13  1.92e-11    66s
  31   1.92937963e+02  1.92937963e+02  5.73e-16 6.82e-13  1.78e-13    67s

Barrier solved model in 31 iterations and 67.45 seconds (14.31 work units)
Optimal objective 1.92937963e+02

Done! Time elapsed: 98.54967093467712 seconds.
Starting HMC sampling...

                                                                                                                                                                                                                                                                                                                                
Finished sampling! Elapsed Time: 1018.8937048912048 seconds

Checking sampler transitions treedepth.
113 of 16000 (0.71%) transitions hit the maximum treedepth limit of 10, or 2^10 leapfrog steps.
Trajectories that are prematurely terminated due to this limit will result in slow exploration.
For optimal performance, increase this limit.

Checking sampler transitions for divergences.
No divergent transitions found.

Checking E-BFMI - sampler transitions HMC potential energy.
E-BFMI satisfactory.

Rank-normalized split effective sample size satisfactory for all parameters.

Rank-normalized split R-hat values satisfactory for all parameters.

Processing complete.

Parameters from last iteration: [2.36880282e-01 3.82411377e-01 3.83233315e-01 ... 2.52834368e+02
 2.34418531e+02 2.33903597e+02]

Parameters from current iteration:
            [2.33230591e-01 3.75918737e-01 3.76724617e-01 ... 2.52807724e+02
 2.34397341e+02 2.33890637e+02]

Updated uncertain values: [2.35967859e-01 3.80788217e-01 3.81606140e-01 ... 2.52827707e+02
 2.34413234e+02 2.33900357e+02]


            Iteration [  11]: Absolute Error = 0.17188441000769217,
            Percentage Error = 0.0073147848944231375
            
Optimization Iteration[12/100]

Theta: [0.23596786 0.38078822 0.38160614 ... 1.89955898 1.19039364 1.05912855]

Gamma: [606.11256258 587.31458663 531.86404158 ... 252.82770679 234.41323352
 233.9003567 ]

Solving the optimization problem...
Set parameter TokenServer to value "licenses.rcc.uchicago.edu"
Read LP format model from file /scratch/local/jobs/50255470/tmpby3y94nv.pyomo.lp
Reading time = 2.18 seconds
x1: 417600 rows, 834801 columns, 2083271 nonzeros
Gurobi Optimizer version 11.0.0 build v11.0.0rc2 (linux64 - "CentOS Linux 8")

CPU model: Intel(R) Xeon(R) Gold 6248R CPU @ 3.00GHz, instruction set [SSE2|AVX|AVX2|AVX512]
Thread count: 48 physical cores, 48 logical processors, using up to 32 threads

Optimize a model with 417600 rows, 834801 columns and 2083271 nonzeros
Model fingerprint: 0xd29123ba
Model has 400 quadratic objective terms
Coefficient statistics:
  Matrix range     [1e+00, 9e+02]
  Objective range  [2e-03, 9e+02]
  QObjective range [2e+03, 2e+05]
  Bounds range     [3e-06, 1e+00]
  RHS range        [9e-11, 4e-01]
Presolve removed 208947 rows and 209294 columns
Presolve time: 0.83s
Presolved: 208653 rows, 625507 columns, 1249571 nonzeros
Presolved model has 400 quadratic objective terms
Ordering time: 1.09s

Barrier statistics:
 AA' NZ     : 6.241e+05
 Factor NZ  : 6.773e+07 (roughly 900 MB of memory)
 Factor Ops : 2.543e+10 (less than 1 second per iteration)
 Threads    : 32

                  Objective                Residual
Iter       Primal          Dual         Primal    Dual     Compl     Time
   0  -1.53320574e+11  1.10640369e+11  1.04e+06 1.12e-13  1.00e+06     5s
   1  -6.50924688e+10  6.33651301e+10  4.43e+04 3.08e+01  4.67e+04     7s
   2  -3.05843805e+10  3.06530386e+10  4.48e+02 1.24e-01  5.43e+02     9s
   3  -1.08844955e+10  1.09723786e+10  3.21e+00 1.45e-12  2.86e+01    11s
   4  -2.40140466e+09  2.49913750e+09  2.67e-01 1.46e-12  5.95e+00    15s
   5  -5.82498423e+08  6.48579753e+08  3.65e-02 3.40e-12  1.46e+00    20s
   6  -9.63171005e+07  1.09559227e+08  2.74e-03 1.43e-12  2.41e-01    25s
   7  -1.41116399e+07  1.68729998e+07  2.74e-09 1.45e-12  3.63e-02    30s
   8  -2.06870303e+06  2.45822617e+06  2.92e-13 1.02e-12  5.30e-03    33s
   9  -3.08123267e+05  3.77591083e+05  4.62e-14 3.21e-13  8.03e-04    35s
  10  -4.63888551e+04  5.45271607e+04  2.12e-14 7.25e-14  1.18e-04    37s
  11  -7.24945809e+03  8.44525628e+03  1.46e-14 8.97e-15  1.84e-05    39s
  12  -1.78853318e+03  1.90990406e+03  1.10e-14 1.72e-15  4.33e-06    42s
  13  -4.32490375e+02  9.32475575e+02  1.27e-15 6.66e-16  1.60e-06    45s
  14  -2.31811821e+01  3.80459717e+02  5.54e-16 6.66e-16  4.73e-07    47s
  15   9.48894434e+01  2.75221296e+02  2.01e-16 4.44e-16  2.11e-07    50s
  16   1.58435743e+02  2.17511431e+02  1.44e-16 5.55e-16  6.92e-08    52s
  17   1.67869958e+02  2.09004503e+02  9.82e-17 5.55e-16  4.82e-08    54s
  18   1.81439378e+02  1.98830960e+02  6.18e-17 4.44e-16  2.04e-08    55s
  19   1.87002710e+02  1.94868967e+02  8.07e-17 4.44e-16  9.21e-09    57s
  20   1.89397738e+02  1.93487146e+02  4.14e-17 4.44e-16  4.79e-09    59s
  21   1.90736874e+02  1.92793481e+02  7.60e-16 4.44e-16  2.41e-09    61s
  22   1.91247360e+02  1.92543568e+02  5.43e-16 4.44e-16  1.52e-09    63s
  23   1.91523668e+02  1.92414235e+02  3.76e-16 4.44e-16  1.04e-09    65s
  24   1.91776826e+02  1.92297320e+02  2.27e-16 4.44e-16  6.09e-10    67s
  25   1.91897472e+02  1.92243749e+02  1.31e-16 4.44e-16  4.05e-10    68s
  26   1.92015982e+02  1.92192244e+02  2.99e-16 4.44e-16  2.06e-10    70s
  27   1.92076192e+02  1.92166681e+02  5.09e-16 4.44e-16  1.06e-10    72s
  28   1.92112656e+02  1.92151699e+02  2.48e-16 4.44e-16  4.57e-11    74s
  29   1.92113529e+02  1.92151345e+02  2.42e-16 4.44e-16  4.43e-11    76s
  30   1.92114363e+02  1.92151008e+02  3.34e-16 4.51e-16  4.29e-11    78s
  31   1.92115380e+02  1.92150596e+02  4.79e-16 6.66e-16  4.12e-11    79s
  32   1.92130095e+02  1.92144631e+02  2.44e-15 5.55e-16  1.70e-11    81s
  33   1.92137553e+02  1.92141676e+02  3.37e-15 6.66e-16  4.83e-12    84s
  34   1.92139454e+02  1.92140928e+02  1.01e-14 5.55e-16  1.73e-12    86s
  35   1.92140137e+02  1.92140660e+02  1.01e-14 5.55e-16  6.12e-13    88s
  36   1.92140405e+02  1.92140555e+02  3.86e-15 5.55e-16  1.75e-13    90s
  37   1.92140494e+02  1.92140520e+02  1.97e-15 5.55e-16  3.04e-14    92s
  38   1.92140511e+02  1.92140513e+02  1.72e-15 6.66e-16  2.82e-15    94s

Barrier solved model in 38 iterations and 93.57 seconds (17.17 work units)
Optimal objective 1.92140511e+02

Done! Time elapsed: 125.15519499778748 seconds.
Starting HMC sampling...

                                                                                                                                                                                                                                                                                                                                
Finished sampling! Elapsed Time: 1031.2267892360687 seconds

Checking sampler transitions treedepth.
108 of 16000 (0.68%) transitions hit the maximum treedepth limit of 10, or 2^10 leapfrog steps.
Trajectories that are prematurely terminated due to this limit will result in slow exploration.
For optimal performance, increase this limit.

Checking sampler transitions for divergences.
No divergent transitions found.

Checking E-BFMI - sampler transitions HMC potential energy.
E-BFMI satisfactory.

Rank-normalized split effective sample size satisfactory for all parameters.

Rank-normalized split R-hat values satisfactory for all parameters.

Processing complete.

Parameters from last iteration: [2.35967859e-01 3.80788217e-01 3.81606140e-01 ... 2.52827707e+02
 2.34413234e+02 2.33900357e+02]

Parameters from current iteration:
            [2.34094356e-01 3.74758176e-01 3.75552623e-01 ... 2.52747431e+02
 2.34364280e+02 2.33874286e+02]

Updated uncertain values: [2.35499483e-01 3.79280707e-01 3.80092761e-01 ... 2.52807638e+02
 2.34400995e+02 2.33893839e+02]


            Iteration [  12]: Absolute Error = 0.16241126818454177,
            Percentage Error = 0.005350280172681907
            
Optimization Iteration[13/100]

Theta: [0.23549948 0.37928071 0.38009276 ... 1.89653494 1.19014709 1.05935586]

Gamma: [606.21231462 587.39834354 531.93041467 ... 252.80763772 234.40099523
 233.89383897]

Solving the optimization problem...
Set parameter TokenServer to value "licenses.rcc.uchicago.edu"
Read LP format model from file /scratch/local/jobs/50255470/tmpbo9v5z5n.pyomo.lp
Reading time = 2.16 seconds
x1: 417600 rows, 834801 columns, 2083271 nonzeros
Gurobi Optimizer version 11.0.0 build v11.0.0rc2 (linux64 - "CentOS Linux 8")

CPU model: Intel(R) Xeon(R) Gold 6248R CPU @ 3.00GHz, instruction set [SSE2|AVX|AVX2|AVX512]
Thread count: 48 physical cores, 48 logical processors, using up to 32 threads

Optimize a model with 417600 rows, 834801 columns and 2083271 nonzeros
Model fingerprint: 0xf1075db6
Model has 400 quadratic objective terms
Coefficient statistics:
  Matrix range     [1e+00, 9e+02]
  Objective range  [2e-03, 9e+02]
  QObjective range [2e+03, 2e+05]
  Bounds range     [3e-06, 1e+00]
  RHS range        [9e-11, 4e-01]
Presolve removed 208947 rows and 209294 columns
Presolve time: 0.81s
Presolved: 208653 rows, 625507 columns, 1249571 nonzeros
Presolved model has 400 quadratic objective terms
Ordering time: 1.36s

Barrier statistics:
 AA' NZ     : 6.241e+05
 Factor NZ  : 6.773e+07 (roughly 900 MB of memory)
 Factor Ops : 2.543e+10 (less than 1 second per iteration)
 Threads    : 32

                  Objective                Residual
Iter       Primal          Dual         Primal    Dual     Compl     Time
   0  -1.53320836e+11  1.10640369e+11  1.04e+06 1.13e-13  1.00e+06     6s
   1  -6.50924800e+10  6.33651297e+10  4.43e+04 3.08e+01  4.67e+04     7s
   2  -3.05843805e+10  3.06530385e+10  4.48e+02 1.24e-01  5.43e+02     9s
   3  -1.08844954e+10  1.09723786e+10  3.21e+00 1.55e-12  2.86e+01    11s
   4  -2.40140466e+09  2.49913750e+09  2.67e-01 1.23e-12  5.95e+00    16s
   5  -5.82498412e+08  6.48579748e+08  3.65e-02 4.30e-12  1.46e+00    21s
   6  -9.63170945e+07  1.09559222e+08  2.74e-03 1.64e-12  2.41e-01    26s
   7  -1.41116388e+07  1.68729988e+07  2.74e-09 1.40e-12  3.63e-02    31s
   8  -2.06870298e+06  2.45822680e+06  2.68e-13 1.44e-12  5.30e-03    33s
   9  -3.08123146e+05  3.77589912e+05  4.36e-14 3.59e-13  8.03e-04    35s
  10  -4.63888970e+04  5.45266830e+04  2.24e-14 5.43e-14  1.18e-04    37s
  11  -7.24962015e+03  8.44467077e+03  1.30e-14 6.23e-15  1.84e-05    39s
  12  -1.78790580e+03  1.90817772e+03  1.06e-14 2.20e-15  4.33e-06    42s
  13  -4.34161717e+02  9.35598660e+02  1.82e-15 6.66e-16  1.60e-06    45s
  14  -2.27373797e+01  3.77158746e+02  5.87e-16 4.44e-16  4.68e-07    47s
  15   8.77741044e+01  2.64360763e+02  3.09e-16 4.44e-16  2.07e-07    50s
  16   1.45090454e+02  2.19295207e+02  1.55e-16 4.44e-16  8.69e-08    52s
  17   1.66656281e+02  2.04867874e+02  7.46e-17 4.44e-16  4.47e-08    54s
  18   1.79971620e+02  1.97162159e+02  9.22e-17 4.44e-16  2.01e-08    55s
  19   1.83079400e+02  1.95605506e+02  7.18e-17 4.44e-16  1.47e-08    57s
  20   1.86702023e+02  1.93705917e+02  6.81e-17 4.44e-16  8.20e-09    59s
  21   1.88067868e+02  1.93101545e+02  7.42e-17 4.44e-16  5.89e-09    61s
  22   1.89750773e+02  1.92353362e+02  1.39e-16 4.44e-16  3.05e-09    63s
  23   1.90224572e+02  1.92155097e+02  1.27e-16 4.44e-16  2.26e-09    64s
  24   1.90775085e+02  1.91924160e+02  1.46e-16 4.44e-16  1.35e-09    66s
  25   1.90976417e+02  1.91840278e+02  1.05e-16 4.44e-16  1.01e-09    68s
  26   1.91191916e+02  1.91750735e+02  1.55e-16 4.44e-16  6.54e-10    70s
  27   1.91286046e+02  1.91712396e+02  1.88e-16 4.44e-16  4.99e-10    72s
  28   1.91421492e+02  1.91656872e+02  1.49e-16 4.44e-16  2.76e-10    73s
  29   1.91497443e+02  1.91625519e+02  1.71e-16 5.55e-16  1.50e-10    75s
  30   1.91550705e+02  1.91603689e+02  2.84e-16 4.44e-16  6.20e-11    77s
  31   1.91571050e+02  1.91595445e+02  2.26e-16 6.66e-16  2.86e-11    79s
  32   1.91583267e+02  1.91590548e+02  2.24e-15 5.55e-16  8.53e-12    81s
  33   1.91586292e+02  1.91589343e+02  4.36e-16 6.66e-16  3.57e-12    83s
  34   1.91587739e+02  1.91588771e+02  1.76e-15 6.66e-16  1.21e-12    85s
  35   1.91588360e+02  1.91588527e+02  3.48e-15 6.66e-16  1.95e-13    87s
  36   1.91588459e+02  1.91588488e+02  5.95e-15 6.66e-16  3.29e-14    89s
  37   1.91588476e+02  1.91588481e+02  7.38e-15 6.66e-16  5.91e-15    91s

Barrier solved model in 37 iterations and 90.65 seconds (16.96 work units)
Optimal objective 1.91588476e+02

Done! Time elapsed: 123.45622992515564 seconds.
Starting HMC sampling...

                                                                                                                                                                                                                                                                                                                                
Finished sampling! Elapsed Time: 1142.438735961914 seconds

Checking sampler transitions treedepth.
157 of 16000 (0.98%) transitions hit the maximum treedepth limit of 10, or 2^10 leapfrog steps.
Trajectories that are prematurely terminated due to this limit will result in slow exploration.
For optimal performance, increase this limit.

Checking sampler transitions for divergences.
No divergent transitions found.

Checking E-BFMI - sampler transitions HMC potential energy.
E-BFMI satisfactory.

Rank-normalized split effective sample size satisfactory for all parameters.

Rank-normalized split R-hat values satisfactory for all parameters.

Processing complete.

Parameters from last iteration: [2.35499483e-01 3.79280707e-01 3.80092761e-01 ... 2.52807638e+02
 2.34400995e+02 2.33893839e+02]

Parameters from current iteration:
            [2.33174460e-01 3.75267543e-01 3.76070063e-01 ... 2.52785367e+02
 2.34351655e+02 2.33820919e+02]

Updated uncertain values: [2.34918227e-01 3.78277416e-01 3.79087087e-01 ... 2.52802070e+02
 2.34388660e+02 2.33875609e+02]


            Iteration [  13]: Absolute Error = 0.13879890098962733,
            Percentage Error = 0.003920283416312006
            
Terminated. Sampling the final distribution...

                                                                                                                                                                                                                                                                                                                                
Solving the optimization problem...
Set parameter TokenServer to value "licenses.rcc.uchicago.edu"
Read LP format model from file /scratch/local/jobs/50255470/tmpjuul_rwb.pyomo.lp
Reading time = 2.18 seconds
x1: 417600 rows, 834801 columns, 2083271 nonzeros
Gurobi Optimizer version 11.0.0 build v11.0.0rc2 (linux64 - "CentOS Linux 8")

CPU model: Intel(R) Xeon(R) Gold 6248R CPU @ 3.00GHz, instruction set [SSE2|AVX|AVX2|AVX512]
Thread count: 48 physical cores, 48 logical processors, using up to 32 threads

Optimize a model with 417600 rows, 834801 columns and 2083271 nonzeros
Model fingerprint: 0xfe7d6ed4
Model has 400 quadratic objective terms
Coefficient statistics:
  Matrix range     [1e+00, 9e+02]
  Objective range  [5e-04, 1e+03]
  QObjective range [2e+03, 2e+05]
  Bounds range     [2e-06, 1e+00]
  RHS range        [6e-10, 4e-01]
Presolve removed 209011 rows and 209422 columns
Presolve time: 0.83s
Presolved: 208589 rows, 625379 columns, 1249315 nonzeros
Presolved model has 400 quadratic objective terms
Ordering time: 1.05s

Barrier statistics:
 AA' NZ     : 6.239e+05
 Factor NZ  : 6.769e+07 (roughly 900 MB of memory)
 Factor Ops : 2.541e+10 (less than 1 second per iteration)
 Threads    : 32

                  Objective                Residual
Iter       Primal          Dual         Primal    Dual     Compl     Time
   0  -1.53316098e+11  1.10640510e+11  1.04e+06 1.14e-13  1.00e+06     5s
   1  -6.46435919e+10  6.29211260e+10  4.42e+04 3.07e+01  4.64e+04     7s
   2  -3.03851668e+10  3.04537666e+10  4.47e+02 1.24e-01  5.40e+02     9s
   3  -1.08294364e+10  1.09171848e+10  3.61e+00 1.87e-12  2.88e+01    11s
   4  -2.46841145e+09  2.56637819e+09  2.90e-01 1.47e-12  6.13e+00    16s
   5  -5.87257931e+08  6.54661825e+08  3.72e-02 6.23e-12  1.47e+00    21s
   6  -9.80890842e+07  1.11710312e+08  2.91e-03 1.36e-12  2.46e-01    26s
   7  -1.44902491e+07  1.73473250e+07  7.15e-06 1.52e-12  3.73e-02    30s
   8  -2.12575303e+06  2.53273188e+06  7.31e-12 1.32e-12  5.45e-03    33s
   9  -3.16980062e+05  3.89583260e+05  5.76e-14 2.71e-13  8.27e-04    35s
  10  -4.78218608e+04  5.62246815e+04  2.19e-14 7.73e-14  1.22e-04    37s
  11  -7.53246213e+03  8.64085477e+03  1.42e-14 8.82e-15  1.89e-05    39s
  12  -1.91625235e+03  1.90550170e+03  1.38e-14 2.14e-15  4.48e-06    42s
  13  -5.09051012e+02  8.74451590e+02  1.13e-15 6.66e-16  1.62e-06    45s
  14  -9.27126566e+01  3.21693338e+02  5.76e-16 6.66e-16  4.85e-07    48s
  15   4.07209618e+01  2.05611061e+02  2.93e-16 5.55e-16  1.93e-07    50s
  16   9.51305120e+01  1.50711297e+02  1.35e-16 4.44e-16  6.51e-08    52s
  17   1.04926080e+02  1.44224606e+02  8.48e-17 4.44e-16  4.60e-08    54s
  18   1.16307920e+02  1.37510729e+02  9.65e-17 4.44e-16  2.48e-08    56s
  19   1.22479645e+02  1.33736958e+02  7.26e-17 4.44e-16  1.32e-08    58s
  20   1.25311059e+02  1.32178241e+02  4.58e-17 4.44e-16  8.04e-09    59s
  21   1.27194774e+02  1.31215159e+02  5.40e-17 4.44e-16  4.71e-09    61s
  22   1.27342086e+02  1.31143097e+02  4.29e-17 4.44e-16  4.45e-09    63s
  23   1.28443455e+02  1.30615132e+02  5.18e-17 4.44e-16  2.54e-09    65s
  24   1.28757620e+02  1.30469417e+02  5.62e-17 4.44e-16  2.00e-09    67s
  25   1.29300959e+02  1.30225198e+02  8.72e-17 4.44e-16  1.08e-09    68s
  26   1.29395200e+02  1.30183338e+02  5.70e-17 4.44e-16  9.23e-10    70s
  27   1.29572613e+02  1.30105674e+02  7.61e-17 4.44e-16  6.24e-10    72s
  28   1.29717048e+02  1.30043685e+02  1.26e-16 4.44e-16  3.82e-10    74s
  29   1.29828729e+02  1.29996345e+02  1.42e-16 4.44e-16  1.96e-10    76s
  30   1.29894175e+02  1.29969328e+02  2.37e-16 4.44e-16  8.80e-11    78s
  31   1.29911701e+02  1.29962254e+02  2.13e-16 4.44e-16  5.92e-11    79s
  32   1.29936180e+02  1.29952498e+02  2.88e-16 6.66e-16  1.91e-11    81s
  33   1.29943351e+02  1.29949656e+02  1.83e-15 4.44e-16  7.38e-12    83s
  34   1.29945948e+02  1.29948638e+02  5.12e-16 5.55e-16  3.15e-12    85s
  35   1.29947414e+02  1.29948066e+02  1.47e-15 6.66e-16  7.64e-13    88s
  36   1.29947723e+02  1.29947946e+02  7.47e-16 5.55e-16  2.61e-13    90s
  37   1.29947860e+02  1.29947893e+02  1.08e-15 6.66e-16  3.88e-14    91s
  38   1.29947883e+02  1.29947884e+02  3.08e-16 6.66e-16  1.32e-15    93s

Barrier solved model in 38 iterations and 93.20 seconds (17.30 work units)
Optimal objective 1.29947883e+02

Done! Time elapsed: 124.98713874816895 seconds.
min_result 0.001532064788426553 min_pe 4.8

Program ends Sat May 30 00:02:20 CDT 2026
Exit code: 0
Elapsed time: 22027 seconds
