Command: /project/lhansen/HMC_rep26_robust_mac/amazon-carbon-prices/.venv/bin/python pysrc/bash/shadow_price.py --id 49 --xi 1 --sites 1043
Working directory: /project/lhansen/HMC_rep26_robust_mac/amazon-carbon-prices
Program starts Fri May 29 17:55:13 CDT 2026

Data successfully loaded from /project/lhansen/HMC_rep26_robust_mac/amazon-carbon-prices/data/calibration
Waiting for Stan compile lock: /project/lhansen/HMC_rep26_robust_mac/amazon-carbon-prices/stan_model/adjusted.compile.lock
Using Stan model executable: /project/lhansen/HMC_rep26_robust_mac/amazon-carbon-prices/stan_model/adjusted
Optimization Iteration[1/100]

Theta: [0.19293399 0.39270684 0.39383513 ... 2.1961384  1.20930668 1.03223742]

Gamma: [605.85192903 587.02426052 531.68859839 ... 252.44623295 234.13249733
 233.63746894]

Solving the optimization problem...
Set parameter TokenServer to value "licenses.rcc.uchicago.edu"
Read LP format model from file /scratch/local/jobs/50255471/tmp81m2ohm3.pyomo.lp
Reading time = 2.17 seconds
x1: 417600 rows, 834801 columns, 2083271 nonzeros
Gurobi Optimizer version 11.0.0 build v11.0.0rc2 (linux64 - "CentOS Linux 8")

CPU model: Intel(R) Xeon(R) Gold 6248R CPU @ 3.00GHz, instruction set [SSE2|AVX|AVX2|AVX512]
Thread count: 48 physical cores, 48 logical processors, using up to 32 threads

Optimize a model with 417600 rows, 834801 columns and 2083271 nonzeros
Model fingerprint: 0xe5ba246a
Model has 400 quadratic objective terms
Coefficient statistics:
  Matrix range     [1e+00, 9e+02]
  Objective range  [1e-04, 9e+02]
  QObjective range [2e+03, 2e+05]
  Bounds range     [3e-06, 1e+00]
  RHS range        [9e-11, 4e-01]
Presolve removed 208947 rows and 209294 columns
Presolve time: 0.81s
Presolved: 208653 rows, 625507 columns, 1249571 nonzeros
Presolved model has 400 quadratic objective terms
Ordering time: 1.17s

Barrier statistics:
 AA' NZ     : 6.241e+05
 Factor NZ  : 6.773e+07 (roughly 900 MB of memory)
 Factor Ops : 2.543e+10 (less than 1 second per iteration)
 Threads    : 32

                  Objective                Residual
Iter       Primal          Dual         Primal    Dual     Compl     Time
   0  -1.53654098e+11  1.10640370e+11  1.04e+06 1.13e-13  1.00e+06     6s
   1  -6.51065893e+10  6.33649777e+10  4.43e+04 3.08e+01  4.67e+04     7s
   2  -3.05844917e+10  3.06529643e+10  4.48e+02 1.24e-01  5.43e+02     9s
   3  -1.08844876e+10  1.09723442e+10  3.21e+00 1.47e-12  2.86e+01    11s
   4  -2.40139685e+09  2.49911730e+09  2.67e-01 1.24e-12  5.95e+00    16s
   5  -5.82499442e+08  6.48574575e+08  3.65e-02 4.19e-12  1.46e+00    21s
   6  -9.63182296e+07  1.09558017e+08  2.74e-03 1.70e-12  2.41e-01    26s
   7  -1.41120583e+07  1.68728245e+07  2.74e-09 1.34e-12  3.63e-02    31s
   8  -2.06879588e+06  2.45814468e+06  2.40e-13 1.04e-12  5.30e-03    33s
   9  -3.08115494e+05  3.77716359e+05  3.55e-14 2.93e-13  8.03e-04    35s
  10  -4.63316245e+04  5.46381669e+04  2.04e-14 6.14e-14  1.18e-04    37s
  11  -7.19860174e+03  8.72730819e+03  1.20e-14 8.11e-15  1.86e-05    39s
  12  -1.34595483e+03  2.45155392e+03  8.76e-15 2.06e-15  4.45e-06    42s
  13  -2.08892943e+02  9.12793250e+02  1.93e-15 1.03e-15  1.31e-06    44s
  14   1.46476772e+02  4.70233197e+02  3.84e-16 6.66e-16  3.79e-07    47s
  15   2.16656145e+02  3.81589811e+02  2.31e-16 4.44e-16  1.93e-07    49s
  16   2.71816080e+02  3.29077769e+02  1.31e-16 4.44e-16  6.70e-08    51s
  17   2.87522235e+02  3.18522343e+02  9.00e-17 4.44e-16  3.63e-08    52s
  18   2.97820136e+02  3.12378611e+02  7.03e-17 4.44e-16  1.70e-08    54s
  19   2.99449827e+02  3.11526409e+02  6.79e-17 4.44e-16  1.41e-08    56s
  20   3.02996000e+02  3.09695949e+02  5.31e-17 4.44e-16  7.84e-09    58s
  21   3.05300859e+02  3.08588054e+02  6.27e-17 4.44e-16  3.85e-09    59s
  22   3.06205373e+02  3.08178400e+02  1.20e-16 4.44e-16  2.31e-09    61s
  23   3.06744252e+02  3.07939888e+02  2.50e-16 4.44e-16  1.40e-09    63s
  24   3.06966516e+02  3.07844991e+02  2.33e-16 4.44e-16  1.03e-09    65s
  25   3.07260936e+02  3.07717886e+02  1.44e-16 5.55e-16  5.35e-10    67s
  26   3.07385407e+02  3.07665042e+02  2.05e-16 6.66e-16  3.27e-10    68s
  27   3.07494825e+02  3.07619353e+02  2.12e-16 4.44e-16  1.46e-10    70s
  28   3.07509386e+02  3.07613399e+02  1.97e-16 4.44e-16  1.22e-10    72s
  29   3.07536375e+02  3.07602422e+02  1.79e-16 6.66e-16  7.73e-11    74s
  30   3.07565412e+02  3.07590657e+02  4.47e-16 6.66e-16  2.96e-11    76s
  31   3.07575871e+02  3.07586498e+02  4.79e-16 6.66e-16  1.24e-11    77s
  32   3.07581078e+02  3.07584442e+02  2.45e-15 6.66e-16  3.94e-12    79s
  33   3.07583017e+02  3.07583679e+02  1.32e-14 8.88e-16  7.75e-13    82s
  34   3.07583428e+02  3.07583518e+02  1.37e-14 6.66e-16  1.05e-13    84s
  35   3.07583485e+02  3.07583495e+02  1.21e-14 6.66e-16  1.22e-14    85s

Barrier solved model in 35 iterations and 85.50 seconds (16.14 work units)
Optimal objective 3.07583485e+02

Done! Time elapsed: 115.84810090065002 seconds.
Starting HMC sampling...

                                                                                                                                                                                                                                                                                                                                
Finished sampling! Elapsed Time: 1018.9708943367004 seconds

Checking sampler transitions treedepth.
77 of 16000 (0.48%) transitions hit the maximum treedepth limit of 10, or 2^10 leapfrog steps.
Trajectories that are prematurely terminated due to this limit will result in slow exploration.
For optimal performance, increase this limit.

Checking sampler transitions for divergences.
No divergent transitions found.

Checking E-BFMI - sampler transitions HMC potential energy.
E-BFMI satisfactory.

Rank-normalized split effective sample size satisfactory for all parameters.

Rank-normalized split R-hat values satisfactory for all parameters.

Processing complete.

Parameters from last iteration: [1.92933991e-01 3.92706841e-01 3.93835127e-01 ... 2.52446233e+02
 2.34132497e+02 2.33637469e+02]

Parameters from current iteration:
            [  0.27993013   0.42216978   0.42297312 ... 252.94908552 234.45178287
 233.80438975]

Updated uncertain values: [2.14683026e-01 4.00072574e-01 4.01119626e-01 ... 2.52571946e+02
 2.34212319e+02 2.33679199e+02]


            Iteration [   1]: Absolute Error = 1.870779311666638,
            Percentage Error = 0.18531818205122208
            
Optimization Iteration[2/100]

Theta: [0.21468303 0.40007257 0.40111963 ... 2.11157527 1.20867905 1.04555376]

Gamma: [605.84194322 587.03656693 531.73588147 ... 252.57194609 234.21231871
 233.67919915]

Solving the optimization problem...
Set parameter TokenServer to value "licenses.rcc.uchicago.edu"
Read LP format model from file /scratch/local/jobs/50255471/tmpxxph482u.pyomo.lp
Reading time = 2.15 seconds
x1: 417600 rows, 834801 columns, 2083271 nonzeros
Gurobi Optimizer version 11.0.0 build v11.0.0rc2 (linux64 - "CentOS Linux 8")

CPU model: Intel(R) Xeon(R) Gold 6248R CPU @ 3.00GHz, instruction set [SSE2|AVX|AVX2|AVX512]
Thread count: 48 physical cores, 48 logical processors, using up to 32 threads

Optimize a model with 417600 rows, 834801 columns and 2083271 nonzeros
Model fingerprint: 0xc404601c
Model has 400 quadratic objective terms
Coefficient statistics:
  Matrix range     [1e+00, 9e+02]
  Objective range  [2e-03, 9e+02]
  QObjective range [2e+03, 2e+05]
  Bounds range     [3e-06, 1e+00]
  RHS range        [9e-11, 4e-01]
Presolve removed 208947 rows and 209294 columns
Presolve time: 0.81s
Presolved: 208653 rows, 625507 columns, 1249571 nonzeros
Presolved model has 400 quadratic objective terms
Ordering time: 1.14s

Barrier statistics:
 AA' NZ     : 6.241e+05
 Factor NZ  : 6.773e+07 (roughly 900 MB of memory)
 Factor Ops : 2.543e+10 (less than 1 second per iteration)
 Threads    : 32

                  Objective                Residual
Iter       Primal          Dual         Primal    Dual     Compl     Time
   0  -1.53872405e+11  1.10640369e+11  1.04e+06 1.13e-13  1.00e+06     5s
   1  -6.51158093e+10  6.33649708e+10  4.43e+04 3.08e+01  4.67e+04     7s
   2  -3.05845827e+10  3.06529611e+10  4.48e+02 1.24e-01  5.43e+02     9s
   3  -1.08844875e+10  1.09723430e+10  3.21e+00 1.79e-12  2.86e+01    11s
   4  -2.40139698e+09  2.49911704e+09  2.67e-01 1.24e-12  5.95e+00    16s
   5  -5.82499368e+08  6.48574286e+08  3.65e-02 3.58e-12  1.46e+00    20s
   6  -9.63182353e+07  1.09557886e+08  2.74e-03 1.25e-12  2.41e-01    25s
   7  -1.41120967e+07  1.68727595e+07  2.74e-09 1.44e-12  3.63e-02    30s
   8  -2.06883736e+06  2.45810795e+06  2.73e-13 1.09e-12  5.30e-03    33s
   9  -3.08151116e+05  3.77660079e+05  4.19e-14 3.93e-13  8.03e-04    35s
  10  -4.63662041e+04  5.45927690e+04  2.14e-14 7.33e-14  1.18e-04    37s
  11  -7.21510576e+03  8.57772477e+03  1.28e-14 9.62e-15  1.85e-05    38s
  12  -1.37811184e+03  2.05357860e+03  1.02e-14 2.63e-15  4.02e-06    42s
  13  -2.66411492e+02  9.41002687e+02  1.50e-15 6.66e-16  1.41e-06    43s
  14   1.24059999e+02  3.83000034e+02  5.93e-16 6.66e-16  3.03e-07    46s
  15   2.11802153e+02  2.98452774e+02  2.08e-16 5.55e-16  1.01e-07    48s
  16   2.38914319e+02  2.82558324e+02  1.55e-16 6.66e-16  5.11e-08    50s
  17   2.53440605e+02  2.74089897e+02  9.89e-17 6.66e-16  2.42e-08    52s
  18   2.57251281e+02  2.72150866e+02  7.44e-17 6.66e-16  1.74e-08    54s
  19   2.62866799e+02  2.69291518e+02  6.01e-17 4.44e-16  7.52e-09    56s
  20   2.63140044e+02  2.69169023e+02  5.70e-17 4.44e-16  7.06e-09    57s
  21   2.64972042e+02  2.68335175e+02  5.53e-17 5.55e-16  3.94e-09    59s
  22   2.65851597e+02  2.67950234e+02  7.59e-17 4.44e-16  2.46e-09    61s
  23   2.66380097e+02  2.67722818e+02  9.76e-17 4.44e-16  1.57e-09    63s
  24   2.66777622e+02  2.67553603e+02  7.16e-17 4.44e-16  9.09e-10    64s
  25   2.66966754e+02  2.67474203e+02  8.11e-17 4.44e-16  5.94e-10    66s
  26   2.67086360e+02  2.67424465e+02  1.02e-16 5.55e-16  3.96e-10    68s
  27   2.67190531e+02  2.67381518e+02  1.58e-16 5.55e-16  2.24e-10    70s
  28   2.67248348e+02  2.67358233e+02  1.41e-16 6.66e-16  1.29e-10    72s
  29   2.67292305e+02  2.67340345e+02  2.94e-16 5.55e-16  5.62e-11    73s
  30   2.67301630e+02  2.67336587e+02  2.34e-16 4.44e-16  4.09e-11    75s
  31   2.67321236e+02  2.67328768e+02  4.51e-16 5.55e-16  8.82e-12    78s
  32   2.67325134e+02  2.67327228e+02  1.69e-15 6.66e-16  2.45e-12    80s
  33   2.67325672e+02  2.67327016e+02  1.77e-15 6.66e-16  1.57e-12    81s
  34   2.67326235e+02  2.67326795e+02  1.71e-15 5.55e-16  6.56e-13    83s
  35   2.67326506e+02  2.67326689e+02  1.24e-15 6.66e-16  2.14e-13    85s
  36   2.67326618e+02  2.67326645e+02  8.02e-16 6.66e-16  3.19e-14    87s
  37   2.67326637e+02  2.67326638e+02  5.50e-16 6.66e-16  7.87e-16    89s

Barrier solved model in 37 iterations and 88.75 seconds (16.80 work units)
Optimal objective 2.67326637e+02

Done! Time elapsed: 121.86069774627686 seconds.
Starting HMC sampling...

                                                                                                                                                                                                                                                                                                                                
Finished sampling! Elapsed Time: 671.0832200050354 seconds

Checking sampler transitions treedepth.
2 of 16000 (0.01%) transitions hit the maximum treedepth limit of 10, or 2^10 leapfrog steps.
Trajectories that are prematurely terminated due to this limit will result in slow exploration.
For optimal performance, increase this limit.

Checking sampler transitions for divergences.
No divergent transitions found.

Checking E-BFMI - sampler transitions HMC potential energy.
E-BFMI satisfactory.

Rank-normalized split effective sample size satisfactory for all parameters.

Rank-normalized split R-hat values satisfactory for all parameters.

Processing complete.

Parameters from last iteration: [2.14683026e-01 4.00072574e-01 4.01119626e-01 ... 2.52571946e+02
 2.34212319e+02 2.33679199e+02]

Parameters from current iteration:
            [  0.26731748   0.41217226   0.41299038 ... 252.84920413 234.4315686
 233.88339941]

Updated uncertain values: [2.27841639e-01 4.03097496e-01 4.04087314e-01 ... 2.52641261e+02
 2.34267131e+02 2.33730249e+02]


            Iteration [   2]: Absolute Error = 1.186562098320337,
            Percentage Error = 0.16279592124625808
            
Optimization Iteration[3/100]

Theta: [0.22784164 0.4030975  0.40408731 ... 2.04808765 1.20627986 1.05328935]

Gamma: [605.85808457 587.04596488 531.73092531 ... 252.6412606  234.26713118
 233.73024921]

Solving the optimization problem...
Set parameter TokenServer to value "licenses.rcc.uchicago.edu"
Read LP format model from file /scratch/local/jobs/50255471/tmp85mmvbn_.pyomo.lp
Reading time = 2.17 seconds
x1: 417600 rows, 834801 columns, 2083271 nonzeros
Gurobi Optimizer version 11.0.0 build v11.0.0rc2 (linux64 - "CentOS Linux 8")

CPU model: Intel(R) Xeon(R) Gold 6248R CPU @ 3.00GHz, instruction set [SSE2|AVX|AVX2|AVX512]
Thread count: 48 physical cores, 48 logical processors, using up to 32 threads

Optimize a model with 417600 rows, 834801 columns and 2083271 nonzeros
Model fingerprint: 0xea125b5f
Model has 400 quadratic objective terms
Coefficient statistics:
  Matrix range     [1e+00, 9e+02]
  Objective range  [2e-03, 9e+02]
  QObjective range [2e+03, 2e+05]
  Bounds range     [3e-06, 1e+00]
  RHS range        [9e-11, 4e-01]
Presolve removed 208947 rows and 209294 columns
Presolve time: 0.80s
Presolved: 208653 rows, 625507 columns, 1249571 nonzeros
Presolved model has 400 quadratic objective terms
Ordering time: 0.94s

Barrier statistics:
 AA' NZ     : 6.241e+05
 Factor NZ  : 6.773e+07 (roughly 900 MB of memory)
 Factor Ops : 2.543e+10 (less than 1 second per iteration)
 Threads    : 32

                  Objective                Residual
Iter       Primal          Dual         Primal    Dual     Compl     Time
   0  -1.54016012e+11  1.10640369e+11  1.04e+06 1.14e-13  1.00e+06     6s
   1  -6.51218767e+10  6.33649679e+10  4.43e+04 3.08e+01  4.67e+04     8s
   2  -3.05846432e+10  3.06529597e+10  4.48e+02 1.24e-01  5.43e+02    10s
   3  -1.08844877e+10  1.09723424e+10  3.21e+00 1.63e-12  2.86e+01    12s
   4  -2.40139710e+09  2.49911695e+09  2.67e-01 1.67e-12  5.95e+00    17s
   5  -5.82499323e+08  6.48574115e+08  3.65e-02 3.68e-12  1.46e+00    21s
   6  -9.63182345e+07  1.09557801e+08  2.74e-03 1.46e-12  2.41e-01    26s
   7  -1.41121206e+07  1.68727157e+07  2.74e-09 1.56e-12  3.63e-02    30s
   8  -2.06886448e+06  2.45808470e+06  2.68e-13 9.86e-13  5.30e-03    33s
   9  -3.08174444e+05  3.77622029e+05  5.32e-14 2.68e-13  8.03e-04    35s
  10  -4.63889343e+04  5.45625612e+04  2.03e-14 6.61e-14  1.18e-04    37s
  11  -7.22848848e+03  8.49651051e+03  1.25e-14 1.10e-14  1.84e-05    39s
  12  -1.77492107e+03  1.96981376e+03  9.95e-15 2.18e-15  4.38e-06    42s
  13  -3.76977902e+02  1.05830024e+03  1.03e-15 6.66e-16  1.68e-06    44s
  14   6.63973894e+01  4.03305559e+02  7.00e-16 4.44e-16  3.94e-07    46s
  15   1.72192200e+02  2.93172383e+02  4.40e-16 6.66e-16  1.42e-07    48s
  16   2.14146893e+02  2.56228950e+02  1.23e-16 6.66e-16  4.93e-08    50s
  17   2.18570274e+02  2.53443732e+02  1.23e-16 4.44e-16  4.08e-08    52s
  18   2.30277532e+02  2.46220464e+02  8.30e-17 4.44e-16  1.87e-08    54s
  19   2.35477527e+02  2.43434846e+02  7.29e-17 4.44e-16  9.32e-09    56s
  20   2.37669722e+02  2.42351656e+02  1.27e-16 4.44e-16  5.48e-09    57s
  21   2.39148969e+02  2.41655857e+02  1.56e-16 4.44e-16  2.94e-09    59s
  22   2.39943219e+02  2.41299239e+02  1.70e-16 4.44e-16  1.59e-09    61s
  23   2.40338715e+02  2.41127518e+02  1.89e-16 4.44e-16  9.24e-10    63s
  24   2.40595360e+02  2.41018669e+02  1.78e-16 4.44e-16  4.96e-10    65s
  25   2.40696300e+02  2.40976593e+02  2.29e-16 4.44e-16  3.28e-10    66s
  26   2.40800180e+02  2.40933906e+02  3.56e-16 4.44e-16  1.57e-10    68s
  27   2.40840173e+02  2.40917775e+02  2.28e-16 4.44e-16  9.09e-11    70s
  28   2.40874643e+02  2.40904047e+02  8.65e-16 5.55e-16  3.44e-11    72s
  29   2.40884703e+02  2.40900054e+02  8.00e-16 5.55e-16  1.80e-11    74s
  30   2.40892411e+02  2.40897019e+02  1.45e-15 5.55e-16  5.40e-12    76s
  31   2.40894974e+02  2.40896014e+02  6.10e-15 6.66e-16  1.22e-12    78s
  32   2.40895538e+02  2.40895794e+02  4.39e-15 6.66e-16  2.99e-13    80s
  33   2.40895691e+02  2.40895735e+02  2.22e-15 5.55e-16  5.15e-14    82s
  34   2.40895717e+02  2.40895724e+02  9.07e-16 6.66e-16  8.68e-15    83s

Barrier solved model in 34 iterations and 83.37 seconds (15.66 work units)
Optimal objective 2.40895717e+02

Done! Time elapsed: 113.7552101612091 seconds.
Starting HMC sampling...

                                                                                                                                                                                                                                                                                                                                
Finished sampling! Elapsed Time: 1054.4345440864563 seconds

Checking sampler transitions treedepth.
112 of 16000 (0.70%) transitions hit the maximum treedepth limit of 10, or 2^10 leapfrog steps.
Trajectories that are prematurely terminated due to this limit will result in slow exploration.
For optimal performance, increase this limit.

Checking sampler transitions for divergences.
No divergent transitions found.

Checking E-BFMI - sampler transitions HMC potential energy.
E-BFMI satisfactory.

Rank-normalized split effective sample size satisfactory for all parameters.

Rank-normalized split R-hat values satisfactory for all parameters.

Processing complete.

Parameters from last iteration: [2.27841639e-01 4.03097496e-01 4.04087314e-01 ... 2.52641261e+02
 2.34267131e+02 2.33730249e+02]

Parameters from current iteration:
            [  0.25866759   0.40433841   0.40516113 ... 252.85714938 234.35797763
 233.78425157]

Updated uncertain values: [2.35548126e-01 4.03407724e-01 4.04355769e-01 ... 2.52695233e+02
 2.34289843e+02 2.33743750e+02]


            Iteration [   3]: Absolute Error = 0.6934399834863143,
            Percentage Error = 0.13605589254071923
            
Optimization Iteration[4/100]

Theta: [0.23554813 0.40340772 0.40435577 ... 2.00422591 1.20351116 1.05726245]

Gamma: [606.06934965 587.26600835 531.90536198 ... 252.6952328  234.2898428
 233.7437498 ]

Solving the optimization problem...
Set parameter TokenServer to value "licenses.rcc.uchicago.edu"
Read LP format model from file /scratch/local/jobs/50255471/tmpau3kp6z6.pyomo.lp
Reading time = 2.16 seconds
x1: 417600 rows, 834801 columns, 2083271 nonzeros
Gurobi Optimizer version 11.0.0 build v11.0.0rc2 (linux64 - "CentOS Linux 8")

CPU model: Intel(R) Xeon(R) Gold 6248R CPU @ 3.00GHz, instruction set [SSE2|AVX|AVX2|AVX512]
Thread count: 48 physical cores, 48 logical processors, using up to 32 threads

Optimize a model with 417600 rows, 834801 columns and 2083271 nonzeros
Model fingerprint: 0x6747ca68
Model has 400 quadratic objective terms
Coefficient statistics:
  Matrix range     [1e+00, 9e+02]
  Objective range  [2e-03, 9e+02]
  QObjective range [2e+03, 2e+05]
  Bounds range     [3e-06, 1e+00]
  RHS range        [9e-11, 4e-01]
Presolve removed 208947 rows and 209294 columns
Presolve time: 0.80s
Presolved: 208653 rows, 625507 columns, 1249571 nonzeros
Presolved model has 400 quadratic objective terms
Ordering time: 1.27s

Barrier statistics:
 AA' NZ     : 6.241e+05
 Factor NZ  : 6.773e+07 (roughly 900 MB of memory)
 Factor Ops : 2.543e+10 (less than 1 second per iteration)
 Threads    : 32

                  Objective                Residual
Iter       Primal          Dual         Primal    Dual     Compl     Time
   0  -1.54109642e+11  1.10640369e+11  1.04e+06 1.13e-13  1.00e+06     6s
   1  -6.51258339e+10  6.33649663e+10  4.43e+04 3.08e+01  4.67e+04     7s
   2  -3.05846828e+10  3.06529590e+10  4.48e+02 1.24e-01  5.43e+02     9s
   3  -1.08844878e+10  1.09723421e+10  3.21e+00 1.48e-12  2.86e+01    11s
   4  -2.40139719e+09  2.49911691e+09  2.67e-01 1.24e-12  5.95e+00    16s
   5  -5.82499289e+08  6.48574007e+08  3.65e-02 2.96e-12  1.46e+00    21s
   6  -9.63182286e+07  1.09557742e+08  2.74e-03 1.46e-12  2.41e-01    26s
   7  -1.41121352e+07  1.68726884e+07  2.74e-09 3.11e-12  3.63e-02    31s
   8  -2.06888182e+06  2.45806892e+06  2.60e-13 1.07e-12  5.30e-03    33s
   9  -3.08189658e+05  3.77597563e+05  4.04e-14 3.65e-13  8.03e-04    35s
  10  -4.64037775e+04  5.45429445e+04  2.16e-14 6.09e-14  1.18e-04    37s
  11  -7.24305550e+03  8.47747780e+03  1.34e-14 8.34e-15  1.84e-05    39s
  12  -1.75306959e+03  1.91494154e+03  1.09e-14 2.41e-15  4.29e-06    42s
  13  -4.16902280e+02  1.11097387e+03  1.33e-15 6.42e-16  1.79e-06    44s
  14   3.96966453e+01  3.97794963e+02  9.66e-16 6.66e-16  4.19e-07    47s
  15   1.43592697e+02  2.88142432e+02  2.34e-16 5.55e-16  1.69e-07    49s
  16   1.91600766e+02  2.46922942e+02  1.47e-16 5.55e-16  6.48e-08    51s
  17   2.08540095e+02  2.32195363e+02  6.64e-17 5.55e-16  2.77e-08    52s
  18   2.13579796e+02  2.28785271e+02  1.16e-16 4.44e-16  1.78e-08    54s
  19   2.17756416e+02  2.26312137e+02  7.52e-17 4.44e-16  1.00e-08    56s
  20   2.20652699e+02  2.24653209e+02  6.90e-17 4.44e-16  4.68e-09    58s
  21   2.21998594e+02  2.23941236e+02  5.25e-17 4.44e-16  2.27e-09    60s
  22   2.22606473e+02  2.23647584e+02  6.33e-17 4.44e-16  1.22e-09    61s
  23   2.22830149e+02  2.23544548e+02  9.97e-17 4.44e-16  8.36e-10    63s
  24   2.22944880e+02  2.23492682e+02  1.57e-16 4.44e-16  6.41e-10    65s
  25   2.23053452e+02  2.23444031e+02  1.45e-16 4.44e-16  4.57e-10    67s
  26   2.23165058e+02  2.23395689e+02  2.12e-16 4.44e-16  2.70e-10    69s
  27   2.23241353e+02  2.23363226e+02  2.37e-16 6.66e-16  1.43e-10    70s
  28   2.23285228e+02  2.23344726e+02  2.61e-16 5.55e-16  6.97e-11    72s
  29   2.23309267e+02  2.23334989e+02  4.16e-16 5.55e-16  3.01e-11    74s
  30   2.23323778e+02  2.23329194e+02  9.63e-16 6.66e-16  6.34e-12    76s
  31   2.23326623e+02  2.23328073e+02  2.88e-15 6.66e-16  1.70e-12    78s
  32   2.23327294e+02  2.23327811e+02  1.85e-15 5.55e-16  6.05e-13    80s
  33   2.23327434e+02  2.23327756e+02  1.25e-15 4.44e-16  3.76e-13    82s
  34   2.23327626e+02  2.23327681e+02  1.75e-15 5.55e-16  6.53e-14    84s
  35   2.23327661e+02  2.23327668e+02  8.19e-16 6.66e-16  8.14e-15    85s

Barrier solved model in 35 iterations and 85.36 seconds (15.99 work units)
Optimal objective 2.23327661e+02

Done! Time elapsed: 116.14253330230713 seconds.
Starting HMC sampling...

                                                                                                                                                                                                                                                                                                                                
Finished sampling! Elapsed Time: 1039.9539811611176 seconds

Checking sampler transitions treedepth.
111 of 16000 (0.69%) transitions hit the maximum treedepth limit of 10, or 2^10 leapfrog steps.
Trajectories that are prematurely terminated due to this limit will result in slow exploration.
For optimal performance, increase this limit.

Checking sampler transitions for divergences.
No divergent transitions found.

Checking E-BFMI - sampler transitions HMC potential energy.
E-BFMI satisfactory.

Rank-normalized split effective sample size satisfactory for all parameters.

Rank-normalized split R-hat values satisfactory for all parameters.

Processing complete.

Parameters from last iteration: [2.35548126e-01 4.03407724e-01 4.04355769e-01 ... 2.52695233e+02
 2.34289843e+02 2.33743750e+02]

Parameters from current iteration:
            [2.52192997e-01 3.94128679e-01 3.94930310e-01 ... 2.52882977e+02
 2.34442479e+02 2.33933784e+02]

Updated uncertain values: [2.39709344e-01 4.01087963e-01 4.01999404e-01 ... 2.52742169e+02
 2.34328002e+02 2.33791258e+02]


            Iteration [   4]: Absolute Error = 0.45555933792729775,
            Percentage Error = 0.10845657513657106
            
Optimization Iteration[5/100]

Theta: [0.23970934 0.40108796 0.4019994  ... 1.97460043 1.20110272 1.05926106]

Gamma: [606.11410893 587.31101517 531.91331795 ... 252.74216882 234.32800188
 233.79125829]

Solving the optimization problem...
Set parameter TokenServer to value "licenses.rcc.uchicago.edu"
Read LP format model from file /scratch/local/jobs/50255471/tmpi2h1ofig.pyomo.lp
Reading time = 2.20 seconds
x1: 417600 rows, 834801 columns, 2083271 nonzeros
Gurobi Optimizer version 11.0.0 build v11.0.0rc2 (linux64 - "CentOS Linux 8")

CPU model: Intel(R) Xeon(R) Gold 6248R CPU @ 3.00GHz, instruction set [SSE2|AVX|AVX2|AVX512]
Thread count: 48 physical cores, 48 logical processors, using up to 32 threads

Optimize a model with 417600 rows, 834801 columns and 2083271 nonzeros
Model fingerprint: 0xa7e5d887
Model has 400 quadratic objective terms
Coefficient statistics:
  Matrix range     [1e+00, 9e+02]
  Objective range  [4e-04, 9e+02]
  QObjective range [2e+03, 2e+05]
  Bounds range     [3e-06, 1e+00]
  RHS range        [9e-11, 4e-01]
Presolve removed 208947 rows and 209294 columns
Presolve time: 0.80s
Presolved: 208653 rows, 625507 columns, 1249571 nonzeros
Presolved model has 400 quadratic objective terms
Ordering time: 0.93s

Barrier statistics:
 AA' NZ     : 6.241e+05
 Factor NZ  : 6.773e+07 (roughly 900 MB of memory)
 Factor Ops : 2.543e+10 (less than 1 second per iteration)
 Threads    : 32

                  Objective                Residual
Iter       Primal          Dual         Primal    Dual     Compl     Time
   0  -1.54171104e+11  1.10640369e+11  1.04e+06 1.13e-13  1.00e+06     6s
   1  -6.51284318e+10  6.33649654e+10  4.43e+04 3.08e+01  4.67e+04     8s
   2  -3.05847088e+10  3.06529586e+10  4.48e+02 1.24e-01  5.43e+02    10s
   3  -1.08844879e+10  1.09723419e+10  3.21e+00 1.45e-12  2.86e+01    12s
   4  -2.40139724e+09  2.49911689e+09  2.67e-01 1.24e-12  5.95e+00    17s
   5  -5.82499269e+08  6.48573945e+08  3.65e-02 3.96e-12  1.46e+00    21s
   6  -9.63182252e+07  1.09557707e+08  2.74e-03 1.45e-12  2.41e-01    26s
   7  -1.41121447e+07  1.68726724e+07  2.74e-09 1.38e-12  3.63e-02    31s
   8  -2.06889328e+06  2.45805949e+06  2.85e-13 1.07e-12  5.30e-03    34s
   9  -3.08199727e+05  3.77581696e+05  5.50e-14 2.93e-13  8.03e-04    36s
  10  -4.64135932e+04  5.45300280e+04  2.28e-14 6.24e-14  1.18e-04    38s
  11  -7.25261379e+03  8.46498108e+03  1.30e-14 9.95e-15  1.84e-05    39s
  12  -1.76674599e+03  1.90821635e+03  1.09e-14 2.88e-15  4.30e-06    43s
  13  -4.11475610e+02  9.39142357e+02  1.95e-15 6.66e-16  1.58e-06    45s
  14   1.64703030e+01  4.33128036e+02  6.88e-16 5.55e-16  4.88e-07    47s
  15   1.10186696e+02  3.20481967e+02  1.99e-16 6.66e-16  2.46e-07    49s
  16   1.79085116e+02  2.37453309e+02  1.68e-16 6.66e-16  6.83e-08    51s
  17   1.93867629e+02  2.23223281e+02  6.68e-17 4.44e-16  3.44e-08    53s
  18   2.03186341e+02  2.16530617e+02  5.83e-17 4.44e-16  1.56e-08    55s
  19   2.06464761e+02  2.14502599e+02  4.03e-17 4.44e-16  9.41e-09    57s
  20   2.09087759e+02  2.13054085e+02  1.01e-16 4.44e-16  4.64e-09    59s
  21   2.10225982e+02  2.12473844e+02  1.31e-16 4.44e-16  2.63e-09    60s
  22   2.10989330e+02  2.12106755e+02  1.83e-16 4.44e-16  1.31e-09    62s
  23   2.11191812e+02  2.12012471e+02  1.49e-16 4.44e-16  9.61e-10    64s
  24   2.11415013e+02  2.11912923e+02  1.04e-16 4.44e-16  5.83e-10    66s
  25   2.11530767e+02  2.11861684e+02  1.01e-16 4.44e-16  3.87e-10    67s
  26   2.11640364e+02  2.11814835e+02  1.26e-16 4.44e-16  2.04e-10    69s
  27   2.11704730e+02  2.11787764e+02  2.51e-16 4.44e-16  9.72e-11    71s
  28   2.11738876e+02  2.11773750e+02  3.82e-16 4.44e-16  4.08e-11    72s
  29   2.11752353e+02  2.11768306e+02  1.04e-15 4.44e-16  1.87e-11    74s
  30   2.11760051e+02  2.11765246e+02  2.00e-15 5.55e-16  6.08e-12    76s
  31   2.11762014e+02  2.11764472e+02  3.45e-15 4.44e-16  2.88e-12    78s
  32   2.11763257e+02  2.11763982e+02  8.23e-15 6.66e-16  8.49e-13    80s
  33   2.11763676e+02  2.11763818e+02  6.13e-15 5.55e-16  1.66e-13    82s
  34   2.11763752e+02  2.11763788e+02  3.03e-15 5.55e-16  4.18e-14    84s
  35   2.11763775e+02  2.11763780e+02  3.42e-15 5.55e-16  5.74e-15    85s

Barrier solved model in 35 iterations and 85.35 seconds (16.01 work units)
Optimal objective 2.11763775e+02

Done! Time elapsed: 116.02923965454102 seconds.
Starting HMC sampling...

                                                                                                                                                                                                                                                                                                                                
Finished sampling! Elapsed Time: 1037.5294213294983 seconds

Checking sampler transitions treedepth.
81 of 16000 (0.51%) transitions hit the maximum treedepth limit of 10, or 2^10 leapfrog steps.
Trajectories that are prematurely terminated due to this limit will result in slow exploration.
For optimal performance, increase this limit.

Checking sampler transitions for divergences.
No divergent transitions found.

Checking E-BFMI - sampler transitions HMC potential energy.
E-BFMI satisfactory.

Rank-normalized split effective sample size satisfactory for all parameters.

Rank-normalized split R-hat values satisfactory for all parameters.

Processing complete.

Parameters from last iteration: [2.39709344e-01 4.01087963e-01 4.01999404e-01 ... 2.52742169e+02
 2.34328002e+02 2.33791258e+02]

Parameters from current iteration:
            [2.44207762e-01 3.85239742e-01 3.86036269e-01 ... 2.52789171e+02
 2.34386919e+02 2.33863742e+02]

Updated uncertain values: [2.40833948e-01 3.97125907e-01 3.98008621e-01 ... 2.52753919e+02
 2.34342731e+02 2.33809379e+02]


            Iteration [   5]: Absolute Error = 0.3795776297906741,
            Percentage Error = 0.07341791236023278
            
Optimization Iteration[6/100]

Theta: [0.24083395 0.39712591 0.39800862 ... 1.95280685 1.19803979 1.05920994]

Gamma: [606.0285681  587.21380799 531.80849919 ... 252.75391936 234.34273112
 233.80937921]

Solving the optimization problem...
Set parameter TokenServer to value "licenses.rcc.uchicago.edu"
Read LP format model from file /scratch/local/jobs/50255471/tmpqs1dwrqo.pyomo.lp
Reading time = 2.15 seconds
x1: 417600 rows, 834801 columns, 2083271 nonzeros
Gurobi Optimizer version 11.0.0 build v11.0.0rc2 (linux64 - "CentOS Linux 8")

CPU model: Intel(R) Xeon(R) Gold 6248R CPU @ 3.00GHz, instruction set [SSE2|AVX|AVX2|AVX512]
Thread count: 48 physical cores, 48 logical processors, using up to 32 threads

Optimize a model with 417600 rows, 834801 columns and 2083271 nonzeros
Model fingerprint: 0x74001cfd
Model has 400 quadratic objective terms
Coefficient statistics:
  Matrix range     [1e+00, 9e+02]
  Objective range  [8e-04, 9e+02]
  QObjective range [2e+03, 2e+05]
  Bounds range     [3e-06, 1e+00]
  RHS range        [9e-11, 4e-01]
Presolve removed 208947 rows and 209294 columns
Presolve time: 0.80s
Presolved: 208653 rows, 625507 columns, 1249571 nonzeros
Presolved model has 400 quadratic objective terms
Ordering time: 0.96s

Barrier statistics:
 AA' NZ     : 6.241e+05
 Factor NZ  : 6.773e+07 (roughly 900 MB of memory)
 Factor Ops : 2.543e+10 (less than 1 second per iteration)
 Threads    : 32

                  Objective                Residual
Iter       Primal          Dual         Primal    Dual     Compl     Time
   0  -1.54205062e+11  1.10640369e+11  1.04e+06 1.14e-13  1.00e+06     6s
   1  -6.51298685e+10  6.33649657e+10  4.43e+04 3.08e+01  4.67e+04     8s
   2  -3.05847235e+10  3.06529587e+10  4.48e+02 1.24e-01  5.43e+02    10s
   3  -1.08844880e+10  1.09723419e+10  3.21e+00 1.47e-12  2.86e+01    12s
   4  -2.40139729e+09  2.49911693e+09  2.67e-01 1.23e-12  5.95e+00    17s
   5  -5.82499254e+08  6.48573922e+08  3.65e-02 2.79e-12  1.46e+00    21s
   6  -9.63182174e+07  1.09557687e+08  2.74e-03 1.40e-12  2.41e-01    26s
   7  -1.41121485e+07  1.68726632e+07  2.74e-09 4.25e-12  3.63e-02    31s
   8  -2.06889934e+06  2.45805450e+06  2.60e-13 1.09e-12  5.30e-03    33s
   9  -3.08205269e+05  3.77572292e+05  4.72e-14 3.04e-13  8.03e-04    35s
  10  -4.64191741e+04  5.45224005e+04  2.26e-14 5.59e-14  1.18e-04    37s
  11  -7.25823063e+03  8.45742129e+03  1.18e-14 7.55e-15  1.84e-05    39s
  12  -1.78455351e+03  1.91616870e+03  1.06e-14 2.11e-15  4.33e-06    42s
  13  -4.22865876e+02  9.39398281e+02  1.49e-15 4.77e-16  1.59e-06    45s
  14   4.08935280e+00  4.42445449e+02  5.41e-16 4.44e-16  5.13e-07    47s
  15   1.16741416e+02  2.80006635e+02  1.90e-16 6.66e-16  1.91e-07    49s
  16   1.68333263e+02  2.27471522e+02  1.15e-16 4.44e-16  6.92e-08    51s
  17   1.79313326e+02  2.19615029e+02  1.00e-16 4.44e-16  4.72e-08    53s
  18   1.92795395e+02  2.10629445e+02  9.15e-17 5.55e-16  2.09e-08    55s
  19   1.97925707e+02  2.07718360e+02  6.03e-17 4.44e-16  1.15e-08    56s
  20   2.01309412e+02  2.05951279e+02  5.27e-17 4.44e-16  5.43e-09    58s
  21   2.02655276e+02  2.05308498e+02  7.33e-17 4.44e-16  3.11e-09    60s
  22   2.03400983e+02  2.04966954e+02  3.14e-16 4.44e-16  1.83e-09    62s
  23   2.03807978e+02  2.04785379e+02  3.06e-16 4.44e-16  1.14e-09    63s
  24   2.03991489e+02  2.04705880e+02  1.83e-16 4.44e-16  8.36e-10    65s
  25   2.04229329e+02  2.04603009e+02  2.27e-16 4.44e-16  4.38e-10    67s
  26   2.04328968e+02  2.04560736e+02  2.13e-16 3.33e-16  2.71e-10    69s
  27   2.04397316e+02  2.04532287e+02  2.95e-16 4.44e-16  1.58e-10    71s
  28   2.04455329e+02  2.04508530e+02  3.46e-16 5.55e-16  6.23e-11    72s
  29   2.04456191e+02  2.04508184e+02  3.36e-16 5.55e-16  6.09e-11    74s
  30   2.04478375e+02  2.04499282e+02  3.55e-16 6.66e-16  2.45e-11    76s
  31   2.04486645e+02  2.04496018e+02  9.88e-16 5.55e-16  1.10e-11    78s
  32   2.04492037e+02  2.04493889e+02  3.63e-15 5.55e-16  2.17e-12    80s
  33   2.04493022e+02  2.04493502e+02  3.38e-15 6.66e-16  5.62e-13    82s
  34   2.04493324e+02  2.04493384e+02  1.07e-14 6.66e-16  6.95e-14    84s
  35   2.04493357e+02  2.04493371e+02  5.62e-15 5.55e-16  1.73e-14    86s
  36   2.04493367e+02  2.04493367e+02  6.48e-15 5.55e-16  2.20e-16    88s

Barrier solved model in 36 iterations and 87.54 seconds (16.48 work units)
Optimal objective 2.04493367e+02

Done! Time elapsed: 118.13368344306946 seconds.
Starting HMC sampling...

                                                                                                                                                                                                                                                                                                                                
Finished sampling! Elapsed Time: 984.827296257019 seconds

Checking sampler transitions treedepth.
161 of 16000 (1.01%) transitions hit the maximum treedepth limit of 10, or 2^10 leapfrog steps.
Trajectories that are prematurely terminated due to this limit will result in slow exploration.
For optimal performance, increase this limit.

Checking sampler transitions for divergences.
No divergent transitions found.

Checking E-BFMI - sampler transitions HMC potential energy.
E-BFMI satisfactory.

Rank-normalized split effective sample size satisfactory for all parameters.

Rank-normalized split R-hat values satisfactory for all parameters.

Processing complete.

Parameters from last iteration: [2.40833948e-01 3.97125907e-01 3.98008621e-01 ... 2.52753919e+02
 2.34342731e+02 2.33809379e+02]

Parameters from current iteration:
            [2.40133694e-01 3.81656382e-01 3.82455681e-01 ... 2.52833123e+02
 2.34385142e+02 2.33824668e+02]

Updated uncertain values: [2.40658885e-01 3.93258526e-01 3.94120386e-01 ... 2.52773720e+02
 2.34353334e+02 2.33813201e+02]


            Iteration [   6]: Absolute Error = 0.2131609950396296,
            Percentage Error = 0.04741223244333188
            
Optimization Iteration[7/100]

Theta: [0.24065888 0.39325853 0.39412039 ... 1.93722937 1.19627056 1.05969035]

Gamma: [605.99922689 587.19979138 531.80649589 ... 252.77372015 234.35333375
 233.81320144]

Solving the optimization problem...
Set parameter TokenServer to value "licenses.rcc.uchicago.edu"
Read LP format model from file /scratch/local/jobs/50255471/tmp1dh14pu8.pyomo.lp
Reading time = 2.15 seconds
x1: 417600 rows, 834801 columns, 2083271 nonzeros
Gurobi Optimizer version 11.0.0 build v11.0.0rc2 (linux64 - "CentOS Linux 8")

CPU model: Intel(R) Xeon(R) Gold 6248R CPU @ 3.00GHz, instruction set [SSE2|AVX|AVX2|AVX512]
Thread count: 48 physical cores, 48 logical processors, using up to 32 threads

Optimize a model with 417600 rows, 834801 columns and 2083271 nonzeros
Model fingerprint: 0xea790d12
Model has 400 quadratic objective terms
Coefficient statistics:
  Matrix range     [1e+00, 9e+02]
  Objective range  [9e-04, 9e+02]
  QObjective range [2e+03, 2e+05]
  Bounds range     [3e-06, 1e+00]
  RHS range        [9e-11, 4e-01]
Presolve removed 208947 rows and 209294 columns
Presolve time: 0.81s
Presolved: 208653 rows, 625507 columns, 1249571 nonzeros
Presolved model has 400 quadratic objective terms
Ordering time: 1.34s

Barrier statistics:
 AA' NZ     : 6.241e+05
 Factor NZ  : 6.773e+07 (roughly 900 MB of memory)
 Factor Ops : 2.543e+10 (less than 1 second per iteration)
 Threads    : 32

                  Objective                Residual
Iter       Primal          Dual         Primal    Dual     Compl     Time
   0  -1.54226458e+11  1.10640369e+11  1.04e+06 1.14e-13  1.00e+06     6s
   1  -6.51307745e+10  6.33649659e+10  4.43e+04 3.08e+01  4.67e+04     8s
   2  -3.05847327e+10  3.06529588e+10  4.48e+02 1.24e-01  5.43e+02    10s
   3  -1.08844881e+10  1.09723420e+10  3.21e+00 1.63e-12  2.86e+01    12s
   4  -2.40139732e+09  2.49911696e+09  2.67e-01 1.34e-12  5.95e+00    17s
   5  -5.82499241e+08  6.48573906e+08  3.65e-02 4.74e-12  1.46e+00    21s
   6  -9.63182085e+07  1.09557671e+08  2.74e-03 1.37e-12  2.41e-01    26s
   7  -1.41121501e+07  1.68726563e+07  2.74e-09 1.35e-12  3.63e-02    31s
   8  -2.06890308e+06  2.45805200e+06  2.77e-13 1.19e-12  5.30e-03    34s
   9  -3.08208494e+05  3.77564913e+05  4.96e-14 2.41e-13  8.03e-04    36s
  10  -4.64226073e+04  5.45171493e+04  1.79e-14 6.70e-14  1.18e-04    37s
  11  -7.26177249e+03  8.45210041e+03  1.38e-14 9.46e-15  1.84e-05    39s
  12  -1.79268691e+03  1.91671995e+03  1.15e-14 2.32e-15  4.34e-06    43s
  13  -4.27659578e+02  9.34322262e+02  1.24e-15 6.66e-16  1.59e-06    45s
  14  -1.46928177e+00  3.90553419e+02  6.82e-16 5.55e-16  4.59e-07    48s
  15   1.18922530e+02  2.66642030e+02  2.37e-16 5.55e-16  1.73e-07    50s
  16   1.69696708e+02  2.17194958e+02  1.46e-16 5.55e-16  5.56e-08    52s
  17   1.75807799e+02  2.13239076e+02  8.72e-17 4.44e-16  4.38e-08    53s
  18   1.88539544e+02  2.05218378e+02  7.20e-17 4.44e-16  1.95e-08    55s
  19   1.92225116e+02  2.03240089e+02  5.70e-17 4.44e-16  1.29e-08    57s
  20   1.96254119e+02  2.01149547e+02  4.49e-17 4.44e-16  5.73e-09    59s
  21   1.97564558e+02  2.00535658e+02  8.07e-17 4.44e-16  3.48e-09    60s
  22   1.98557701e+02  2.00084601e+02  1.21e-16 4.44e-16  1.79e-09    62s
  23   1.98865394e+02  1.99949802e+02  1.48e-16 4.44e-16  1.27e-09    64s
  24   1.99088431e+02  1.99853431e+02  1.47e-16 4.44e-16  8.96e-10    66s
  25   1.99280681e+02  1.99771201e+02  1.51e-16 4.44e-16  5.74e-10    67s
  26   1.99410617e+02  1.99716339e+02  1.80e-16 4.44e-16  3.58e-10    69s
  27   1.99461121e+02  1.99695412e+02  1.61e-16 4.44e-16  2.74e-10    71s
  28   1.99517791e+02  1.99672204e+02  1.22e-16 4.44e-16  1.81e-10    73s
  29   1.99582310e+02  1.99645781e+02  1.42e-16 4.44e-16  7.43e-11    74s
  30   1.99583582e+02  1.99645267e+02  1.31e-16 4.44e-16  7.22e-11    76s
  31   1.99584823e+02  1.99644766e+02  1.36e-16 5.55e-16  7.02e-11    78s
  32   1.99595438e+02  1.99640479e+02  1.16e-16 4.51e-16  5.27e-11    80s
  33   1.99613602e+02  1.99633230e+02  4.28e-16 4.44e-16  2.30e-11    82s
  34   1.99622106e+02  1.99629833e+02  1.58e-15 5.55e-16  9.05e-12    84s
  35   1.99626175e+02  1.99628235e+02  1.10e-15 4.44e-16  2.41e-12    86s
  36   1.99627172e+02  1.99627845e+02  1.06e-15 5.55e-16  7.88e-13    88s
  37   1.99627477e+02  1.99627726e+02  8.97e-16 4.44e-16  2.91e-13    90s
  38   1.99627608e+02  1.99627674e+02  3.90e-16 5.55e-16  7.72e-14    91s
  39   1.99627648e+02  1.99627659e+02  5.03e-16 5.55e-16  1.35e-14    93s
  40   1.99627654e+02  1.99627656e+02  3.02e-16 5.55e-16  2.29e-15    95s

Barrier solved model in 40 iterations and 94.91 seconds (17.98 work units)
Optimal objective 1.99627654e+02

Done! Time elapsed: 127.86647653579712 seconds.
Starting HMC sampling...

                                                                                                                                                                                                                                                                                                                                
Finished sampling! Elapsed Time: 1125.9070928096771 seconds

Checking sampler transitions treedepth.
112 of 16000 (0.70%) transitions hit the maximum treedepth limit of 10, or 2^10 leapfrog steps.
Trajectories that are prematurely terminated due to this limit will result in slow exploration.
For optimal performance, increase this limit.

Checking sampler transitions for divergences.
No divergent transitions found.

Checking E-BFMI - sampler transitions HMC potential energy.
E-BFMI satisfactory.

Rank-normalized split effective sample size satisfactory for all parameters.

Rank-normalized split R-hat values satisfactory for all parameters.

Processing complete.

Parameters from last iteration: [2.40658885e-01 3.93258526e-01 3.94120386e-01 ... 2.52773720e+02
 2.34353334e+02 2.33813201e+02]

Parameters from current iteration:
            [2.34367673e-01 3.73302034e-01 3.74086714e-01 ... 2.52828941e+02
 2.34397207e+02 2.33872477e+02]

Updated uncertain values: [2.39086082e-01 3.88269403e-01 3.89111968e-01 ... 2.52787525e+02
 2.34364302e+02 2.33828020e+02]


            Iteration [   7]: Absolute Error = 0.31909816673135083,
            Percentage Error = 0.023259609884387522
            
Optimization Iteration[8/100]

Theta: [0.23908608 0.3882694  0.38911197 ... 1.92504114 1.19426793 1.05937172]

Gamma: [606.06474191 587.26001232 531.84483732 ... 252.78752526 234.36430199
 233.82802026]

Solving the optimization problem...
Set parameter TokenServer to value "licenses.rcc.uchicago.edu"
Read LP format model from file /scratch/local/jobs/50255471/tmph5elp88o.pyomo.lp
Reading time = 2.17 seconds
x1: 417600 rows, 834801 columns, 2083271 nonzeros
Gurobi Optimizer version 11.0.0 build v11.0.0rc2 (linux64 - "CentOS Linux 8")

CPU model: Intel(R) Xeon(R) Gold 6248R CPU @ 3.00GHz, instruction set [SSE2|AVX|AVX2|AVX512]
Thread count: 48 physical cores, 48 logical processors, using up to 32 threads

Optimize a model with 417600 rows, 834801 columns and 2083271 nonzeros
Model fingerprint: 0x3348e4cf
Model has 400 quadratic objective terms
Coefficient statistics:
  Matrix range     [1e+00, 9e+02]
  Objective range  [6e-05, 9e+02]
  QObjective range [2e+03, 2e+05]
  Bounds range     [3e-06, 1e+00]
  RHS range        [9e-11, 4e-01]
Presolve removed 208947 rows and 209294 columns
Presolve time: 0.80s
Presolved: 208653 rows, 625507 columns, 1249571 nonzeros
Presolved model has 400 quadratic objective terms
Ordering time: 1.16s

Barrier statistics:
 AA' NZ     : 6.241e+05
 Factor NZ  : 6.773e+07 (roughly 900 MB of memory)
 Factor Ops : 2.543e+10 (less than 1 second per iteration)
 Threads    : 32

                  Objective                Residual
Iter       Primal          Dual         Primal    Dual     Compl     Time
   0  -1.54235955e+11  1.10640369e+11  1.04e+06 1.14e-13  1.00e+06     5s
   1  -6.51311801e+10  6.33649679e+10  4.43e+04 3.08e+01  4.67e+04     7s
   2  -3.05847376e+10  3.06529597e+10  4.48e+02 1.24e-01  5.43e+02     9s
   3  -1.08844884e+10  1.09723423e+10  3.21e+00 1.44e-12  2.86e+01    11s
   4  -2.40139737e+09  2.49911703e+09  2.67e-01 1.42e-12  5.95e+00    16s
   5  -5.82499244e+08  6.48573915e+08  3.65e-02 3.66e-12  1.46e+00    20s
   6  -9.63182012e+07  1.09557662e+08  2.74e-03 1.27e-12  2.41e-01    25s
   7  -1.41121495e+07  1.68726511e+07  2.74e-09 1.17e-12  3.63e-02    30s
   8  -2.06890459e+06  2.45805194e+06  2.67e-13 9.59e-13  5.30e-03    33s
   9  -3.08209587e+05  3.77559927e+05  3.24e-14 3.14e-13  8.03e-04    35s
  10  -4.64240566e+04  5.45142389e+04  2.17e-14 5.82e-14  1.18e-04    37s
  11  -7.26350430e+03  8.44892608e+03  1.22e-14 7.57e-15  1.84e-05    38s
  12  -1.79567229e+03  1.91479926e+03  1.10e-14 1.47e-15  4.34e-06    42s
  13  -4.29145266e+02  9.28072995e+02  1.39e-15 6.66e-16  1.59e-06    44s
  14  -8.97016122e+00  4.03515659e+02  6.16e-16 4.44e-16  4.83e-07    47s
  15   1.11007089e+02  2.69713659e+02  3.04e-16 5.55e-16  1.86e-07    49s
  16   1.65309858e+02  2.15148506e+02  1.59e-16 4.44e-16  5.84e-08    51s
  17   1.72039315e+02  2.10768684e+02  1.18e-16 4.44e-16  4.53e-08    52s
  18   1.85230569e+02  2.02394480e+02  9.58e-17 4.44e-16  2.01e-08    54s
  19   1.88359157e+02  2.00706570e+02  7.68e-17 4.44e-16  1.45e-08    56s
  20   1.92668149e+02  1.98437570e+02  4.92e-17 4.44e-16  6.75e-09    58s
  21   1.94088248e+02  1.97758122e+02  4.53e-17 5.55e-16  4.30e-09    59s
  22   1.95160864e+02  1.97261827e+02  1.15e-16 4.44e-16  2.46e-09    61s
  23   1.95622691e+02  1.97055049e+02  1.34e-16 4.44e-16  1.68e-09    63s
  24   1.95950271e+02  1.96911386e+02  1.05e-16 4.44e-16  1.13e-09    64s
  25   1.96190731e+02  1.96807500e+02  1.22e-16 4.44e-16  7.22e-10    66s
  26   1.96380001e+02  1.96727000e+02  1.02e-16 4.44e-16  4.06e-10    68s
  27   1.96480259e+02  1.96685248e+02  2.82e-16 4.44e-16  2.40e-10    70s
  28   1.96547467e+02  1.96657590e+02  1.87e-16 4.44e-16  1.29e-10    71s
  29   1.96589551e+02  1.96640600e+02  1.52e-16 5.55e-16  5.98e-11    73s
  30   1.96611237e+02  1.96631901e+02  2.86e-16 4.44e-16  2.42e-11    75s
  31   1.96619438e+02  1.96628634e+02  2.22e-15 4.44e-16  1.08e-11    77s
  32   1.96623364e+02  1.96627084e+02  1.38e-15 6.66e-16  4.36e-12    78s
  33   1.96625392e+02  1.96626288e+02  7.31e-16 6.66e-16  1.05e-12    80s
  34   1.96625895e+02  1.96626091e+02  2.04e-15 5.55e-16  2.29e-13    82s
  35   1.96626012e+02  1.96626045e+02  2.00e-15 6.66e-16  3.90e-14    84s
  36   1.96626035e+02  1.96626036e+02  7.95e-16 6.66e-16  5.26e-16    86s

Barrier solved model in 36 iterations and 85.62 seconds (16.50 work units)
Optimal objective 1.96626035e+02

Done! Time elapsed: 116.31762409210205 seconds.
Starting HMC sampling...

                                                                                                                                                                                                                                                                                                                                
Finished sampling! Elapsed Time: 1089.8781943321228 seconds

Checking sampler transitions treedepth.
83 of 16000 (0.52%) transitions hit the maximum treedepth limit of 10, or 2^10 leapfrog steps.
Trajectories that are prematurely terminated due to this limit will result in slow exploration.
For optimal performance, increase this limit.

Checking sampler transitions for divergences.
No divergent transitions found.

Checking E-BFMI - sampler transitions HMC potential energy.
E-BFMI satisfactory.

Rank-normalized split effective sample size satisfactory for all parameters.

Rank-normalized split R-hat values satisfactory for all parameters.

Processing complete.

Parameters from last iteration: [2.39086082e-01 3.88269403e-01 3.89111968e-01 ... 2.52787525e+02
 2.34364302e+02 2.33828020e+02]

Parameters from current iteration:
            [2.34178406e-01 3.73751590e-01 3.74539878e-01 ... 2.52834827e+02
 2.34430307e+02 2.33900312e+02]

Updated uncertain values: [2.37859163e-01 3.84639950e-01 3.85468945e-01 ... 2.52799351e+02
 2.34380803e+02 2.33846093e+02]


            Iteration [   8]: Absolute Error = 0.33757297666943487,
            Percentage Error = 0.017198152172551388
            
Optimization Iteration[9/100]

Theta: [0.23785916 0.38463995 0.38546895 ... 1.91673726 1.19261563 1.05880309]

Gamma: [606.05437211 587.2418826  531.82841078 ... 252.79935057 234.38080312
 233.84609316]

Solving the optimization problem...
Set parameter TokenServer to value "licenses.rcc.uchicago.edu"
Read LP format model from file /scratch/local/jobs/50255471/tmpb_ysraev.pyomo.lp
Reading time = 2.17 seconds
x1: 417600 rows, 834801 columns, 2083271 nonzeros
Gurobi Optimizer version 11.0.0 build v11.0.0rc2 (linux64 - "CentOS Linux 8")

CPU model: Intel(R) Xeon(R) Gold 6248R CPU @ 3.00GHz, instruction set [SSE2|AVX|AVX2|AVX512]
Thread count: 48 physical cores, 48 logical processors, using up to 32 threads

Optimize a model with 417600 rows, 834801 columns and 2083271 nonzeros
Model fingerprint: 0x29c4f924
Model has 400 quadratic objective terms
Coefficient statistics:
  Matrix range     [1e+00, 9e+02]
  Objective range  [9e-05, 9e+02]
  QObjective range [2e+03, 2e+05]
  Bounds range     [3e-06, 1e+00]
  RHS range        [9e-11, 4e-01]
Presolve removed 208947 rows and 209294 columns
Presolve time: 0.81s
Presolved: 208653 rows, 625507 columns, 1249571 nonzeros
Presolved model has 400 quadratic objective terms
Ordering time: 0.77s

Barrier statistics:
 AA' NZ     : 6.241e+05
 Factor NZ  : 6.773e+07 (roughly 900 MB of memory)
 Factor Ops : 2.543e+10 (less than 1 second per iteration)
 Threads    : 32

                  Objective                Residual
Iter       Primal          Dual         Primal    Dual     Compl     Time
   0  -1.54241118e+11  1.10640369e+11  1.04e+06 1.13e-13  1.00e+06     5s
   1  -6.51314005e+10  6.33649684e+10  4.43e+04 3.08e+01  4.67e+04     7s
   2  -3.05847400e+10  3.06529599e+10  4.48e+02 1.24e-01  5.43e+02     9s
   3  -1.08844885e+10  1.09723424e+10  3.21e+00 1.51e-12  2.86e+01    11s
   4  -2.40139739e+09  2.49911707e+09  2.67e-01 1.43e-12  5.95e+00    16s
   5  -5.82499233e+08  6.48573912e+08  3.65e-02 3.42e-12  1.46e+00    21s
   6  -9.63181914e+07  1.09557653e+08  2.74e-03 1.41e-12  2.41e-01    26s
   7  -1.41121479e+07  1.68726460e+07  2.74e-09 2.20e-12  3.63e-02    31s
   8  -2.06890525e+06  2.45805227e+06  2.65e-13 9.42e-13  5.30e-03    33s
   9  -3.08210042e+05  3.77556462e+05  3.78e-14 3.05e-13  8.03e-04    35s
  10  -4.64248286e+04  5.45123273e+04  1.93e-14 6.94e-14  1.18e-04    37s
  11  -7.26454614e+03  8.44677767e+03  1.33e-14 1.18e-14  1.84e-05    39s
  12  -1.79628890e+03  1.91175029e+03  1.07e-14 1.87e-15  4.34e-06    43s
  13  -4.28995628e+02  9.21481487e+02  1.75e-15 4.90e-16  1.58e-06    45s
  14  -1.54062106e+01  3.68745226e+02  6.17e-16 5.55e-16  4.50e-07    48s
  15   1.06824956e+02  2.67939052e+02  2.09e-16 5.55e-16  1.89e-07    50s
  16   1.61148584e+02  2.19802132e+02  1.16e-16 5.55e-16  6.87e-08    53s
  17   1.78984442e+02  2.04032513e+02  6.29e-17 4.44e-16  2.93e-08    54s
  18   1.84367574e+02  2.00306842e+02  2.50e-16 4.44e-16  1.87e-08    56s
  19   1.89774204e+02  1.96968796e+02  1.23e-16 4.44e-16  8.42e-09    58s
  20   1.91588384e+02  1.95958223e+02  1.12e-16 4.44e-16  5.12e-09    60s
  21   1.92911150e+02  1.95283134e+02  1.39e-16 4.44e-16  2.78e-09    62s
  22   1.93542755e+02  1.94974884e+02  1.36e-16 4.44e-16  1.68e-09    64s
  23   1.93926682e+02  1.94797279e+02  1.89e-16 4.44e-16  1.02e-09    65s
  24   1.94180889e+02  1.94682888e+02  1.16e-16 4.44e-16  5.88e-10    67s
  25   1.94330964e+02  1.94616535e+02  2.48e-16 4.44e-16  3.34e-10    69s
  26   1.94402584e+02  1.94586232e+02  2.10e-16 4.44e-16  2.15e-10    71s
  27   1.94468563e+02  1.94558696e+02  1.78e-16 4.44e-16  1.06e-10    73s
  28   1.94497234e+02  1.94547018e+02  2.06e-16 4.44e-16  5.83e-11    75s
  29   1.94520400e+02  1.94537686e+02  4.44e-16 5.55e-16  2.02e-11    76s
  30   1.94520726e+02  1.94537556e+02  4.27e-16 6.66e-16  1.97e-11    78s
  31   1.94521927e+02  1.94537073e+02  3.36e-16 5.55e-16  1.77e-11    80s
  32   1.94526892e+02  1.94535091e+02  1.41e-15 4.44e-16  9.60e-12    82s
  33   1.94531191e+02  1.94533389e+02  2.39e-15 5.55e-16  2.57e-12    84s
  34   1.94532357e+02  1.94532930e+02  2.76e-15 6.66e-16  6.71e-13    86s
  35   1.94532652e+02  1.94532815e+02  3.52e-15 5.55e-16  1.90e-13    88s
  36   1.94532728e+02  1.94532785e+02  2.93e-15 6.66e-16  6.67e-14    90s
  37   1.94532763e+02  1.94532771e+02  1.13e-15 6.66e-16  9.37e-15    92s

Barrier solved model in 37 iterations and 91.86 seconds (16.85 work units)
Optimal objective 1.94532763e+02

Done! Time elapsed: 123.09588599205017 seconds.
Starting HMC sampling...

                                                                                                                                                                                                                                                                                                                                
Finished sampling! Elapsed Time: 1114.5761318206787 seconds

Checking sampler transitions treedepth.
149 of 16000 (0.93%) transitions hit the maximum treedepth limit of 10, or 2^10 leapfrog steps.
Trajectories that are prematurely terminated due to this limit will result in slow exploration.
For optimal performance, increase this limit.

Checking sampler transitions for divergences.
No divergent transitions found.

Checking E-BFMI - sampler transitions HMC potential energy.
E-BFMI satisfactory.

Rank-normalized split effective sample size satisfactory for all parameters.

Rank-normalized split R-hat values satisfactory for all parameters.

Processing complete.

Parameters from last iteration: [2.37859163e-01 3.84639950e-01 3.85468945e-01 ... 2.52799351e+02
 2.34380803e+02 2.33846093e+02]

Parameters from current iteration:
            [2.33179788e-01 3.73494974e-01 3.74287452e-01 ... 2.52741877e+02
 2.34346912e+02 2.33839578e+02]

Updated uncertain values: [2.36689319e-01 3.81853706e-01 3.82673572e-01 ... 2.52784982e+02
 2.34372330e+02 2.33844464e+02]


            Iteration [   9]: Absolute Error = 0.24334667051448378,
            Percentage Error = 0.012822594856901405
            
Optimization Iteration[10/100]

Theta: [0.23668932 0.38185371 0.38267357 ... 1.91017046 1.19188557 1.05905967]

Gamma: [606.07603217 587.26278186 531.84404046 ... 252.78498208 234.37233025
 233.8444643 ]

Solving the optimization problem...
Set parameter TokenServer to value "licenses.rcc.uchicago.edu"
Read LP format model from file /scratch/local/jobs/50255471/tmpriutqln6.pyomo.lp
Reading time = 2.15 seconds
x1: 417600 rows, 834801 columns, 2083271 nonzeros
Gurobi Optimizer version 11.0.0 build v11.0.0rc2 (linux64 - "CentOS Linux 8")

CPU model: Intel(R) Xeon(R) Gold 6248R CPU @ 3.00GHz, instruction set [SSE2|AVX|AVX2|AVX512]
Thread count: 48 physical cores, 48 logical processors, using up to 32 threads

Optimize a model with 417600 rows, 834801 columns and 2083271 nonzeros
Model fingerprint: 0x02f672ad
Model has 400 quadratic objective terms
Coefficient statistics:
  Matrix range     [1e+00, 9e+02]
  Objective range  [7e-04, 9e+02]
  QObjective range [2e+03, 2e+05]
  Bounds range     [3e-06, 1e+00]
  RHS range        [9e-11, 4e-01]
Presolve removed 208947 rows and 209294 columns
Presolve time: 0.81s
Presolved: 208653 rows, 625507 columns, 1249571 nonzeros
Presolved model has 400 quadratic objective terms
Ordering time: 1.17s

Barrier statistics:
 AA' NZ     : 6.241e+05
 Factor NZ  : 6.773e+07 (roughly 900 MB of memory)
 Factor Ops : 2.543e+10 (less than 1 second per iteration)
 Threads    : 32

                  Objective                Residual
Iter       Primal          Dual         Primal    Dual     Compl     Time
   0  -1.54243897e+11  1.10640369e+11  1.04e+06 1.14e-13  1.00e+06     6s
   1  -6.51315199e+10  6.33649690e+10  4.43e+04 3.08e+01  4.67e+04     7s
   2  -3.05847414e+10  3.06529602e+10  4.48e+02 1.24e-01  5.43e+02     9s
   3  -1.08844886e+10  1.09723425e+10  3.21e+00 1.46e-12  2.86e+01    12s
   4  -2.40139740e+09  2.49911709e+09  2.67e-01 1.25e-12  5.95e+00    17s
   5  -5.82499230e+08  6.48573915e+08  3.65e-02 3.46e-12  1.46e+00    21s
   6  -9.63181861e+07  1.09557649e+08  2.74e-03 1.69e-12  2.41e-01    26s
   7  -1.41121471e+07  1.68726442e+07  2.74e-09 4.28e-12  3.63e-02    31s
   8  -2.06890559e+06  2.45805269e+06  2.50e-13 1.07e-12  5.30e-03    34s
   9  -3.08210211e+05  3.77554145e+05  3.95e-14 3.58e-13  8.03e-04    36s
  10  -4.64252377e+04  5.45110880e+04  1.74e-14 5.74e-14  1.18e-04    38s
  11  -7.26517669e+03  8.44530650e+03  1.22e-14 8.61e-15  1.84e-05    40s
  12  -1.79599244e+03  1.90878350e+03  1.04e-14 1.87e-15  4.34e-06    43s
  13  -4.32991343e+02  9.24193278e+02  1.67e-15 6.66e-16  1.59e-06    46s
  14  -2.41785354e+01  3.84427740e+02  4.84e-16 6.66e-16  4.78e-07    49s
  15   1.08297617e+02  2.64908365e+02  1.69e-16 6.66e-16  1.83e-07    51s
  16   1.60661378e+02  2.12602275e+02  1.07e-16 6.66e-16  6.08e-08    53s
  17   1.63204155e+02  2.10739173e+02  9.67e-17 5.55e-16  5.57e-08    55s
  18   1.69114384e+02  2.06866768e+02  7.72e-17 4.44e-16  4.42e-08    57s
  19   1.81960792e+02  1.98718340e+02  8.07e-17 4.44e-16  1.96e-08    59s
  20   1.86399354e+02  1.96310009e+02  1.14e-16 4.44e-16  1.16e-08    61s
  21   1.89713791e+02  1.94606849e+02  8.59e-17 4.44e-16  5.73e-09    62s
  22   1.91110403e+02  1.93945206e+02  1.13e-16 4.44e-16  3.32e-09    64s
  23   1.91912226e+02  1.93578806e+02  1.49e-16 4.44e-16  1.95e-09    66s
  24   1.92236259e+02  1.93435047e+02  1.11e-16 4.44e-16  1.40e-09    68s
  25   1.92534893e+02  1.93304990e+02  1.64e-16 4.44e-16  9.02e-10    70s
  26   1.92725086e+02  1.93224258e+02  1.76e-16 4.44e-16  5.84e-10    72s
  27   1.92888369e+02  1.93154675e+02  7.61e-17 4.44e-16  3.12e-10    74s
  28   1.92964953e+02  1.93122602e+02  1.53e-16 4.44e-16  1.85e-10    75s
  29   1.93020997e+02  1.93099484e+02  2.73e-16 4.44e-16  9.19e-11    77s
  30   1.93046964e+02  1.93089029e+02  6.81e-16 4.44e-16  4.92e-11    79s
  31   1.93066215e+02  1.93081293e+02  2.80e-15 5.55e-16  1.77e-11    81s
  32   1.93073929e+02  1.93078230e+02  1.39e-15 5.55e-16  5.04e-12    83s
  33   1.93075482e+02  1.93077619e+02  6.45e-16 4.44e-16  2.50e-12    85s
  34   1.93076515e+02  1.93077213e+02  1.05e-15 4.44e-16  8.17e-13    87s
  35   1.93076891e+02  1.93077066e+02  4.55e-15 6.66e-16  2.05e-13    89s
  36   1.93077013e+02  1.93077018e+02  7.98e-15 5.55e-16  5.81e-15    91s

Barrier solved model in 36 iterations and 91.41 seconds (16.49 work units)
Optimal objective 1.93077013e+02

Done! Time elapsed: 122.77534437179565 seconds.
Starting HMC sampling...

                                                                                                                                                                                                                                                                                                                                
Finished sampling! Elapsed Time: 914.8461034297943 seconds

Checking sampler transitions treedepth.
92 of 16000 (0.57%) transitions hit the maximum treedepth limit of 10, or 2^10 leapfrog steps.
Trajectories that are prematurely terminated due to this limit will result in slow exploration.
For optimal performance, increase this limit.

Checking sampler transitions for divergences.
No divergent transitions found.

Checking E-BFMI - sampler transitions HMC potential energy.
E-BFMI satisfactory.

Rank-normalized split effective sample size satisfactory for all parameters.

Rank-normalized split R-hat values satisfactory for all parameters.

Processing complete.

Parameters from last iteration: [2.36689319e-01 3.81853706e-01 3.82673572e-01 ... 2.52784982e+02
 2.34372330e+02 2.33844464e+02]

Parameters from current iteration:
            [2.32612577e-01 3.73628569e-01 3.74425006e-01 ... 2.52763148e+02
 2.34356097e+02 2.33837358e+02]

Updated uncertain values: [2.35670134e-01 3.79797422e-01 3.80611431e-01 ... 2.52779524e+02
 2.34368272e+02 2.33842688e+02]


            Iteration [  10]: Absolute Error = 0.28457625777502926,
            Percentage Error = 0.009097986565641635
            
Optimization Iteration[11/100]

Theta: [0.23567013 0.37979742 0.38061143 ... 1.90555313 1.19082754 1.05860196]

Gamma: [606.03741981 587.23035609 531.81119109 ... 252.77952357 234.36827194
 233.84268783]

Solving the optimization problem...
Set parameter TokenServer to value "licenses.rcc.uchicago.edu"
Read LP format model from file /scratch/local/jobs/50255471/tmpf0zaq42e.pyomo.lp
Reading time = 2.14 seconds
x1: 417600 rows, 834801 columns, 2083271 nonzeros
Gurobi Optimizer version 11.0.0 build v11.0.0rc2 (linux64 - "CentOS Linux 8")

CPU model: Intel(R) Xeon(R) Gold 6248R CPU @ 3.00GHz, instruction set [SSE2|AVX|AVX2|AVX512]
Thread count: 48 physical cores, 48 logical processors, using up to 32 threads

Optimize a model with 417600 rows, 834801 columns and 2083271 nonzeros
Model fingerprint: 0x1f4acb2a
Model has 400 quadratic objective terms
Coefficient statistics:
  Matrix range     [1e+00, 9e+02]
  Objective range  [1e-03, 9e+02]
  QObjective range [2e+03, 2e+05]
  Bounds range     [3e-06, 1e+00]
  RHS range        [9e-11, 4e-01]
Presolve removed 208947 rows and 209294 columns
Presolve time: 0.81s
Presolved: 208653 rows, 625507 columns, 1249571 nonzeros
Presolved model has 400 quadratic objective terms
Ordering time: 1.02s

Barrier statistics:
 AA' NZ     : 6.241e+05
 Factor NZ  : 6.773e+07 (roughly 900 MB of memory)
 Factor Ops : 2.543e+10 (less than 1 second per iteration)
 Threads    : 32

                  Objective                Residual
Iter       Primal          Dual         Primal    Dual     Compl     Time
   0  -1.54244611e+11  1.10640369e+11  1.04e+06 1.12e-13  1.00e+06     6s
   1  -6.51315521e+10  6.33649700e+10  4.43e+04 3.08e+01  4.67e+04     8s
   2  -3.05847421e+10  3.06529607e+10  4.48e+02 1.24e-01  5.43e+02    10s
   3  -1.08844887e+10  1.09723427e+10  3.21e+00 1.47e-12  2.86e+01    12s
   4  -2.40139743e+09  2.49911713e+09  2.67e-01 1.25e-12  5.95e+00    17s
   5  -5.82499232e+08  6.48573924e+08  3.65e-02 4.20e-12  1.46e+00    22s
   6  -9.63181819e+07  1.09557647e+08  2.74e-03 1.42e-12  2.41e-01    27s
   7  -1.41121462e+07  1.68726439e+07  2.74e-09 1.51e-12  3.63e-02    32s
   8  -2.06890559e+06  2.45805330e+06  2.65e-13 8.88e-13  5.30e-03    34s
   9  -3.08210212e+05  3.77553211e+05  4.08e-14 4.05e-13  8.03e-04    36s
  10  -4.64254051e+04  5.45106037e+04  1.96e-14 6.45e-14  1.18e-04    38s
  11  -7.26553826e+03  8.44460534e+03  1.35e-14 1.09e-14  1.84e-05    40s
  12  -1.79548470e+03  1.90651413e+03  1.09e-14 2.34e-15  4.33e-06    44s
  13  -4.34690998e+02  9.28411014e+02  1.79e-15 5.55e-16  1.60e-06    46s
  14  -2.42968722e+01  3.81099155e+02  6.25e-16 4.44e-16  4.75e-07    49s
  15   1.07183527e+02  2.64361247e+02  2.89e-16 6.66e-16  1.84e-07    51s
  16   1.59821551e+02  2.11516640e+02  1.52e-16 6.66e-16  6.05e-08    53s
  17   1.62827496e+02  2.09511750e+02  1.53e-16 5.55e-16  5.47e-08    55s
  18   1.76409225e+02  2.00537720e+02  7.35e-17 4.44e-16  2.82e-08    57s
  19   1.82944347e+02  1.96694723e+02  5.29e-17 4.44e-16  1.61e-08    58s
  20   1.87281807e+02  1.94352594e+02  8.09e-17 4.44e-16  8.28e-09    60s
  21   1.89444319e+02  1.93282633e+02  6.92e-17 4.44e-16  4.49e-09    62s
  22   1.90647631e+02  1.92719599e+02  7.50e-17 4.44e-16  2.43e-09    64s
  23   1.91200679e+02  1.92471061e+02  1.40e-16 4.44e-16  1.49e-09    66s
  24   1.91438144e+02  1.92366968e+02  1.13e-16 4.44e-16  1.09e-09    68s
  25   1.91686747e+02  1.92259267e+02  2.76e-16 4.44e-16  6.70e-10    70s
  26   1.91840030e+02  1.92194035e+02  1.50e-16 4.44e-16  4.14e-10    72s
  27   1.91938817e+02  1.92152686e+02  1.69e-16 4.44e-16  2.50e-10    73s
  28   1.92009398e+02  1.92123456e+02  2.39e-16 4.44e-16  1.34e-10    75s
  29   1.92055453e+02  1.92104681e+02  3.86e-16 4.44e-16  5.76e-11    77s
  30   1.92058468e+02  1.92103470e+02  3.63e-16 4.44e-16  5.27e-11    79s
  31   1.92074861e+02  1.92096927e+02  2.10e-16 6.66e-16  2.58e-11    81s
  32   1.92087556e+02  1.92091861e+02  1.03e-15 5.55e-16  5.04e-12    83s
  33   1.92089553e+02  1.92091074e+02  6.39e-15 5.55e-16  1.78e-12    86s
  34   1.92090004e+02  1.92090897e+02  3.72e-15 5.55e-16  1.05e-12    88s
  35   1.92090513e+02  1.92090697e+02  3.19e-15 4.44e-16  2.16e-13    90s
  36   1.92090600e+02  1.92090663e+02  8.76e-16 5.55e-16  7.44e-14    91s
  37   1.92090635e+02  1.92090650e+02  1.61e-15 5.55e-16  1.70e-14    93s
  38   1.92090637e+02  1.92090649e+02  1.15e-15 4.44e-16  1.42e-14    95s
  39   1.92090645e+02  1.92090646e+02  7.52e-16 6.66e-16  1.40e-15    97s

Barrier solved model in 39 iterations and 97.12 seconds (17.63 work units)
Optimal objective 1.92090645e+02

Done! Time elapsed: 128.16225814819336 seconds.
Starting HMC sampling...

                                                                                                                                                                                                                                                                                                                                
Finished sampling! Elapsed Time: 998.2663085460663 seconds

Checking sampler transitions treedepth.
45 of 16000 (0.28%) transitions hit the maximum treedepth limit of 10, or 2^10 leapfrog steps.
Trajectories that are prematurely terminated due to this limit will result in slow exploration.
For optimal performance, increase this limit.

Checking sampler transitions for divergences.
No divergent transitions found.

Checking E-BFMI - sampler transitions HMC potential energy.
E-BFMI satisfactory.

Rank-normalized split effective sample size satisfactory for all parameters.

Rank-normalized split R-hat values satisfactory for all parameters.

Processing complete.

Parameters from last iteration: [2.35670134e-01 3.79797422e-01 3.80611431e-01 ... 2.52779524e+02
 2.34368272e+02 2.33842688e+02]

Parameters from current iteration:
            [2.32679652e-01 3.75543716e-01 3.76350590e-01 ... 2.52791253e+02
 2.34418324e+02 2.33910522e+02]

Updated uncertain values: [2.34922513e-01 3.78733995e-01 3.79546221e-01 ... 2.52782456e+02
 2.34380785e+02 2.33859646e+02]


            Iteration [  11]: Absolute Error = 0.1678503932306512,
            Percentage Error = 0.006476557051081798
            
Optimization Iteration[12/100]

Theta: [0.23492251 0.378734   0.37954622 ... 1.90298215 1.19051784 1.05866022]

Gamma: [605.92723388 587.1333886  531.74139484 ... 252.78245603 234.38078483
 233.85964649]

Solving the optimization problem...
Set parameter TokenServer to value "licenses.rcc.uchicago.edu"
Read LP format model from file /scratch/local/jobs/50255471/tmpmrvvt_1v.pyomo.lp
Reading time = 2.16 seconds
x1: 417600 rows, 834801 columns, 2083271 nonzeros
Gurobi Optimizer version 11.0.0 build v11.0.0rc2 (linux64 - "CentOS Linux 8")

CPU model: Intel(R) Xeon(R) Gold 6248R CPU @ 3.00GHz, instruction set [SSE2|AVX|AVX2|AVX512]
Thread count: 48 physical cores, 48 logical processors, using up to 32 threads

Optimize a model with 417600 rows, 834801 columns and 2083271 nonzeros
Model fingerprint: 0x63621390
Model has 400 quadratic objective terms
Coefficient statistics:
  Matrix range     [1e+00, 9e+02]
  Objective range  [8e-04, 9e+02]
  QObjective range [2e+03, 2e+05]
  Bounds range     [3e-06, 1e+00]
  RHS range        [9e-11, 4e-01]
Presolve removed 208947 rows and 209294 columns
Presolve time: 0.80s
Presolved: 208653 rows, 625507 columns, 1249571 nonzeros
Presolved model has 400 quadratic objective terms
Ordering time: 1.49s

Barrier statistics:
 AA' NZ     : 6.241e+05
 Factor NZ  : 6.773e+07 (roughly 900 MB of memory)
 Factor Ops : 2.543e+10 (less than 1 second per iteration)
 Threads    : 32

                  Objective                Residual
Iter       Primal          Dual         Primal    Dual     Compl     Time
   0  -1.54245308e+11  1.10640369e+11  1.04e+06 1.13e-13  1.00e+06     6s
   1  -6.51315832e+10  6.33649710e+10  4.43e+04 3.08e+01  4.67e+04     7s
   2  -3.05847429e+10  3.06529612e+10  4.48e+02 1.24e-01  5.43e+02     9s
   3  -1.08844888e+10  1.09723428e+10  3.21e+00 1.60e-12  2.86e+01    11s
   4  -2.40139746e+09  2.49911717e+09  2.67e-01 1.39e-12  5.95e+00    16s
   5  -5.82499234e+08  6.48573934e+08  3.65e-02 3.96e-12  1.46e+00    21s
   6  -9.63181789e+07  1.09557646e+08  2.74e-03 1.40e-12  2.41e-01    25s
   7  -1.41121456e+07  1.68726438e+07  2.74e-09 1.88e-12  3.63e-02    30s
   8  -2.06890560e+06  2.45805345e+06  2.82e-13 8.81e-13  5.30e-03    33s
   9  -3.08210265e+05  3.77552478e+05  4.36e-14 3.19e-13  8.03e-04    35s
  10  -4.64255833e+04  5.45101864e+04  2.31e-14 5.93e-14  1.18e-04    37s
  11  -7.26584633e+03  8.44404955e+03  1.38e-14 8.84e-15  1.84e-05    38s
  12  -1.79500162e+03  1.90465681e+03  1.08e-14 2.26e-15  4.33e-06    42s
  13  -4.36692454e+02  9.31796820e+02  1.54e-15 5.55e-16  1.60e-06    44s
  14  -2.36398632e+01  3.76776570e+02  8.50e-16 6.66e-16  4.69e-07    47s
  15   1.05054174e+02  2.65170470e+02  2.43e-16 5.55e-16  1.87e-07    49s
  16   1.59236761e+02  2.10594657e+02  1.02e-16 4.44e-16  6.01e-08    51s
  17   1.63314069e+02  2.07896946e+02  1.10e-16 4.44e-16  5.22e-08    53s
  18   1.77558599e+02  1.98591665e+02  7.63e-17 4.44e-16  2.46e-08    54s
  19   1.83660583e+02  1.95137217e+02  6.11e-17 4.44e-16  1.34e-08    56s
  20   1.87127568e+02  1.93326941e+02  6.90e-17 4.44e-16  7.26e-09    58s
  21   1.88504783e+02  1.92657244e+02  5.62e-17 4.44e-16  4.86e-09    60s
  22   1.89855078e+02  1.92022773e+02  9.35e-17 4.44e-16  2.54e-09    61s
  23   1.90397371e+02  1.91778988e+02  1.60e-16 4.44e-16  1.62e-09    63s
  24   1.90660175e+02  1.91663382e+02  2.08e-16 4.44e-16  1.17e-09    65s
  25   1.90944790e+02  1.91539960e+02  2.22e-16 4.44e-16  6.97e-10    66s
  26   1.91079916e+02  1.91482506e+02  9.52e-17 4.44e-16  4.71e-10    68s
  27   1.91208585e+02  1.91428562e+02  1.17e-16 4.44e-16  2.58e-10    70s
  28   1.91265183e+02  1.91405198e+02  1.47e-16 5.55e-16  1.64e-10    72s
  29   1.91316534e+02  1.91384184e+02  2.27e-16 4.44e-16  7.92e-11    74s
  30   1.91342985e+02  1.91373438e+02  3.00e-16 4.44e-16  3.57e-11    75s
  31   1.91354964e+02  1.91368631e+02  7.28e-16 4.44e-16  1.60e-11    77s
  32   1.91362005e+02  1.91365834e+02  8.09e-16 5.55e-16  4.48e-12    79s
  33   1.91363973e+02  1.91365058e+02  9.52e-16 5.55e-16  1.27e-12    81s
  34   1.91364583e+02  1.91364818e+02  2.58e-15 6.66e-16  2.75e-13    83s
  35   1.91364683e+02  1.91364779e+02  3.51e-15 6.66e-16  1.12e-13    85s
  36   1.91364744e+02  1.91364755e+02  4.61e-15 5.55e-16  1.29e-14    87s

Barrier solved model in 36 iterations and 87.08 seconds (16.49 work units)
Optimal objective 1.91364744e+02

Done! Time elapsed: 121.45895338058472 seconds.
Starting HMC sampling...

                                                                                                                                                                                                                                                                                                                                
Finished sampling! Elapsed Time: 692.8105580806732 seconds

Checking sampler transitions treedepth.
1 of 16000 (0.01%) transitions hit the maximum treedepth limit of 10, or 2^10 leapfrog steps.
Trajectories that are prematurely terminated due to this limit will result in slow exploration.
For optimal performance, increase this limit.

Checking sampler transitions for divergences.
No divergent transitions found.

Checking E-BFMI - sampler transitions HMC potential energy.
E-BFMI satisfactory.

Rank-normalized split effective sample size satisfactory for all parameters.

Rank-normalized split R-hat values satisfactory for all parameters.

Processing complete.

Parameters from last iteration: [2.34922513e-01 3.78733995e-01 3.79546221e-01 ... 2.52782456e+02
 2.34380785e+02 2.33859646e+02]

Parameters from current iteration:
            [2.32648417e-01 3.74625636e-01 3.75427502e-01 ... 2.52755939e+02
 2.34367675e+02 2.33884491e+02]

Updated uncertain values: [2.34353989e-01 3.77706906e-01 3.78516541e-01 ... 2.52775827e+02
 2.34377507e+02 2.33865858e+02]


            Iteration [  12]: Absolute Error = 0.11507180841522313,
            Percentage Error = 0.005061304526611726
            
Optimization Iteration[13/100]

Theta: [0.23435399 0.37770691 0.37851654 ... 1.89991747 1.18958574 1.05808374]

Gamma: [606.01575606 587.20706147 531.78005029 ... 252.77582674 234.37750743
 233.86585756]

Solving the optimization problem...
Set parameter TokenServer to value "licenses.rcc.uchicago.edu"
Read LP format model from file /scratch/local/jobs/50255471/tmpeytjzqir.pyomo.lp
Reading time = 2.17 seconds
x1: 417600 rows, 834801 columns, 2083271 nonzeros
Gurobi Optimizer version 11.0.0 build v11.0.0rc2 (linux64 - "CentOS Linux 8")

CPU model: Intel(R) Xeon(R) Gold 6248R CPU @ 3.00GHz, instruction set [SSE2|AVX|AVX2|AVX512]
Thread count: 48 physical cores, 48 logical processors, using up to 32 threads

Optimize a model with 417600 rows, 834801 columns and 2083271 nonzeros
Model fingerprint: 0x55d6b781
Model has 400 quadratic objective terms
Coefficient statistics:
  Matrix range     [1e+00, 9e+02]
  Objective range  [7e-04, 9e+02]
  QObjective range [2e+03, 2e+05]
  Bounds range     [3e-06, 1e+00]
  RHS range        [9e-11, 4e-01]
Presolve removed 208947 rows and 209294 columns
Presolve time: 0.81s
Presolved: 208653 rows, 625507 columns, 1249571 nonzeros
Presolved model has 400 quadratic objective terms
Ordering time: 1.06s

Barrier statistics:
 AA' NZ     : 6.241e+05
 Factor NZ  : 6.773e+07 (roughly 900 MB of memory)
 Factor Ops : 2.543e+10 (less than 1 second per iteration)
 Threads    : 32

                  Objective                Residual
Iter       Primal          Dual         Primal    Dual     Compl     Time
   0  -4.37950211e+10  1.08047377e+08  1.04e+06 3.78e+02  9.95e+05     5s
   1  -2.52847567e+09  4.35727529e+07  5.92e+04 1.02e-12  6.62e+04     7s
   2  -1.29293556e+07  6.99810303e+06  1.42e+02 2.19e-12  1.76e+02     9s
   3  -1.19480993e+06  1.19330546e+06  1.96e+00 3.29e-12  4.94e+00    11s
   4  -2.18970963e+05  2.90420344e+05  6.26e-02 1.80e-12  6.67e-01    13s
   5  -4.55796582e+04  5.96475322e+04  3.09e-03 1.07e-12  1.27e-01    15s
   6  -1.05608595e+04  1.32227798e+04  3.01e-04 1.23e-12  2.86e-02    17s
   7  -3.82283717e+03  4.56094331e+03  7.13e-05 7.39e-13  1.01e-02    19s
   8  -1.10479298e+03  1.86010555e+03  7.37e-06 6.58e-13  3.55e-03    21s
   9  -4.45841513e+02  9.57599254e+02  2.76e-06 4.77e-13  1.68e-03    22s
  10   4.42507070e+00  3.56109532e+02  1.32e-07 4.55e-13  4.22e-04    24s
  11   1.30948496e+02  2.32682425e+02  1.00e-08 4.55e-13  1.22e-04    27s
  12   1.66536312e+02  2.07015750e+02  4.53e-10 2.49e-13  4.85e-05    29s
  13   1.73472417e+02  2.01826633e+02  2.54e-10 2.63e-13  3.40e-05    30s
  14   1.83050862e+02  1.95312331e+02  9.01e-11 3.41e-13  1.47e-05    32s
  15   1.83936396e+02  1.94738850e+02  7.39e-11 4.55e-13  1.30e-05    34s
  16   1.86203239e+02  1.93362092e+02  4.42e-11 4.55e-13  8.58e-06    35s
  17   1.88468737e+02  1.92044238e+02  1.76e-11 4.55e-13  4.29e-06    37s
  18   1.89964316e+02  1.91243244e+02  4.32e-12 5.68e-13  1.53e-06    39s
  19   1.90290663e+02  1.91074900e+02  1.56e-12 4.55e-13  9.40e-07    41s
  20   1.90505327e+02  1.90976073e+02  7.66e-13 4.55e-13  5.64e-07    43s
  21   1.90597306e+02  1.90933830e+02  3.32e-13 5.68e-13  4.03e-07    45s
  22   1.90684016e+02  1.90895572e+02  1.09e-13 4.55e-13  2.54e-07    46s
  23   1.90775509e+02  1.90856746e+02  9.15e-15 5.68e-13  9.74e-08    48s
  24   1.90803333e+02  1.90845383e+02  1.08e-15 4.55e-13  5.04e-08    50s
  25   1.90827258e+02  1.90835779e+02  2.59e-15 5.68e-13  1.02e-08    52s
  26   1.90830854e+02  1.90834353e+02  1.70e-15 5.68e-13  4.19e-09    54s
  27   1.90832349e+02  1.90833764e+02  2.67e-15 5.68e-13  1.70e-09    55s
  28   1.90833153e+02  1.90833448e+02  2.72e-15 5.68e-13  3.54e-10    58s
  29   1.90833293e+02  1.90833394e+02  5.02e-15 6.82e-13  1.21e-10    60s
  30   1.90833362e+02  1.90833366e+02  3.78e-15 6.82e-13  5.19e-12    61s
  31   1.90833365e+02  1.90833365e+02  8.17e-15 5.68e-13  2.19e-13    63s

Barrier solved model in 31 iterations and 63.28 seconds (14.31 work units)
Optimal objective 1.90833365e+02

Done! Time elapsed: 94.12469291687012 seconds.
Starting HMC sampling...

                                                                                                                                                                                                                                                                                                                                
Finished sampling! Elapsed Time: 1066.55947804451 seconds

Checking sampler transitions treedepth.
125 of 16000 (0.78%) transitions hit the maximum treedepth limit of 10, or 2^10 leapfrog steps.
Trajectories that are prematurely terminated due to this limit will result in slow exploration.
For optimal performance, increase this limit.

Checking sampler transitions for divergences.
No divergent transitions found.

Checking E-BFMI - sampler transitions HMC potential energy.
E-BFMI satisfactory.

Rank-normalized split effective sample size satisfactory for all parameters.

Rank-normalized split R-hat values satisfactory for all parameters.

Processing complete.

Parameters from last iteration: [2.34353989e-01 3.77706906e-01 3.78516541e-01 ... 2.52775827e+02
 2.34377507e+02 2.33865858e+02]

Parameters from current iteration:
            [2.32085013e-01 3.72284561e-01 3.73076386e-01 ... 2.52773919e+02
 2.34406605e+02 2.33895564e+02]

Updated uncertain values: [2.33786745e-01 3.76351319e-01 3.77156502e-01 ... 2.52775350e+02
 2.34384782e+02 2.33873284e+02]


            Iteration [  13]: Absolute Error = 0.11789248215961834,
            Percentage Error = 0.0039848867318155075
            
Terminated. Sampling the final distribution...

                                                                                                                                                                                                                                                                                                                                
Solving the optimization problem...
Set parameter TokenServer to value "licenses.rcc.uchicago.edu"
Read LP format model from file /scratch/local/jobs/50255471/tmphw9xf343.pyomo.lp
Reading time = 2.16 seconds
x1: 417600 rows, 834801 columns, 2083271 nonzeros
Gurobi Optimizer version 11.0.0 build v11.0.0rc2 (linux64 - "CentOS Linux 8")

CPU model: Intel(R) Xeon(R) Gold 6248R CPU @ 3.00GHz, instruction set [SSE2|AVX|AVX2|AVX512]
Thread count: 48 physical cores, 48 logical processors, using up to 32 threads

Optimize a model with 417600 rows, 834801 columns and 2083271 nonzeros
Model fingerprint: 0x7796ac92
Model has 400 quadratic objective terms
Coefficient statistics:
  Matrix range     [1e+00, 9e+02]
  Objective range  [7e-05, 1e+03]
  QObjective range [2e+03, 2e+05]
  Bounds range     [2e-06, 1e+00]
  RHS range        [6e-10, 4e-01]
Presolve removed 209011 rows and 209422 columns
Presolve time: 0.81s
Presolved: 208589 rows, 625379 columns, 1249315 nonzeros
Presolved model has 400 quadratic objective terms
Ordering time: 1.38s

Barrier statistics:
 AA' NZ     : 6.239e+05
 Factor NZ  : 6.769e+07 (roughly 900 MB of memory)
 Factor Ops : 2.541e+10 (less than 1 second per iteration)
 Threads    : 32

                  Objective                Residual
Iter       Primal          Dual         Primal    Dual     Compl     Time
   0  -1.54242817e+11  1.10640510e+11  1.04e+06 1.13e-13  1.00e+06     6s
   1  -6.46826965e+10  6.29209773e+10  4.42e+04 3.07e+01  4.64e+04     7s
   2  -3.03855333e+10  3.04536938e+10  4.47e+02 1.24e-01  5.40e+02     9s
   3  -1.08294314e+10  1.09171503e+10  3.61e+00 1.52e-12  2.88e+01    11s
   4  -2.46840402e+09  2.56635747e+09  2.90e-01 1.47e-12  6.13e+00    16s
   5  -5.87258329e+08  6.54655520e+08  3.72e-02 5.29e-12  1.47e+00    21s
   6  -9.80898822e+07  1.11708372e+08  2.91e-03 1.70e-12  2.46e-01    25s
   7  -1.44912434e+07  1.73475632e+07  7.18e-06 1.34e-12  3.73e-02    30s
   8  -2.12602945e+06  2.53263593e+06  7.33e-12 3.62e-12  5.46e-03    33s
   9  -3.17079881e+05  3.89555568e+05  4.48e-14 3.02e-13  8.27e-04    35s
  10  -4.78626292e+04  5.62129103e+04  1.97e-14 7.12e-14  1.22e-04    37s
  11  -7.55043152e+03  8.63892407e+03  1.61e-14 8.31e-15  1.90e-05    39s
  12  -1.92458502e+03  1.90065206e+03  1.38e-14 1.96e-15  4.48e-06    42s
  13  -5.14043323e+02  8.72951428e+02  1.27e-15 6.66e-16  1.62e-06    44s
  14  -9.61196281e+01  3.20374975e+02  5.09e-16 4.44e-16  4.88e-07    47s
  15   4.15750581e+01  2.00259290e+02  2.43e-16 4.44e-16  1.86e-07    49s
  16   9.23327811e+01  1.50794560e+02  1.62e-16 4.44e-16  6.85e-08    51s
  17   1.10091731e+02  1.38640029e+02  6.55e-17 4.44e-16  3.34e-08    53s
  18   1.11493005e+02  1.37807173e+02  5.90e-17 4.44e-16  3.08e-08    55s
  19   1.18045897e+02  1.34235602e+02  5.62e-17 4.44e-16  1.90e-08    56s
  20   1.22417890e+02  1.31711813e+02  4.53e-17 4.44e-16  1.09e-08    58s
  21   1.25316933e+02  1.30197620e+02  5.98e-17 6.66e-16  5.72e-09    60s
  22   1.26775519e+02  1.29455668e+02  5.42e-17 4.44e-16  3.14e-09    62s
  23   1.27251635e+02  1.29224104e+02  4.08e-17 4.44e-16  2.31e-09    64s
  24   1.27784767e+02  1.28978802e+02  6.07e-17 4.44e-16  1.40e-09    65s
  25   1.28142090e+02  1.28816298e+02  5.62e-17 4.44e-16  7.89e-10    67s
  26   1.28210903e+02  1.28785699e+02  6.79e-17 4.44e-16  6.73e-10    69s
  27   1.28362700e+02  1.28719256e+02  1.43e-16 4.44e-16  4.18e-10    70s
  28   1.28474854e+02  1.28671248e+02  2.88e-16 4.44e-16  2.30e-10    72s
  29   1.28540082e+02  1.28644161e+02  5.57e-16 4.44e-16  1.22e-10    74s
  30   1.28560221e+02  1.28635915e+02  2.09e-16 4.44e-16  8.86e-11    76s
  31   1.28595515e+02  1.28621686e+02  5.73e-16 4.44e-16  3.06e-11    77s
  32   1.28606670e+02  1.28617255e+02  7.06e-16 5.55e-16  1.24e-11    79s
  33   1.28611439e+02  1.28615378e+02  2.76e-15 5.55e-16  4.61e-12    81s
  34   1.28612587e+02  1.28614927e+02  6.59e-15 4.44e-16  2.74e-12    83s
  35   1.28614048e+02  1.28614358e+02  1.24e-14 5.55e-16  3.63e-13    85s
  36   1.28614214e+02  1.28614293e+02  1.48e-15 6.66e-16  9.23e-14    87s
  37   1.28614267e+02  1.28614273e+02  1.53e-15 5.55e-16  6.77e-15    89s

Barrier solved model in 37 iterations and 89.11 seconds (16.97 work units)
Optimal objective 1.28614267e+02

Done! Time elapsed: 120.47066307067871 seconds.
min_result -0.012537163836011812 min_pe 4.9

Program ends Fri May 29 23:53:58 CDT 2026
Exit code: 0
Elapsed time: 21525 seconds
