Command: /project/lhansen/HMC_rep26_robust_mac/amazon-carbon-prices/.venv/bin/python pysrc/bash/shadow_price.py --id 50 --xi 1 --sites 1043
Working directory: /project/lhansen/HMC_rep26_robust_mac/amazon-carbon-prices
Program starts Fri May 29 17:55:13 CDT 2026

Data successfully loaded from /project/lhansen/HMC_rep26_robust_mac/amazon-carbon-prices/data/calibration
Waiting for Stan compile lock: /project/lhansen/HMC_rep26_robust_mac/amazon-carbon-prices/stan_model/adjusted.compile.lock
Using Stan model executable: /project/lhansen/HMC_rep26_robust_mac/amazon-carbon-prices/stan_model/adjusted
Optimization Iteration[1/100]

Theta: [0.19293399 0.39270684 0.39383513 ... 2.1961384  1.20930668 1.03223742]

Gamma: [605.85192903 587.02426052 531.68859839 ... 252.44623295 234.13249733
 233.63746894]

Solving the optimization problem...
Set parameter TokenServer to value "licenses.rcc.uchicago.edu"
Read LP format model from file /scratch/local/jobs/50255472/tmppsxzo5vo.pyomo.lp
Reading time = 2.18 seconds
x1: 417600 rows, 834801 columns, 2083271 nonzeros
Gurobi Optimizer version 11.0.0 build v11.0.0rc2 (linux64 - "CentOS Linux 8")

CPU model: Intel(R) Xeon(R) Gold 6248R CPU @ 3.00GHz, instruction set [SSE2|AVX|AVX2|AVX512]
Thread count: 48 physical cores, 48 logical processors, using up to 32 threads

Optimize a model with 417600 rows, 834801 columns and 2083271 nonzeros
Model fingerprint: 0x66fa4308
Model has 400 quadratic objective terms
Coefficient statistics:
  Matrix range     [1e+00, 9e+02]
  Objective range  [2e-03, 1e+03]
  QObjective range [2e+03, 2e+05]
  Bounds range     [3e-06, 1e+00]
  RHS range        [9e-11, 4e-01]
Presolve removed 208947 rows and 209294 columns
Presolve time: 0.80s
Presolved: 208653 rows, 625507 columns, 1249571 nonzeros
Presolved model has 400 quadratic objective terms
Ordering time: 1.25s

Barrier statistics:
 AA' NZ     : 6.241e+05
 Factor NZ  : 6.773e+07 (roughly 900 MB of memory)
 Factor Ops : 2.543e+10 (less than 1 second per iteration)
 Threads    : 32

                  Objective                Residual
Iter       Primal          Dual         Primal    Dual     Compl     Time
   0  -1.54590271e+11  1.10640370e+11  1.04e+06 1.14e-13  1.00e+06     6s
   1  -6.51461866e+10  6.33648178e+10  4.43e+04 3.08e+01  4.67e+04     7s
   2  -3.05848586e+10  3.06528864e+10  4.48e+02 1.24e-01  5.43e+02     9s
   3  -1.08844809e+10  1.09723083e+10  3.21e+00 1.39e-12  2.86e+01    11s
   4  -2.40138965e+09  2.49909695e+09  2.67e-01 1.25e-12  5.95e+00    16s
   5  -5.82500245e+08  6.48568732e+08  3.65e-02 3.19e-12  1.46e+00    21s
   6  -9.63193076e+07  1.09556427e+08  2.74e-03 1.64e-12  2.41e-01    26s
   7  -1.41125658e+07  1.68724635e+07  2.74e-09 1.54e-12  3.63e-02    31s
   8  -2.06900064e+06  2.45797004e+06  2.85e-13 1.30e-12  5.30e-03    33s
   9  -3.08204288e+05  3.77674483e+05  4.26e-14 3.51e-13  8.03e-04    35s
  10  -4.63701118e+04  5.46186203e+04  1.93e-14 7.03e-14  1.18e-04    37s
  11  -7.21361031e+03  8.70465220e+03  1.27e-14 7.28e-15  1.86e-05    39s
  12  -1.35151853e+03  2.41125610e+03  9.11e-15 2.03e-15  4.41e-06    42s
  13  -2.17757331e+02  9.19378398e+02  2.50e-15 1.10e-15  1.33e-06    44s
  14   1.49023434e+02  4.51282764e+02  5.52e-16 6.66e-16  3.54e-07    47s
  15   2.16459090e+02  3.71862627e+02  2.48e-16 4.44e-16  1.82e-07    49s
  16   2.72075343e+02  3.22257813e+02  1.43e-16 4.44e-16  5.88e-08    51s
  17   2.77796594e+02  3.18784454e+02  1.21e-16 4.44e-16  4.80e-08    53s
  18   2.91283540e+02  3.10611692e+02  8.37e-17 6.66e-16  2.26e-08    54s
  19   2.93659592e+02  3.09371846e+02  7.18e-17 4.44e-16  1.84e-08    56s
  20   2.99537200e+02  3.06341902e+02  5.16e-17 4.44e-16  7.97e-09    58s
  21   3.01259359e+02  3.05556932e+02  1.09e-16 4.44e-16  5.03e-09    60s
  22   3.02742111e+02  3.04888591e+02  9.67e-17 4.44e-16  2.51e-09    61s
  23   3.03212058e+02  3.04685021e+02  1.02e-16 4.44e-16  1.72e-09    63s
  24   3.03593922e+02  3.04521241e+02  9.54e-17 5.55e-16  1.09e-09    65s
  25   3.03844091e+02  3.04415220e+02  9.95e-17 4.44e-16  6.69e-10    67s
  26   3.04015997e+02  3.04343279e+02  1.46e-16 6.66e-16  3.83e-10    68s
  27   3.04126582e+02  3.04297603e+02  1.84e-16 4.44e-16  2.00e-10    70s
  28   3.04196385e+02  3.04269170e+02  2.21e-16 6.66e-16  8.52e-11    72s
  29   3.04225135e+02  3.04257635e+02  6.50e-16 5.55e-16  3.81e-11    74s
  30   3.04232481e+02  3.04254708e+02  1.04e-15 4.44e-16  2.60e-11    76s
  31   3.04232955e+02  3.04254521e+02  1.15e-15 4.65e-16  2.52e-11    78s
  32   3.04240333e+02  3.04251617e+02  3.47e-15 6.66e-16  1.32e-11    80s
  33   3.04246897e+02  3.04249017e+02  2.76e-15 4.44e-16  2.48e-12    82s
  34   3.04247843e+02  3.04248645e+02  2.45e-15 6.66e-16  9.38e-13    84s
  35   3.04248154e+02  3.04248523e+02  3.66e-15 6.66e-16  4.32e-13    86s
  36   3.04248383e+02  3.04248433e+02  6.13e-15 6.66e-16  5.81e-14    87s
  37   3.04248411e+02  3.04248422e+02  5.54e-15 6.66e-16  1.23e-14    89s

Barrier solved model in 37 iterations and 89.23 seconds (16.81 work units)
Optimal objective 3.04248411e+02

Done! Time elapsed: 119.80192255973816 seconds.
Starting HMC sampling...

                                                                                                                                                                                                                                                                                                                                
Finished sampling! Elapsed Time: 1043.2172951698303 seconds

Checking sampler transitions treedepth.
195 of 16000 (1.22%) transitions hit the maximum treedepth limit of 10, or 2^10 leapfrog steps.
Trajectories that are prematurely terminated due to this limit will result in slow exploration.
For optimal performance, increase this limit.

Checking sampler transitions for divergences.
No divergent transitions found.

Checking E-BFMI - sampler transitions HMC potential energy.
E-BFMI satisfactory.

Rank-normalized split effective sample size satisfactory for all parameters.

Rank-normalized split R-hat values satisfactory for all parameters.

Processing complete.

Parameters from last iteration: [1.92933991e-01 3.92706841e-01 3.93835127e-01 ... 2.52446233e+02
 2.34132497e+02 2.33637469e+02]

Parameters from current iteration:
            [  0.27783895   0.41868438   0.41947985 ... 252.82754316 234.33480208
 233.74014131]

Updated uncertain values: [2.14160232e-01 3.99201225e-01 4.00246309e-01 ... 2.52541561e+02
 2.34183074e+02 2.33663137e+02]


            Iteration [   1]: Absolute Error = 1.8862644929166663,
            Percentage Error = 0.18451856337404393
            
Optimization Iteration[2/100]

Theta: [0.21416023 0.39920123 0.40024631 ... 2.11229275 1.20842197 1.0451231 ]

Gamma: [606.04269872 587.2343441  531.88731528 ... 252.5415605  234.18307352
 233.66313704]

Solving the optimization problem...
Set parameter TokenServer to value "licenses.rcc.uchicago.edu"
Read LP format model from file /scratch/local/jobs/50255472/tmp1q1mlh9b.pyomo.lp
Reading time = 2.15 seconds
x1: 417600 rows, 834801 columns, 2083271 nonzeros
Gurobi Optimizer version 11.0.0 build v11.0.0rc2 (linux64 - "CentOS Linux 8")

CPU model: Intel(R) Xeon(R) Gold 6248R CPU @ 3.00GHz, instruction set [SSE2|AVX|AVX2|AVX512]
Thread count: 48 physical cores, 48 logical processors, using up to 32 threads

Optimize a model with 417600 rows, 834801 columns and 2083271 nonzeros
Model fingerprint: 0x71cc0f7b
Model has 400 quadratic objective terms
Coefficient statistics:
  Matrix range     [1e+00, 9e+02]
  Objective range  [2e-04, 1e+03]
  QObjective range [2e+03, 2e+05]
  Bounds range     [3e-06, 1e+00]
  RHS range        [9e-11, 4e-01]
Presolve removed 208947 rows and 209294 columns
Presolve time: 0.81s
Presolved: 208653 rows, 625507 columns, 1249571 nonzeros
Presolved model has 400 quadratic objective terms
Ordering time: 1.42s

Barrier statistics:
 AA' NZ     : 6.241e+05
 Factor NZ  : 6.773e+07 (roughly 900 MB of memory)
 Factor Ops : 2.543e+10 (less than 1 second per iteration)
 Threads    : 32

                  Objective                Residual
Iter       Primal          Dual         Primal    Dual     Compl     Time
   0  -4.43555367e+10  1.08047396e+08  1.04e+06 3.86e+02  9.95e+05     6s
   1  -2.59685544e+09  4.38356547e+07  6.00e+04 1.05e-12  6.72e+04     7s
   2  -1.30973917e+07  7.04445973e+06  1.43e+02 1.85e-12  1.77e+02     9s
   3  -1.20451516e+06  1.20101399e+06  1.98e+00 3.26e-12  4.99e+00    11s
   4  -2.20503173e+05  2.92145189e+05  6.28e-02 1.80e-12  6.72e-01    13s
   5  -4.59513069e+04  6.02019743e+04  3.11e-03 1.42e-12  1.28e-01    15s
   6  -1.18315858e+04  1.53847338e+04  4.25e-04 1.21e-12  3.27e-02    17s
   7  -3.96459471e+03  5.40899653e+03  1.05e-04 1.79e-12  1.12e-02    19s
   8  -1.25243678e+03  2.58630390e+03  9.13e-06 1.12e-12  4.60e-03    21s
   9  -4.69215319e+02  1.25082943e+03  3.39e-06 7.58e-13  2.06e-03    23s
  10   4.15214262e+01  4.53065930e+02  2.98e-07 4.73e-13  4.93e-04    25s
  11   1.90286932e+02  3.15655607e+02  2.36e-08 2.31e-13  1.50e-04    27s
  12   2.33583981e+02  2.85062768e+02  3.17e-09 2.27e-13  6.17e-05    29s
  13   2.41254416e+02  2.79580332e+02  1.97e-09 3.07e-13  4.59e-05    31s
  14   2.54502546e+02  2.70714250e+02  6.65e-10 2.63e-13  1.94e-05    33s
  15   2.58680284e+02  2.68131917e+02  2.75e-10 4.55e-13  1.13e-05    34s
  16   2.61762000e+02  2.66399743e+02  8.32e-11 4.55e-13  5.56e-06    36s
  17   2.63649407e+02  2.65396838e+02  9.22e-12 5.68e-13  2.09e-06    38s
  18   2.64396801e+02  2.65038561e+02  1.15e-12 6.82e-13  7.69e-07    40s
  19   2.64654365e+02  2.64926753e+02  2.74e-13 6.82e-13  3.27e-07    42s
  20   2.64689865e+02  2.64911635e+02  8.82e-14 6.82e-13  2.66e-07    44s
  21   2.64783536e+02  2.64873068e+02  1.96e-14 6.82e-13  1.07e-07    46s
  22   2.64818147e+02  2.64859008e+02  5.72e-15 5.68e-13  4.90e-08    48s
  23   2.64839806e+02  2.64850307e+02  8.68e-16 5.68e-13  1.26e-08    50s
  24   2.64844241e+02  2.64848560e+02  1.23e-15 6.82e-13  5.18e-09    52s
  25   2.64846512e+02  2.64847671e+02  5.05e-15 6.82e-13  1.39e-09    54s
  26   2.64847073e+02  2.64847451e+02  1.64e-15 6.82e-13  4.53e-10    55s
  27   2.64847317e+02  2.64847356e+02  2.49e-15 9.09e-13  4.69e-11    58s
  28   2.64847345e+02  2.64847345e+02  3.56e-15 6.82e-13  7.96e-13    60s

Barrier solved model in 28 iterations and 59.57 seconds (13.03 work units)
Optimal objective 2.64847345e+02

Done! Time elapsed: 93.09056282043457 seconds.
Starting HMC sampling...

                                                                                                                                                                                                                                                                                                                                
Finished sampling! Elapsed Time: 859.4507339000702 seconds

Checking sampler transitions treedepth.
54 of 16000 (0.34%) transitions hit the maximum treedepth limit of 10, or 2^10 leapfrog steps.
Trajectories that are prematurely terminated due to this limit will result in slow exploration.
For optimal performance, increase this limit.

Checking sampler transitions for divergences.
No divergent transitions found.

Checking E-BFMI - sampler transitions HMC potential energy.
E-BFMI satisfactory.

Rank-normalized split effective sample size satisfactory for all parameters.

Rank-normalized split R-hat values satisfactory for all parameters.

Processing complete.

Parameters from last iteration: [2.14160232e-01 3.99201225e-01 4.00246309e-01 ... 2.52541561e+02
 2.34183074e+02 2.33663137e+02]

Parameters from current iteration:
            [  0.26549988   0.40866538   0.40947395 ... 252.75479575 234.32288712
 233.75830245]

Updated uncertain values: [2.26995145e-01 4.01567263e-01 4.02553220e-01 ... 2.52594869e+02
 2.34218027e+02 2.33686928e+02]


            Iteration [   2]: Absolute Error = 1.2001205832031019,
            Percentage Error = 0.16207843879142236
            
Optimization Iteration[3/100]

Theta: [0.22699514 0.40156726 0.40255322 ... 2.05158411 1.2063556  1.05275627]

Gamma: [606.09409153 587.28512804 531.93214717 ... 252.59486931 234.21802692
 233.68692839]

Solving the optimization problem...
Set parameter TokenServer to value "licenses.rcc.uchicago.edu"
Read LP format model from file /scratch/local/jobs/50255472/tmp6j6wotni.pyomo.lp
Reading time = 2.15 seconds
x1: 417600 rows, 834801 columns, 2083271 nonzeros
Gurobi Optimizer version 11.0.0 build v11.0.0rc2 (linux64 - "CentOS Linux 8")

CPU model: Intel(R) Xeon(R) Gold 6248R CPU @ 3.00GHz, instruction set [SSE2|AVX|AVX2|AVX512]
Thread count: 48 physical cores, 48 logical processors, using up to 32 threads

Optimize a model with 417600 rows, 834801 columns and 2083271 nonzeros
Model fingerprint: 0xa5849fb4
Model has 400 quadratic objective terms
Coefficient statistics:
  Matrix range     [1e+00, 9e+02]
  Objective range  [2e-03, 1e+03]
  QObjective range [2e+03, 2e+05]
  Bounds range     [3e-06, 1e+00]
  RHS range        [9e-11, 4e-01]
Presolve removed 208947 rows and 209294 columns
Presolve time: 0.82s
Presolved: 208653 rows, 625507 columns, 1249571 nonzeros
Presolved model has 400 quadratic objective terms
Ordering time: 1.08s

Barrier statistics:
 AA' NZ     : 6.241e+05
 Factor NZ  : 6.773e+07 (roughly 900 MB of memory)
 Factor Ops : 2.543e+10 (less than 1 second per iteration)
 Threads    : 32

                  Objective                Residual
Iter       Primal          Dual         Primal    Dual     Compl     Time
   0  -1.54947102e+11  1.10640369e+11  1.04e+06 1.13e-13  1.00e+06     5s
   1  -6.51612609e+10  6.33648093e+10  4.43e+04 3.08e+01  4.67e+04     7s
   2  -3.05850086e+10  3.06528825e+10  4.48e+02 1.24e-01  5.43e+02     9s
   3  -1.08844812e+10  1.09723067e+10  3.21e+00 1.46e-12  2.86e+01    11s
   4  -2.40138992e+09  2.49909662e+09  2.67e-01 1.24e-12  5.95e+00    16s
   5  -5.82500140e+08  6.48568288e+08  3.65e-02 4.08e-12  1.46e+00    20s
   6  -9.63193157e+07  1.09556216e+08  2.74e-03 1.40e-12  2.41e-01    25s
   7  -1.41126278e+07  1.68723571e+07  2.74e-09 1.18e-12  3.63e-02    30s
   8  -2.06906828e+06  2.45791078e+06  2.61e-13 1.26e-12  5.30e-03    33s
   9  -3.08262342e+05  3.77581798e+05  4.39e-14 3.65e-13  8.03e-04    35s
  10  -4.64264900e+04  5.45443820e+04  1.60e-14 6.08e-14  1.18e-04    37s
  11  -7.24573476e+03  8.49425414e+03  1.21e-14 8.97e-15  1.84e-05    39s
  12  -1.78179229e+03  1.96307427e+03  9.97e-15 2.16e-15  4.38e-06    42s
  13  -3.85275794e+02  1.06420509e+03  1.11e-15 6.66e-16  1.70e-06    44s
  14   6.14132805e+01  4.05818705e+02  9.11e-16 5.55e-16  4.03e-07    47s
  15   1.71261903e+02  2.89373283e+02  1.98e-16 4.44e-16  1.38e-07    49s
  16   2.10567925e+02  2.55636546e+02  2.07e-16 6.66e-16  5.28e-08    51s
  17   2.19487676e+02  2.49770854e+02  1.13e-16 4.44e-16  3.55e-08    53s
  18   2.28213111e+02  2.44385945e+02  7.85e-17 4.44e-16  1.89e-08    54s
  19   2.32859421e+02  2.41795982e+02  6.55e-17 4.44e-16  1.05e-08    56s
  20   2.35120058e+02  2.40668991e+02  6.72e-17 4.44e-16  6.50e-09    58s
  21   2.36803326e+02  2.39823308e+02  1.93e-16 4.44e-16  3.54e-09    60s
  22   2.37691477e+02  2.39404728e+02  3.38e-16 4.44e-16  2.01e-09    62s
  23   2.38323001e+02  2.39110871e+02  1.86e-16 5.55e-16  9.22e-10    63s
  24   2.38465527e+02  2.39047738e+02  1.23e-16 4.44e-16  6.82e-10    65s
  25   2.38634910e+02  2.38974668e+02  1.85e-16 4.44e-16  3.98e-10    67s
  26   2.38736294e+02  2.38932002e+02  2.34e-16 4.44e-16  2.29e-10    69s
  27   2.38810330e+02  2.38901556e+02  3.40e-16 4.44e-16  1.07e-10    71s
  28   2.38853088e+02  2.38884232e+02  3.40e-16 4.44e-16  3.65e-11    73s
  29   2.38863214e+02  2.38880247e+02  9.53e-16 6.66e-16  1.99e-11    74s
  30   2.38872611e+02  2.38876547e+02  1.93e-15 6.66e-16  4.61e-12    76s
  31   2.38874786e+02  2.38875695e+02  5.15e-15 6.66e-16  1.06e-12    79s
  32   2.38875306e+02  2.38875492e+02  1.80e-15 6.66e-16  2.17e-13    81s
  33   2.38875418e+02  2.38875449e+02  4.61e-15 6.66e-16  3.64e-14    83s
  34   2.38875438e+02  2.38875441e+02  2.11e-15 5.55e-16  2.46e-15    84s

Barrier solved model in 34 iterations and 84.30 seconds (15.66 work units)
Optimal objective 2.38875438e+02

Done! Time elapsed: 114.84368300437927 seconds.
Starting HMC sampling...

                                                                                                                                                                                                                                                                                                                                
Finished sampling! Elapsed Time: 992.1739280223846 seconds

Checking sampler transitions treedepth.
124 of 16000 (0.78%) transitions hit the maximum treedepth limit of 10, or 2^10 leapfrog steps.
Trajectories that are prematurely terminated due to this limit will result in slow exploration.
For optimal performance, increase this limit.

Checking sampler transitions for divergences.
No divergent transitions found.

Checking E-BFMI - sampler transitions HMC potential energy.
E-BFMI satisfactory.

Rank-normalized split effective sample size satisfactory for all parameters.

Rank-normalized split R-hat values satisfactory for all parameters.

Processing complete.

Parameters from last iteration: [2.26995145e-01 4.01567263e-01 4.02553220e-01 ... 2.52594869e+02
 2.34218027e+02 2.33686928e+02]

Parameters from current iteration:
            [  0.25829476   0.40255931   0.4033741  ... 252.63218885 234.25266708
 233.74263135]

Updated uncertain values: [2.34820048e-01 4.01815275e-01 4.02758438e-01 ... 2.52604199e+02
 2.34226687e+02 2.33700854e+02]


            Iteration [   3]: Absolute Error = 0.6964227647852113,
            Percentage Error = 0.1356173230899222
            
Optimization Iteration[4/100]

Theta: [0.23482005 0.40181527 0.40275844 ... 2.00869086 1.20384073 1.05685184]

Gamma: [606.11882539 587.29550114 531.91691686 ... 252.6041992  234.22668696
 233.70085413]

Solving the optimization problem...
Set parameter TokenServer to value "licenses.rcc.uchicago.edu"
Read LP format model from file /scratch/local/jobs/50255472/tmpvs3slf43.pyomo.lp
Reading time = 2.16 seconds
x1: 417600 rows, 834801 columns, 2083271 nonzeros
Gurobi Optimizer version 11.0.0 build v11.0.0rc2 (linux64 - "CentOS Linux 8")

CPU model: Intel(R) Xeon(R) Gold 6248R CPU @ 3.00GHz, instruction set [SSE2|AVX|AVX2|AVX512]
Thread count: 48 physical cores, 48 logical processors, using up to 32 threads

Optimize a model with 417600 rows, 834801 columns and 2083271 nonzeros
Model fingerprint: 0x04290f7f
Model has 400 quadratic objective terms
Coefficient statistics:
  Matrix range     [1e+00, 9e+02]
  Objective range  [1e-05, 1e+03]
  QObjective range [2e+03, 2e+05]
  Bounds range     [3e-06, 1e+00]
  RHS range        [9e-11, 4e-01]
Presolve removed 208947 rows and 209294 columns
Presolve time: 0.81s
Presolved: 208653 rows, 625507 columns, 1249571 nonzeros
Presolved model has 400 quadratic objective terms
Ordering time: 1.41s

Barrier statistics:
 AA' NZ     : 6.241e+05
 Factor NZ  : 6.773e+07 (roughly 900 MB of memory)
 Factor Ops : 2.543e+10 (less than 1 second per iteration)
 Threads    : 32

                  Objective                Residual
Iter       Primal          Dual         Primal    Dual     Compl     Time
   0  -1.55039857e+11  1.10640369e+11  1.04e+06 1.13e-13  1.00e+06     5s
   1  -6.51651806e+10  6.33648078e+10  4.43e+04 3.08e+01  4.67e+04     7s
   2  -3.05850478e+10  3.06528817e+10  4.48e+02 1.24e-01  5.43e+02     9s
   3  -1.08844813e+10  1.09723064e+10  3.21e+00 1.44e-12  2.86e+01    11s
   4  -2.40139002e+09  2.49909660e+09  2.67e-01 1.24e-12  5.95e+00    16s
   5  -5.82500102e+08  6.48568179e+08  3.65e-02 3.00e-12  1.46e+00    21s
   6  -9.63193062e+07  1.09556155e+08  2.74e-03 1.31e-12  2.41e-01    26s
   7  -1.41126414e+07  1.68723283e+07  2.74e-09 1.58e-12  3.63e-02    31s
   8  -2.06908541e+06  2.45789546e+06  2.76e-13 1.25e-12  5.30e-03    33s
   9  -3.08277415e+05  3.77557196e+05  4.71e-14 3.29e-13  8.03e-04    35s
  10  -4.64412186e+04  5.45247039e+04  1.83e-14 8.47e-14  1.18e-04    37s
  11  -7.26012834e+03  8.47527979e+03  1.38e-14 7.76e-15  1.84e-05    39s
  12  -1.76083615e+03  1.90966941e+03  1.14e-14 2.23e-15  4.30e-06    42s
  13  -4.25716002e+02  1.11842485e+03  1.09e-15 6.66e-16  1.81e-06    44s
  14   3.81423003e+01  3.92474420e+02  4.83e-16 6.66e-16  4.15e-07    47s
  15   1.44194664e+02  2.82964632e+02  2.80e-16 5.55e-16  1.62e-07    49s
  16   1.93253625e+02  2.37784350e+02  9.95e-17 6.66e-16  5.21e-08    51s
  17   1.97497860e+02  2.35149798e+02  7.42e-17 4.44e-16  4.41e-08    53s
  18   2.10214967e+02  2.27337728e+02  7.26e-17 4.44e-16  2.00e-08    54s
  19   2.12492664e+02  2.26128194e+02  6.98e-17 6.66e-16  1.60e-08    56s
  20   2.16802989e+02  2.23869087e+02  5.66e-17 4.44e-16  8.27e-09    58s
  21   2.19216887e+02  2.22703857e+02  5.70e-17 4.44e-16  4.08e-09    60s
  22   2.20345939e+02  2.22195715e+02  1.93e-16 4.44e-16  2.17e-09    62s
  23   2.20814053e+02  2.21992048e+02  2.15e-16 4.44e-16  1.38e-09    64s
  24   2.21166978e+02  2.21841150e+02  1.53e-16 4.44e-16  7.89e-10    65s
  25   2.21356468e+02  2.21761500e+02  2.06e-16 5.55e-16  4.74e-10    67s
  26   2.21456861e+02  2.21719897e+02  1.75e-16 4.44e-16  3.08e-10    69s
  27   2.21530396e+02  2.21689726e+02  1.65e-16 4.44e-16  1.87e-10    71s
  28   2.21603794e+02  2.21660027e+02  3.54e-16 4.44e-16  6.58e-11    73s
  29   2.21625868e+02  2.21651158e+02  2.18e-16 5.55e-16  2.96e-11    75s
  30   2.21638277e+02  2.21646247e+02  2.30e-15 5.55e-16  9.33e-12    77s
  31   2.21642245e+02  2.21644690e+02  1.64e-15 6.66e-16  2.86e-12    79s
  32   2.21643671e+02  2.21644133e+02  4.67e-15 6.66e-16  5.41e-13    81s
  33   2.21643921e+02  2.21644035e+02  2.48e-15 6.66e-16  1.34e-13    83s
  34   2.21643982e+02  2.21644011e+02  9.95e-15 5.55e-16  3.43e-14    84s
  35   2.21644003e+02  2.21644003e+02  4.63e-15 6.66e-16  6.63e-16    86s

Barrier solved model in 35 iterations and 86.23 seconds (15.99 work units)
Optimal objective 2.21644003e+02

Done! Time elapsed: 116.98775172233582 seconds.
Starting HMC sampling...

                                                                                                                                                                                                                                                                                                                                
Finished sampling! Elapsed Time: 999.6615793704987 seconds

Checking sampler transitions treedepth.
127 of 16000 (0.79%) transitions hit the maximum treedepth limit of 10, or 2^10 leapfrog steps.
Trajectories that are prematurely terminated due to this limit will result in slow exploration.
For optimal performance, increase this limit.

Checking sampler transitions for divergences.
No divergent transitions found.

Checking E-BFMI - sampler transitions HMC potential energy.
E-BFMI satisfactory.

Rank-normalized split effective sample size satisfactory for all parameters.

Rank-normalized split R-hat values satisfactory for all parameters.

Processing complete.

Parameters from last iteration: [2.34820048e-01 4.01815275e-01 4.02758438e-01 ... 2.52604199e+02
 2.34226687e+02 2.33700854e+02]

Parameters from current iteration:
            [2.50593563e-01 3.93020091e-01 3.93824495e-01 ... 2.52742353e+02
 2.34312071e+02 2.33769537e+02]

Updated uncertain values: [2.38763427e-01 3.99616479e-01 4.00524952e-01 ... 2.52638738e+02
 2.34248033e+02 2.33718025e+02]


            Iteration [   4]: Absolute Error = 0.43508060917724833,
            Percentage Error = 0.10626431266217325
            
Optimization Iteration[5/100]

Theta: [0.23876343 0.39961648 0.40052495 ... 1.97803532 1.20138649 1.05898916]

Gamma: [606.1806804  587.34248771 531.93331008 ... 252.63873755 234.24803304
 233.71802492]

Solving the optimization problem...
Set parameter TokenServer to value "licenses.rcc.uchicago.edu"
Read LP format model from file /scratch/local/jobs/50255472/tmp94rkkls3.pyomo.lp
Reading time = 2.16 seconds
x1: 417600 rows, 834801 columns, 2083271 nonzeros
Gurobi Optimizer version 11.0.0 build v11.0.0rc2 (linux64 - "CentOS Linux 8")

CPU model: Intel(R) Xeon(R) Gold 6248R CPU @ 3.00GHz, instruction set [SSE2|AVX|AVX2|AVX512]
Thread count: 48 physical cores, 48 logical processors, using up to 32 threads

Optimize a model with 417600 rows, 834801 columns and 2083271 nonzeros
Model fingerprint: 0xea3cd728
Model has 400 quadratic objective terms
Coefficient statistics:
  Matrix range     [1e+00, 9e+02]
  Objective range  [2e-03, 1e+03]
  QObjective range [2e+03, 2e+05]
  Bounds range     [3e-06, 1e+00]
  RHS range        [9e-11, 4e-01]
Presolve removed 208947 rows and 209294 columns
Presolve time: 0.80s
Presolved: 208653 rows, 625507 columns, 1249571 nonzeros
Presolved model has 400 quadratic objective terms
Ordering time: 1.25s

Barrier statistics:
 AA' NZ     : 6.241e+05
 Factor NZ  : 6.773e+07 (roughly 900 MB of memory)
 Factor Ops : 2.543e+10 (less than 1 second per iteration)
 Threads    : 32

                  Objective                Residual
Iter       Primal          Dual         Primal    Dual     Compl     Time
   0  -1.55098172e+11  1.10640369e+11  1.04e+06 1.13e-13  1.00e+06     5s
   1  -6.51676453e+10  6.33648069e+10  4.43e+04 3.08e+01  4.67e+04     7s
   2  -3.05850724e+10  3.06528813e+10  4.48e+02 1.24e-01  5.43e+02     9s
   3  -1.08844814e+10  1.09723062e+10  3.21e+00 1.47e-12  2.86e+01    11s
   4  -2.40139008e+09  2.49909661e+09  2.67e-01 1.47e-12  5.95e+00    16s
   5  -5.82500074e+08  6.48568119e+08  3.65e-02 6.17e-12  1.46e+00    21s
   6  -9.63192971e+07  1.09556118e+08  2.74e-03 1.54e-12  2.41e-01    26s
   7  -1.41126489e+07  1.68723096e+07  2.74e-09 1.30e-12  3.63e-02    31s
   8  -2.06909607e+06  2.45788639e+06  2.81e-13 1.01e-12  5.30e-03    34s
   9  -3.08286829e+05  3.77540793e+05  4.32e-14 3.53e-13  8.03e-04    36s
  10  -4.64505712e+04  5.45119093e+04  2.05e-14 5.71e-14  1.18e-04    38s
  11  -7.26927105e+03  8.46293098e+03  1.22e-14 1.10e-14  1.84e-05    40s
  12  -1.77604338e+03  1.90571991e+03  1.09e-14 2.36e-15  4.31e-06    43s
  13  -4.16331917e+02  9.37620734e+02  1.18e-15 6.66e-16  1.59e-06    45s
  14   1.37556782e+01  4.31853201e+02  4.01e-16 6.66e-16  4.90e-07    48s
  15   1.10845362e+02  3.15373028e+02  2.64e-16 4.44e-16  2.39e-07    50s
  16   1.78322659e+02  2.35601581e+02  1.22e-16 4.44e-16  6.71e-08    52s
  17   1.94101897e+02  2.20646577e+02  8.87e-17 4.44e-16  3.11e-08    54s
  18   2.02453650e+02  2.14855586e+02  5.72e-17 4.44e-16  1.45e-08    56s
  19   2.05284316e+02  2.13161271e+02  4.36e-17 4.44e-16  9.22e-09    58s
  20   2.07434665e+02  2.11985464e+02  1.57e-16 4.44e-16  5.33e-09    60s
  21   2.08772246e+02  2.11300232e+02  1.43e-16 4.44e-16  2.96e-09    61s
  22   2.09481122e+02  2.10954986e+02  1.70e-16 4.44e-16  1.73e-09    63s
  23   2.09938017e+02  2.10740172e+02  1.31e-16 4.44e-16  9.39e-10    65s
  24   2.10097939e+02  2.10667537e+02  1.72e-16 4.44e-16  6.67e-10    67s
  25   2.10205708e+02  2.10618510e+02  1.51e-16 4.44e-16  4.83e-10    69s
  26   2.10353058e+02  2.10555063e+02  2.46e-16 4.44e-16  2.37e-10    71s
  27   2.10423716e+02  2.10525147e+02  2.69e-16 4.44e-16  1.19e-10    72s
  28   2.10456940e+02  2.10511396e+02  2.13e-16 5.55e-16  6.38e-11    74s
  29   2.10483219e+02  2.10500782e+02  6.53e-16 5.55e-16  2.06e-11    76s
  30   2.10487353e+02  2.10499119e+02  5.54e-16 4.44e-16  1.38e-11    78s
  31   2.10492665e+02  2.10497013e+02  8.08e-16 5.55e-16  5.09e-12    80s
  32   2.10495153e+02  2.10496032e+02  5.83e-15 6.66e-16  1.03e-12    82s
  33   2.10495612e+02  2.10495852e+02  2.58e-15 6.66e-16  2.81e-13    84s
  34   2.10495765e+02  2.10495793e+02  1.98e-15 6.66e-16  3.26e-14    87s
  35   2.10495784e+02  2.10495785e+02  1.57e-15 8.88e-16  1.48e-15    88s

Barrier solved model in 35 iterations and 88.44 seconds (16.15 work units)
Optimal objective 2.10495784e+02

Done! Time elapsed: 119.20434546470642 seconds.
Starting HMC sampling...

                                                                                                                                                                                                                                                                                                                                
Finished sampling! Elapsed Time: 1058.8404610157013 seconds

Checking sampler transitions treedepth.
112 of 16000 (0.70%) transitions hit the maximum treedepth limit of 10, or 2^10 leapfrog steps.
Trajectories that are prematurely terminated due to this limit will result in slow exploration.
For optimal performance, increase this limit.

Checking sampler transitions for divergences.
No divergent transitions found.

Checking E-BFMI - sampler transitions HMC potential energy.
E-BFMI satisfactory.

Rank-normalized split effective sample size satisfactory for all parameters.

Rank-normalized split R-hat values satisfactory for all parameters.

Processing complete.

Parameters from last iteration: [2.38763427e-01 3.99616479e-01 4.00524952e-01 ... 2.52638738e+02
 2.34248033e+02 2.33718025e+02]

Parameters from current iteration:
            [2.43065871e-01 3.82605039e-01 3.83393135e-01 ... 2.52922814e+02
 2.34475763e+02 2.33909856e+02]

Updated uncertain values: [2.39839038e-01 3.95363619e-01 3.96241998e-01 ... 2.52709757e+02
 2.34304966e+02 2.33765983e+02]


            Iteration [   5]: Absolute Error = 0.4296250659411953,
            Percentage Error = 0.07101572048495847
            
Optimization Iteration[6/100]

Theta: [0.23983904 0.39536362 0.396242   ... 1.95584779 1.19834127 1.05903746]

Gamma: [606.07461795 587.24369731 531.84424419 ... 252.7097567  234.30496557
 233.76598259]

Solving the optimization problem...
Set parameter TokenServer to value "licenses.rcc.uchicago.edu"
Read LP format model from file /scratch/local/jobs/50255472/tmp21qpudn2.pyomo.lp
Reading time = 2.16 seconds
x1: 417600 rows, 834801 columns, 2083271 nonzeros
Gurobi Optimizer version 11.0.0 build v11.0.0rc2 (linux64 - "CentOS Linux 8")

CPU model: Intel(R) Xeon(R) Gold 6248R CPU @ 3.00GHz, instruction set [SSE2|AVX|AVX2|AVX512]
Thread count: 48 physical cores, 48 logical processors, using up to 32 threads

Optimize a model with 417600 rows, 834801 columns and 2083271 nonzeros
Model fingerprint: 0x9adfbe68
Model has 400 quadratic objective terms
Coefficient statistics:
  Matrix range     [1e+00, 9e+02]
  Objective range  [2e-03, 1e+03]
  QObjective range [2e+03, 2e+05]
  Bounds range     [3e-06, 1e+00]
  RHS range        [9e-11, 4e-01]
Presolve removed 208947 rows and 209294 columns
Presolve time: 0.81s
Presolved: 208653 rows, 625507 columns, 1249571 nonzeros
Presolved model has 400 quadratic objective terms
Ordering time: 1.00s

Barrier statistics:
 AA' NZ     : 6.241e+05
 Factor NZ  : 6.773e+07 (roughly 900 MB of memory)
 Factor Ops : 2.543e+10 (less than 1 second per iteration)
 Threads    : 32

                  Objective                Residual
Iter       Primal          Dual         Primal    Dual     Compl     Time
   0  -4.46822585e+10  1.08047379e+08  1.04e+06 3.86e+02  9.95e+05     5s
   1  -2.61777610e+09  4.38365140e+07  6.01e+04 1.05e-12  6.73e+04     7s
   2  -1.31559564e+07  7.04576851e+06  1.44e+02 1.95e-12  1.78e+02     9s
   3  -1.20496886e+06  1.20080920e+06  1.98e+00 3.40e-12  4.99e+00    11s
   4  -2.20584993e+05  2.92117803e+05  6.29e-02 1.69e-12  6.72e-01    13s
   5  -4.60367176e+04  6.02316799e+04  3.12e-03 1.25e-12  1.29e-01    14s
   6  -1.09371794e+04  1.37841119e+04  3.33e-04 1.20e-12  2.97e-02    17s
   7  -3.92024595e+03  4.69396125e+03  7.73e-05 1.58e-12  1.03e-02    18s
   8  -1.26586876e+03  2.14915030e+03  1.08e-05 8.58e-13  4.09e-03    20s
   9  -5.18918280e+02  1.08281854e+03  4.24e-06 5.42e-13  1.92e-03    22s
  10  -1.78147386e+01  4.05936427e+02  2.84e-07 2.99e-13  5.08e-04    24s
  11   1.30986251e+02  2.65250607e+02  1.61e-08 4.55e-13  1.61e-04    26s
  12   1.75394697e+02  2.21691621e+02  9.01e-10 2.27e-13  5.55e-05    28s
  13   1.83227327e+02  2.15915923e+02  5.19e-10 3.30e-13  3.92e-05    30s
  14   1.94028940e+02  2.08593578e+02  1.92e-10 3.41e-13  1.75e-05    32s
  15   1.98052193e+02  2.06081352e+02  7.47e-11 4.55e-13  9.63e-06    34s
  16   2.00517659e+02  2.04682722e+02  2.91e-11 5.68e-13  4.99e-06    35s
  17   2.02107574e+02  2.03851879e+02  7.52e-12 4.55e-13  2.09e-06    37s
  18   2.02800917e+02  2.03523658e+02  2.14e-12 4.55e-13  8.66e-07    39s
  19   2.03000766e+02  2.03433389e+02  1.02e-12 4.55e-13  5.19e-07    41s
  20   2.03105049e+02  2.03387225e+02  4.34e-13 4.55e-13  3.38e-07    43s
  21   2.03182353e+02  2.03353808e+02  1.88e-13 4.55e-13  2.06e-07    45s
  22   2.03249297e+02  2.03325740e+02  5.74e-14 4.55e-13  9.16e-08    46s
  23   2.03252935e+02  2.03324248e+02  5.08e-14 4.55e-13  8.55e-08    48s
  24   2.03282159e+02  2.03312359e+02  1.40e-14 4.55e-13  3.62e-08    50s
  25   2.03296999e+02  2.03306423e+02  2.86e-15 6.82e-13  1.13e-08    52s
  26   2.03301075e+02  2.03304822e+02  2.25e-15 4.55e-13  4.49e-09    54s
  27   2.03302922e+02  2.03304098e+02  5.24e-15 5.68e-13  1.41e-09    56s
  28   2.03303481e+02  2.03303880e+02  2.91e-15 6.82e-13  4.78e-10    58s
  29   2.03303712e+02  2.03303790e+02  3.37e-15 6.82e-13  9.38e-11    60s
  30   2.03303761e+02  2.03303770e+02  2.53e-15 6.82e-13  1.08e-11    62s
  31   2.03303768e+02  2.03303768e+02  1.52e-15 6.82e-13  2.34e-14    64s

Barrier solved model in 31 iterations and 63.59 seconds (14.48 work units)
Optimal objective 2.03303768e+02

Done! Time elapsed: 94.32626342773438 seconds.
Starting HMC sampling...

                                                                                                                                                                                                                                                                                                                                
Finished sampling! Elapsed Time: 1024.8907027244568 seconds

Checking sampler transitions treedepth.
85 of 16000 (0.53%) transitions hit the maximum treedepth limit of 10, or 2^10 leapfrog steps.
Trajectories that are prematurely terminated due to this limit will result in slow exploration.
For optimal performance, increase this limit.

Checking sampler transitions for divergences.
No divergent transitions found.

Checking E-BFMI - sampler transitions HMC potential energy.
E-BFMI satisfactory.

Rank-normalized split effective sample size satisfactory for all parameters.

Rank-normalized split R-hat values satisfactory for all parameters.

Processing complete.

Parameters from last iteration: [2.39839038e-01 3.95363619e-01 3.96241998e-01 ... 2.52709757e+02
 2.34304966e+02 2.33765983e+02]

Parameters from current iteration:
            [2.38651887e-01 3.77324082e-01 3.78107281e-01 ... 2.52838954e+02
 2.34420117e+02 2.33906441e+02]

Updated uncertain values: [2.39542250e-01 3.90853735e-01 3.91708319e-01 ... 2.52742056e+02
 2.34333753e+02 2.33801097e+02]


            Iteration [   6]: Absolute Error = 0.3108691534496302,
            Percentage Error = 0.04631101175814
            
Optimization Iteration[7/100]

Theta: [0.23954225 0.39085373 0.39170832 ... 1.93934862 1.19652401 1.05962608]

Gamma: [606.0645213  587.24058811 531.82944038 ... 252.74205597 234.33375336
 233.80109727]

Solving the optimization problem...
Set parameter TokenServer to value "licenses.rcc.uchicago.edu"
Read LP format model from file /scratch/local/jobs/50255472/tmpr6my2hku.pyomo.lp
Reading time = 2.14 seconds
x1: 417600 rows, 834801 columns, 2083271 nonzeros
Gurobi Optimizer version 11.0.0 build v11.0.0rc2 (linux64 - "CentOS Linux 8")

CPU model: Intel(R) Xeon(R) Gold 6248R CPU @ 3.00GHz, instruction set [SSE2|AVX|AVX2|AVX512]
Thread count: 48 physical cores, 48 logical processors, using up to 32 threads

Optimize a model with 417600 rows, 834801 columns and 2083271 nonzeros
Model fingerprint: 0xbe3bb5b7
Model has 400 quadratic objective terms
Coefficient statistics:
  Matrix range     [1e+00, 9e+02]
  Objective range  [2e-03, 1e+03]
  QObjective range [2e+03, 2e+05]
  Bounds range     [3e-06, 1e+00]
  RHS range        [9e-11, 4e-01]
Presolve removed 208947 rows and 209294 columns
Presolve time: 0.82s
Presolved: 208653 rows, 625507 columns, 1249571 nonzeros
Presolved model has 400 quadratic objective terms
Ordering time: 0.96s

Barrier statistics:
 AA' NZ     : 6.241e+05
 Factor NZ  : 6.773e+07 (roughly 900 MB of memory)
 Factor Ops : 2.543e+10 (less than 1 second per iteration)
 Threads    : 32

                  Objective                Residual
Iter       Primal          Dual         Primal    Dual     Compl     Time
   0  -1.55154500e+11  1.10640369e+11  1.04e+06 1.14e-13  1.00e+06     6s
   1  -6.51700298e+10  6.33648078e+10  4.43e+04 3.08e+01  4.67e+04     8s
   2  -3.05850969e+10  3.06528817e+10  4.48e+02 1.24e-01  5.43e+02    10s
   3  -1.08844817e+10  1.09723064e+10  3.21e+00 1.55e-12  2.86e+01    12s
   4  -2.40139016e+09  2.49909668e+09  2.67e-01 1.47e-12  5.95e+00    16s
   5  -5.82500053e+08  6.48568082e+08  3.65e-02 5.42e-12  1.46e+00    21s
   6  -9.63192839e+07  1.09556083e+08  2.74e-03 1.48e-12  2.41e-01    26s
   7  -1.41126551e+07  1.68722935e+07  2.74e-09 1.56e-12  3.63e-02    30s
   8  -2.06910621e+06  2.45787937e+06  2.71e-13 1.16e-12  5.30e-03    33s
   9  -3.08295705e+05  3.77523921e+05  3.80e-14 3.15e-13  8.03e-04    35s
  10  -4.64596346e+04  5.44990296e+04  2.08e-14 6.23e-14  1.18e-04    37s
  11  -7.27841616e+03  8.45011481e+03  1.33e-14 9.86e-15  1.84e-05    39s
  12  -1.80030430e+03  1.91227242e+03  1.11e-14 1.74e-15  4.35e-06    42s
  13  -4.30868649e+02  9.29692181e+02  1.71e-15 6.66e-16  1.59e-06    45s
  14  -5.65078890e+00  3.95525508e+02  7.08e-16 6.66e-16  4.70e-07    48s
  15   1.16912323e+02  2.65692480e+02  2.53e-16 4.44e-16  1.74e-07    50s
  16   1.61600512e+02  2.27095491e+02  9.69e-17 5.55e-16  7.67e-08    52s
  17   1.81595339e+02  2.10060279e+02  7.76e-17 4.44e-16  3.33e-08    54s
  18   1.91024442e+02  2.02961875e+02  5.77e-17 6.66e-16  1.40e-08    56s
  19   1.95120895e+02  2.00274172e+02  4.01e-17 5.55e-16  6.03e-09    57s
  20   1.96438379e+02  1.99558164e+02  1.11e-16 4.44e-16  3.65e-09    59s
  21   1.97486671e+02  1.99033052e+02  3.11e-16 4.44e-16  1.81e-09    61s
  22   1.97779304e+02  1.98893122e+02  2.04e-16 4.44e-16  1.30e-09    63s
  23   1.98042185e+02  1.98770967e+02  1.42e-16 4.44e-16  8.53e-10    65s
  24   1.98252189e+02  1.98675365e+02  1.45e-16 4.44e-16  4.95e-10    67s
  25   1.98393909e+02  1.98613475e+02  2.38e-16 6.66e-16  2.57e-10    68s
  26   1.98450602e+02  1.98588920e+02  3.57e-16 5.55e-16  1.62e-10    70s
  27   1.98506221e+02  1.98565998e+02  3.14e-16 4.44e-16  7.00e-11    72s
  28   1.98521620e+02  1.98559690e+02  1.65e-16 4.44e-16  4.46e-11    74s
  29   1.98535381e+02  1.98554094e+02  3.24e-15 4.44e-16  2.19e-11    75s
  30   1.98545564e+02  1.98550042e+02  5.39e-15 6.66e-16  5.24e-12    77s
  31   1.98547289e+02  1.98549361e+02  2.01e-15 4.44e-16  2.43e-12    79s
  32   1.98548365e+02  1.98548937e+02  5.05e-15 5.55e-16  6.71e-13    81s
  33   1.98548627e+02  1.98548835e+02  2.07e-15 6.66e-16  2.44e-13    83s
  34   1.98548773e+02  1.98548777e+02  1.29e-15 7.77e-16  4.81e-15    85s

Barrier solved model in 34 iterations and 84.82 seconds (15.55 work units)
Optimal objective 1.98548773e+02

Done! Time elapsed: 118.03213000297546 seconds.
Starting HMC sampling...

                                                                                                                                                                                                                                                                                                                                
Finished sampling! Elapsed Time: 1006.5687913894653 seconds

Checking sampler transitions treedepth.
80 of 16000 (0.50%) transitions hit the maximum treedepth limit of 10, or 2^10 leapfrog steps.
Trajectories that are prematurely terminated due to this limit will result in slow exploration.
For optimal performance, increase this limit.

Checking sampler transitions for divergences.
No divergent transitions found.

Checking E-BFMI - sampler transitions HMC potential energy.
E-BFMI satisfactory.

Rank-normalized split effective sample size satisfactory for all parameters.

Rank-normalized split R-hat values satisfactory for all parameters.

Processing complete.

Parameters from last iteration: [2.39542250e-01 3.90853735e-01 3.91708319e-01 ... 2.52742056e+02
 2.34333753e+02 2.33801097e+02]

Parameters from current iteration:
            [2.33976344e-01 3.74680264e-01 3.75474938e-01 ... 2.52847155e+02
 2.34421362e+02 2.33906446e+02]

Updated uncertain values: [2.38150774e-01 3.86810367e-01 3.87649974e-01 ... 2.52768331e+02
 2.34355655e+02 2.33827434e+02]


            Iteration [   7]: Absolute Error = 0.3985167168575572,
            Percentage Error = 0.022427620322165186
            
Optimization Iteration[8/100]

Theta: [0.23815077 0.38681037 0.38764997 ... 1.92663666 1.19406144 1.05886232]

Gamma: [606.09715442 587.25062125 531.79991486 ... 252.76833067 234.35565544
 233.82743433]

Solving the optimization problem...
Set parameter TokenServer to value "licenses.rcc.uchicago.edu"
Read LP format model from file /scratch/local/jobs/50255472/tmp6_20rsw9.pyomo.lp
Reading time = 2.15 seconds
x1: 417600 rows, 834801 columns, 2083271 nonzeros
Gurobi Optimizer version 11.0.0 build v11.0.0rc2 (linux64 - "CentOS Linux 8")

CPU model: Intel(R) Xeon(R) Gold 6248R CPU @ 3.00GHz, instruction set [SSE2|AVX|AVX2|AVX512]
Thread count: 48 physical cores, 48 logical processors, using up to 32 threads

Optimize a model with 417600 rows, 834801 columns and 2083271 nonzeros
Model fingerprint: 0x6ac3eda1
Model has 400 quadratic objective terms
Coefficient statistics:
  Matrix range     [1e+00, 9e+02]
  Objective range  [2e-03, 1e+03]
  QObjective range [2e+03, 2e+05]
  Bounds range     [3e-06, 1e+00]
  RHS range        [9e-11, 4e-01]
Presolve removed 208947 rows and 209294 columns
Presolve time: 0.81s
Presolved: 208653 rows, 625507 columns, 1249571 nonzeros
Presolved model has 400 quadratic objective terms
Ordering time: 0.71s

Barrier statistics:
 AA' NZ     : 6.241e+05
 Factor NZ  : 6.773e+07 (roughly 900 MB of memory)
 Factor Ops : 2.543e+10 (less than 1 second per iteration)
 Threads    : 32

                  Objective                Residual
Iter       Primal          Dual         Primal    Dual     Compl     Time
   0  -4.47122359e+10  1.08047377e+08  1.04e+06 3.86e+02  9.95e+05     5s
   1  -2.61883789e+09  4.38317029e+07  6.01e+04 1.19e-12  6.73e+04     7s
   2  -1.31593563e+07  7.04498080e+06  1.44e+02 1.98e-12  1.78e+02     9s
   3  -1.20484659e+06  1.20064286e+06  1.98e+00 3.52e-12  4.99e+00    11s
   4  -2.20564334e+05  2.92082440e+05  6.29e-02 1.78e-12  6.72e-01    13s
   5  -4.60338565e+04  6.02185646e+04  3.12e-03 1.11e-12  1.28e-01    15s
   6  -1.07811898e+04  1.35139433e+04  3.17e-04 1.76e-12  2.92e-02    17s
   7  -3.89287114e+03  4.63866814e+03  7.44e-05 8.46e-13  1.02e-02    19s
   8  -1.17165271e+03  1.97391496e+03  8.56e-06 5.90e-13  3.77e-03    21s
   9  -4.80285043e+02  1.01143779e+03  3.30e-06 4.65e-13  1.79e-03    23s
  10  -5.11455555e+00  3.74772347e+02  1.78e-07 4.05e-13  4.55e-04    25s
  11   1.28003374e+02  2.54235221e+02  6.67e-09 4.55e-13  1.51e-04    27s
  12   1.65124483e+02  2.16855263e+02  9.02e-10 2.27e-13  6.20e-05    29s
  13   1.79886995e+02  2.05279413e+02  2.41e-10 3.41e-13  3.04e-05    31s
  14   1.87633373e+02  2.00141123e+02  9.31e-11 3.41e-13  1.50e-05    33s
  15   1.91502543e+02  1.97815443e+02  3.49e-11 4.55e-13  7.57e-06    34s
  16   1.92932017e+02  1.97029221e+02  1.93e-11 4.55e-13  4.91e-06    36s
  17   1.94531355e+02  1.96200360e+02  5.70e-12 4.55e-13  2.00e-06    38s
  18   1.95070333e+02  1.95940441e+02  2.41e-12 4.55e-13  1.04e-06    41s
  19   1.95236214e+02  1.95861868e+02  1.30e-12 4.55e-13  7.50e-07    43s
  20   1.95388603e+02  1.95792830e+02  6.38e-13 4.55e-13  4.85e-07    44s
  21   1.95517514e+02  1.95736701e+02  2.33e-13 4.55e-13  2.63e-07    46s
  22   1.95588884e+02  1.95706261e+02  1.01e-13 4.55e-13  1.41e-07    48s
  23   1.95641590e+02  1.95684252e+02  2.25e-14 4.55e-13  5.11e-08    50s
  24   1.95659550e+02  1.95676973e+02  9.71e-15 4.55e-13  2.09e-08    52s
  25   1.95667473e+02  1.95673814e+02  2.64e-15 5.68e-13  7.60e-09    54s
  26   1.95670360e+02  1.95672673e+02  1.18e-15 5.68e-13  2.77e-09    56s
  27   1.95671424e+02  1.95672254e+02  8.01e-16 6.82e-13  9.95e-10    58s
  28   1.95671836e+02  1.95672094e+02  3.43e-15 6.82e-13  3.09e-10    60s
  29   1.95671994e+02  1.95672032e+02  2.50e-15 5.68e-13  4.46e-11    62s
  30   1.95672019e+02  1.95672022e+02  1.22e-15 5.68e-13  3.05e-12    64s
  31   1.95672021e+02  1.95672021e+02  9.95e-16 6.82e-13  3.18e-14    65s

Barrier solved model in 31 iterations and 65.48 seconds (14.31 work units)
Optimal objective 1.95672021e+02

Done! Time elapsed: 96.2786078453064 seconds.
Starting HMC sampling...

                                                                                                                                                                                                                                                                                                                                
Finished sampling! Elapsed Time: 953.1503417491913 seconds

Checking sampler transitions treedepth.
69 of 16000 (0.43%) transitions hit the maximum treedepth limit of 10, or 2^10 leapfrog steps.
Trajectories that are prematurely terminated due to this limit will result in slow exploration.
For optimal performance, increase this limit.

Checking sampler transitions for divergences.
No divergent transitions found.

Checking E-BFMI - sampler transitions HMC potential energy.
E-BFMI satisfactory.

Rank-normalized split effective sample size satisfactory for all parameters.

Rank-normalized split R-hat values satisfactory for all parameters.

Processing complete.

Parameters from last iteration: [2.38150774e-01 3.86810367e-01 3.87649974e-01 ... 2.52768331e+02
 2.34355655e+02 2.33827434e+02]

Parameters from current iteration:
            [2.33272617e-01 3.74451186e-01 3.75248541e-01 ... 2.52769166e+02
 2.34353836e+02 2.33856323e+02]

Updated uncertain values: [2.36931235e-01 3.83720572e-01 3.84549616e-01 ... 2.52768539e+02
 2.34355201e+02 2.33834657e+02]


            Iteration [   8]: Absolute Error = 0.2733841556118932,
            Percentage Error = 0.016686954174341375
            
Optimization Iteration[9/100]

Theta: [0.23693123 0.38372057 0.38454962 ... 1.91746891 1.19252074 1.05859258]

Gamma: [606.19497077 587.35298242 531.87832021 ... 252.76853946 234.35520055
 233.8346565 ]

Solving the optimization problem...
Set parameter TokenServer to value "licenses.rcc.uchicago.edu"
Read LP format model from file /scratch/local/jobs/50255472/tmpi7v13qk_.pyomo.lp
Reading time = 2.17 seconds
x1: 417600 rows, 834801 columns, 2083271 nonzeros
Gurobi Optimizer version 11.0.0 build v11.0.0rc2 (linux64 - "CentOS Linux 8")

CPU model: Intel(R) Xeon(R) Gold 6248R CPU @ 3.00GHz, instruction set [SSE2|AVX|AVX2|AVX512]
Thread count: 48 physical cores, 48 logical processors, using up to 32 threads

Optimize a model with 417600 rows, 834801 columns and 2083271 nonzeros
Model fingerprint: 0x7c65b67d
Model has 400 quadratic objective terms
Coefficient statistics:
  Matrix range     [1e+00, 9e+02]
  Objective range  [2e-03, 1e+03]
  QObjective range [2e+03, 2e+05]
  Bounds range     [3e-06, 1e+00]
  RHS range        [9e-11, 4e-01]
Presolve removed 208947 rows and 209294 columns
Presolve time: 0.80s
Presolved: 208653 rows, 625507 columns, 1249571 nonzeros
Presolved model has 400 quadratic objective terms
Ordering time: 1.37s

Barrier statistics:
 AA' NZ     : 6.241e+05
 Factor NZ  : 6.773e+07 (roughly 900 MB of memory)
 Factor Ops : 2.543e+10 (less than 1 second per iteration)
 Threads    : 32

                  Objective                Residual
Iter       Primal          Dual         Primal    Dual     Compl     Time
   0  -1.55167286e+11  1.10640369e+11  1.04e+06 1.13e-13  1.00e+06     6s
   1  -6.51705749e+10  6.33648087e+10  4.43e+04 3.08e+01  4.67e+04     8s
   2  -3.05851027e+10  3.06528822e+10  4.48e+02 1.24e-01  5.43e+02    10s
   3  -1.08844818e+10  1.09723065e+10  3.21e+00 1.41e-12  2.86e+01    12s
   4  -2.40139018e+09  2.49909674e+09  2.67e-01 1.42e-12  5.95e+00    17s
   5  -5.82500039e+08  6.48568084e+08  3.65e-02 4.68e-12  1.46e+00    21s
   6  -9.63192684e+07  1.09556070e+08  2.74e-03 1.40e-12  2.41e-01    26s
   7  -1.41126532e+07  1.68722868e+07  2.74e-09 1.55e-12  3.63e-02    31s
   8  -2.06910809e+06  2.45787978e+06  2.76e-13 1.10e-12  5.30e-03    33s
   9  -3.08297123e+05  3.77516644e+05  4.18e-14 3.12e-13  8.03e-04    35s
  10  -4.64616833e+04  5.44947577e+04  1.61e-14 6.58e-14  1.18e-04    37s
  11  -7.28104540e+03  8.44527728e+03  1.43e-14 9.25e-15  1.84e-05    39s
  12  -1.80310026e+03  1.90670974e+03  1.01e-14 2.94e-15  4.34e-06    42s
  13  -4.31306426e+02  9.15510578e+02  9.73e-16 6.66e-16  1.58e-06    45s
  14  -1.78558513e+01  3.69185061e+02  6.54e-16 5.55e-16  4.53e-07    48s
  15   1.12760612e+02  2.60279095e+02  3.37e-16 5.55e-16  1.73e-07    50s
  16   1.62728451e+02  2.11964103e+02  1.38e-16 5.55e-16  5.76e-08    52s
  17   1.64404871e+02  2.10757247e+02  1.19e-16 6.66e-16  5.43e-08    53s
  18   1.67668132e+02  2.08642153e+02  1.12e-16 6.66e-16  4.80e-08    55s
  19   1.78748243e+02  2.01547733e+02  9.45e-17 4.44e-16  2.67e-08    57s
  20   1.85865171e+02  1.97426442e+02  6.09e-17 4.44e-16  1.35e-08    59s
  21   1.89778746e+02  1.95389826e+02  5.18e-17 4.44e-16  6.57e-09    60s
  22   1.91203854e+02  1.94710206e+02  1.01e-16 4.44e-16  4.11e-09    62s
  23   1.92146769e+02  1.94275500e+02  8.20e-17 4.44e-16  2.49e-09    64s
  24   1.92816975e+02  1.93975729e+02  1.35e-16 5.55e-16  1.36e-09    66s
  25   1.93128892e+02  1.93840706e+02  1.44e-16 4.44e-16  8.33e-10    67s
  26   1.93322512e+02  1.93758379e+02  2.59e-16 4.44e-16  5.10e-10    69s
  27   1.93412420e+02  1.93721027e+02  1.38e-16 4.44e-16  3.61e-10    71s
  28   1.93526218e+02  1.93673768e+02  2.98e-16 4.44e-16  1.73e-10    73s
  29   1.93572618e+02  1.93654838e+02  2.81e-16 4.44e-16  9.63e-11    74s
  30   1.93609343e+02  1.93640006e+02  7.90e-16 4.44e-16  3.59e-11    76s
  31   1.93622803e+02  1.93634619e+02  1.42e-15 4.44e-16  1.38e-11    78s
  32   1.93629003e+02  1.93632160e+02  1.60e-15 4.44e-16  3.70e-12    80s
  33   1.93630385e+02  1.93631616e+02  5.57e-15 5.55e-16  1.44e-12    82s
  34   1.93631139e+02  1.93631320e+02  6.22e-15 5.55e-16  2.12e-13    84s
  35   1.93631210e+02  1.93631293e+02  2.62e-15 5.55e-16  9.72e-14    86s
  36   1.93631261e+02  1.93631273e+02  1.93e-15 5.55e-16  1.41e-14    88s
  37   1.93631269e+02  1.93631270e+02  1.92e-15 6.66e-16  1.19e-15    90s

Barrier solved model in 37 iterations and 89.72 seconds (16.97 work units)
Optimal objective 1.93631269e+02

Done! Time elapsed: 120.43573141098022 seconds.
Starting HMC sampling...

                                                                                                                                                                                                                                                                                                                                
Finished sampling! Elapsed Time: 1043.34907913208 seconds

Checking sampler transitions treedepth.
140 of 16000 (0.88%) transitions hit the maximum treedepth limit of 10, or 2^10 leapfrog steps.
Trajectories that are prematurely terminated due to this limit will result in slow exploration.
For optimal performance, increase this limit.

Checking sampler transitions for divergences.
No divergent transitions found.

Checking E-BFMI - sampler transitions HMC potential energy.
E-BFMI satisfactory.

Rank-normalized split effective sample size satisfactory for all parameters.

Rank-normalized split R-hat values satisfactory for all parameters.

Processing complete.

Parameters from last iteration: [2.36931235e-01 3.83720572e-01 3.84549616e-01 ... 2.52768539e+02
 2.34355201e+02 2.33834657e+02]

Parameters from current iteration:
            [2.31740181e-01 3.72556990e-01 3.73352302e-01 ... 2.52780577e+02
 2.34361165e+02 2.33849587e+02]

Updated uncertain values: [2.35633471e-01 3.80929676e-01 3.81750287e-01 ... 2.52771549e+02
 2.34356692e+02 2.33838389e+02]


            Iteration [   9]: Absolute Error = 0.21358271280269037,
            Percentage Error = 0.012431642859010989
            
Optimization Iteration[10/100]

Theta: [0.23563347 0.38092968 0.38175029 ... 1.91045942 1.19094824 1.05791684]

Gamma: [606.12377938 587.27785992 531.79529056 ... 252.77154885 234.35669172
 233.83838905]

Solving the optimization problem...
Set parameter TokenServer to value "licenses.rcc.uchicago.edu"
Read LP format model from file /scratch/local/jobs/50255472/tmp39y6389o.pyomo.lp
Reading time = 2.16 seconds
x1: 417600 rows, 834801 columns, 2083271 nonzeros
Gurobi Optimizer version 11.0.0 build v11.0.0rc2 (linux64 - "CentOS Linux 8")

CPU model: Intel(R) Xeon(R) Gold 6248R CPU @ 3.00GHz, instruction set [SSE2|AVX|AVX2|AVX512]
Thread count: 48 physical cores, 48 logical processors, using up to 32 threads

Optimize a model with 417600 rows, 834801 columns and 2083271 nonzeros
Model fingerprint: 0x5477c433
Model has 400 quadratic objective terms
Coefficient statistics:
  Matrix range     [1e+00, 9e+02]
  Objective range  [1e-03, 1e+03]
  QObjective range [2e+03, 2e+05]
  Bounds range     [3e-06, 1e+00]
  RHS range        [9e-11, 4e-01]
Presolve removed 208947 rows and 209294 columns
Presolve time: 0.80s
Presolved: 208653 rows, 625507 columns, 1249571 nonzeros
Presolved model has 400 quadratic objective terms
Ordering time: 1.03s

Barrier statistics:
 AA' NZ     : 6.241e+05
 Factor NZ  : 6.773e+07 (roughly 900 MB of memory)
 Factor Ops : 2.543e+10 (less than 1 second per iteration)
 Threads    : 32

                  Objective                Residual
Iter       Primal          Dual         Primal    Dual     Compl     Time
   0  -1.55169833e+11  1.10640369e+11  1.04e+06 1.14e-13  1.00e+06     5s
   1  -6.51706836e+10  6.33648085e+10  4.43e+04 3.08e+01  4.67e+04     7s
   2  -3.05851036e+10  3.06528821e+10  4.48e+02 1.24e-01  5.43e+02     9s
   3  -1.08844817e+10  1.09723065e+10  3.21e+00 1.70e-12  2.86e+01    11s
   4  -2.40139016e+09  2.49909673e+09  2.67e-01 1.40e-12  5.95e+00    16s
   5  -5.82500035e+08  6.48568087e+08  3.65e-02 4.69e-12  1.46e+00    20s
   6  -9.63192662e+07  1.09556070e+08  2.74e-03 1.30e-12  2.41e-01    25s
   7  -1.41126527e+07  1.68722857e+07  2.74e-09 1.39e-12  3.63e-02    30s
   8  -2.06910848e+06  2.45788046e+06  2.94e-13 1.08e-12  5.30e-03    33s
   9  -3.08297381e+05  3.77514962e+05  4.28e-14 3.26e-13  8.03e-04    35s
  10  -4.64621301e+04  5.44937636e+04  1.72e-14 6.22e-14  1.18e-04    36s
  11  -7.28170918e+03  8.44406067e+03  1.30e-14 8.72e-15  1.84e-05    38s
  12  -1.80272666e+03  1.90371503e+03  9.96e-15 2.13e-15  4.34e-06    42s
  13  -4.36242399e+02  9.22813016e+02  1.29e-15 6.66e-16  1.59e-06    44s
  14  -2.63101966e+01  3.84372637e+02  5.54e-16 6.66e-16  4.81e-07    46s
  15   1.06109901e+02  2.65041749e+02  2.22e-16 4.44e-16  1.86e-07    48s
  16   1.59460940e+02  2.11839394e+02  1.22e-16 4.44e-16  6.13e-08    50s
  17   1.64017069e+02  2.08813335e+02  9.26e-17 6.66e-16  5.24e-08    52s
  18   1.75874366e+02  2.01041350e+02  7.94e-17 4.44e-16  2.95e-08    54s
  19   1.84332457e+02  1.96054147e+02  4.55e-17 4.44e-16  1.37e-08    56s
  20   1.87757649e+02  1.94276479e+02  5.72e-17 4.44e-16  7.63e-09    58s
  21   1.89748754e+02  1.93304576e+02  1.34e-16 4.44e-16  4.16e-09    59s
  22   1.90740292e+02  1.92846117e+02  1.42e-16 4.44e-16  2.47e-09    61s
  23   1.91400322e+02  1.92550681e+02  3.58e-16 4.44e-16  1.35e-09    63s
  24   1.91677544e+02  1.92430428e+02  3.85e-16 4.44e-16  8.81e-10    65s
  25   1.91863824e+02  1.92350894e+02  3.11e-16 4.44e-16  5.70e-10    66s
  26   1.92017617e+02  1.92286046e+02  2.12e-16 4.44e-16  3.14e-10    68s
  27   1.92106617e+02  1.92249344e+02  3.06e-16 4.44e-16  1.67e-10    70s
  28   1.92157601e+02  1.92228688e+02  4.24e-16 5.55e-16  8.32e-11    72s
  29   1.92192061e+02  1.92214796e+02  5.32e-16 4.44e-16  2.66e-11    74s
  30   1.92203402e+02  1.92210278e+02  2.07e-15 4.44e-16  8.05e-12    76s
  31   1.92205574e+02  1.92209426e+02  1.24e-15 5.55e-16  4.51e-12    77s
  32   1.92207582e+02  1.92208639e+02  1.97e-14 6.66e-16  1.24e-12    79s
  33   1.92208156e+02  1.92208415e+02  1.06e-14 5.55e-16  3.03e-13    82s
  34   1.92208248e+02  1.92208378e+02  2.13e-15 6.66e-16  1.53e-13    84s
  35   1.92208334e+02  1.92208345e+02  3.25e-15 6.66e-16  1.32e-14    86s

Barrier solved model in 35 iterations and 85.52 seconds (16.15 work units)
Optimal objective 1.92208334e+02

Done! Time elapsed: 116.08026504516602 seconds.
Starting HMC sampling...

                                                                                                                                                                                                                                                                                                                                
Finished sampling! Elapsed Time: 991.4124639034271 seconds

Checking sampler transitions treedepth.
114 of 16000 (0.71%) transitions hit the maximum treedepth limit of 10, or 2^10 leapfrog steps.
Trajectories that are prematurely terminated due to this limit will result in slow exploration.
For optimal performance, increase this limit.

Checking sampler transitions for divergences.
No divergent transitions found.

Checking E-BFMI - sampler transitions HMC potential energy.
E-BFMI satisfactory.

Rank-normalized split effective sample size satisfactory for all parameters.

Rank-normalized split R-hat values satisfactory for all parameters.

Processing complete.

Parameters from last iteration: [2.35633471e-01 3.80929676e-01 3.81750287e-01 ... 2.52771549e+02
 2.34356692e+02 2.33838389e+02]

Parameters from current iteration:
            [2.31747864e-01 3.72490530e-01 3.73285423e-01 ... 2.52788642e+02
 2.34336066e+02 2.33772870e+02]

Updated uncertain values: [2.34662069e-01 3.78819890e-01 3.79634071e-01 ... 2.52775822e+02
 2.34351535e+02 2.33822009e+02]


            Iteration [  10]: Absolute Error = 0.26876652216890307,
            Percentage Error = 0.009435525420039843
            
Optimization Iteration[11/100]

Theta: [0.23466207 0.37881989 0.37963407 ... 1.90692966 1.19054712 1.058027  ]

Gamma: [606.1733281  587.32522781 531.84440327 ... 252.77582222 234.35153534
 233.82200919]

Solving the optimization problem...
Set parameter TokenServer to value "licenses.rcc.uchicago.edu"
Read LP format model from file /scratch/local/jobs/50255472/tmpsfp9k_hd.pyomo.lp
Reading time = 2.15 seconds
x1: 417600 rows, 834801 columns, 2083271 nonzeros
Gurobi Optimizer version 11.0.0 build v11.0.0rc2 (linux64 - "CentOS Linux 8")

CPU model: Intel(R) Xeon(R) Gold 6248R CPU @ 3.00GHz, instruction set [SSE2|AVX|AVX2|AVX512]
Thread count: 48 physical cores, 48 logical processors, using up to 32 threads

Optimize a model with 417600 rows, 834801 columns and 2083271 nonzeros
Model fingerprint: 0xa4a413da
Model has 400 quadratic objective terms
Coefficient statistics:
  Matrix range     [1e+00, 9e+02]
  Objective range  [6e-04, 1e+03]
  QObjective range [2e+03, 2e+05]
  Bounds range     [3e-06, 1e+00]
  RHS range        [9e-11, 4e-01]
Presolve removed 208947 rows and 209294 columns
Presolve time: 0.81s
Presolved: 208653 rows, 625507 columns, 1249571 nonzeros
Presolved model has 400 quadratic objective terms
Ordering time: 1.28s

Barrier statistics:
 AA' NZ     : 6.241e+05
 Factor NZ  : 6.773e+07 (roughly 900 MB of memory)
 Factor Ops : 2.543e+10 (less than 1 second per iteration)
 Threads    : 32

                  Objective                Residual
Iter       Primal          Dual         Primal    Dual     Compl     Time
   0  -1.55171177e+11  1.10640369e+11  1.04e+06 1.12e-13  1.00e+06     5s
   1  -6.51707420e+10  6.33648091e+10  4.43e+04 3.08e+01  4.67e+04     7s
   2  -3.05851044e+10  3.06528824e+10  4.48e+02 1.24e-01  5.43e+02     9s
   3  -1.08844818e+10  1.09723066e+10  3.21e+00 1.50e-12  2.86e+01    11s
   4  -2.40139018e+09  2.49909677e+09  2.67e-01 1.30e-12  5.95e+00    16s
   5  -5.82500028e+08  6.48568090e+08  3.65e-02 3.20e-12  1.46e+00    21s
   6  -9.63192580e+07  1.09556064e+08  2.74e-03 1.44e-12  2.41e-01    25s
   7  -1.41126512e+07  1.68722840e+07  2.74e-09 3.69e-12  3.63e-02    30s
   8  -2.06910846e+06  2.45788063e+06  2.62e-13 1.03e-12  5.30e-03    33s
   9  -3.08297392e+05  3.77513169e+05  4.71e-14 3.16e-13  8.03e-04    35s
  10  -4.64623893e+04  5.44929086e+04  1.75e-14 5.41e-14  1.18e-04    37s
  11  -7.28214854e+03  8.44302493e+03  1.21e-14 9.74e-15  1.84e-05    39s
  12  -1.80203058e+03  1.90098469e+03  1.05e-14 1.93e-15  4.34e-06    42s
  13  -4.39249069e+02  9.28112658e+02  1.15e-15 6.66e-16  1.60e-06    44s
  14  -2.51641074e+01  3.77177780e+02  4.66e-16 4.44e-16  4.71e-07    47s
  15   1.05634563e+02  2.63673939e+02  3.39e-16 6.66e-16  1.85e-07    49s
  16   1.58897165e+02  2.10450156e+02  1.39e-16 4.44e-16  6.04e-08    51s
  17   1.63340876e+02  2.07504264e+02  1.11e-16 6.66e-16  5.17e-08    52s
  18   1.75969104e+02  1.99259886e+02  1.07e-16 4.44e-16  2.73e-08    54s
  19   1.83222066e+02  1.95048447e+02  6.66e-17 4.44e-16  1.38e-08    56s
  20   1.87010971e+02  1.93068499e+02  6.98e-17 4.44e-16  7.09e-09    58s
  21   1.88805641e+02  1.92201913e+02  7.55e-17 4.44e-16  3.98e-09    59s
  22   1.89809022e+02  1.91740373e+02  6.99e-16 4.44e-16  2.26e-09    61s
  23   1.90332168e+02  1.91507781e+02  4.53e-16 4.44e-16  1.38e-09    63s
  24   1.90655029e+02  1.91367423e+02  3.12e-16 4.44e-16  8.34e-10    65s
  25   1.90833648e+02  1.91291204e+02  3.26e-16 4.44e-16  5.36e-10    66s
  26   1.90942657e+02  1.91245839e+02  2.32e-16 4.44e-16  3.55e-10    68s
  27   1.91063538e+02  1.91195503e+02  5.29e-16 4.44e-16  1.55e-10    70s
  28   1.91093736e+02  1.91183149e+02  3.52e-16 4.44e-16  1.05e-10    72s
  29   1.91122402e+02  1.91171578e+02  4.03e-16 4.44e-16  5.76e-11    73s
  30   1.91146985e+02  1.91161697e+02  4.18e-16 4.44e-16  1.72e-11    75s
  31   1.91154120e+02  1.91158872e+02  3.27e-15 5.55e-16  5.56e-12    77s
  32   1.91156690e+02  1.91157859e+02  7.26e-15 5.55e-16  1.37e-12    79s
  33   1.91157072e+02  1.91157709e+02  2.76e-15 6.66e-16  7.45e-13    81s
  34   1.91157407e+02  1.91157578e+02  1.88e-15 6.66e-16  2.01e-13    83s
  35   1.91157507e+02  1.91157539e+02  4.97e-16 5.55e-16  3.80e-14    85s
  36   1.91157527e+02  1.91157531e+02  3.47e-16 6.66e-16  4.32e-15    86s

Barrier solved model in 36 iterations and 86.40 seconds (16.35 work units)
Optimal objective 1.91157527e+02

Done! Time elapsed: 117.12557911872864 seconds.
Starting HMC sampling...

                                                                                                                                                                                                                                                                                                                                
Finished sampling! Elapsed Time: 1107.1014895439148 seconds

Checking sampler transitions treedepth.
76 of 16000 (0.47%) transitions hit the maximum treedepth limit of 10, or 2^10 leapfrog steps.
Trajectories that are prematurely terminated due to this limit will result in slow exploration.
For optimal performance, increase this limit.

Checking sampler transitions for divergences.
No divergent transitions found.

Checking E-BFMI - sampler transitions HMC potential energy.
E-BFMI satisfactory.

Rank-normalized split effective sample size satisfactory for all parameters.

Rank-normalized split R-hat values satisfactory for all parameters.

Processing complete.

Parameters from last iteration: [2.34662069e-01 3.78819890e-01 3.79634071e-01 ... 2.52775822e+02
 2.34351535e+02 2.33822009e+02]

Parameters from current iteration:
            [2.31960206e-01 3.72647832e-01 3.73442414e-01 ... 2.52762853e+02
 2.34413141e+02 2.33953876e+02]

Updated uncertain values: [2.33986603e-01 3.77276875e-01 3.78086157e-01 ... 2.52772580e+02
 2.34366937e+02 2.33854976e+02]


            Iteration [  11]: Absolute Error = 0.13956505755425042,
            Percentage Error = 0.0069743662014829615
            
Optimization Iteration[12/100]

Theta: [0.2339866  0.37727688 0.37808616 ... 1.90214969 1.18927777 1.05735737]

Gamma: [606.08140555 587.2338619  531.75744632 ... 252.77257984 234.36693684
 233.85497584]

Solving the optimization problem...
Set parameter TokenServer to value "licenses.rcc.uchicago.edu"
Read LP format model from file /scratch/local/jobs/50255472/tmpdvdfhmwx.pyomo.lp
Reading time = 2.15 seconds
x1: 417600 rows, 834801 columns, 2083271 nonzeros
Gurobi Optimizer version 11.0.0 build v11.0.0rc2 (linux64 - "CentOS Linux 8")

CPU model: Intel(R) Xeon(R) Gold 6248R CPU @ 3.00GHz, instruction set [SSE2|AVX|AVX2|AVX512]
Thread count: 48 physical cores, 48 logical processors, using up to 32 threads

Optimize a model with 417600 rows, 834801 columns and 2083271 nonzeros
Model fingerprint: 0xa738bd37
Model has 400 quadratic objective terms
Coefficient statistics:
  Matrix range     [1e+00, 9e+02]
  Objective range  [4e-04, 1e+03]
  QObjective range [2e+03, 2e+05]
  Bounds range     [3e-06, 1e+00]
  RHS range        [9e-11, 4e-01]
Presolve removed 208947 rows and 209294 columns
Presolve time: 0.81s
Presolved: 208653 rows, 625507 columns, 1249571 nonzeros
Presolved model has 400 quadratic objective terms
Ordering time: 1.15s

Barrier statistics:
 AA' NZ     : 6.241e+05
 Factor NZ  : 6.773e+07 (roughly 900 MB of memory)
 Factor Ops : 2.543e+10 (less than 1 second per iteration)
 Threads    : 32

                  Objective                Residual
Iter       Primal          Dual         Primal    Dual     Compl     Time
   0  -1.55173076e+11  1.10640369e+11  1.04e+06 1.12e-13  1.00e+06     6s
   1  -6.51708245e+10  6.33648106e+10  4.43e+04 3.08e+01  4.67e+04     7s
   2  -3.05851059e+10  3.06528830e+10  4.48e+02 1.24e-01  5.43e+02     9s
   3  -1.08844820e+10  1.09723068e+10  3.21e+00 1.47e-12  2.86e+01    11s
   4  -2.40139022e+09  2.49909681e+09  2.67e-01 1.23e-12  5.95e+00    16s
   5  -5.82500036e+08  6.48568101e+08  3.65e-02 5.20e-12  1.46e+00    21s
   6  -9.63192574e+07  1.09556064e+08  2.74e-03 1.39e-12  2.41e-01    26s
   7  -1.41126512e+07  1.68722836e+07  2.74e-09 1.51e-12  3.63e-02    30s
   8  -2.06910878e+06  2.45788097e+06  2.68e-13 1.37e-12  5.30e-03    33s
   9  -3.08297548e+05  3.77512011e+05  3.66e-14 3.32e-13  8.03e-04    35s
  10  -4.64626496e+04  5.44923114e+04  1.88e-14 4.83e-14  1.18e-04    37s
  11  -7.28251340e+03  8.44230408e+03  1.37e-14 1.25e-14  1.84e-05    39s
  12  -1.80136532e+03  1.89875800e+03  9.84e-15 2.33e-15  4.33e-06    42s
  13  -4.41411626e+02  9.31784234e+02  1.47e-15 4.44e-16  1.61e-06    45s
  14  -2.50435152e+01  3.73171396e+02  4.51e-16 6.66e-16  4.66e-07    47s
  15   1.06038081e+02  2.61502570e+02  2.70e-16 5.55e-16  1.82e-07    49s
  16   1.58451297e+02  2.09462754e+02  1.69e-16 6.66e-16  5.97e-08    51s
  17   1.61446534e+02  2.07289548e+02  1.70e-16 6.66e-16  5.37e-08    53s
  18   1.64048266e+02  2.05454746e+02  1.48e-16 6.66e-16  4.85e-08    55s
  19   1.67008449e+02  2.03584706e+02  1.41e-16 4.44e-16  4.28e-08    56s
  20   1.75308205e+02  1.98086333e+02  1.04e-16 4.44e-16  2.67e-08    58s
  21   1.78629630e+02  1.96263386e+02  8.89e-17 4.44e-16  2.06e-08    60s
  22   1.85584938e+02  1.92512300e+02  6.57e-17 4.44e-16  8.11e-09    62s
  23   1.88354266e+02  1.91232994e+02  2.87e-16 4.44e-16  3.37e-09    64s
  24   1.89121940e+02  1.90904416e+02  2.15e-16 4.44e-16  2.09e-09    66s
  25   1.89545341e+02  1.90725757e+02  1.42e-16 4.44e-16  1.38e-09    68s
  26   1.89902278e+02  1.90576860e+02  2.45e-16 4.44e-16  7.90e-10    70s
  27   1.90049238e+02  1.90516655e+02  1.90e-16 4.44e-16  5.47e-10    71s
  28   1.90186838e+02  1.90460366e+02  2.51e-16 4.44e-16  3.20e-10    73s
  29   1.90255269e+02  1.90432687e+02  1.96e-16 4.44e-16  2.08e-10    75s
  30   1.90306350e+02  1.90412427e+02  2.41e-16 4.44e-16  1.24e-10    77s
  31   1.90351922e+02  1.90394093e+02  2.86e-16 4.44e-16  4.94e-11    79s
  32   1.90370454e+02  1.90386693e+02  3.43e-15 4.44e-16  1.90e-11    80s
  33   1.90377694e+02  1.90383819e+02  2.27e-15 4.44e-16  7.17e-12    82s
  34   1.90380153e+02  1.90382851e+02  1.28e-15 4.44e-16  3.16e-12    84s
  35   1.90381593e+02  1.90382285e+02  3.45e-15 5.55e-16  8.10e-13    86s
  36   1.90381722e+02  1.90382234e+02  2.05e-15 6.66e-16  6.00e-13    87s
  37   1.90382029e+02  1.90382114e+02  2.99e-15 5.55e-16  9.94e-14    89s
  38   1.90382079e+02  1.90382095e+02  1.42e-15 5.55e-16  1.91e-14    91s
  39   1.90382090e+02  1.90382090e+02  1.30e-15 6.66e-16  2.81e-17    93s

Barrier solved model in 39 iterations and 93.09 seconds (17.63 work units)
Optimal objective 1.90382090e+02

Done! Time elapsed: 126.22226810455322 seconds.
Starting HMC sampling...

                                                                                                                                                                                                                                                                                                                                
Finished sampling! Elapsed Time: 1025.051176071167 seconds

Checking sampler transitions treedepth.
95 of 16000 (0.59%) transitions hit the maximum treedepth limit of 10, or 2^10 leapfrog steps.
Trajectories that are prematurely terminated due to this limit will result in slow exploration.
For optimal performance, increase this limit.

Checking sampler transitions for divergences.
No divergent transitions found.

Checking E-BFMI - sampler transitions HMC potential energy.
E-BFMI satisfactory.

Rank-normalized split effective sample size satisfactory for all parameters.

Rank-normalized split R-hat values satisfactory for all parameters.

Processing complete.

Parameters from last iteration: [2.33986603e-01 3.77276875e-01 3.78086157e-01 ... 2.52772580e+02
 2.34366937e+02 2.33854976e+02]

Parameters from current iteration:
            [2.31716446e-01 3.71499774e-01 3.72289249e-01 ... 2.52854090e+02
 2.34469363e+02 2.33990310e+02]

Updated uncertain values: [2.33419064e-01 3.75832600e-01 3.76636930e-01 ... 2.52792957e+02
 2.34392543e+02 2.33888809e+02]


            Iteration [  12]: Absolute Error = 0.11639652957296676,
            Percentage Error = 0.005211571331341529
            
Optimization Iteration[13/100]

Theta: [0.23341906 0.3758326  0.37663693 ... 1.9001771  1.1883585  1.05659004]

Gamma: [606.12987917 587.25721872 531.75104464 ... 252.79295738 234.39254334
 233.88880941]

Solving the optimization problem...
Set parameter TokenServer to value "licenses.rcc.uchicago.edu"
Read LP format model from file /scratch/local/jobs/50255472/tmp8g6l9maw.pyomo.lp
Reading time = 2.17 seconds
x1: 417600 rows, 834801 columns, 2083271 nonzeros
Gurobi Optimizer version 11.0.0 build v11.0.0rc2 (linux64 - "CentOS Linux 8")

CPU model: Intel(R) Xeon(R) Gold 6248R CPU @ 3.00GHz, instruction set [SSE2|AVX|AVX2|AVX512]
Thread count: 48 physical cores, 48 logical processors, using up to 32 threads

Optimize a model with 417600 rows, 834801 columns and 2083271 nonzeros
Model fingerprint: 0xde46357b
Model has 400 quadratic objective terms
Coefficient statistics:
  Matrix range     [1e+00, 9e+02]
  Objective range  [7e-05, 1e+03]
  QObjective range [2e+03, 2e+05]
  Bounds range     [3e-06, 1e+00]
  RHS range        [9e-11, 4e-01]
Presolve removed 208947 rows and 209294 columns
Presolve time: 0.85s
Presolved: 208653 rows, 625507 columns, 1249571 nonzeros
Presolved model has 400 quadratic objective terms
Ordering time: 1.37s

Barrier statistics:
 AA' NZ     : 6.241e+05
 Factor NZ  : 6.773e+07 (roughly 900 MB of memory)
 Factor Ops : 2.543e+10 (less than 1 second per iteration)
 Threads    : 32

                  Objective                Residual
Iter       Primal          Dual         Primal    Dual     Compl     Time
   0  -1.55173359e+11  1.10640369e+11  1.04e+06 1.14e-13  1.00e+06     6s
   1  -6.51708376e+10  6.33648112e+10  4.43e+04 3.08e+01  4.67e+04     8s
   2  -3.05851063e+10  3.06528833e+10  4.48e+02 1.24e-01  5.43e+02    10s
   3  -1.08844821e+10  1.09723070e+10  3.21e+00 1.46e-12  2.86e+01    12s
   4  -2.40139024e+09  2.49909684e+09  2.67e-01 1.24e-12  5.95e+00    17s
   5  -5.82500037e+08  6.48568106e+08  3.65e-02 4.49e-12  1.46e+00    22s
   6  -9.63192544e+07  1.09556062e+08  2.74e-03 1.37e-12  2.41e-01    27s
   7  -1.41126506e+07  1.68722835e+07  2.74e-09 1.22e-12  3.63e-02    32s
   8  -2.06910878e+06  2.45788154e+06  2.63e-13 1.15e-12  5.30e-03    34s
   9  -3.08297531e+05  3.77511499e+05  4.53e-14 3.88e-13  8.03e-04    36s
  10  -4.64627221e+04  5.44920260e+04  2.19e-14 4.95e-14  1.18e-04    38s
  11  -7.28269309e+03  8.44189611e+03  1.29e-14 8.62e-15  1.84e-05    40s
  12  -1.80060155e+03  1.89692168e+03  1.02e-14 1.93e-15  4.33e-06    44s
  13  -4.42929500e+02  9.34581270e+02  1.18e-15 5.55e-16  1.61e-06    46s
  14  -2.47059339e+01  3.69919398e+02  4.65e-16 6.66e-16  4.62e-07    49s
  15   1.06545476e+02  2.59742850e+02  2.32e-16 4.44e-16  1.79e-07    51s
  16   1.58101042e+02  2.08847175e+02  9.06e-17 4.44e-16  5.94e-08    53s
  17   1.60792016e+02  2.06892466e+02  7.59e-17 4.44e-16  5.40e-08    55s
  18   1.62999848e+02  2.05328784e+02  8.28e-17 6.66e-16  4.96e-08    56s
  19   1.66049678e+02  2.03389115e+02  7.81e-17 4.44e-16  4.37e-08    58s
  20   1.74165992e+02  1.97962221e+02  6.98e-17 4.44e-16  2.79e-08    60s
  21   1.78024108e+02  1.95819598e+02  7.13e-17 4.44e-16  2.08e-08    62s
  22   1.84331189e+02  1.92311528e+02  9.45e-17 4.44e-16  9.34e-09    65s
  23   1.87066434e+02  1.91036048e+02  1.17e-16 4.44e-16  4.65e-09    67s
  24   1.87914013e+02  1.90677718e+02  3.09e-16 4.44e-16  3.24e-09    68s
  25   1.88808551e+02  1.90282905e+02  1.95e-16 4.44e-16  1.73e-09    70s
  26   1.89190444e+02  1.90120543e+02  3.19e-16 4.44e-16  1.09e-09    72s
  27   1.89382434e+02  1.90042784e+02  3.35e-16 4.44e-16  7.73e-10    74s
  28   1.89600522e+02  1.89951027e+02  2.33e-16 4.44e-16  4.10e-10    76s
  29   1.89698180e+02  1.89910720e+02  2.54e-16 6.66e-16  2.49e-10    78s
  30   1.89762352e+02  1.89884780e+02  1.92e-16 5.55e-16  1.43e-10    79s
  31   1.89813645e+02  1.89863988e+02  4.96e-16 4.44e-16  5.89e-11    81s
  32   1.89831106e+02  1.89856967e+02  2.97e-16 4.44e-16  3.03e-11    83s
  33   1.89844020e+02  1.89851813e+02  1.23e-15 4.44e-16  9.12e-12    85s
  34   1.89847363e+02  1.89850489e+02  1.40e-15 4.44e-16  3.66e-12    87s
  35   1.89849113e+02  1.89849799e+02  3.01e-15 6.66e-16  8.04e-13    88s
  36   1.89849403e+02  1.89849685e+02  3.30e-15 5.55e-16  3.31e-13    90s
  37   1.89849576e+02  1.89849617e+02  1.70e-15 6.66e-16  4.78e-14    92s
  38   1.89849604e+02  1.89849607e+02  5.22e-16 5.55e-16  3.25e-15    94s

Barrier solved model in 38 iterations and 94.04 seconds (17.16 work units)
Optimal objective 1.89849604e+02

Done! Time elapsed: 124.62385869026184 seconds.
Starting HMC sampling...

                                                                                                                                                                                                                                                                                                                                
Finished sampling! Elapsed Time: 894.8849563598633 seconds

Checking sampler transitions treedepth.
25 of 16000 (0.16%) transitions hit the maximum treedepth limit of 10, or 2^10 leapfrog steps.
Trajectories that are prematurely terminated due to this limit will result in slow exploration.
For optimal performance, increase this limit.

Checking sampler transitions for divergences.
No divergent transitions found.

Checking E-BFMI - sampler transitions HMC potential energy.
E-BFMI satisfactory.

Rank-normalized split effective sample size satisfactory for all parameters.

Rank-normalized split R-hat values satisfactory for all parameters.

Processing complete.

Parameters from last iteration: [2.33419064e-01 3.75832600e-01 3.76636930e-01 ... 2.52792957e+02
 2.34392543e+02 2.33888809e+02]

Parameters from current iteration:
            [2.31850314e-01 3.73149566e-01 3.73947603e-01 ... 2.52893482e+02
 2.34462139e+02 2.33933999e+02]

Updated uncertain values: [2.33026876e-01 3.75161842e-01 3.75964598e-01 ... 2.52818089e+02
 2.34409942e+02 2.33900107e+02]


            Iteration [  13]: Absolute Error = 0.1239996425241543,
            Percentage Error = 0.004196841104580444
            
Terminated. Sampling the final distribution...

                                                                                                                                                                                                                                                                                                                                
Solving the optimization problem...
Set parameter TokenServer to value "licenses.rcc.uchicago.edu"
Read LP format model from file /scratch/local/jobs/50255472/tmpe15dxq95.pyomo.lp
Reading time = 2.17 seconds
x1: 417600 rows, 834801 columns, 2083271 nonzeros
Gurobi Optimizer version 11.0.0 build v11.0.0rc2 (linux64 - "CentOS Linux 8")

CPU model: Intel(R) Xeon(R) Gold 6248R CPU @ 3.00GHz, instruction set [SSE2|AVX|AVX2|AVX512]
Thread count: 48 physical cores, 48 logical processors, using up to 32 threads

Optimize a model with 417600 rows, 834801 columns and 2083271 nonzeros
Model fingerprint: 0x6788d303
Model has 400 quadratic objective terms
Coefficient statistics:
  Matrix range     [1e+00, 9e+02]
  Objective range  [3e-04, 1e+03]
  QObjective range [2e+03, 2e+05]
  Bounds range     [2e-06, 1e+00]
  RHS range        [6e-10, 4e-01]
Presolve removed 209011 rows and 209422 columns
Presolve time: 0.80s
Presolved: 208589 rows, 625379 columns, 1249315 nonzeros
Presolved model has 400 quadratic objective terms
Ordering time: 1.14s

Barrier statistics:
 AA' NZ     : 6.239e+05
 Factor NZ  : 6.769e+07 (roughly 900 MB of memory)
 Factor Ops : 2.541e+10 (less than 1 second per iteration)
 Threads    : 32

                  Objective                Residual
Iter       Primal          Dual         Primal    Dual     Compl     Time
   0  -1.55172150e+11  1.10640510e+11  1.04e+06 1.13e-13  1.00e+06     5s
   1  -6.47219145e+10  6.29208305e+10  4.42e+04 3.07e+01  4.64e+04     7s
   2  -3.03859018e+10  3.04536218e+10  4.47e+02 1.24e-01  5.40e+02     9s
   3  -1.08294269e+10  1.09171164e+10  3.61e+00 1.60e-12  2.88e+01    11s
   4  -2.46839672e+09  2.56633688e+09  2.90e-01 1.44e-12  6.12e+00    16s
   5  -5.87258772e+08  6.54649261e+08  3.72e-02 4.04e-12  1.47e+00    20s
   6  -9.80907034e+07  1.11706456e+08  2.90e-03 1.42e-12  2.46e-01    25s
   7  -1.44922255e+07  1.73477792e+07  7.21e-06 2.01e-12  3.73e-02    30s
   8  -2.12630464e+06  2.53253815e+06  7.39e-12 3.37e-12  5.46e-03    33s
   9  -3.17179164e+05  3.89522877e+05  4.53e-14 3.20e-13  8.28e-04    35s
  10  -4.79033219e+04  5.61987945e+04  2.60e-14 8.00e-14  1.22e-04    37s
  11  -7.56839107e+03  8.63511438e+03  1.62e-14 9.47e-15  1.90e-05    38s
  12  -1.93308726e+03  1.89519994e+03  1.31e-14 2.12e-15  4.48e-06    42s
  13  -5.63816541e+02  1.11030368e+03  1.71e-15 8.76e-16  1.96e-06    44s
  14  -7.65651606e+01  2.89971130e+02  5.67e-16 6.66e-16  4.29e-07    46s
  15   4.79742091e+01  1.87290451e+02  3.31e-16 4.44e-16  1.63e-07    49s
  16   8.30083824e+01  1.56111229e+02  1.82e-16 4.44e-16  8.56e-08    51s
  17   1.05526683e+02  1.40270404e+02  1.05e-16 4.44e-16  4.07e-08    52s
  18   1.14322140e+02  1.34015343e+02  6.96e-17 4.44e-16  2.31e-08    54s
  19   1.20522796e+02  1.30092532e+02  5.72e-17 4.44e-16  1.12e-08    56s
  20   1.21809008e+02  1.29396491e+02  5.59e-17 4.44e-16  8.88e-09    58s
  21   1.24093563e+02  1.28243624e+02  4.38e-17 4.44e-16  4.86e-09    60s
  22   1.25380230e+02  1.27603868e+02  7.63e-17 6.66e-16  2.60e-09    61s
  23   1.25531601e+02  1.27531575e+02  6.61e-17 4.44e-16  2.34e-09    63s
  24   1.26108973e+02  1.27265064e+02  6.79e-17 4.44e-16  1.35e-09    65s
  25   1.26488469e+02  1.27093654e+02  5.53e-17 4.44e-16  7.09e-10    67s
  26   1.26509382e+02  1.27084471e+02  4.75e-17 4.44e-16  6.73e-10    69s
  27   1.26691782e+02  1.27005511e+02  1.65e-16 4.44e-16  3.67e-10    70s
  28   1.26768572e+02  1.26972950e+02  1.91e-16 4.44e-16  2.39e-10    72s
  29   1.26839131e+02  1.26943681e+02  3.37e-16 6.66e-16  1.22e-10    74s
  30   1.26876938e+02  1.26928469e+02  3.72e-16 4.44e-16  6.03e-11    76s
  31   1.26881463e+02  1.26926647e+02  2.53e-16 4.44e-16  5.29e-11    78s
  32   1.26905105e+02  1.26917222e+02  7.29e-16 6.66e-16  1.42e-11    80s
  33   1.26910286e+02  1.26915206e+02  2.41e-15 6.66e-16  5.76e-12    82s
  34   1.26913004e+02  1.26914151e+02  8.60e-15 5.55e-16  1.34e-12    84s
  35   1.26913423e+02  1.26913988e+02  2.94e-15 4.44e-16  6.62e-13    86s
  36   1.26913757e+02  1.26913859e+02  3.96e-15 5.55e-16  1.20e-13    88s
  37   1.26913822e+02  1.26913834e+02  1.57e-15 5.55e-16  1.41e-14    89s
  38   1.26913830e+02  1.26913831e+02  2.10e-15 5.55e-16  4.60e-16    91s

Barrier solved model in 38 iterations and 91.50 seconds (17.28 work units)
Optimal objective 1.26913830e+02

Done! Time elapsed: 122.6778519153595 seconds.
min_result -0.030481926055770527 min_pe 5.0

Program ends Fri May 29 23:53:57 CDT 2026
Exit code: 0
Elapsed time: 21524 seconds
