Command: /project/lhansen/HMC_rep26_robust_mac/amazon-carbon-prices/.venv/bin/python pysrc/bash/shadow_price.py --id 50 --xi 2 --sites 1043
Working directory: /project/lhansen/HMC_rep26_robust_mac/amazon-carbon-prices
Program starts Fri May 29 17:55:31 CDT 2026

Data successfully loaded from /project/lhansen/HMC_rep26_robust_mac/amazon-carbon-prices/data/calibration
Waiting for Stan compile lock: /project/lhansen/HMC_rep26_robust_mac/amazon-carbon-prices/stan_model/adjusted.compile.lock
Using Stan model executable: /project/lhansen/HMC_rep26_robust_mac/amazon-carbon-prices/stan_model/adjusted
Optimization Iteration[1/100]

Theta: [0.19293399 0.39270684 0.39383513 ... 2.1961384  1.20930668 1.03223742]

Gamma: [605.85192903 587.02426052 531.68859839 ... 252.44623295 234.13249733
 233.63746894]

Solving the optimization problem...
Set parameter TokenServer to value "licenses.rcc.uchicago.edu"
Read LP format model from file /scratch/local/jobs/50255473/tmpi9rlu2e3.pyomo.lp
Reading time = 2.17 seconds
x1: 417600 rows, 834801 columns, 2083271 nonzeros
Gurobi Optimizer version 11.0.0 build v11.0.0rc2 (linux64 - "CentOS Linux 8")

CPU model: Intel(R) Xeon(R) Gold 6248R CPU @ 3.00GHz, instruction set [SSE2|AVX|AVX2|AVX512]
Thread count: 48 physical cores, 48 logical processors, using up to 32 threads

Optimize a model with 417600 rows, 834801 columns and 2083271 nonzeros
Model fingerprint: 0x66fa4308
Model has 400 quadratic objective terms
Coefficient statistics:
  Matrix range     [1e+00, 9e+02]
  Objective range  [2e-03, 1e+03]
  QObjective range [2e+03, 2e+05]
  Bounds range     [3e-06, 1e+00]
  RHS range        [9e-11, 4e-01]
Presolve removed 208947 rows and 209294 columns
Presolve time: 0.82s
Presolved: 208653 rows, 625507 columns, 1249571 nonzeros
Presolved model has 400 quadratic objective terms
Ordering time: 1.11s

Barrier statistics:
 AA' NZ     : 6.241e+05
 Factor NZ  : 6.773e+07 (roughly 900 MB of memory)
 Factor Ops : 2.543e+10 (less than 1 second per iteration)
 Threads    : 32

                  Objective                Residual
Iter       Primal          Dual         Primal    Dual     Compl     Time
   0  -1.54590271e+11  1.10640370e+11  1.04e+06 1.14e-13  1.00e+06     6s
   1  -6.51461866e+10  6.33648178e+10  4.43e+04 3.08e+01  4.67e+04     8s
   2  -3.05848586e+10  3.06528864e+10  4.48e+02 1.24e-01  5.43e+02     9s
   3  -1.08844809e+10  1.09723083e+10  3.21e+00 1.39e-12  2.86e+01    11s
   4  -2.40138965e+09  2.49909695e+09  2.67e-01 1.25e-12  5.95e+00    16s
   5  -5.82500245e+08  6.48568732e+08  3.65e-02 3.19e-12  1.46e+00    21s
   6  -9.63193076e+07  1.09556427e+08  2.74e-03 1.64e-12  2.41e-01    26s
   7  -1.41125658e+07  1.68724635e+07  2.74e-09 1.54e-12  3.63e-02    30s
   8  -2.06900064e+06  2.45797004e+06  2.85e-13 1.30e-12  5.30e-03    33s
   9  -3.08204288e+05  3.77674483e+05  4.26e-14 3.51e-13  8.03e-04    35s
  10  -4.63701118e+04  5.46186203e+04  1.93e-14 7.03e-14  1.18e-04    37s
  11  -7.21361031e+03  8.70465220e+03  1.27e-14 7.28e-15  1.86e-05    39s
  12  -1.35151853e+03  2.41125610e+03  9.11e-15 2.03e-15  4.41e-06    42s
  13  -2.17757331e+02  9.19378398e+02  2.50e-15 1.10e-15  1.33e-06    44s
  14   1.49023434e+02  4.51282764e+02  5.52e-16 6.66e-16  3.54e-07    47s
  15   2.16459090e+02  3.71862627e+02  2.48e-16 4.44e-16  1.82e-07    49s
  16   2.72075343e+02  3.22257813e+02  1.43e-16 4.44e-16  5.88e-08    51s
  17   2.77796594e+02  3.18784454e+02  1.21e-16 4.44e-16  4.80e-08    53s
  18   2.91283540e+02  3.10611692e+02  8.37e-17 6.66e-16  2.26e-08    54s
  19   2.93659592e+02  3.09371846e+02  7.18e-17 4.44e-16  1.84e-08    56s
  20   2.99537200e+02  3.06341902e+02  5.16e-17 4.44e-16  7.97e-09    58s
  21   3.01259359e+02  3.05556932e+02  1.09e-16 4.44e-16  5.03e-09    60s
  22   3.02742111e+02  3.04888591e+02  9.67e-17 4.44e-16  2.51e-09    62s
  23   3.03212058e+02  3.04685021e+02  1.02e-16 4.44e-16  1.72e-09    64s
  24   3.03593922e+02  3.04521241e+02  9.54e-17 5.55e-16  1.09e-09    65s
  25   3.03844091e+02  3.04415220e+02  9.95e-17 4.44e-16  6.69e-10    67s
  26   3.04015997e+02  3.04343279e+02  1.46e-16 6.66e-16  3.83e-10    69s
  27   3.04126582e+02  3.04297603e+02  1.84e-16 4.44e-16  2.00e-10    71s
  28   3.04196385e+02  3.04269170e+02  2.21e-16 6.66e-16  8.52e-11    73s
  29   3.04225135e+02  3.04257635e+02  6.50e-16 5.55e-16  3.81e-11    75s
  30   3.04232481e+02  3.04254708e+02  1.04e-15 4.44e-16  2.60e-11    77s
  31   3.04232955e+02  3.04254521e+02  1.15e-15 4.65e-16  2.52e-11    78s
  32   3.04240333e+02  3.04251617e+02  3.47e-15 6.66e-16  1.32e-11    80s
  33   3.04246897e+02  3.04249017e+02  2.76e-15 4.44e-16  2.48e-12    83s
  34   3.04247843e+02  3.04248645e+02  2.45e-15 6.66e-16  9.38e-13    85s
  35   3.04248154e+02  3.04248523e+02  3.66e-15 6.66e-16  4.32e-13    87s
  36   3.04248383e+02  3.04248433e+02  6.13e-15 6.66e-16  5.81e-14    88s
  37   3.04248411e+02  3.04248422e+02  5.54e-15 6.66e-16  1.23e-14    90s

Barrier solved model in 37 iterations and 90.06 seconds (16.81 work units)
Optimal objective 3.04248411e+02

Done! Time elapsed: 120.37531232833862 seconds.
Starting HMC sampling...

                                                                                                                                                                                                                                                                                                                                
Finished sampling! Elapsed Time: 846.3795564174652 seconds

Checking sampler transitions treedepth.
100 of 16000 (0.62%) transitions hit the maximum treedepth limit of 10, or 2^10 leapfrog steps.
Trajectories that are prematurely terminated due to this limit will result in slow exploration.
For optimal performance, increase this limit.

Checking sampler transitions for divergences.
No divergent transitions found.

Checking E-BFMI - sampler transitions HMC potential energy.
E-BFMI satisfactory.

Rank-normalized split effective sample size satisfactory for all parameters.

Rank-normalized split R-hat values satisfactory for all parameters.

Processing complete.

Parameters from last iteration: [1.92933991e-01 3.92706841e-01 3.93835127e-01 ... 2.52446233e+02
 2.34132497e+02 2.33637469e+02]

Parameters from current iteration:
            [2.39221868e-01 4.10559625e-01 4.11527315e-01 ... 2.52616205e+02
 2.34175051e+02 2.33578357e+02]

Updated uncertain values: [2.04505960e-01 3.97170037e-01 3.98258174e-01 ... 2.52488726e+02
 2.34143136e+02 2.33622691e+02]


            Iteration [   1]: Absolute Error = 0.9574670171874686,
            Percentage Error = 0.1448593698198207
            
Optimization Iteration[2/100]

Theta: [0.20450596 0.39717004 0.39825817 ... 2.15985951 1.20909633 1.03762755]

Gamma: [605.87291567 587.04855755 531.71423509 ... 252.488726   234.1431357
 233.62269089]

Solving the optimization problem...
Set parameter TokenServer to value "licenses.rcc.uchicago.edu"
Read LP format model from file /scratch/local/jobs/50255473/tmp_lfpfdm4.pyomo.lp
Reading time = 2.18 seconds
x1: 417600 rows, 834801 columns, 2083271 nonzeros
Gurobi Optimizer version 11.0.0 build v11.0.0rc2 (linux64 - "CentOS Linux 8")

CPU model: Intel(R) Xeon(R) Gold 6248R CPU @ 3.00GHz, instruction set [SSE2|AVX|AVX2|AVX512]
Thread count: 48 physical cores, 48 logical processors, using up to 32 threads

Optimize a model with 417600 rows, 834801 columns and 2083271 nonzeros
Model fingerprint: 0x136111ea
Model has 400 quadratic objective terms
Coefficient statistics:
  Matrix range     [1e+00, 9e+02]
  Objective range  [1e-03, 1e+03]
  QObjective range [2e+03, 2e+05]
  Bounds range     [3e-06, 1e+00]
  RHS range        [9e-11, 4e-01]
Presolve removed 208947 rows and 209294 columns
Presolve time: 0.81s
Presolved: 208653 rows, 625507 columns, 1249571 nonzeros
Presolved model has 400 quadratic objective terms
Ordering time: 1.16s

Barrier statistics:
 AA' NZ     : 6.241e+05
 Factor NZ  : 6.773e+07 (roughly 900 MB of memory)
 Factor Ops : 2.543e+10 (less than 1 second per iteration)
 Threads    : 32

                  Objective                Residual
Iter       Primal          Dual         Primal    Dual     Compl     Time
   0  -1.54719469e+11  1.10640370e+11  1.04e+06 1.13e-13  1.00e+06     5s
   1  -6.51516387e+10  6.33648143e+10  4.43e+04 3.08e+01  4.67e+04     7s
   2  -3.05849126e+10  3.06528848e+10  4.48e+02 1.24e-01  5.43e+02     9s
   3  -1.08844809e+10  1.09723077e+10  3.21e+00 1.45e-12  2.86e+01    11s
   4  -2.40138972e+09  2.49909683e+09  2.67e-01 1.32e-12  5.95e+00    16s
   5  -5.82500214e+08  6.48568588e+08  3.65e-02 3.93e-12  1.46e+00    21s
   6  -9.63193168e+07  1.09556361e+08  2.74e-03 1.63e-12  2.41e-01    25s
   7  -1.41125898e+07  1.68724298e+07  2.74e-09 1.38e-12  3.63e-02    30s
   8  -2.06902538e+06  2.45794662e+06  2.59e-13 1.45e-12  5.30e-03    33s
   9  -3.08226321e+05  3.77643797e+05  4.33e-14 3.59e-13  8.03e-04    35s
  10  -4.63913109e+04  5.45921955e+04  2.14e-14 6.10e-14  1.18e-04    37s
  11  -7.22453091e+03  8.61842924e+03  1.13e-14 8.37e-15  1.85e-05    38s
  12  -1.36783344e+03  2.14346352e+03  1.05e-14 2.33e-15  4.11e-06    42s
  13  -2.59407924e+02  9.55524980e+02  1.10e-15 6.66e-16  1.42e-06    43s
  14   1.33623330e+02  3.98188836e+02  4.25e-16 5.55e-16  3.10e-07    46s
  15   2.22625069e+02  3.11925762e+02  1.81e-16 6.66e-16  1.05e-07    48s
  16   2.48629613e+02  2.96515762e+02  1.49e-16 5.55e-16  5.61e-08    50s
  17   2.64430375e+02  2.87161314e+02  1.15e-16 4.44e-16  2.66e-08    52s
  18   2.67499110e+02  2.85581790e+02  8.20e-17 4.44e-16  2.12e-08    54s
  19   2.73861598e+02  2.82308660e+02  5.46e-17 4.44e-16  9.89e-09    55s
  20   2.76459241e+02  2.81110885e+02  1.30e-16 4.44e-16  5.45e-09    57s
  21   2.77627541e+02  2.80591765e+02  1.07e-16 4.44e-16  3.47e-09    59s
  22   2.78486768e+02  2.80217103e+02  8.41e-17 4.44e-16  2.03e-09    61s
  23   2.78965615e+02  2.80012196e+02  1.27e-16 4.44e-16  1.23e-09    63s
  24   2.79183115e+02  2.79920431e+02  1.72e-16 4.44e-16  8.63e-10    64s
  25   2.79374319e+02  2.79840410e+02  1.85e-16 4.44e-16  5.46e-10    66s
  26   2.79478117e+02  2.79797405e+02  1.35e-16 4.44e-16  3.74e-10    68s
  27   2.79568949e+02  2.79760031e+02  1.12e-16 4.44e-16  2.24e-10    70s
  28   2.79657058e+02  2.79724277e+02  2.16e-16 6.66e-16  7.87e-11    72s
  29   2.79682630e+02  2.79714036e+02  3.90e-16 4.44e-16  3.68e-11    73s
  30   2.79696829e+02  2.79708414e+02  7.52e-16 4.44e-16  1.36e-11    75s
  31   2.79702668e+02  2.79706116e+02  2.59e-15 6.66e-16  4.04e-12    77s
  32   2.79704564e+02  2.79705370e+02  6.66e-15 6.66e-16  9.44e-13    79s
  33   2.79704941e+02  2.79705222e+02  5.16e-15 5.55e-16  3.29e-13    81s
  34   2.79705086e+02  2.79705165e+02  2.59e-15 6.66e-16  9.15e-14    83s
  35   2.79705135e+02  2.79705146e+02  2.65e-15 5.55e-16  1.32e-14    84s

Barrier solved model in 35 iterations and 84.32 seconds (15.99 work units)
Optimal objective 2.79705135e+02

Done! Time elapsed: 117.41268634796143 seconds.
Starting HMC sampling...

                                                                                                                                                                                                                                                                                                                                
Finished sampling! Elapsed Time: 785.9954710006714 seconds

Checking sampler transitions treedepth.
17 of 16000 (0.11%) transitions hit the maximum treedepth limit of 10, or 2^10 leapfrog steps.
Trajectories that are prematurely terminated due to this limit will result in slow exploration.
For optimal performance, increase this limit.

Checking sampler transitions for divergences.
No divergent transitions found.

Checking E-BFMI - sampler transitions HMC potential energy.
E-BFMI satisfactory.

Rank-normalized split effective sample size satisfactory for all parameters.

Rank-normalized split R-hat values satisfactory for all parameters.

Processing complete.

Parameters from last iteration: [2.04505960e-01 3.97170037e-01 3.98258174e-01 ... 2.52488726e+02
 2.34143136e+02 2.33622691e+02]

Parameters from current iteration:
            [2.35072285e-01 4.05994234e-01 4.06959575e-01 ... 2.52554964e+02
 2.34159512e+02 2.33651704e+02]

Updated uncertain values: [2.12147542e-01 3.99376086e-01 4.00433524e-01 ... 2.52505285e+02
 2.34147230e+02 2.33629944e+02]


            Iteration [   2]: Absolute Error = 0.6412398723828119,
            Percentage Error = 0.1213506887368311
            
Optimization Iteration[3/100]

Theta: [0.21214754 0.39937609 0.40043352 ... 2.1331633  1.20852537 1.04110584]

Gamma: [606.020329   587.18111643 531.79766551 ... 252.50528548 234.1472299
 233.6299441 ]

Solving the optimization problem...
Set parameter TokenServer to value "licenses.rcc.uchicago.edu"
Read LP format model from file /scratch/local/jobs/50255473/tmp6a_2v_ty.pyomo.lp
Reading time = 2.17 seconds
x1: 417600 rows, 834801 columns, 2083271 nonzeros
Gurobi Optimizer version 11.0.0 build v11.0.0rc2 (linux64 - "CentOS Linux 8")

CPU model: Intel(R) Xeon(R) Gold 6248R CPU @ 3.00GHz, instruction set [SSE2|AVX|AVX2|AVX512]
Thread count: 48 physical cores, 48 logical processors, using up to 32 threads

Optimize a model with 417600 rows, 834801 columns and 2083271 nonzeros
Model fingerprint: 0x87cf8c6c
Model has 400 quadratic objective terms
Coefficient statistics:
  Matrix range     [1e+00, 9e+02]
  Objective range  [9e-04, 1e+03]
  QObjective range [2e+03, 2e+05]
  Bounds range     [3e-06, 1e+00]
  RHS range        [9e-11, 4e-01]
Presolve removed 208947 rows and 209294 columns
Presolve time: 0.80s
Presolved: 208653 rows, 625507 columns, 1249571 nonzeros
Presolved model has 400 quadratic objective terms
Ordering time: 0.92s

Barrier statistics:
 AA' NZ     : 6.241e+05
 Factor NZ  : 6.773e+07 (roughly 900 MB of memory)
 Factor Ops : 2.543e+10 (less than 1 second per iteration)
 Threads    : 32

                  Objective                Residual
Iter       Primal          Dual         Primal    Dual     Compl     Time
   0  -1.54808239e+11  1.10640369e+11  1.04e+06 1.13e-13  1.00e+06     5s
   1  -6.51553870e+10  6.33648136e+10  4.43e+04 3.08e+01  4.67e+04     7s
   2  -3.05849505e+10  3.06528845e+10  4.48e+02 1.24e-01  5.43e+02     9s
   3  -1.08844812e+10  1.09723075e+10  3.21e+00 1.47e-12  2.86e+01    11s
   4  -2.40138982e+09  2.49909679e+09  2.67e-01 1.24e-12  5.95e+00    16s
   5  -5.82500202e+08  6.48568502e+08  3.65e-02 3.28e-12  1.46e+00    21s
   6  -9.63193224e+07  1.09556316e+08  2.74e-03 1.40e-12  2.41e-01    25s
   7  -1.41126061e+07  1.68724075e+07  2.74e-09 1.56e-12  3.63e-02    30s
   8  -2.06904224e+06  2.45793015e+06  2.83e-13 1.22e-12  5.30e-03    33s
   9  -3.08241484e+05  3.77623022e+05  4.09e-14 3.60e-13  8.03e-04    35s
  10  -4.64058295e+04  5.45740479e+04  1.98e-14 5.24e-14  1.18e-04    36s
  11  -7.23175123e+03  8.55967201e+03  1.29e-14 9.71e-15  1.85e-05    38s
  12  -1.33842385e+03  1.99690722e+03  1.08e-14 2.32e-15  3.90e-06    42s
  13  -2.71321716e+02  9.45721824e+02  2.37e-15 7.11e-16  1.42e-06    43s
  14   1.17970302e+02  3.80906433e+02  4.48e-16 4.44e-16  3.08e-07    46s
  15   2.05454833e+02  2.95650448e+02  1.70e-16 5.55e-16  1.06e-07    48s
  16   2.39242301e+02  2.75395497e+02  1.15e-16 6.66e-16  4.23e-08    50s
  17   2.42722581e+02  2.73434733e+02  1.03e-16 6.66e-16  3.60e-08    52s
  18   2.52860195e+02  2.67748316e+02  1.01e-16 4.44e-16  1.74e-08    54s
  19   2.56590168e+02  2.65877610e+02  8.04e-17 4.44e-16  1.09e-08    56s
  20   2.59489994e+02  2.64491318e+02  7.46e-17 6.66e-16  5.86e-09    57s
  21   2.61079885e+02  2.63776492e+02  5.98e-17 4.44e-16  3.16e-09    59s
  22   2.61907626e+02  2.63418938e+02  7.22e-17 4.44e-16  1.77e-09    61s
  23   2.62246899e+02  2.63274981e+02  7.87e-17 4.44e-16  1.20e-09    63s
  24   2.62552528e+02  2.63146861e+02  1.61e-16 4.44e-16  6.96e-10    64s
  25   2.62759794e+02  2.63061321e+02  3.10e-16 4.44e-16  3.53e-10    66s
  26   2.62827449e+02  2.63033932e+02  1.60e-16 4.44e-16  2.42e-10    68s
  27   2.62900827e+02  2.63004556e+02  2.15e-16 6.66e-16  1.21e-10    70s
  28   2.62930107e+02  2.62992791e+02  1.85e-16 6.66e-16  7.34e-11    72s
  29   2.62961121e+02  2.62980413e+02  4.16e-16 5.55e-16  2.26e-11    74s
  30   2.62966817e+02  2.62978149e+02  9.18e-16 4.44e-16  1.33e-11    76s
  31   2.62971507e+02  2.62976302e+02  3.23e-15 5.55e-16  5.61e-12    78s
  32   2.62974218e+02  2.62975239e+02  1.04e-14 6.66e-16  1.20e-12    80s
  33   2.62974537e+02  2.62975115e+02  4.62e-15 4.44e-16  6.76e-13    82s
  34   2.62974865e+02  2.62974987e+02  1.10e-14 5.55e-16  1.43e-13    84s
  35   2.62974945e+02  2.62974956e+02  4.34e-15 6.66e-16  1.26e-14    85s

Barrier solved model in 35 iterations and 85.31 seconds (15.99 work units)
Optimal objective 2.62974945e+02

Done! Time elapsed: 115.73515343666077 seconds.
Starting HMC sampling...

                                                                                                                                                                                                                                                                                                                                
Finished sampling! Elapsed Time: 1014.7672760486603 seconds

Checking sampler transitions treedepth.
154 of 16000 (0.96%) transitions hit the maximum treedepth limit of 10, or 2^10 leapfrog steps.
Trajectories that are prematurely terminated due to this limit will result in slow exploration.
For optimal performance, increase this limit.

Checking sampler transitions for divergences.
No divergent transitions found.

Checking E-BFMI - sampler transitions HMC potential energy.
E-BFMI satisfactory.

Rank-normalized split effective sample size satisfactory for all parameters.

Rank-normalized split R-hat values satisfactory for all parameters.

Processing complete.

Parameters from last iteration: [2.12147542e-01 3.99376086e-01 4.00433524e-01 ... 2.52505285e+02
 2.34147230e+02 2.33629944e+02]

Parameters from current iteration:
            [2.32388628e-01 4.04261824e-01 4.05232537e-01 ... 2.52822099e+02
 2.34377365e+02 2.33789739e+02]

Updated uncertain values: [2.17207813e-01 4.00597521e-01 4.01633278e-01 ... 2.52584489e+02
 2.34204764e+02 2.33669893e+02]


            Iteration [   3]: Absolute Error = 0.41555476986331996,
            Percentage Error = 0.09791541883187586
            
Optimization Iteration[4/100]

Theta: [0.21720781 0.40059752 0.40163328 ... 2.11216961 1.20753449 1.04322361]

Gamma: [605.91353807 587.08127011 531.7147994  ... 252.5844888  234.20476358
 233.6698928 ]

Solving the optimization problem...
Set parameter TokenServer to value "licenses.rcc.uchicago.edu"
Read LP format model from file /scratch/local/jobs/50255473/tmp_d7_wiim.pyomo.lp
Reading time = 2.16 seconds
x1: 417600 rows, 834801 columns, 2083271 nonzeros
Gurobi Optimizer version 11.0.0 build v11.0.0rc2 (linux64 - "CentOS Linux 8")

CPU model: Intel(R) Xeon(R) Gold 6248R CPU @ 3.00GHz, instruction set [SSE2|AVX|AVX2|AVX512]
Thread count: 48 physical cores, 48 logical processors, using up to 32 threads

Optimize a model with 417600 rows, 834801 columns and 2083271 nonzeros
Model fingerprint: 0xc341ff4c
Model has 400 quadratic objective terms
Coefficient statistics:
  Matrix range     [1e+00, 9e+02]
  Objective range  [1e-03, 1e+03]
  QObjective range [2e+03, 2e+05]
  Bounds range     [3e-06, 1e+00]
  RHS range        [9e-11, 4e-01]
Presolve removed 208947 rows and 209294 columns
Presolve time: 0.81s
Presolved: 208653 rows, 625507 columns, 1249571 nonzeros
Presolved model has 400 quadratic objective terms
Ordering time: 1.29s

Barrier statistics:
 AA' NZ     : 6.241e+05
 Factor NZ  : 6.773e+07 (roughly 900 MB of memory)
 Factor Ops : 2.543e+10 (less than 1 second per iteration)
 Threads    : 32

                  Objective                Residual
Iter       Primal          Dual         Primal    Dual     Compl     Time
   0  -4.44182529e+10  1.08047392e+08  1.04e+06 3.86e+02  9.95e+05     6s
   1  -2.60170777e+09  4.38401790e+07  6.01e+04 1.14e-12  6.73e+04     8s
   2  -1.31107063e+07  7.04555383e+06  1.43e+02 1.97e-12  1.77e+02    10s
   3  -1.20474346e+06  1.20110251e+06  1.98e+00 3.46e-12  4.99e+00    12s
   4  -2.20544930e+05  2.92168575e+05  6.28e-02 1.66e-12  6.72e-01    14s
   5  -4.59837334e+04  6.02300949e+04  3.11e-03 1.16e-12  1.28e-01    15s
   6  -1.16914669e+04  1.51262922e+04  4.11e-04 1.40e-12  3.22e-02    17s
   7  -3.91796869e+03  5.31518385e+03  1.01e-04 1.20e-12  1.11e-02    19s
   8  -1.22964739e+03  2.50943466e+03  8.26e-06 1.25e-12  4.48e-03    21s
   9  -4.54945375e+02  1.19103520e+03  2.95e-06 7.96e-13  1.97e-03    23s
  10   3.91568018e+01  4.27181805e+02  1.90e-07 4.99e-13  4.65e-04    25s
  11   1.78665680e+02  3.01231952e+02  1.48e-08 2.77e-13  1.47e-04    27s
  12   2.21083141e+02  2.70867680e+02  1.95e-09 2.49e-13  5.97e-05    29s
  13   2.28390247e+02  2.65706834e+02  1.21e-09 3.27e-13  4.47e-05    31s
  14   2.41223882e+02  2.57193789e+02  4.10e-10 4.55e-13  1.91e-05    33s
  15   2.46187040e+02  2.54182372e+02  1.25e-10 4.55e-13  9.59e-06    34s
  16   2.47642392e+02  2.53359437e+02  5.27e-11 4.55e-13  6.85e-06    36s
  17   2.49992120e+02  2.52111171e+02  4.49e-12 5.68e-13  2.54e-06    38s
  18   2.50879526e+02  2.51714748e+02  7.09e-13 5.68e-13  1.00e-06    41s
  19   2.51131024e+02  2.51606104e+02  2.92e-13 4.55e-13  5.70e-07    43s
  20   2.51283326e+02  2.51541771e+02  1.23e-13 4.55e-13  3.10e-07    44s
  21   2.51353161e+02  2.51512745e+02  5.05e-14 4.55e-13  1.91e-07    46s
  22   2.51407193e+02  2.51490718e+02  1.89e-14 4.55e-13  1.00e-07    48s
  23   2.51447680e+02  2.51474446e+02  2.16e-15 5.68e-13  3.21e-08    50s
  24   2.51457470e+02  2.51470601e+02  2.25e-15 5.68e-13  1.57e-08    52s
  25   2.51464188e+02  2.51467973e+02  1.98e-15 6.82e-13  4.54e-09    54s
  26   2.51466056e+02  2.51467242e+02  6.71e-15 5.68e-13  1.42e-09    56s
  27   2.51466607e+02  2.51467027e+02  4.31e-15 5.68e-13  5.03e-10    58s
  28   2.51466877e+02  2.51466922e+02  6.52e-15 6.82e-13  5.40e-11    60s
  29   2.51466905e+02  2.51466910e+02  5.58e-15 6.82e-13  6.04e-12    62s
  30   2.51466908e+02  2.51466909e+02  6.13e-15 6.82e-13  9.45e-13    64s

Barrier solved model in 30 iterations and 63.64 seconds (13.98 work units)
Optimal objective 2.51466908e+02

Done! Time elapsed: 93.92674541473389 seconds.
Starting HMC sampling...

                                                                                                                                                                                                                                                                                                                                
Finished sampling! Elapsed Time: 1071.3404698371887 seconds

Checking sampler transitions treedepth.
128 of 16000 (0.80%) transitions hit the maximum treedepth limit of 10, or 2^10 leapfrog steps.
Trajectories that are prematurely terminated due to this limit will result in slow exploration.
For optimal performance, increase this limit.

Checking sampler transitions for divergences.
No divergent transitions found.

Checking E-BFMI - sampler transitions HMC potential energy.
E-BFMI satisfactory.

Rank-normalized split effective sample size satisfactory for all parameters.

Rank-normalized split R-hat values satisfactory for all parameters.

Processing complete.

Parameters from last iteration: [2.17207813e-01 4.00597521e-01 4.01633278e-01 ... 2.52584489e+02
 2.34204764e+02 2.33669893e+02]

Parameters from current iteration:
            [2.30373852e-01 4.01243628e-01 4.02208674e-01 ... 2.52726970e+02
 2.34298706e+02 2.33717985e+02]

Updated uncertain values: [2.20499323e-01 4.00759047e-01 4.01777127e-01 ... 2.52620109e+02
 2.34228249e+02 2.33681916e+02]


            Iteration [   4]: Absolute Error = 0.26312930053700256,
            Percentage Error = 0.0751393821282949
            
Optimization Iteration[5/100]

Theta: [0.22049932 0.40075905 0.40177713 ... 2.09674716 1.20659163 1.0445398 ]

Gamma: [605.85505436 587.04023065 531.69607228 ... 252.62010908 234.22824912
 233.68191595]

Solving the optimization problem...
Set parameter TokenServer to value "licenses.rcc.uchicago.edu"
Read LP format model from file /scratch/local/jobs/50255473/tmpwc17ikur.pyomo.lp
Reading time = 2.17 seconds
x1: 417600 rows, 834801 columns, 2083271 nonzeros
Gurobi Optimizer version 11.0.0 build v11.0.0rc2 (linux64 - "CentOS Linux 8")

CPU model: Intel(R) Xeon(R) Gold 6248R CPU @ 3.00GHz, instruction set [SSE2|AVX|AVX2|AVX512]
Thread count: 48 physical cores, 48 logical processors, using up to 32 threads

Optimize a model with 417600 rows, 834801 columns and 2083271 nonzeros
Model fingerprint: 0xe1596a44
Model has 400 quadratic objective terms
Coefficient statistics:
  Matrix range     [1e+00, 9e+02]
  Objective range  [3e-04, 1e+03]
  QObjective range [2e+03, 2e+05]
  Bounds range     [3e-06, 1e+00]
  RHS range        [9e-11, 4e-01]
Presolve removed 208947 rows and 209294 columns
Presolve time: 0.81s
Presolved: 208653 rows, 625507 columns, 1249571 nonzeros
Presolved model has 400 quadratic objective terms
Ordering time: 1.27s

Barrier statistics:
 AA' NZ     : 6.241e+05
 Factor NZ  : 6.773e+07 (roughly 900 MB of memory)
 Factor Ops : 2.543e+10 (less than 1 second per iteration)
 Threads    : 32

                  Objective                Residual
Iter       Primal          Dual         Primal    Dual     Compl     Time
   0  -4.44600045e+10  1.08047389e+08  1.04e+06 3.86e+02  9.95e+05     5s
   1  -2.60435560e+09  4.38401007e+07  6.01e+04 1.18e-12  6.73e+04     7s
   2  -1.31181058e+07  7.04568848e+06  1.43e+02 1.82e-12  1.77e+02     9s
   3  -1.20479596e+06  1.20107101e+06  1.98e+00 3.12e-12  4.99e+00    11s
   4  -2.20554483e+05  2.92163800e+05  6.28e-02 1.68e-12  6.72e-01    13s
   5  -4.59952940e+04  6.02348050e+04  3.11e-03 1.22e-12  1.28e-01    15s
   6  -1.15854130e+04  1.49354884e+04  4.00e-04 2.35e-12  3.19e-02    17s
   7  -3.88225236e+03  5.24829359e+03  9.74e-05 2.39e-12  1.10e-02    19s
   8  -1.18287125e+03  2.39266168e+03  7.06e-06 1.49e-12  4.29e-03    21s
   9  -4.39554327e+02  1.14471139e+03  2.50e-06 6.80e-13  1.90e-03    22s
  10   3.86355037e+01  4.11998893e+02  1.53e-07 5.26e-13  4.48e-04    24s
  11   1.72369622e+02  2.92415161e+02  1.15e-08 2.56e-13  1.44e-04    27s
  12   2.13785695e+02  2.62357106e+02  1.55e-09 2.31e-13  5.82e-05    29s
  13   2.20466470e+02  2.57651045e+02  1.00e-09 3.13e-13  4.46e-05    30s
  14   2.33301087e+02  2.49141051e+02  3.35e-10 2.97e-13  1.90e-05    32s
  15   2.36608460e+02  2.47120226e+02  1.73e-10 4.55e-13  1.26e-05    34s
  16   2.39601660e+02  2.45442930e+02  7.13e-11 4.55e-13  7.00e-06    36s
  17   2.41804789e+02  2.44262128e+02  2.27e-11 4.55e-13  2.95e-06    38s
  18   2.42894131e+02  2.43718923e+02  3.76e-12 4.55e-13  9.89e-07    40s
  19   2.43205366e+02  2.43578156e+02  1.14e-12 5.68e-13  4.47e-07    42s
  20   2.43309307e+02  2.43533121e+02  5.54e-13 4.55e-13  2.68e-07    44s
  21   2.43371187e+02  2.43506559e+02  1.15e-13 5.68e-13  1.62e-07    45s
  22   2.43430577e+02  2.43482268e+02  3.35e-14 5.68e-13  6.20e-08    47s
  23   2.43454793e+02  2.43472452e+02  4.39e-15 6.82e-13  2.12e-08    49s
  24   2.43462474e+02  2.43469422e+02  2.34e-15 5.68e-13  8.33e-09    51s
  25   2.43465656e+02  2.43468178e+02  7.78e-15 6.82e-13  3.02e-09    53s
  26   2.43467086e+02  2.43467619e+02  9.93e-15 4.55e-13  6.39e-10    54s
  27   2.43467389e+02  2.43467501e+02  3.07e-15 6.82e-13  1.34e-10    57s
  28   2.43467448e+02  2.43467478e+02  2.51e-15 6.82e-13  3.60e-11    59s
  29   2.43467467e+02  2.43467471e+02  2.22e-15 6.82e-13  4.27e-12    60s
  30   2.43467470e+02  2.43467470e+02  2.39e-15 6.82e-13  2.26e-14    62s

Barrier solved model in 30 iterations and 62.21 seconds (13.84 work units)
Optimal objective 2.43467470e+02

Done! Time elapsed: 92.92550301551819 seconds.
Starting HMC sampling...

                                                                                                                                                                                                                                                                                                                                
Finished sampling! Elapsed Time: 976.9563794136047 seconds

Checking sampler transitions treedepth.
129 of 16000 (0.81%) transitions hit the maximum treedepth limit of 10, or 2^10 leapfrog steps.
Trajectories that are prematurely terminated due to this limit will result in slow exploration.
For optimal performance, increase this limit.

Checking sampler transitions for divergences.
No divergent transitions found.

Checking E-BFMI - sampler transitions HMC potential energy.
E-BFMI satisfactory.

Rank-normalized split effective sample size satisfactory for all parameters.

Rank-normalized split R-hat values satisfactory for all parameters.

Processing complete.

Parameters from last iteration: [2.20499323e-01 4.00759047e-01 4.01777127e-01 ... 2.52620109e+02
 2.34228249e+02 2.33681916e+02]

Parameters from current iteration:
            [2.28161604e-01 3.99053100e-01 4.00018269e-01 ... 2.52579288e+02
 2.34156090e+02 2.33639538e+02]

Updated uncertain values: [2.22414893e-01 4.00332561e-01 4.01337412e-01 ... 2.52609904e+02
 2.34210209e+02 2.33671322e+02]


            Iteration [   5]: Absolute Error = 0.1927029676355687,
            Percentage Error = 0.0560772356394461
            
Optimization Iteration[6/100]

Theta: [0.22241489 0.40033256 0.40133741 ... 2.08617041 1.20589842 1.0453526 ]

Gamma: [606.00665512 587.17914923 531.77686687 ... 252.60990384 234.21020946
 233.67132156]

Solving the optimization problem...
Set parameter TokenServer to value "licenses.rcc.uchicago.edu"
Read LP format model from file /scratch/local/jobs/50255473/tmpf2gjjg07.pyomo.lp
Reading time = 2.16 seconds
x1: 417600 rows, 834801 columns, 2083271 nonzeros
Gurobi Optimizer version 11.0.0 build v11.0.0rc2 (linux64 - "CentOS Linux 8")

CPU model: Intel(R) Xeon(R) Gold 6248R CPU @ 3.00GHz, instruction set [SSE2|AVX|AVX2|AVX512]
Thread count: 48 physical cores, 48 logical processors, using up to 32 threads

Optimize a model with 417600 rows, 834801 columns and 2083271 nonzeros
Model fingerprint: 0xed04b985
Model has 400 quadratic objective terms
Coefficient statistics:
  Matrix range     [1e+00, 9e+02]
  Objective range  [1e-03, 1e+03]
  QObjective range [2e+03, 2e+05]
  Bounds range     [3e-06, 1e+00]
  RHS range        [9e-11, 4e-01]
Presolve removed 208947 rows and 209294 columns
Presolve time: 0.80s
Presolved: 208653 rows, 625507 columns, 1249571 nonzeros
Presolved model has 400 quadratic objective terms
Ordering time: 1.33s

Barrier statistics:
 AA' NZ     : 6.241e+05
 Factor NZ  : 6.773e+07 (roughly 900 MB of memory)
 Factor Ops : 2.543e+10 (less than 1 second per iteration)
 Threads    : 32

                  Objective                Residual
Iter       Primal          Dual         Primal    Dual     Compl     Time
   0  -1.54939088e+11  1.10640369e+11  1.04e+06 1.13e-13  1.00e+06     6s
   1  -6.51609137e+10  6.33648123e+10  4.43e+04 3.08e+01  4.67e+04     7s
   2  -3.05850061e+10  3.06528838e+10  4.48e+02 1.24e-01  5.43e+02     9s
   3  -1.08844815e+10  1.09723072e+10  3.21e+00 1.42e-12  2.86e+01    11s
   4  -2.40138994e+09  2.49909675e+09  2.67e-01 1.24e-12  5.95e+00    16s
   5  -5.82500170e+08  6.48568372e+08  3.65e-02 4.37e-12  1.46e+00    21s
   6  -9.63193210e+07  1.09556244e+08  2.74e-03 1.25e-12  2.41e-01    26s
   7  -1.41126281e+07  1.68723735e+07  2.74e-09 1.58e-12  3.63e-02    31s
   8  -2.06906667e+06  2.45790632e+06  2.50e-13 1.20e-12  5.30e-03    33s
   9  -3.08263667e+05  3.77592143e+05  4.16e-14 3.10e-13  8.03e-04    35s
  10  -4.64271824e+04  5.45474222e+04  1.94e-14 6.04e-14  1.18e-04    37s
  11  -7.24634878e+03  8.49738459e+03  1.20e-14 9.29e-15  1.84e-05    39s
  12  -1.79883003e+03  1.98230932e+03  1.19e-14 2.41e-15  4.43e-06    42s
  13  -3.89181648e+02  1.06565261e+03  1.66e-15 6.66e-16  1.70e-06    44s
  14   5.53339845e+01  4.15391290e+02  3.53e-16 5.13e-16  4.22e-07    46s
  15   1.67610704e+02  2.91356895e+02  1.74e-16 6.66e-16  1.45e-07    49s
  16   1.98188435e+02  2.64364269e+02  1.11e-16 4.44e-16  7.75e-08    51s
  17   2.14368201e+02  2.52122704e+02  9.87e-17 4.44e-16  4.42e-08    52s
  18   2.25936933e+02  2.44773549e+02  4.32e-17 5.55e-16  2.21e-08    54s
  19   2.31937521e+02  2.41078067e+02  6.40e-17 4.44e-16  1.07e-08    56s
  20   2.35069312e+02  2.39273449e+02  4.05e-17 4.44e-16  4.92e-09    57s
  21   2.36338826e+02  2.38602021e+02  4.49e-17 4.44e-16  2.65e-09    59s
  22   2.36912512e+02  2.38323706e+02  8.80e-17 4.44e-16  1.65e-09    61s
  23   2.37380567e+02  2.38105152e+02  6.53e-17 4.44e-16  8.48e-10    63s
  24   2.37581033e+02  2.38013751e+02  5.16e-17 5.55e-16  5.07e-10    64s
  25   2.37737075e+02  2.37946698e+02  8.44e-17 5.55e-16  2.45e-10    66s
  26   2.37777997e+02  2.37929155e+02  9.06e-17 5.55e-16  1.77e-10    68s
  27   2.37839546e+02  2.37904086e+02  1.23e-16 4.44e-16  7.56e-11    69s
  28   2.37869173e+02  2.37892196e+02  2.88e-16 4.44e-16  2.70e-11    71s
  29   2.37878419e+02  2.37888513e+02  9.28e-16 5.55e-16  1.18e-11    73s
  30   2.37882310e+02  2.37886973e+02  5.30e-16 5.55e-16  5.46e-12    75s
  31   2.37884684e+02  2.37886045e+02  7.08e-16 6.66e-16  1.59e-12    77s
  32   2.37885504e+02  2.37885726e+02  1.70e-15 6.66e-16  2.59e-13    79s
  33   2.37885633e+02  2.37885676e+02  1.82e-15 6.66e-16  5.02e-14    81s
  34   2.37885661e+02  2.37885665e+02  9.19e-16 5.55e-16  4.84e-15    83s

Barrier solved model in 34 iterations and 82.59 seconds (15.66 work units)
Optimal objective 2.37885661e+02

Done! Time elapsed: 113.39766693115234 seconds.
Starting HMC sampling...

                                                                                                                                                                                                                                                                                                                                
Finished sampling! Elapsed Time: 1066.5246312618256 seconds

Checking sampler transitions treedepth.
100 of 16000 (0.62%) transitions hit the maximum treedepth limit of 10, or 2^10 leapfrog steps.
Trajectories that are prematurely terminated due to this limit will result in slow exploration.
For optimal performance, increase this limit.

Checking sampler transitions for divergences.
No divergent transitions found.

Checking E-BFMI - sampler transitions HMC potential energy.
E-BFMI satisfactory.

Rank-normalized split effective sample size satisfactory for all parameters.

Rank-normalized split R-hat values satisfactory for all parameters.

Processing complete.

Parameters from last iteration: [2.22414893e-01 4.00332561e-01 4.01337412e-01 ... 2.52609904e+02
 2.34210209e+02 2.33671322e+02]

Parameters from current iteration:
            [2.26785722e-01 3.98246046e-01 3.99214427e-01 ... 2.52605095e+02
 2.34172373e+02 2.33596834e+02]

Updated uncertain values: [2.23507600e-01 3.99810932e-01 4.00806666e-01 ... 2.52608702e+02
 2.34200750e+02 2.33652700e+02]


            Iteration [   6]: Absolute Error = 0.15815417391490882,
            Percentage Error = 0.039931457043810924
            
Optimization Iteration[7/100]

Theta: [0.2235076  0.39981093 0.40080667 ... 2.07799034 1.20508908 1.04567537]

Gamma: [606.02170619 587.18999142 531.78719496 ... 252.60870159 234.20075046
 233.65269977]

Solving the optimization problem...
Set parameter TokenServer to value "licenses.rcc.uchicago.edu"
Read LP format model from file /scratch/local/jobs/50255473/tmpijia9q6q.pyomo.lp
Reading time = 2.17 seconds
x1: 417600 rows, 834801 columns, 2083271 nonzeros
Gurobi Optimizer version 11.0.0 build v11.0.0rc2 (linux64 - "CentOS Linux 8")

CPU model: Intel(R) Xeon(R) Gold 6248R CPU @ 3.00GHz, instruction set [SSE2|AVX|AVX2|AVX512]
Thread count: 48 physical cores, 48 logical processors, using up to 32 threads

Optimize a model with 417600 rows, 834801 columns and 2083271 nonzeros
Model fingerprint: 0xce38637a
Model has 400 quadratic objective terms
Coefficient statistics:
  Matrix range     [1e+00, 9e+02]
  Objective range  [2e-03, 1e+03]
  QObjective range [2e+03, 2e+05]
  Bounds range     [3e-06, 1e+00]
  RHS range        [9e-11, 4e-01]
Presolve removed 208947 rows and 209294 columns
Presolve time: 0.81s
Presolved: 208653 rows, 625507 columns, 1249571 nonzeros
Presolved model has 400 quadratic objective terms
Ordering time: 1.09s

Barrier statistics:
 AA' NZ     : 6.241e+05
 Factor NZ  : 6.773e+07 (roughly 900 MB of memory)
 Factor Ops : 2.543e+10 (less than 1 second per iteration)
 Threads    : 32

                  Objective                Residual
Iter       Primal          Dual         Primal    Dual     Compl     Time
   0  -4.45081124e+10  1.08047387e+08  1.04e+06 3.86e+02  9.95e+05     6s
   1  -2.60743993e+09  4.38403671e+07  6.01e+04 1.04e-12  6.73e+04     8s
   2  -1.31267680e+07  7.04590226e+06  1.43e+02 2.29e-12  1.77e+02    10s
   3  -1.20486650e+06  1.20104428e+06  1.98e+00 3.50e-12  4.99e+00    11s
   4  -2.20567336e+05  2.92160597e+05  6.29e-02 1.66e-12  6.72e-01    13s
   5  -4.60083784e+04  6.02399660e+04  3.12e-03 1.18e-12  1.28e-01    15s
   6  -1.14516704e+04  1.46965698e+04  3.86e-04 1.56e-12  3.14e-02    17s
   7  -4.14057200e+03  5.07752626e+03  9.34e-05 6.76e-13  1.11e-02    19s
   8  -1.53086840e+03  2.74823736e+03  1.67e-05 1.13e-12  5.13e-03    21s
   9  -6.10284337e+02  1.21653258e+03  6.02e-06 7.43e-13  2.19e-03    23s
  10  -6.72061041e+01  5.63159721e+02  3.99e-07 4.55e-13  7.56e-04    25s
  11   1.38405825e+02  3.30432279e+02  2.70e-08 2.34e-13  2.30e-04    27s
  12   1.92313002e+02  2.63863438e+02  2.58e-09 2.37e-13  8.58e-05    29s
  13   2.13298069e+02  2.46950170e+02  8.70e-10 2.77e-13  4.03e-05    31s
  14   2.19743687e+02  2.42448750e+02  4.91e-10 3.20e-13  2.72e-05    33s
  15   2.26140505e+02  2.38304324e+02  2.13e-10 2.91e-13  1.46e-05    34s
  16   2.29762241e+02  2.36154463e+02  8.95e-11 4.55e-13  7.66e-06    36s
  17   2.31814474e+02  2.35033303e+02  3.34e-11 4.55e-13  3.86e-06    38s
  18   2.33275573e+02  2.34300011e+02  5.09e-12 5.68e-13  1.23e-06    41s
  19   2.33622795e+02  2.34141030e+02  1.70e-12 5.68e-13  6.21e-07    43s
  20   2.33731199e+02  2.34093373e+02  9.32e-13 4.55e-13  4.34e-07    45s
  21   2.33822781e+02  2.34054086e+02  3.72e-13 4.55e-13  2.77e-07    47s
  22   2.33918465e+02  2.34014094e+02  9.79e-14 4.55e-13  1.15e-07    48s
  23   2.33968602e+02  2.33993561e+02  9.24e-15 5.68e-13  2.99e-08    50s
  24   2.33972646e+02  2.33991940e+02  6.45e-15 4.55e-13  2.31e-08    52s
  25   2.33980960e+02  2.33988642e+02  3.46e-15 5.68e-13  9.21e-09    54s
  26   2.33984577e+02  2.33987214e+02  2.86e-15 6.82e-13  3.16e-09    56s
  27   2.33985689e+02  2.33986776e+02  1.54e-15 5.68e-13  1.30e-09    58s
  28   2.33986367e+02  2.33986512e+02  1.98e-15 9.09e-13  1.73e-10    60s
  29   2.33986443e+02  2.33986482e+02  3.81e-15 5.68e-13  4.71e-11    62s
  30   2.33986465e+02  2.33986474e+02  1.68e-15 6.82e-13  1.02e-11    64s
  31   2.33986471e+02  2.33986471e+02  8.28e-16 6.82e-13  4.00e-14    66s

Barrier solved model in 31 iterations and 66.06 seconds (14.18 work units)
Optimal objective 2.33986471e+02

Done! Time elapsed: 99.28743410110474 seconds.
Starting HMC sampling...

                                                                                                                                                                                                                                                                                                                                
Finished sampling! Elapsed Time: 984.5352096557617 seconds

Checking sampler transitions treedepth.
174 of 16000 (1.09%) transitions hit the maximum treedepth limit of 10, or 2^10 leapfrog steps.
Trajectories that are prematurely terminated due to this limit will result in slow exploration.
For optimal performance, increase this limit.

Checking sampler transitions for divergences.
No divergent transitions found.

Checking E-BFMI - sampler transitions HMC potential energy.
E-BFMI satisfactory.

Rank-normalized split effective sample size satisfactory for all parameters.

Rank-normalized split R-hat values satisfactory for all parameters.

Processing complete.

Parameters from last iteration: [2.23507600e-01 3.99810932e-01 4.00806666e-01 ... 2.52608702e+02
 2.34200750e+02 2.33652700e+02]

Parameters from current iteration:
            [2.26283337e-01 3.96719240e-01 3.97681836e-01 ... 2.52691668e+02
 2.34255599e+02 2.33689670e+02]

Updated uncertain values: [2.24201535e-01 3.99038009e-01 4.00025459e-01 ... 2.52629443e+02
 2.34214462e+02 2.33661942e+02]


            Iteration [   7]: Absolute Error = 0.1476306385808357,
            Percentage Error = 0.02645407052310023
            
Optimization Iteration[8/100]

Theta: [0.22420153 0.39903801 0.40002546 ... 2.0723707  1.20436467 1.04569338]

Gamma: [605.98903096 587.15458685 531.74817641 ... 252.6294433  234.21446249
 233.66194239]

Solving the optimization problem...
Set parameter TokenServer to value "licenses.rcc.uchicago.edu"
Read LP format model from file /scratch/local/jobs/50255473/tmp_ziqpl8f.pyomo.lp
Reading time = 2.21 seconds
x1: 417600 rows, 834801 columns, 2083271 nonzeros
Gurobi Optimizer version 11.0.0 build v11.0.0rc2 (linux64 - "CentOS Linux 8")

CPU model: Intel(R) Xeon(R) Gold 6248R CPU @ 3.00GHz, instruction set [SSE2|AVX|AVX2|AVX512]
Thread count: 48 physical cores, 48 logical processors, using up to 32 threads

Optimize a model with 417600 rows, 834801 columns and 2083271 nonzeros
Model fingerprint: 0xea9242fd
Model has 400 quadratic objective terms
Coefficient statistics:
  Matrix range     [1e+00, 9e+02]
  Objective range  [2e-03, 1e+03]
  QObjective range [2e+03, 2e+05]
  Bounds range     [3e-06, 1e+00]
  RHS range        [9e-11, 4e-01]
Presolve removed 208947 rows and 209294 columns
Presolve time: 0.81s
Presolved: 208653 rows, 625507 columns, 1249571 nonzeros
Presolved model has 400 quadratic objective terms
Ordering time: 0.92s

Barrier statistics:
 AA' NZ     : 6.241e+05
 Factor NZ  : 6.773e+07 (roughly 900 MB of memory)
 Factor Ops : 2.543e+10 (less than 1 second per iteration)
 Threads    : 32

                  Objective                Residual
Iter       Primal          Dual         Primal    Dual     Compl     Time
   0  -1.54970450e+11  1.10640369e+11  1.04e+06 1.13e-13  1.00e+06     5s
   1  -6.51622368e+10  6.33648098e+10  4.43e+04 3.08e+01  4.67e+04     7s
   2  -3.05850184e+10  3.06528827e+10  4.48e+02 1.24e-01  5.43e+02     9s
   3  -1.08844812e+10  1.09723068e+10  3.21e+00 1.44e-12  2.86e+01    11s
   4  -2.40138992e+09  2.49909670e+09  2.67e-01 1.25e-12  5.95e+00    16s
   5  -5.82500138e+08  6.48568324e+08  3.65e-02 4.66e-12  1.46e+00    21s
   6  -9.63193120e+07  1.09556220e+08  2.74e-03 1.76e-12  2.41e-01    25s
   7  -1.41126318e+07  1.68723649e+07  2.74e-09 1.58e-12  3.63e-02    30s
   8  -2.06907234e+06  2.45790142e+06  2.61e-13 9.75e-13  5.30e-03    33s
   9  -3.08268950e+05  3.77584482e+05  4.03e-14 3.34e-13  8.03e-04    35s
  10  -4.64323641e+04  5.45408275e+04  2.22e-14 5.52e-14  1.18e-04    37s
  11  -7.25152618e+03  8.49090019e+03  1.18e-14 9.13e-15  1.84e-05    39s
  12  -1.78908954e+03  1.96014747e+03  1.02e-14 1.99e-15  4.39e-06    42s
  13  -4.02172453e+02  1.08151352e+03  1.38e-15 6.66e-16  1.74e-06    44s
  14   4.48441466e+01  4.15896417e+02  9.59e-16 8.88e-16  4.34e-07    46s
  15   1.58723565e+02  2.87718484e+02  2.26e-16 6.66e-16  1.51e-07    48s
  16   2.02901450e+02  2.47908999e+02  1.43e-16 4.44e-16  5.27e-08    51s
  17   2.04981808e+02  2.46454198e+02  1.38e-16 5.55e-16  4.86e-08    52s
  18   2.08201837e+02  2.44436142e+02  1.21e-16 6.66e-16  4.24e-08    54s
  19   2.17909161e+02  2.38411851e+02  7.09e-17 4.44e-16  2.40e-08    56s
  20   2.22454539e+02  2.35823295e+02  6.14e-17 4.44e-16  1.57e-08    58s
  21   2.26165116e+02  2.33832567e+02  5.31e-17 4.44e-16  8.98e-09    59s
  22   2.28571582e+02  2.32626177e+02  4.49e-17 4.44e-16  4.75e-09    61s
  23   2.29497939e+02  2.32189895e+02  1.17e-16 4.44e-16  3.15e-09    63s
  24   2.30384584e+02  2.31784196e+02  1.13e-16 5.55e-16  1.64e-09    65s
  25   2.30896808e+02  2.31559697e+02  2.16e-16 4.44e-16  7.76e-10    67s
  26   2.31021373e+02  2.31506731e+02  1.83e-16 4.44e-16  5.68e-10    68s
  27   2.31196617e+02  2.31433823e+02  2.22e-16 5.55e-16  2.78e-10    70s
  28   2.31297326e+02  2.31391764e+02  2.72e-16 6.66e-16  1.11e-10    72s
  29   2.31334304e+02  2.31376989e+02  1.98e-16 4.44e-16  5.00e-11    74s
  30   2.31353865e+02  2.31369275e+02  3.08e-16 5.55e-16  1.80e-11    76s
  31   2.31361580e+02  2.31366225e+02  9.98e-16 6.66e-16  5.44e-12    78s
  32   2.31363712e+02  2.31365393e+02  7.76e-15 4.44e-16  1.97e-12    80s
  33   2.31364522e+02  2.31365077e+02  8.84e-15 5.55e-16  6.49e-13    82s
  34   2.31364836e+02  2.31364955e+02  1.43e-14 5.55e-16  1.38e-13    84s
  35   2.31364902e+02  2.31364929e+02  1.00e-14 6.66e-16  3.11e-14    86s
  36   2.31364919e+02  2.31364922e+02  1.89e-14 6.66e-16  4.20e-15    88s

Barrier solved model in 36 iterations and 87.59 seconds (16.33 work units)
Optimal objective 2.31364919e+02

Done! Time elapsed: 118.10284852981567 seconds.
Starting HMC sampling...

                                                                                                                                                                                                                                                                                                                                
Finished sampling! Elapsed Time: 1005.3176681995392 seconds

Checking sampler transitions treedepth.
145 of 16000 (0.91%) transitions hit the maximum treedepth limit of 10, or 2^10 leapfrog steps.
Trajectories that are prematurely terminated due to this limit will result in slow exploration.
For optimal performance, increase this limit.

Checking sampler transitions for divergences.
No divergent transitions found.

Checking E-BFMI - sampler transitions HMC potential energy.
E-BFMI satisfactory.

Rank-normalized split effective sample size satisfactory for all parameters.

Rank-normalized split R-hat values satisfactory for all parameters.

Processing complete.

Parameters from last iteration: [2.24201535e-01 3.99038009e-01 4.00025459e-01 ... 2.52629443e+02
 2.34214462e+02 2.33661942e+02]

Parameters from current iteration:
            [2.24964456e-01 3.95513933e-01 3.96477171e-01 ... 2.52667272e+02
 2.34249606e+02 2.33699921e+02]

Updated uncertain values: [2.24392265e-01 3.98156990e-01 3.99138387e-01 ... 2.52638900e+02
 2.34223248e+02 2.33671437e+02]


            Iteration [   8]: Absolute Error = 0.09986908012717777,
            Percentage Error = 0.01424023466714445
            
Optimization Iteration[9/100]

Theta: [0.22439227 0.39815699 0.39913839 ... 2.06772085 1.20356108 1.04548274]

Gamma: [606.00397979 587.18176233 531.78060469 ... 252.63890048 234.2232484
 233.67143707]

Solving the optimization problem...
Set parameter TokenServer to value "licenses.rcc.uchicago.edu"
Read LP format model from file /scratch/local/jobs/50255473/tmpebhj5lqx.pyomo.lp
Reading time = 2.16 seconds
x1: 417600 rows, 834801 columns, 2083271 nonzeros
Gurobi Optimizer version 11.0.0 build v11.0.0rc2 (linux64 - "CentOS Linux 8")

CPU model: Intel(R) Xeon(R) Gold 6248R CPU @ 3.00GHz, instruction set [SSE2|AVX|AVX2|AVX512]
Thread count: 48 physical cores, 48 logical processors, using up to 32 threads

Optimize a model with 417600 rows, 834801 columns and 2083271 nonzeros
Model fingerprint: 0xca0a19ce
Model has 400 quadratic objective terms
Coefficient statistics:
  Matrix range     [1e+00, 9e+02]
  Objective range  [2e-03, 1e+03]
  QObjective range [2e+03, 2e+05]
  Bounds range     [3e-06, 1e+00]
  RHS range        [9e-11, 4e-01]
Presolve removed 208947 rows and 209294 columns
Presolve time: 0.82s
Presolved: 208653 rows, 625507 columns, 1249571 nonzeros
Presolved model has 400 quadratic objective terms
Ordering time: 1.33s

Barrier statistics:
 AA' NZ     : 6.241e+05
 Factor NZ  : 6.773e+07 (roughly 900 MB of memory)
 Factor Ops : 2.543e+10 (less than 1 second per iteration)
 Threads    : 32

                  Objective                Residual
Iter       Primal          Dual         Primal    Dual     Compl     Time
   0  -1.54977719e+11  1.10640369e+11  1.04e+06 1.13e-13  1.00e+06     5s
   1  -6.51625459e+10  6.33648109e+10  4.43e+04 3.08e+01  4.67e+04     7s
   2  -3.05850220e+10  3.06528832e+10  4.48e+02 1.24e-01  5.43e+02     9s
   3  -1.08844814e+10  1.09723070e+10  3.21e+00 1.47e-12  2.86e+01    11s
   4  -2.40138996e+09  2.49909674e+09  2.67e-01 1.25e-12  5.95e+00    16s
   5  -5.82500140e+08  6.48568322e+08  3.65e-02 4.55e-12  1.46e+00    21s
   6  -9.63193094e+07  1.09556214e+08  2.74e-03 1.42e-12  2.41e-01    25s
   7  -1.41126325e+07  1.68723625e+07  2.74e-09 6.52e-12  3.63e-02    30s
   8  -2.06907354e+06  2.45789999e+06  2.58e-13 1.27e-12  5.30e-03    33s
   9  -3.08270102e+05  3.77582697e+05  4.33e-14 4.31e-13  8.03e-04    35s
  10  -4.64335115e+04  5.45392466e+04  1.96e-14 5.34e-14  1.18e-04    37s
  11  -7.25274639e+03  8.48928602e+03  1.19e-14 1.01e-14  1.84e-05    39s
  12  -1.78563992e+03  1.95346675e+03  1.04e-14 1.93e-15  4.38e-06    42s
  13  -4.05886527e+02  1.08684800e+03  1.21e-15 6.66e-16  1.75e-06    44s
  14   4.28048671e+01  4.14113530e+02  8.08e-16 6.66e-16  4.35e-07    47s
  15   1.56743619e+02  2.86341207e+02  1.83e-16 8.88e-16  1.52e-07    49s
  16   2.01077767e+02  2.46268675e+02  1.14e-16 6.66e-16  5.29e-08    51s
  17   2.02610139e+02  2.45194582e+02  9.84e-17 6.66e-16  4.99e-08    53s
  18   2.05242482e+02  2.43532580e+02  9.48e-17 6.66e-16  4.48e-08    55s
  19   2.17206402e+02  2.36052490e+02  6.81e-17 4.44e-16  2.21e-08    57s
  20   2.21900956e+02  2.33438099e+02  5.03e-17 4.44e-16  1.35e-08    59s
  21   2.25088360e+02  2.31770097e+02  4.84e-17 4.44e-16  7.82e-09    60s
  22   2.26944359e+02  2.30857400e+02  8.93e-17 4.44e-16  4.58e-09    62s
  23   2.27819402e+02  2.30458987e+02  2.02e-16 4.44e-16  3.09e-09    64s
  24   2.28664186e+02  2.30073584e+02  9.43e-17 4.44e-16  1.65e-09    66s
  25   2.29191206e+02  2.29835848e+02  8.93e-17 5.55e-16  7.55e-10    67s
  26   2.29439832e+02  2.29727692e+02  1.91e-16 4.44e-16  3.37e-10    69s
  27   2.29446554e+02  2.29724859e+02  1.85e-16 6.66e-16  3.26e-10    71s
  28   2.29504007e+02  2.29700464e+02  1.76e-16 4.44e-16  2.30e-10    73s
  29   2.29582725e+02  2.29668056e+02  2.89e-16 4.44e-16  9.99e-11    75s
  30   2.29628116e+02  2.29649597e+02  3.24e-16 4.44e-16  2.52e-11    77s
  31   2.29635926e+02  2.29646453e+02  4.33e-16 5.55e-16  1.23e-11    79s
  32   2.29641691e+02  2.29644190e+02  2.98e-15 6.66e-16  2.93e-12    81s
  33   2.29642582e+02  2.29643842e+02  2.56e-15 5.55e-16  1.47e-12    83s
  34   2.29643286e+02  2.29643567e+02  3.33e-15 6.66e-16  3.29e-13    85s
  35   2.29643420e+02  2.29643515e+02  4.81e-15 5.55e-16  1.10e-13    87s
  36   2.29643476e+02  2.29643493e+02  5.14e-15 5.55e-16  2.06e-14    88s
  37   2.29643487e+02  2.29643489e+02  5.86e-15 6.66e-16  2.03e-15    90s

Barrier solved model in 37 iterations and 90.06 seconds (16.67 work units)
Optimal objective 2.29643487e+02

Done! Time elapsed: 121.127445936203 seconds.
Starting HMC sampling...

                                                                                                                                                                                                                                                                                                                                
Finished sampling! Elapsed Time: 1045.5585339069366 seconds

Checking sampler transitions treedepth.
224 of 16000 (1.40%) transitions hit the maximum treedepth limit of 10, or 2^10 leapfrog steps.
Trajectories that are prematurely terminated due to this limit will result in slow exploration.
For optimal performance, increase this limit.

Checking sampler transitions for divergences.
No divergent transitions found.

Checking E-BFMI - sampler transitions HMC potential energy.
E-BFMI satisfactory.

Rank-normalized split effective sample size satisfactory for all parameters.

Rank-normalized split R-hat values satisfactory for all parameters.

Processing complete.

Parameters from last iteration: [2.24392265e-01 3.98156990e-01 3.99138387e-01 ... 2.52638900e+02
 2.34223248e+02 2.33671437e+02]

Parameters from current iteration:
            [2.23428591e-01 3.93390586e-01 3.94350506e-01 ... 2.52600229e+02
 2.34189805e+02 2.33650830e+02]

Updated uncertain values: [2.24151346e-01 3.96965389e-01 3.97941416e-01 ... 2.52629233e+02
 2.34214888e+02 2.33666285e+02]


            Iteration [   9]: Absolute Error = 0.16364884015354164,
            Percentage Error = 0.007586102949592763
            
Optimization Iteration[10/100]

Theta: [0.22415135 0.39696539 0.39794142 ... 2.06495717 1.20318677 1.04547275]

Gamma: [606.07712375 587.25520175 531.84416935 ... 252.6292326  234.21488764
 233.66628524]

Solving the optimization problem...
Set parameter TokenServer to value "licenses.rcc.uchicago.edu"
Read LP format model from file /scratch/local/jobs/50255473/tmpwaxlx6ms.pyomo.lp
Reading time = 2.15 seconds
x1: 417600 rows, 834801 columns, 2083271 nonzeros
Gurobi Optimizer version 11.0.0 build v11.0.0rc2 (linux64 - "CentOS Linux 8")

CPU model: Intel(R) Xeon(R) Gold 6248R CPU @ 3.00GHz, instruction set [SSE2|AVX|AVX2|AVX512]
Thread count: 48 physical cores, 48 logical processors, using up to 32 threads

Optimize a model with 417600 rows, 834801 columns and 2083271 nonzeros
Model fingerprint: 0xfb8190b5
Model has 400 quadratic objective terms
Coefficient statistics:
  Matrix range     [1e+00, 9e+02]
  Objective range  [2e-03, 1e+03]
  QObjective range [2e+03, 2e+05]
  Bounds range     [3e-06, 1e+00]
  RHS range        [9e-11, 4e-01]
Presolve removed 208947 rows and 209294 columns
Presolve time: 0.81s
Presolved: 208653 rows, 625507 columns, 1249571 nonzeros
Presolved model has 400 quadratic objective terms
Ordering time: 1.13s

Barrier statistics:
 AA' NZ     : 6.241e+05
 Factor NZ  : 6.773e+07 (roughly 900 MB of memory)
 Factor Ops : 2.543e+10 (less than 1 second per iteration)
 Threads    : 32

                  Objective                Residual
Iter       Primal          Dual         Primal    Dual     Compl     Time
   0  -1.54981574e+11  1.10640369e+11  1.04e+06 1.13e-13  1.00e+06     5s
   1  -6.51627097e+10  6.33648111e+10  4.43e+04 3.08e+01  4.67e+04     7s
   2  -3.05850237e+10  3.06528833e+10  4.48e+02 1.24e-01  5.43e+02     9s
   3  -1.08844814e+10  1.09723070e+10  3.21e+00 1.56e-12  2.86e+01    11s
   4  -2.40138997e+09  2.49909676e+09  2.67e-01 1.40e-12  5.95e+00    16s
   5  -5.82500134e+08  6.48568316e+08  3.65e-02 4.62e-12  1.46e+00    21s
   6  -9.63193044e+07  1.09556207e+08  2.74e-03 1.69e-12  2.41e-01    25s
   7  -1.41126322e+07  1.68723607e+07  2.74e-09 1.09e-12  3.63e-02    30s
   8  -2.06907408e+06  2.45789937e+06  2.82e-13 1.16e-12  5.30e-03    33s
   9  -3.08270718e+05  3.77581788e+05  4.53e-14 3.08e-13  8.03e-04    35s
  10  -4.64341596e+04  5.45383922e+04  1.71e-14 5.86e-14  1.18e-04    37s
  11  -7.25349996e+03  8.48835338e+03  1.20e-14 9.66e-15  1.84e-05    38s
  12  -1.78285834e+03  1.94853676e+03  1.10e-14 2.80e-15  4.37e-06    41s
  13  -4.08751289e+02  1.09156750e+03  1.90e-15 7.10e-16  1.76e-06    43s
  14   4.15714358e+01  4.12335803e+02  6.88e-16 6.66e-16  4.34e-07    45s
  15   1.55475542e+02  2.85316903e+02  1.96e-16 4.44e-16  1.52e-07    47s
  16   1.99835691e+02  2.45152120e+02  7.35e-17 5.55e-16  5.31e-08    49s
  17   2.01002173e+02  2.44332843e+02  6.51e-17 5.55e-16  5.07e-08    51s
  18   2.03182162e+02  2.42948912e+02  7.07e-17 6.66e-16  4.66e-08    53s
  19   2.13872876e+02  2.36194995e+02  6.18e-17 4.44e-16  2.61e-08    55s
  20   2.19040575e+02  2.33210690e+02  5.03e-17 4.44e-16  1.66e-08    56s
  21   2.23816558e+02  2.30633312e+02  5.75e-17 4.44e-16  7.98e-09    58s
  22   2.25781496e+02  2.29668914e+02  7.72e-17 4.44e-16  4.55e-09    60s
  23   2.26715448e+02  2.29233001e+02  1.41e-16 4.44e-16  2.95e-09    61s
  24   2.27549423e+02  2.28855154e+02  9.80e-17 4.44e-16  1.53e-09    63s
  25   2.28020181e+02  2.28650036e+02  1.88e-16 4.44e-16  7.37e-10    65s
  26   2.28173866e+02  2.28584761e+02  1.90e-16 4.44e-16  4.81e-10    67s
  27   2.28298329e+02  2.28533208e+02  2.60e-16 4.44e-16  2.75e-10    68s
  28   2.28408110e+02  2.28487718e+02  2.40e-16 6.66e-16  9.32e-11    70s
  29   2.28432664e+02  2.28477893e+02  2.89e-16 4.44e-16  5.30e-11    72s
  30   2.28452786e+02  2.28469905e+02  3.00e-16 5.55e-16  2.00e-11    74s
  31   2.28462589e+02  2.28466047e+02  1.56e-15 6.66e-16  4.05e-12    76s
  32   2.28464200e+02  2.28465415e+02  1.03e-14 5.55e-16  1.42e-12    78s
  33   2.28464780e+02  2.28465189e+02  6.08e-15 5.55e-16  4.78e-13    80s
  34   2.28464956e+02  2.28465120e+02  2.97e-15 6.66e-16  1.92e-13    82s
  35   2.28465051e+02  2.28465083e+02  2.21e-15 6.66e-16  3.75e-14    84s
  36   2.28465070e+02  2.28465076e+02  9.39e-16 5.55e-16  7.48e-15    85s

Barrier solved model in 36 iterations and 85.42 seconds (16.33 work units)
Optimal objective 2.28465070e+02

Done! Time elapsed: 115.8802592754364 seconds.
Starting HMC sampling...

                                                                                                                                                                                                                                                                                                                                
Finished sampling! Elapsed Time: 1067.7657821178436 seconds

Checking sampler transitions treedepth.
187 of 16000 (1.17%) transitions hit the maximum treedepth limit of 10, or 2^10 leapfrog steps.
Trajectories that are prematurely terminated due to this limit will result in slow exploration.
For optimal performance, increase this limit.

Checking sampler transitions for divergences.
No divergent transitions found.

Checking E-BFMI - sampler transitions HMC potential energy.
E-BFMI satisfactory.

Rank-normalized split effective sample size satisfactory for all parameters.

Rank-normalized split R-hat values satisfactory for all parameters.

Processing complete.

Parameters from last iteration: [2.24151346e-01 3.96965389e-01 3.97941416e-01 ... 2.52629233e+02
 2.34214888e+02 2.33666285e+02]

Parameters from current iteration:
            [2.23190312e-01 3.93563919e-01 3.94526163e-01 ... 2.52646822e+02
 2.34258376e+02 2.33718396e+02]

Updated uncertain values: [2.23911088e-01 3.96115022e-01 3.97087603e-01 ... 2.52633630e+02
 2.34225760e+02 2.33679313e+02]


            Iteration [  10]: Absolute Error = 0.10687613511436211,
            Percentage Error = 0.005890633244749412
            
Optimization Iteration[11/100]

Theta: [0.22391109 0.39611502 0.3970876  ... 2.06260666 1.20259088 1.04514096]

Gamma: [606.02058321 587.21401369 531.82873917 ... 252.63363005 234.22575972
 233.67931305]

Solving the optimization problem...
Set parameter TokenServer to value "licenses.rcc.uchicago.edu"
Read LP format model from file /scratch/local/jobs/50255473/tmpopr59yp3.pyomo.lp
Reading time = 2.18 seconds
x1: 417600 rows, 834801 columns, 2083271 nonzeros
Gurobi Optimizer version 11.0.0 build v11.0.0rc2 (linux64 - "CentOS Linux 8")

CPU model: Intel(R) Xeon(R) Gold 6248R CPU @ 3.00GHz, instruction set [SSE2|AVX|AVX2|AVX512]
Thread count: 48 physical cores, 48 logical processors, using up to 32 threads

Optimize a model with 417600 rows, 834801 columns and 2083271 nonzeros
Model fingerprint: 0x569795c0
Model has 400 quadratic objective terms
Coefficient statistics:
  Matrix range     [1e+00, 9e+02]
  Objective range  [2e-03, 1e+03]
  QObjective range [2e+03, 2e+05]
  Bounds range     [3e-06, 1e+00]
  RHS range        [9e-11, 4e-01]
Presolve removed 208947 rows and 209294 columns
Presolve time: 0.81s
Presolved: 208653 rows, 625507 columns, 1249571 nonzeros
Presolved model has 400 quadratic objective terms
Ordering time: 1.18s

Barrier statistics:
 AA' NZ     : 6.241e+05
 Factor NZ  : 6.773e+07 (roughly 900 MB of memory)
 Factor Ops : 2.543e+10 (less than 1 second per iteration)
 Threads    : 32

                  Objective                Residual
Iter       Primal          Dual         Primal    Dual     Compl     Time
   0  -1.54985314e+11  1.10640369e+11  1.04e+06 1.12e-13  1.00e+06     6s
   1  -6.51628684e+10  6.33648112e+10  4.43e+04 3.08e+01  4.67e+04     8s
   2  -3.05850254e+10  3.06528833e+10  4.48e+02 1.24e-01  5.43e+02    10s
   3  -1.08844814e+10  1.09723070e+10  3.21e+00 1.45e-12  2.86e+01    12s
   4  -2.40138998e+09  2.49909675e+09  2.67e-01 1.33e-12  5.95e+00    17s
   5  -5.82500134e+08  6.48568312e+08  3.65e-02 6.56e-12  1.46e+00    21s
   6  -9.63193041e+07  1.09556205e+08  2.74e-03 1.47e-12  2.41e-01    26s
   7  -1.41126330e+07  1.68723609e+07  2.74e-09 1.67e-12  3.63e-02    31s
   8  -2.06907465e+06  2.45789818e+06  2.81e-13 9.58e-13  5.30e-03    34s
   9  -3.08271306e+05  3.77581181e+05  4.08e-14 3.45e-13  8.03e-04    36s
  10  -4.64347294e+04  5.45377654e+04  1.64e-14 5.96e-14  1.18e-04    38s
  11  -7.25412337e+03  8.48766441e+03  1.32e-14 9.44e-15  1.84e-05    39s
  12  -1.78022013e+03  1.94416040e+03  1.03e-14 1.73e-15  4.36e-06    43s
  13  -4.10505483e+02  1.09412831e+03  1.36e-15 6.66e-16  1.76e-06    45s
  14   4.06463213e+01  4.11117245e+02  4.09e-16 4.44e-16  4.34e-07    47s
  15   1.54529246e+02  2.84492849e+02  2.94e-16 5.55e-16  1.52e-07    50s
  16   1.98885395e+02  2.44294751e+02  9.24e-17 5.55e-16  5.32e-08    52s
  17   2.00065653e+02  2.43464720e+02  9.09e-17 6.66e-16  5.08e-08    53s
  18   2.02178487e+02  2.42121319e+02  9.04e-17 6.66e-16  4.68e-08    55s
  19   2.12569883e+02  2.35541313e+02  8.15e-17 4.44e-16  2.69e-08    57s
  20   2.18299421e+02  2.32214879e+02  5.94e-17 4.44e-16  1.63e-08    59s
  21   2.22986805e+02  2.29690453e+02  6.68e-17 4.44e-16  7.85e-09    61s
  22   2.24902101e+02  2.28751783e+02  7.96e-17 4.44e-16  4.51e-09    62s
  23   2.25854695e+02  2.28307638e+02  1.74e-16 4.44e-16  2.87e-09    64s
  24   2.26477390e+02  2.28032382e+02  1.31e-16 4.44e-16  1.82e-09    66s
  25   2.27081207e+02  2.27761786e+02  1.81e-16 4.44e-16  7.97e-10    68s
  26   2.27231391e+02  2.27696642e+02  1.90e-16 6.66e-16  5.45e-10    70s
  27   2.27386236e+02  2.27631224e+02  2.16e-16 5.55e-16  2.87e-10    71s
  28   2.27474143e+02  2.27594606e+02  5.70e-16 5.55e-16  1.41e-10    73s
  29   2.27514921e+02  2.27578077e+02  2.37e-16 4.44e-16  7.39e-11    75s
  30   2.27547527e+02  2.27565057e+02  1.13e-15 4.44e-16  2.05e-11    77s
  31   2.27555215e+02  2.27562039e+02  1.72e-15 6.66e-16  7.99e-12    79s
  32   2.27558253e+02  2.27560840e+02  7.09e-15 6.66e-16  3.03e-12    82s
  33   2.27559307e+02  2.27560428e+02  4.46e-15 5.55e-16  1.31e-12    83s
  34   2.27559907e+02  2.27560193e+02  6.37e-15 6.66e-16  3.35e-13    85s
  35   2.27560061e+02  2.27560133e+02  2.19e-15 5.55e-16  8.43e-14    87s
  36   2.27560097e+02  2.27560119e+02  8.71e-16 6.66e-16  2.65e-14    89s
  37   2.27560112e+02  2.27560113e+02  1.08e-15 6.66e-16  7.15e-16    91s

Barrier solved model in 37 iterations and 90.92 seconds (16.80 work units)
Optimal objective 2.27560112e+02

Done! Time elapsed: 121.50442266464233 seconds.
Starting HMC sampling...

                                                                                                                                                                                                                                                                                                                                
Finished sampling! Elapsed Time: 1159.764242887497 seconds

Checking sampler transitions treedepth.
95 of 16000 (0.59%) transitions hit the maximum treedepth limit of 10, or 2^10 leapfrog steps.
Trajectories that are prematurely terminated due to this limit will result in slow exploration.
For optimal performance, increase this limit.

Checking sampler transitions for divergences.
No divergent transitions found.

Checking E-BFMI - sampler transitions HMC potential energy.
E-BFMI satisfactory.

Rank-normalized split effective sample size satisfactory for all parameters.

Rank-normalized split R-hat values satisfactory for all parameters.

Processing complete.

Parameters from last iteration: [2.23911088e-01 3.96115022e-01 3.97087603e-01 ... 2.52633630e+02
 2.34225760e+02 2.33679313e+02]

Parameters from current iteration:
            [2.22214870e-01 3.90941133e-01 3.91894073e-01 ... 2.52550786e+02
 2.34148747e+02 2.33623581e+02]

Updated uncertain values: [2.23487033e-01 3.94821549e-01 3.95789221e-01 ... 2.52612919e+02
 2.34206507e+02 2.33665380e+02]


            Iteration [  11]: Absolute Error = 0.11993176838097952,
            Percentage Error = 0.004059901921759389
            
Terminated. Sampling the final distribution...

                                                                                                                                                                                                                                                                                                                                
Solving the optimization problem...
Set parameter TokenServer to value "licenses.rcc.uchicago.edu"
Read LP format model from file /scratch/local/jobs/50255473/tmpp_pgzpzh.pyomo.lp
Reading time = 2.23 seconds
x1: 417600 rows, 834801 columns, 2083271 nonzeros
Gurobi Optimizer version 11.0.0 build v11.0.0rc2 (linux64 - "CentOS Linux 8")

CPU model: Intel(R) Xeon(R) Gold 6248R CPU @ 3.00GHz, instruction set [SSE2|AVX|AVX2|AVX512]
Thread count: 48 physical cores, 48 logical processors, using up to 32 threads

Optimize a model with 417600 rows, 834801 columns and 2083271 nonzeros
Model fingerprint: 0x38f58a9f
Model has 400 quadratic objective terms
Coefficient statistics:
  Matrix range     [1e+00, 9e+02]
  Objective range  [1e-03, 1e+03]
  QObjective range [2e+03, 2e+05]
  Bounds range     [2e-06, 1e+00]
  RHS range        [6e-10, 4e-01]
Presolve removed 209011 rows and 209422 columns
Presolve time: 0.86s
Presolved: 208589 rows, 625379 columns, 1249315 nonzeros
Presolved model has 400 quadratic objective terms
Ordering time: 1.03s

Barrier statistics:
 AA' NZ     : 6.239e+05
 Factor NZ  : 6.769e+07 (roughly 900 MB of memory)
 Factor Ops : 2.541e+10 (less than 1 second per iteration)
 Threads    : 32

                  Objective                Residual
Iter       Primal          Dual         Primal    Dual     Compl     Time
   0  -1.54990609e+11  1.10640510e+11  1.04e+06 1.13e-13  1.00e+06     6s
   1  -6.47142400e+10  6.29208370e+10  4.42e+04 3.07e+01  4.64e+04     7s
   2  -3.03858270e+10  3.04536247e+10  4.47e+02 1.24e-01  5.40e+02    10s
   3  -1.08294272e+10  1.09171174e+10  3.61e+00 1.47e-12  2.88e+01    12s
   4  -2.46839677e+09  2.56633709e+09  2.90e-01 1.45e-12  6.12e+00    17s
   5  -5.87258960e+08  6.54649555e+08  3.72e-02 3.93e-12  1.47e+00    21s
   6  -9.80907938e+07  1.11706640e+08  2.90e-03 1.53e-12  2.46e-01    26s
   7  -1.44923311e+07  1.73480131e+07  7.22e-06 1.56e-12  3.73e-02    31s
   8  -2.12628881e+06  2.53256925e+06  7.36e-12 1.00e-12  5.46e-03    34s
   9  -3.17157469e+05  3.89597608e+05  4.93e-14 3.57e-13  8.28e-04    36s
  10  -4.78783848e+04  5.62472315e+04  2.05e-14 7.23e-14  1.22e-04    38s
  11  -7.54314152e+03  8.67737923e+03  1.51e-14 9.41e-15  1.90e-05    40s
  12  -1.95128669e+03  1.97118388e+03  1.14e-14 2.03e-15  4.59e-06    43s
  13  -5.19772898e+02  1.09782396e+03  1.73e-15 6.66e-16  1.89e-06    45s
  14  -3.43662443e+01  3.40558794e+02  8.18e-16 6.71e-16  4.39e-07    47s
  15   8.45047306e+01  2.18748245e+02  2.11e-16 5.55e-16  1.57e-07    50s
  16   1.24173725e+02  1.83357852e+02  1.48e-16 4.44e-16  6.93e-08    52s
  17   1.41257315e+02  1.72314839e+02  8.57e-17 4.44e-16  3.64e-08    54s
  18   1.48689860e+02  1.67477784e+02  6.40e-17 4.44e-16  2.20e-08    55s
  19   1.54522896e+02  1.63906438e+02  1.44e-16 4.44e-16  1.10e-08    57s
  20   1.56955204e+02  1.62448548e+02  1.59e-16 4.44e-16  6.43e-09    59s
  21   1.58371873e+02  1.61706344e+02  9.84e-17 4.44e-16  3.90e-09    61s
  22   1.59423721e+02  1.61202346e+02  1.28e-16 5.55e-16  2.08e-09    63s
  23   1.59870864e+02  1.60993049e+02  1.44e-16 5.55e-16  1.31e-09    65s
  24   1.60184608e+02  1.60854613e+02  2.04e-16 4.44e-16  7.85e-10    67s
  25   1.60374969e+02  1.60770690e+02  1.39e-16 4.44e-16  4.63e-10    69s
  26   1.60507069e+02  1.60714863e+02  1.65e-16 4.44e-16  2.43e-10    70s
  27   1.60570591e+02  1.60688352e+02  9.45e-17 5.55e-16  1.38e-10    72s
  28   1.60588706e+02  1.60680987e+02  9.71e-17 4.44e-16  1.08e-10    74s
  29   1.60628044e+02  1.60665088e+02  3.49e-16 4.44e-16  4.34e-11    76s
  30   1.60647698e+02  1.60657307e+02  3.24e-16 5.55e-16  1.13e-11    78s
  31   1.60652389e+02  1.60655489e+02  1.81e-15 6.66e-16  3.63e-12    80s
  32   1.60653887e+02  1.60654907e+02  1.61e-15 5.55e-16  1.19e-12    83s
  33   1.60654261e+02  1.60654762e+02  1.19e-15 4.44e-16  5.86e-13    84s
  34   1.60654514e+02  1.60654664e+02  1.78e-15 5.55e-16  1.75e-13    86s
  35   1.60654591e+02  1.60654634e+02  9.51e-16 6.66e-16  5.06e-14    88s
  36   1.60654618e+02  1.60654624e+02  3.78e-16 6.66e-16  6.94e-15    90s

Barrier solved model in 36 iterations and 89.93 seconds (16.32 work units)
Optimal objective 1.60654618e+02

Done! Time elapsed: 124.56174230575562 seconds.
min_result 0.09304104501702128 min_pe 5.0

Program ends Fri May 29 23:04:06 CDT 2026
Exit code: 0
Elapsed time: 18515 seconds
