Command: /project/lhansen/HMC_rep26_robust_mac/amazon-carbon-prices/.venv/bin/python pysrc/bash/shadow_price.py --id 52 --xi 2 --sites 1043
Working directory: /project/lhansen/HMC_rep26_robust_mac/amazon-carbon-prices
Program starts Fri May 29 17:55:29 CDT 2026

Data successfully loaded from /project/lhansen/HMC_rep26_robust_mac/amazon-carbon-prices/data/calibration
Waiting for Stan compile lock: /project/lhansen/HMC_rep26_robust_mac/amazon-carbon-prices/stan_model/adjusted.compile.lock
Using Stan model executable: /project/lhansen/HMC_rep26_robust_mac/amazon-carbon-prices/stan_model/adjusted
Optimization Iteration[1/100]

Theta: [0.19293399 0.39270684 0.39383513 ... 2.1961384  1.20930668 1.03223742]

Gamma: [605.85192903 587.02426052 531.68859839 ... 252.44623295 234.13249733
 233.63746894]

Solving the optimization problem...
Set parameter TokenServer to value "licenses.rcc.uchicago.edu"
Read LP format model from file /scratch/local/jobs/50255475/tmp4sh7uusq.pyomo.lp
Reading time = 2.45 seconds
x1: 417600 rows, 834801 columns, 2083271 nonzeros
Gurobi Optimizer version 11.0.0 build v11.0.0rc2 (linux64 - "CentOS Linux 8")

CPU model: Intel(R) Xeon(R) Gold 6248R CPU @ 3.00GHz, instruction set [SSE2|AVX|AVX2|AVX512]
Thread count: 48 physical cores, 48 logical processors, using up to 32 threads

Optimize a model with 417600 rows, 834801 columns and 2083271 nonzeros
Model fingerprint: 0x84368deb
Model has 400 quadratic objective terms
Coefficient statistics:
  Matrix range     [1e+00, 9e+02]
  Objective range  [2e-03, 1e+03]
  QObjective range [2e+03, 2e+05]
  Bounds range     [3e-06, 1e+00]
  RHS range        [9e-11, 4e-01]
Presolve removed 208947 rows and 209294 columns
Presolve time: 0.82s
Presolved: 208653 rows, 625507 columns, 1249571 nonzeros
Presolved model has 400 quadratic objective terms
Ordering time: 1.12s

Barrier statistics:
 AA' NZ     : 6.241e+05
 Factor NZ  : 6.773e+07 (roughly 900 MB of memory)
 Factor Ops : 2.543e+10 (less than 1 second per iteration)
 Threads    : 32

                  Objective                Residual
Iter       Primal          Dual         Primal    Dual     Compl     Time
   0  -1.56462618e+11  1.10640370e+11  1.04e+06 1.13e-13  1.00e+06     5s
   1  -6.52253811e+10  6.33644979e+10  4.43e+04 3.08e+01  4.67e+04     7s
   2  -3.05855924e+10  3.06527307e+10  4.48e+02 1.24e-01  5.43e+02     9s
   3  -1.08844679e+10  1.09722369e+10  3.21e+00 1.47e-12  2.86e+01    11s
   4  -2.40137532e+09  2.49905634e+09  2.67e-01 1.24e-12  5.95e+00    16s
   5  -5.82501885e+08  6.48557081e+08  3.65e-02 4.29e-12  1.46e+00    21s
   6  -9.63214727e+07  1.09553258e+08  2.74e-03 1.57e-12  2.41e-01    25s
   7  -1.41135821e+07  1.68717430e+07  2.74e-09 1.53e-12  3.63e-02    30s
   8  -2.06941025e+06  2.45762106e+06  2.86e-13 1.35e-12  5.30e-03    33s
   9  -3.08381789e+05  3.77590808e+05  4.90e-14 3.60e-13  8.03e-04    35s
  10  -4.64469300e+04  5.45795031e+04  2.00e-14 4.66e-14  1.18e-04    37s
  11  -7.24332648e+03  8.65951170e+03  1.30e-14 9.13e-15  1.86e-05    39s
  12  -1.35105355e+03  2.32070554e+03  1.03e-14 2.71e-15  4.30e-06    42s
  13  -2.14397581e+02  7.80262847e+02  1.21e-15 7.90e-16  1.16e-06    44s
  14   1.24057547e+02  4.34155080e+02  3.53e-16 6.66e-16  3.63e-07    47s
  15   2.31505550e+02  3.46003762e+02  1.54e-16 6.66e-16  1.34e-07    49s
  16   2.70253007e+02  3.13882677e+02  1.05e-16 6.66e-16  5.11e-08    51s
  17   2.80870972e+02  3.07121641e+02  1.81e-16 4.44e-16  3.07e-08    53s
  18   2.90046401e+02  3.01755379e+02  1.30e-16 5.55e-16  1.37e-08    55s
  19   2.93301714e+02  3.00087197e+02  8.02e-17 6.66e-16  7.94e-09    57s
  20   2.95579660e+02  2.98981366e+02  1.24e-16 5.55e-16  3.98e-09    58s
  21   2.96457414e+02  2.98577447e+02  9.45e-17 4.44e-16  2.48e-09    60s
  22   2.97109639e+02  2.98285404e+02  1.81e-16 4.44e-16  1.38e-09    62s
  23   2.97483521e+02  2.98122765e+02  2.17e-16 4.44e-16  7.48e-10    64s
  24   2.97638266e+02  2.98056881e+02  2.07e-16 4.44e-16  4.90e-10    66s
  25   2.97761711e+02  2.98005323e+02  3.41e-16 4.44e-16  2.85e-10    68s
  26   2.97854808e+02  2.97966685e+02  3.37e-16 6.66e-16  1.31e-10    69s
  27   2.97897449e+02  2.97949249e+02  3.30e-16 6.66e-16  6.06e-11    71s
  28   2.97920506e+02  2.97939948e+02  3.00e-16 5.55e-16  2.28e-11    73s
  29   2.97927772e+02  2.97937043e+02  1.05e-15 4.44e-16  1.09e-11    75s
  30   2.97930091e+02  2.97936118e+02  1.26e-15 4.44e-16  7.06e-12    77s
  31   2.97933097e+02  2.97934929e+02  7.92e-15 5.55e-16  2.14e-12    78s
  32   2.97933882e+02  2.97934620e+02  5.13e-15 6.66e-16  8.64e-13    80s
  33   2.97934274e+02  2.97934466e+02  2.45e-15 4.44e-16  2.24e-13    82s
  34   2.97934402e+02  2.97934415e+02  2.35e-15 6.66e-16  1.52e-14    84s
  35   2.97934412e+02  2.97934412e+02  2.05e-15 7.77e-16  3.69e-16    87s

Barrier solved model in 35 iterations and 86.72 seconds (16.16 work units)
Optimal objective 2.97934412e+02

Done! Time elapsed: 117.65437507629395 seconds.
Starting HMC sampling...

                                                                                                                                                                                                                                                                                                                                
Finished sampling! Elapsed Time: 1002.8279926776886 seconds

Checking sampler transitions treedepth.
122 of 16000 (0.76%) transitions hit the maximum treedepth limit of 10, or 2^10 leapfrog steps.
Trajectories that are prematurely terminated due to this limit will result in slow exploration.
For optimal performance, increase this limit.

Checking sampler transitions for divergences.
No divergent transitions found.

Checking E-BFMI - sampler transitions HMC potential energy.
E-BFMI satisfactory.

Rank-normalized split effective sample size satisfactory for all parameters.

Rank-normalized split R-hat values satisfactory for all parameters.

Processing complete.

Parameters from last iteration: [1.92933991e-01 3.92706841e-01 3.93835127e-01 ... 2.52446233e+02
 2.34132497e+02 2.33637469e+02]

Parameters from current iteration:
            [2.38279641e-01 4.08174906e-01 4.09134448e-01 ... 2.52867846e+02
 2.34416271e+02 2.33801845e+02]

Updated uncertain values: [2.04270404e-01 3.96573857e-01 3.97659958e-01 ... 2.52551636e+02
 2.34203441e+02 2.33678563e+02]


            Iteration [   1]: Absolute Error = 1.0126369226562701,
            Percentage Error = 0.1434237194740544
            
Optimization Iteration[2/100]

Theta: [0.2042704  0.39657386 0.39765996 ... 2.15920968 1.20843764 1.03696112]

Gamma: [605.81598575 586.99453837 531.67714008 ... 252.55163624 234.20344076
 233.67856289]

Solving the optimization problem...
Set parameter TokenServer to value "licenses.rcc.uchicago.edu"
Read LP format model from file /scratch/local/jobs/50255475/tmp7c014141.pyomo.lp
Reading time = 2.16 seconds
x1: 417600 rows, 834801 columns, 2083271 nonzeros
Gurobi Optimizer version 11.0.0 build v11.0.0rc2 (linux64 - "CentOS Linux 8")

CPU model: Intel(R) Xeon(R) Gold 6248R CPU @ 3.00GHz, instruction set [SSE2|AVX|AVX2|AVX512]
Thread count: 48 physical cores, 48 logical processors, using up to 32 threads

Optimize a model with 417600 rows, 834801 columns and 2083271 nonzeros
Model fingerprint: 0xaafb6c69
Model has 400 quadratic objective terms
Coefficient statistics:
  Matrix range     [1e+00, 9e+02]
  Objective range  [2e-03, 1e+03]
  QObjective range [2e+03, 2e+05]
  Bounds range     [3e-06, 1e+00]
  RHS range        [9e-11, 4e-01]
Presolve removed 208947 rows and 209294 columns
Presolve time: 0.80s
Presolved: 208653 rows, 625507 columns, 1249571 nonzeros
Presolved model has 400 quadratic objective terms
Ordering time: 0.87s

Barrier statistics:
 AA' NZ     : 6.241e+05
 Factor NZ  : 6.773e+07 (roughly 900 MB of memory)
 Factor Ops : 2.543e+10 (less than 1 second per iteration)
 Threads    : 32

                  Objective                Residual
Iter       Primal          Dual         Primal    Dual     Compl     Time
   0  -1.56588816e+11  1.10640369e+11  1.04e+06 1.14e-13  1.00e+06     5s
   1  -6.52307075e+10  6.33644953e+10  4.43e+04 3.08e+01  4.67e+04     7s
   2  -3.05856455e+10  3.06527295e+10  4.48e+02 1.24e-01  5.43e+02     9s
   3  -1.08844681e+10  1.09722364e+10  3.21e+00 1.39e-12  2.86e+01    11s
   4  -2.40137543e+09  2.49905625e+09  2.67e-01 1.28e-12  5.95e+00    16s
   5  -5.82501856e+08  6.48556940e+08  3.65e-02 4.36e-12  1.46e+00    20s
   6  -9.63214791e+07  1.09553190e+08  2.74e-03 1.42e-12  2.41e-01    25s
   7  -1.41136052e+07  1.68717095e+07  2.74e-09 2.02e-12  3.63e-02    30s
   8  -2.06943429e+06  2.45759788e+06  2.51e-13 1.21e-12  5.30e-03    32s
   9  -3.08403276e+05  3.77561098e+05  4.07e-14 3.23e-13  8.03e-04    34s
  10  -4.64675495e+04  5.45538091e+04  2.04e-14 6.34e-14  1.18e-04    36s
  11  -7.25374794e+03  8.57550671e+03  1.24e-14 9.32e-15  1.85e-05    38s
  12  -1.38598271e+03  2.11829864e+03  1.12e-14 2.66e-15  4.10e-06    41s
  13  -2.69284911e+02  9.45667699e+02  1.23e-15 7.36e-16  1.42e-06    43s
  14   1.21853831e+02  4.05786411e+02  3.42e-16 6.66e-16  3.32e-07    46s
  15   2.10754157e+02  3.12227496e+02  1.46e-16 4.44e-16  1.19e-07    48s
  16   2.50508202e+02  2.86266113e+02  1.76e-16 6.66e-16  4.19e-08    50s
  17   2.53287600e+02  2.84809078e+02  1.62e-16 5.55e-16  3.69e-08    52s
  18   2.63309236e+02  2.79401087e+02  9.26e-17 5.55e-16  1.88e-08    54s
  19   2.69186896e+02  2.76564273e+02  8.04e-17 4.44e-16  8.64e-09    55s
  20   2.71336551e+02  2.75595912e+02  2.49e-16 4.44e-16  4.99e-09    57s
  21   2.72518514e+02  2.75098724e+02  1.66e-16 4.44e-16  3.02e-09    59s
  22   2.73493040e+02  2.74666322e+02  2.00e-16 4.44e-16  1.37e-09    61s
  23   2.73582981e+02  2.74627880e+02  1.65e-16 4.44e-16  1.22e-09    62s
  24   2.73922623e+02  2.74483388e+02  1.60e-16 4.44e-16  6.57e-10    64s
  25   2.74061130e+02  2.74425806e+02  2.44e-16 6.66e-16  4.27e-10    66s
  26   2.74183489e+02  2.74375903e+02  8.57e-17 5.55e-16  2.25e-10    68s
  27   2.74253773e+02  2.74347100e+02  3.00e-16 4.44e-16  1.09e-10    70s
  28   2.74300713e+02  2.74328170e+02  6.53e-16 5.55e-16  3.21e-11    72s
  29   2.74307614e+02  2.74325452e+02  2.03e-15 4.44e-16  2.09e-11    73s
  30   2.74316465e+02  2.74321978e+02  2.57e-15 6.66e-16  6.45e-12    75s
  31   2.74317687e+02  2.74321495e+02  3.95e-15 6.66e-16  4.46e-12    77s
  32   2.74320077e+02  2.74320561e+02  5.68e-15 8.88e-16  5.66e-13    80s
  33   2.74320319e+02  2.74320466e+02  4.83e-15 7.77e-16  1.72e-13    82s
  34   2.74320393e+02  2.74320438e+02  1.91e-15 8.88e-16  5.25e-14    84s
  35   2.74320422e+02  2.74320426e+02  1.99e-15 4.44e-16  5.14e-15    86s

Barrier solved model in 35 iterations and 85.94 seconds (16.43 work units)
Optimal objective 2.74320422e+02

Done! Time elapsed: 118.94157075881958 seconds.
Starting HMC sampling...

                                                                                                                                                                                                                                                                                                                                
Finished sampling! Elapsed Time: 791.6788740158081 seconds

Checking sampler transitions treedepth.
81 of 16000 (0.51%) transitions hit the maximum treedepth limit of 10, or 2^10 leapfrog steps.
Trajectories that are prematurely terminated due to this limit will result in slow exploration.
For optimal performance, increase this limit.

Checking sampler transitions for divergences.
No divergent transitions found.

Checking E-BFMI - sampler transitions HMC potential energy.
E-BFMI satisfactory.

Rank-normalized split effective sample size satisfactory for all parameters.

Rank-normalized split R-hat values satisfactory for all parameters.

Processing complete.

Parameters from last iteration: [2.04270404e-01 3.96573857e-01 3.97659958e-01 ... 2.52551636e+02
 2.34203441e+02 2.33678563e+02]

Parameters from current iteration:
            [2.33385799e-01 4.05463355e-01 4.06435223e-01 ... 2.52733445e+02
 2.34312448e+02 2.33725404e+02]

Updated uncertain values: [2.11549252e-01 3.98796232e-01 3.99853774e-01 ... 2.52597089e+02
 2.34230693e+02 2.33690273e+02]


            Iteration [   2]: Absolute Error = 0.6567641408984173,
            Percentage Error = 0.12000153516773547
            
Optimization Iteration[3/100]

Theta: [0.21154925 0.39879623 0.39985377 ... 2.13120444 1.20739638 1.04012509]

Gamma: [605.74289431 586.9346388  531.63771778 ... 252.59708855 234.23069267
 233.6902731 ]

Solving the optimization problem...
Set parameter TokenServer to value "licenses.rcc.uchicago.edu"
Read LP format model from file /scratch/local/jobs/50255475/tmpxvp1ta2p.pyomo.lp
Reading time = 2.15 seconds
x1: 417600 rows, 834801 columns, 2083271 nonzeros
Gurobi Optimizer version 11.0.0 build v11.0.0rc2 (linux64 - "CentOS Linux 8")

CPU model: Intel(R) Xeon(R) Gold 6248R CPU @ 3.00GHz, instruction set [SSE2|AVX|AVX2|AVX512]
Thread count: 48 physical cores, 48 logical processors, using up to 32 threads

Optimize a model with 417600 rows, 834801 columns and 2083271 nonzeros
Model fingerprint: 0x1c6809af
Model has 400 quadratic objective terms
Coefficient statistics:
  Matrix range     [1e+00, 9e+02]
  Objective range  [2e-03, 1e+03]
  QObjective range [2e+03, 2e+05]
  Bounds range     [3e-06, 1e+00]
  RHS range        [9e-11, 4e-01]
Presolve removed 208947 rows and 209294 columns
Presolve time: 0.80s
Presolved: 208653 rows, 625507 columns, 1249571 nonzeros
Presolved model has 400 quadratic objective terms
Ordering time: 1.15s

Barrier statistics:
 AA' NZ     : 6.241e+05
 Factor NZ  : 6.773e+07 (roughly 900 MB of memory)
 Factor Ops : 2.543e+10 (less than 1 second per iteration)
 Threads    : 32

                  Objective                Residual
Iter       Primal          Dual         Primal    Dual     Compl     Time
   0  -1.56674814e+11  1.10640369e+11  1.04e+06 1.14e-13  1.00e+06     5s
   1  -6.52343380e+10  6.33644936e+10  4.43e+04 3.08e+01  4.67e+04     7s
   2  -3.05856817e+10  3.06527286e+10  4.48e+02 1.24e-01  5.43e+02     9s
   3  -1.08844682e+10  1.09722361e+10  3.21e+00 1.36e-12  2.86e+01    11s
   4  -2.40137549e+09  2.49905618e+09  2.67e-01 1.30e-12  5.95e+00    16s
   5  -5.82501838e+08  6.48556848e+08  3.65e-02 2.11e-12  1.46e+00    21s
   6  -9.63214836e+07  1.09553144e+08  2.74e-03 1.37e-12  2.41e-01    26s
   7  -1.41136208e+07  1.68716871e+07  2.74e-09 2.38e-12  3.63e-02    31s
   8  -2.06945059e+06  2.45758208e+06  2.34e-13 1.09e-12  5.30e-03    33s
   9  -3.08417821e+05  3.77540576e+05  4.03e-14 2.67e-13  8.03e-04    35s
  10  -4.64815085e+04  5.45362593e+04  2.39e-14 6.15e-14  1.18e-04    37s
  11  -7.26036428e+03  8.51751821e+03  1.19e-14 8.85e-15  1.85e-05    39s
  12  -1.35368444e+03  1.97116776e+03  1.05e-14 1.83e-15  3.89e-06    42s
  13  -2.80987359e+02  9.38327719e+02  1.22e-15 7.27e-16  1.43e-06    44s
  14   1.07773176e+02  3.86943458e+02  3.62e-16 6.66e-16  3.27e-07    47s
  15   1.98285454e+02  2.92543900e+02  1.56e-16 6.66e-16  1.10e-07    49s
  16   2.33050260e+02  2.71616514e+02  8.26e-17 6.66e-16  4.52e-08    51s
  17   2.41221712e+02  2.66878825e+02  1.42e-16 6.66e-16  3.00e-08    53s
  18   2.49426625e+02  2.62339169e+02  1.05e-16 4.44e-16  1.51e-08    55s
  19   2.53310631e+02  2.60396321e+02  6.61e-17 4.44e-16  8.30e-09    56s
  20   2.55632238e+02  2.59308179e+02  2.66e-16 4.44e-16  4.30e-09    58s
  21   2.56681490e+02  2.58842930e+02  2.97e-16 5.55e-16  2.53e-09    60s
  22   2.57467771e+02  2.58502044e+02  2.75e-16 4.44e-16  1.21e-09    61s
  23   2.57693732e+02  2.58407517e+02  1.77e-16 4.44e-16  8.36e-10    63s
  24   2.57935991e+02  2.58307083e+02  2.49e-16 4.44e-16  4.34e-10    65s
  25   2.58038485e+02  2.58265328e+02  2.41e-16 4.44e-16  2.66e-10    67s
  26   2.58102413e+02  2.58239708e+02  2.26e-16 6.66e-16  1.61e-10    68s
  27   2.58161877e+02  2.58215809e+02  3.69e-16 6.66e-16  6.31e-11    70s
  28   2.58185684e+02  2.58206341e+02  4.09e-16 5.55e-16  2.42e-11    72s
  29   2.58187695e+02  2.58205545e+02  4.13e-16 4.44e-16  2.09e-11    74s
  30   2.58196743e+02  2.58201986e+02  1.94e-15 6.66e-16  6.14e-12    76s
  31   2.58199881e+02  2.58200760e+02  1.12e-14 6.66e-16  1.03e-12    78s
  32   2.58200298e+02  2.58200598e+02  7.65e-15 6.66e-16  3.51e-13    80s
  33   2.58200471e+02  2.58200531e+02  9.49e-15 6.66e-16  7.06e-14    82s
  34   2.58200507e+02  2.58200517e+02  1.01e-14 5.55e-16  1.08e-14    84s

Barrier solved model in 34 iterations and 83.91 seconds (15.66 work units)
Optimal objective 2.58200507e+02

Done! Time elapsed: 114.38602638244629 seconds.
Starting HMC sampling...

                                                                                                                                                                                                                                                                                                                                
Finished sampling! Elapsed Time: 1022.9773132801056 seconds

Checking sampler transitions treedepth.
160 of 16000 (1.00%) transitions hit the maximum treedepth limit of 10, or 2^10 leapfrog steps.
Trajectories that are prematurely terminated due to this limit will result in slow exploration.
For optimal performance, increase this limit.

Checking sampler transitions for divergences.
No divergent transitions found.

Checking E-BFMI - sampler transitions HMC potential energy.
E-BFMI satisfactory.

Rank-normalized split effective sample size satisfactory for all parameters.

Rank-normalized split R-hat values satisfactory for all parameters.

Processing complete.

Parameters from last iteration: [2.11549252e-01 3.98796232e-01 3.99853774e-01 ... 2.52597089e+02
 2.34230693e+02 2.33690273e+02]

Parameters from current iteration:
            [2.30721616e-01 4.01489369e-01 4.02453839e-01 ... 2.52851710e+02
 2.34382637e+02 2.33723106e+02]

Updated uncertain values: [2.16342343e-01 3.99469516e-01 4.00503790e-01 ... 2.52660744e+02
 2.34268679e+02 2.33698481e+02]


            Iteration [   3]: Absolute Error = 0.4285461192674802,
            Percentage Error = 0.09590612388772614
            
Optimization Iteration[4/100]

Theta: [0.21634234 0.39946952 0.40050379 ... 2.11127948 1.20643782 1.04211504]

Gamma: [605.55493509 586.79852206 531.57644682 ... 252.66074383 234.26867871
 233.69848143]

Solving the optimization problem...
Set parameter TokenServer to value "licenses.rcc.uchicago.edu"
Read LP format model from file /scratch/local/jobs/50255475/tmpj8fjsjek.pyomo.lp
Reading time = 2.14 seconds
x1: 417600 rows, 834801 columns, 2083271 nonzeros
Gurobi Optimizer version 11.0.0 build v11.0.0rc2 (linux64 - "CentOS Linux 8")

CPU model: Intel(R) Xeon(R) Gold 6248R CPU @ 3.00GHz, instruction set [SSE2|AVX|AVX2|AVX512]
Thread count: 48 physical cores, 48 logical processors, using up to 32 threads

Optimize a model with 417600 rows, 834801 columns and 2083271 nonzeros
Model fingerprint: 0xda387b74
Model has 400 quadratic objective terms
Coefficient statistics:
  Matrix range     [1e+00, 9e+02]
  Objective range  [1e-03, 1e+03]
  QObjective range [2e+03, 2e+05]
  Bounds range     [3e-06, 1e+00]
  RHS range        [9e-11, 4e-01]
Presolve removed 208947 rows and 209294 columns
Presolve time: 0.81s
Presolved: 208653 rows, 625507 columns, 1249571 nonzeros
Presolved model has 400 quadratic objective terms
Ordering time: 1.14s

Barrier statistics:
 AA' NZ     : 6.241e+05
 Factor NZ  : 6.773e+07 (roughly 900 MB of memory)
 Factor Ops : 2.543e+10 (less than 1 second per iteration)
 Threads    : 32

                  Objective                Residual
Iter       Primal          Dual         Primal    Dual     Compl     Time
   0  -1.56734941e+11  1.10640369e+11  1.04e+06 1.13e-13  1.00e+06     6s
   1  -6.52368769e+10  6.33644928e+10  4.43e+04 3.08e+01  4.67e+04     8s
   2  -3.05857072e+10  3.06527283e+10  4.48e+02 1.24e-01  5.43e+02    10s
   3  -1.08844683e+10  1.09722360e+10  3.21e+00 1.44e-12  2.86e+01    12s
   4  -2.40137556e+09  2.49905617e+09  2.67e-01 1.24e-12  5.95e+00    17s
   5  -5.82501821e+08  6.48556784e+08  3.65e-02 5.11e-12  1.46e+00    21s
   6  -9.63214812e+07  1.09553108e+08  2.74e-03 1.68e-12  2.41e-01    26s
   7  -1.41136309e+07  1.68716720e+07  2.74e-09 1.30e-12  3.63e-02    31s
   8  -2.06946185e+06  2.45757106e+06  2.66e-13 1.40e-12  5.30e-03    33s
   9  -3.08428082e+05  3.77526663e+05  4.55e-14 3.87e-13  8.03e-04    35s
  10  -4.64913313e+04  5.45241349e+04  2.13e-14 5.00e-14  1.18e-04    37s
  11  -7.26987369e+03  8.50528120e+03  1.29e-14 1.02e-14  1.85e-05    39s
  12  -1.37347032e+03  1.91372825e+03  1.11e-14 1.84e-15  3.85e-06    42s
  13  -2.99782998e+02  9.47878594e+02  7.79e-16 5.40e-16  1.46e-06    44s
  14   9.54714420e+01  3.76477540e+02  4.01e-16 6.66e-16  3.29e-07    46s
  15   1.86903024e+02  2.81498717e+02  1.91e-16 6.66e-16  1.11e-07    49s
  16   2.21828193e+02  2.60572182e+02  1.04e-16 6.66e-16  4.54e-08    51s
  17   2.29308077e+02  2.56217411e+02  7.61e-17 4.44e-16  3.15e-08    53s
  18   2.37995129e+02  2.51364916e+02  6.68e-17 4.44e-16  1.57e-08    54s
  19   2.41716854e+02  2.49492575e+02  6.51e-17 4.44e-16  9.10e-09    56s
  20   2.44435249e+02  2.48206518e+02  8.63e-17 4.44e-16  4.42e-09    58s
  21   2.45415214e+02  2.47771912e+02  1.56e-16 4.44e-16  2.76e-09    60s
  22   2.46187170e+02  2.47436698e+02  4.30e-16 5.55e-16  1.46e-09    61s
  23   2.46500635e+02  2.47304408e+02  3.45e-16 4.44e-16  9.41e-10    63s
  24   2.46785743e+02  2.47185723e+02  2.79e-16 6.66e-16  4.68e-10    65s
  25   2.46886535e+02  2.47144620e+02  3.41e-16 5.55e-16  3.02e-10    67s
  26   2.46985792e+02  2.47104456e+02  2.96e-16 5.55e-16  1.39e-10    68s
  27   2.46990113e+02  2.47102729e+02  2.66e-16 6.66e-16  1.32e-10    70s
  28   2.47040162e+02  2.47082770e+02  3.84e-16 6.66e-16  4.99e-11    72s
  29   2.47052196e+02  2.47078041e+02  4.95e-16 4.44e-16  3.03e-11    74s
  30   2.47066073e+02  2.47072611e+02  3.18e-15 6.66e-16  7.66e-12    76s
  31   2.47069432e+02  2.47071297e+02  2.22e-15 6.66e-16  2.18e-12    78s
  32   2.47070300e+02  2.47070960e+02  2.84e-15 6.66e-16  7.72e-13    80s
  33   2.47070688e+02  2.47070809e+02  1.81e-15 5.55e-16  1.43e-13    81s
  34   2.47070752e+02  2.47070784e+02  1.14e-15 5.55e-16  3.71e-14    83s
  35   2.47070774e+02  2.47070776e+02  1.18e-15 6.66e-16  2.62e-15    85s

Barrier solved model in 35 iterations and 84.80 seconds (15.99 work units)
Optimal objective 2.47070774e+02

Done! Time elapsed: 115.52262997627258 seconds.
Starting HMC sampling...

                                                                                                                                                                                                                                                                                                                                
Finished sampling! Elapsed Time: 801.8601388931274 seconds

Checking sampler transitions treedepth.
28 of 16000 (0.17%) transitions hit the maximum treedepth limit of 10, or 2^10 leapfrog steps.
Trajectories that are prematurely terminated due to this limit will result in slow exploration.
For optimal performance, increase this limit.

Checking sampler transitions for divergences.
No divergent transitions found.

Checking E-BFMI - sampler transitions HMC potential energy.
E-BFMI satisfactory.

Rank-normalized split effective sample size satisfactory for all parameters.

Rank-normalized split R-hat values satisfactory for all parameters.

Processing complete.

Parameters from last iteration: [2.16342343e-01 3.99469516e-01 4.00503790e-01 ... 2.52660744e+02
 2.34268679e+02 2.33698481e+02]

Parameters from current iteration:
            [2.29084603e-01 4.00256925e-01 4.01223680e-01 ... 2.52643557e+02
 2.34233068e+02 2.33664205e+02]

Updated uncertain values: [2.19527908e-01 3.99666368e-01 4.00683763e-01 ... 2.52656447e+02
 2.34259776e+02 2.33689912e+02]


            Iteration [   4]: Absolute Error = 0.25699148183593934,
            Percentage Error = 0.07305623824683392
            
Optimization Iteration[5/100]

Theta: [0.21952791 0.39966637 0.40068376 ... 2.09695084 1.20575887 1.04352999]

Gamma: [605.60171022 586.83320546 531.58660664 ... 252.65644717 234.25977591
 233.6899124 ]

Solving the optimization problem...
Set parameter TokenServer to value "licenses.rcc.uchicago.edu"
Read LP format model from file /scratch/local/jobs/50255475/tmpe0_2cwo7.pyomo.lp
Reading time = 2.15 seconds
x1: 417600 rows, 834801 columns, 2083271 nonzeros
Gurobi Optimizer version 11.0.0 build v11.0.0rc2 (linux64 - "CentOS Linux 8")

CPU model: Intel(R) Xeon(R) Gold 6248R CPU @ 3.00GHz, instruction set [SSE2|AVX|AVX2|AVX512]
Thread count: 48 physical cores, 48 logical processors, using up to 32 threads

Optimize a model with 417600 rows, 834801 columns and 2083271 nonzeros
Model fingerprint: 0x9a6cd66a
Model has 400 quadratic objective terms
Coefficient statistics:
  Matrix range     [1e+00, 9e+02]
  Objective range  [8e-04, 1e+03]
  QObjective range [2e+03, 2e+05]
  Bounds range     [3e-06, 1e+00]
  RHS range        [9e-11, 4e-01]
Presolve removed 208947 rows and 209294 columns
Presolve time: 0.80s
Presolved: 208653 rows, 625507 columns, 1249571 nonzeros
Presolved model has 400 quadratic objective terms
Ordering time: 0.85s

Barrier statistics:
 AA' NZ     : 6.241e+05
 Factor NZ  : 6.773e+07 (roughly 900 MB of memory)
 Factor Ops : 2.543e+10 (less than 1 second per iteration)
 Threads    : 32

                  Objective                Residual
Iter       Primal          Dual         Primal    Dual     Compl     Time
   0  -1.56774345e+11  1.10640369e+11  1.04e+06 1.13e-13  1.00e+06     5s
   1  -6.52385414e+10  6.33644927e+10  4.43e+04 3.08e+01  4.67e+04     7s
   2  -3.05857241e+10  3.06527282e+10  4.48e+02 1.24e-01  5.43e+02     9s
   3  -1.08844685e+10  1.09722359e+10  3.21e+00 1.46e-12  2.86e+01    11s
   4  -2.40137562e+09  2.49905619e+09  2.67e-01 1.25e-12  5.95e+00    16s
   5  -5.82501811e+08  6.48556751e+08  3.65e-02 4.20e-12  1.46e+00    20s
   6  -9.63214801e+07  1.09553088e+08  2.74e-03 1.70e-12  2.41e-01    25s
   7  -1.41136373e+07  1.68716628e+07  2.74e-09 1.52e-12  3.63e-02    30s
   8  -2.06946913e+06  2.45756372e+06  2.66e-13 9.13e-13  5.30e-03    33s
   9  -3.08434905e+05  3.77517887e+05  4.44e-14 4.43e-13  8.03e-04    35s
  10  -4.64978781e+04  5.45161685e+04  2.19e-14 5.45e-14  1.18e-04    37s
  11  -7.27629762e+03  8.49760085e+03  1.42e-14 9.72e-15  1.85e-05    38s
  12  -1.81720831e+03  1.98339838e+03  9.83e-15 2.75e-15  4.45e-06    42s
  13  -3.93229747e+02  1.06154981e+03  1.60e-15 8.88e-16  1.70e-06    43s
  14   5.26396552e+01  4.24451317e+02  7.41e-16 5.55e-16  4.35e-07    46s
  15   1.66822099e+02  2.93999501e+02  4.62e-16 6.66e-16  1.49e-07    48s
  16   2.01932723e+02  2.63429824e+02  2.69e-16 4.44e-16  7.20e-08    50s
  17   2.18610212e+02  2.51359799e+02  1.22e-16 4.44e-16  3.83e-08    52s
  18   2.29776988e+02  2.44283211e+02  5.12e-17 5.55e-16  1.70e-08    54s
  19   2.33381141e+02  2.42306177e+02  5.07e-17 4.44e-16  1.04e-08    56s
  20   2.35609298e+02  2.41159106e+02  2.25e-16 4.44e-16  6.50e-09    57s
  21   2.37295031e+02  2.40335231e+02  1.60e-16 4.44e-16  3.56e-09    59s
  22   2.38400301e+02  2.39822755e+02  1.64e-16 4.44e-16  1.67e-09    61s
  23   2.38430278e+02  2.39809452e+02  1.63e-16 4.44e-16  1.61e-09    63s
  24   2.38825192e+02  2.39636114e+02  2.60e-16 4.44e-16  9.49e-10    65s
  25   2.39020581e+02  2.39552371e+02  3.04e-16 4.44e-16  6.23e-10    66s
  26   2.39147039e+02  2.39498920e+02  2.73e-16 4.44e-16  4.12e-10    68s
  27   2.39230887e+02  2.39464060e+02  3.25e-16 4.44e-16  2.73e-10    70s
  28   2.39316922e+02  2.39428514e+02  3.48e-16 5.55e-16  1.31e-10    72s
  29   2.39352658e+02  2.39414091e+02  2.18e-16 4.44e-16  7.19e-11    74s
  30   2.39379155e+02  2.39403566e+02  9.81e-16 6.66e-16  2.86e-11    76s
  31   2.39390991e+02  2.39398890e+02  2.03e-15 4.44e-16  9.25e-12    78s
  32   2.39394565e+02  2.39397494e+02  6.77e-15 5.55e-16  3.43e-12    80s
  33   2.39396045e+02  2.39396918e+02  1.05e-14 5.55e-16  1.02e-12    82s
  34   2.39396477e+02  2.39396750e+02  6.50e-15 6.66e-16  3.19e-13    83s
  35   2.39396631e+02  2.39396690e+02  2.46e-15 5.55e-16  6.98e-14    85s
  36   2.39396669e+02  2.39396675e+02  2.77e-15 6.66e-16  7.50e-15    87s

Barrier solved model in 36 iterations and 86.96 seconds (16.33 work units)
Optimal objective 2.39396669e+02

Done! Time elapsed: 117.71553778648376 seconds.
Starting HMC sampling...

                                                                                                                                                                                                                                                                                                                                
Finished sampling! Elapsed Time: 755.3136694431305 seconds

Checking sampler transitions treedepth.
74 of 16000 (0.46%) transitions hit the maximum treedepth limit of 10, or 2^10 leapfrog steps.
Trajectories that are prematurely terminated due to this limit will result in slow exploration.
For optimal performance, increase this limit.

Checking sampler transitions for divergences.
No divergent transitions found.

Checking E-BFMI - sampler transitions HMC potential energy.
E-BFMI satisfactory.

Rank-normalized split effective sample size satisfactory for all parameters.

Rank-normalized split R-hat values satisfactory for all parameters.

Processing complete.

Parameters from last iteration: [2.19527908e-01 3.99666368e-01 4.00683763e-01 ... 2.52656447e+02
 2.34259776e+02 2.33689912e+02]

Parameters from current iteration:
            [2.26055692e-01 3.95918897e-01 3.96878259e-01 ... 2.52619267e+02
 2.34184163e+02 2.33635199e+02]

Updated uncertain values: [2.21159854e-01 3.98729500e-01 3.99732387e-01 ... 2.52647152e+02
 2.34240873e+02 2.33676234e+02]


            Iteration [   5]: Absolute Error = 0.1555795720489641,
            Percentage Error = 0.05499604344235472
            
Optimization Iteration[6/100]

Theta: [0.22115985 0.3987295  0.39973239 ... 2.0865633  1.20484243 1.04405388]

Gamma: [605.66814439 586.88257639 531.5814754  ... 252.64715201 234.24087258
 233.676234  ]

Solving the optimization problem...
Set parameter TokenServer to value "licenses.rcc.uchicago.edu"
Read LP format model from file /scratch/local/jobs/50255475/tmpqpqih6zf.pyomo.lp
Reading time = 2.16 seconds
x1: 417600 rows, 834801 columns, 2083271 nonzeros
Gurobi Optimizer version 11.0.0 build v11.0.0rc2 (linux64 - "CentOS Linux 8")

CPU model: Intel(R) Xeon(R) Gold 6248R CPU @ 3.00GHz, instruction set [SSE2|AVX|AVX2|AVX512]
Thread count: 48 physical cores, 48 logical processors, using up to 32 threads

Optimize a model with 417600 rows, 834801 columns and 2083271 nonzeros
Model fingerprint: 0x03a91206
Model has 400 quadratic objective terms
Coefficient statistics:
  Matrix range     [1e+00, 9e+02]
  Objective range  [3e-04, 1e+03]
  QObjective range [2e+03, 2e+05]
  Bounds range     [3e-06, 1e+00]
  RHS range        [9e-11, 4e-01]
Presolve removed 208947 rows and 209294 columns
Presolve time: 0.80s
Presolved: 208653 rows, 625507 columns, 1249571 nonzeros
Presolved model has 400 quadratic objective terms
Ordering time: 1.03s

Barrier statistics:
 AA' NZ     : 6.241e+05
 Factor NZ  : 6.773e+07 (roughly 900 MB of memory)
 Factor Ops : 2.543e+10 (less than 1 second per iteration)
 Threads    : 32

                  Objective                Residual
Iter       Primal          Dual         Primal    Dual     Compl     Time
   0  -4.63517863e+10  1.08047388e+08  1.04e+06 4.01e+02  9.95e+05     5s
   1  -2.79119876e+09  4.43524416e+07  6.18e+04 1.13e-12  6.95e+04     7s
   2  -1.35910802e+07  7.13853386e+06  1.46e+02 1.93e-12  1.81e+02     9s
   3  -1.22480250e+06  1.21551450e+06  2.01e+00 2.95e-12  5.07e+00    11s
   4  -2.08477410e+05  2.79781188e+05  6.34e-02 1.68e-12  6.43e-01    13s
   5  -4.26451307e+04  5.60332527e+04  2.75e-03 1.23e-12  1.19e-01    15s
   6  -1.06733455e+04  1.37128572e+04  3.38e-04 1.47e-12  2.93e-02    17s
   7  -3.65396789e+03  4.90080584e+03  8.55e-05 1.37e-12  1.03e-02    19s
   8  -1.16336627e+03  2.32445215e+03  7.16e-06 1.18e-12  4.18e-03    21s
   9  -3.93099548e+02  1.02718353e+03  2.22e-06 8.86e-13  1.70e-03    23s
  10   3.08755805e+01  4.72842527e+02  1.97e-07 4.18e-13  5.30e-04    25s
  11   1.64663386e+02  2.98591680e+02  1.66e-08 2.70e-13  1.61e-04    27s
  12   2.00132871e+02  2.57667226e+02  2.46e-09 2.27e-13  6.90e-05    29s
  13   2.16562907e+02  2.44771693e+02  9.12e-10 4.55e-13  3.38e-05    31s
  14   2.25668123e+02  2.38606659e+02  2.99e-10 4.55e-13  1.55e-05    33s
  15   2.29182419e+02  2.36495355e+02  1.18e-10 4.55e-13  8.77e-06    34s
  16   2.30832482e+02  2.35610391e+02  5.64e-11 4.55e-13  5.73e-06    36s
  17   2.32154721e+02  2.34892174e+02  4.55e-12 6.82e-13  3.28e-06    38s
  18   2.33320261e+02  2.34344387e+02  4.08e-13 5.68e-13  1.23e-06    40s
  19   2.33688062e+02  2.34180948e+02  1.29e-13 4.55e-13  5.91e-07    42s
  20   2.33802859e+02  2.34131860e+02  6.82e-14 4.55e-13  3.94e-07    44s
  21   2.33921017e+02  2.34082446e+02  2.56e-14 4.55e-13  1.94e-07    46s
  22   2.33983567e+02  2.34056813e+02  8.17e-15 4.55e-13  8.78e-08    48s
  23   2.33986394e+02  2.34055672e+02  7.47e-15 4.55e-13  8.31e-08    50s
  24   2.34015534e+02  2.34043969e+02  2.26e-15 6.82e-13  3.41e-08    52s
  25   2.34029614e+02  2.34038403e+02  2.22e-15 6.82e-13  1.05e-08    53s
  26   2.34033467e+02  2.34036898e+02  4.77e-15 6.82e-13  4.11e-09    55s
  27   2.34035087e+02  2.34036267e+02  5.94e-15 7.96e-13  1.42e-09    57s
  28   2.34035762e+02  2.34036005e+02  4.01e-15 6.82e-13  2.92e-10    60s
  29   2.34035922e+02  2.34035943e+02  8.65e-16 6.82e-13  2.49e-11    62s
  30   2.34035934e+02  2.34035939e+02  7.06e-16 5.68e-13  5.57e-12    63s
  31   2.34035937e+02  2.34035937e+02  3.38e-16 6.82e-13  3.70e-13    65s

Barrier solved model in 31 iterations and 65.09 seconds (14.31 work units)
Optimal objective 2.34035937e+02

Done! Time elapsed: 95.63541984558105 seconds.
Starting HMC sampling...

                                                                                                                                                                                                                                                                                                                                
Finished sampling! Elapsed Time: 956.7606291770935 seconds

Checking sampler transitions treedepth.
136 of 16000 (0.85%) transitions hit the maximum treedepth limit of 10, or 2^10 leapfrog steps.
Trajectories that are prematurely terminated due to this limit will result in slow exploration.
For optimal performance, increase this limit.

Checking sampler transitions for divergences.
No divergent transitions found.

Checking E-BFMI - sampler transitions HMC potential energy.
E-BFMI satisfactory.

Rank-normalized split effective sample size satisfactory for all parameters.

Rank-normalized split R-hat values satisfactory for all parameters.

Processing complete.

Parameters from last iteration: [2.21159854e-01 3.98729500e-01 3.99732387e-01 ... 2.52647152e+02
 2.34240873e+02 2.33676234e+02]

Parameters from current iteration:
            [2.24142116e-01 3.92905837e-01 3.93858989e-01 ... 2.52648135e+02
 2.34253382e+02 2.33713722e+02]

Updated uncertain values: [2.21905420e-01 3.97273585e-01 3.98264037e-01 ... 2.52647398e+02
 2.34244000e+02 2.33685606e+02]


            Iteration [   6]: Absolute Error = 0.12290697554033159,
            Percentage Error = 0.03799290141627724
            
Optimization Iteration[7/100]

Theta: [0.22190542 0.39727358 0.39826404 ... 2.07976235 1.20409892 1.04419574]

Gamma: [605.6883919  586.90503514 531.59841016 ... 252.64739767 234.24399999
 233.68560606]

Solving the optimization problem...
Set parameter TokenServer to value "licenses.rcc.uchicago.edu"
Read LP format model from file /scratch/local/jobs/50255475/tmpy28pu166.pyomo.lp
Reading time = 2.15 seconds
x1: 417600 rows, 834801 columns, 2083271 nonzeros
Gurobi Optimizer version 11.0.0 build v11.0.0rc2 (linux64 - "CentOS Linux 8")

CPU model: Intel(R) Xeon(R) Gold 6248R CPU @ 3.00GHz, instruction set [SSE2|AVX|AVX2|AVX512]
Thread count: 48 physical cores, 48 logical processors, using up to 32 threads

Optimize a model with 417600 rows, 834801 columns and 2083271 nonzeros
Model fingerprint: 0x72df3b93
Model has 400 quadratic objective terms
Coefficient statistics:
  Matrix range     [1e+00, 9e+02]
  Objective range  [2e-04, 1e+03]
  QObjective range [2e+03, 2e+05]
  Bounds range     [3e-06, 1e+00]
  RHS range        [9e-11, 4e-01]
Presolve removed 208947 rows and 209294 columns
Presolve time: 0.80s
Presolved: 208653 rows, 625507 columns, 1249571 nonzeros
Presolved model has 400 quadratic objective terms
Ordering time: 1.16s

Barrier statistics:
 AA' NZ     : 6.241e+05
 Factor NZ  : 6.773e+07 (roughly 900 MB of memory)
 Factor Ops : 2.543e+10 (less than 1 second per iteration)
 Threads    : 32

                  Objective                Residual
Iter       Primal          Dual         Primal    Dual     Compl     Time
   0  -1.56819595e+11  1.10640369e+11  1.04e+06 1.13e-13  1.00e+06     6s
   1  -6.52404538e+10  6.33644926e+10  4.43e+04 3.08e+01  4.67e+04     8s
   2  -3.05857435e+10  3.06527282e+10  4.48e+02 1.24e-01  5.43e+02    10s
   3  -1.08844686e+10  1.09722359e+10  3.21e+00 1.40e-12  2.86e+01    11s
   4  -2.40137565e+09  2.49905617e+09  2.67e-01 1.25e-12  5.95e+00    16s
   5  -5.82501805e+08  6.48556713e+08  3.65e-02 3.78e-12  1.46e+00    21s
   6  -9.63214800e+07  1.09553065e+08  2.74e-03 1.47e-12  2.41e-01    26s
   7  -1.41136450e+07  1.68716526e+07  2.74e-09 2.92e-12  3.63e-02    30s
   8  -2.06947750e+06  2.45755578e+06  2.61e-13 1.12e-12  5.30e-03    33s
   9  -3.08442555e+05  3.77507664e+05  5.67e-14 4.06e-13  8.03e-04    35s
  10  -4.65052360e+04  5.45071553e+04  1.87e-14 7.88e-14  1.18e-04    37s
  11  -7.28356465e+03  8.48882563e+03  1.31e-14 9.02e-15  1.85e-05    39s
  12  -1.80284034e+03  1.95197965e+03  1.01e-14 2.14e-15  4.40e-06    42s
  13  -4.10769815e+02  1.08196110e+03  1.44e-15 6.66e-16  1.75e-06    44s
  14   4.44339208e+01  4.10115714e+02  4.66e-16 6.66e-16  4.28e-07    47s
  15   1.58876766e+02  2.84105612e+02  2.24e-16 5.55e-16  1.47e-07    49s
  16   2.00449901e+02  2.48185135e+02  1.04e-16 6.66e-16  5.59e-08    51s
  17   2.03772550e+02  2.45824120e+02  8.93e-17 6.66e-16  4.92e-08    53s
  18   2.06285697e+02  2.44094717e+02  1.11e-16 6.66e-16  4.43e-08    55s
  19   2.09150993e+02  2.42177464e+02  9.19e-17 5.20e-16  3.87e-08    56s
  20   2.11131320e+02  2.40979360e+02  1.51e-16 6.66e-16  3.49e-08    58s
  21   2.21208606e+02  2.34982159e+02  7.57e-17 4.44e-16  1.61e-08    60s
  22   2.27379295e+02  2.31788189e+02  1.34e-16 5.55e-16  5.16e-09    63s
  23   2.28868055e+02  2.31095899e+02  1.73e-16 6.66e-16  2.61e-09    65s
  24   2.29395947e+02  2.30860737e+02  1.68e-16 5.55e-16  1.71e-09    66s
  25   2.29797020e+02  2.30685636e+02  2.42e-16 4.44e-16  1.04e-09    68s
  26   2.29999957e+02  2.30599106e+02  2.62e-16 4.44e-16  7.01e-10    70s
  27   2.30161424e+02  2.30531017e+02  2.81e-16 4.44e-16  4.33e-10    71s
  28   2.30273888e+02  2.30484529e+02  2.95e-16 4.44e-16  2.47e-10    73s
  29   2.30345569e+02  2.30455217e+02  1.78e-16 4.44e-16  1.28e-10    75s
  30   2.30385516e+02  2.30439151e+02  1.72e-16 4.44e-16  6.28e-11    77s
  31   2.30404183e+02  2.30431728e+02  1.53e-16 6.66e-16  3.22e-11    78s
  32   2.30416725e+02  2.30426778e+02  1.62e-15 5.55e-16  1.18e-11    80s
  33   2.30421424e+02  2.30424939e+02  1.16e-15 5.55e-16  4.11e-12    82s
  34   2.30422794e+02  2.30424405e+02  7.58e-15 6.66e-16  1.89e-12    83s
  35   2.30423649e+02  2.30424073e+02  1.45e-14 5.55e-16  4.97e-13    85s
  36   2.30423897e+02  2.30423976e+02  2.24e-15 6.66e-16  9.33e-14    87s
  37   2.30423949e+02  2.30423956e+02  1.48e-15 6.66e-16  7.68e-15    89s

Barrier solved model in 37 iterations and 88.91 seconds (16.80 work units)
Optimal objective 2.30423949e+02

Done! Time elapsed: 121.71491646766663 seconds.
Starting HMC sampling...

                                                                                                                                                                                                                                                                                                                                
Finished sampling! Elapsed Time: 1122.0633413791656 seconds

Checking sampler transitions treedepth.
207 of 16000 (1.29%) transitions hit the maximum treedepth limit of 10, or 2^10 leapfrog steps.
Trajectories that are prematurely terminated due to this limit will result in slow exploration.
For optimal performance, increase this limit.

Checking sampler transitions for divergences.
No divergent transitions found.

Checking E-BFMI - sampler transitions HMC potential energy.
E-BFMI satisfactory.

Rank-normalized split effective sample size satisfactory for all parameters.

Rank-normalized split R-hat values satisfactory for all parameters.

Processing complete.

Parameters from last iteration: [2.21905420e-01 3.97273585e-01 3.98264037e-01 ... 2.52647398e+02
 2.34244000e+02 2.33685606e+02]

Parameters from current iteration:
            [2.22990822e-01 3.92272988e-01 3.93229068e-01 ... 2.52674776e+02
 2.34214342e+02 2.33624535e+02]

Updated uncertain values: [2.22176770e-01 3.96023436e-01 3.97005295e-01 ... 2.52654242e+02
 2.34236586e+02 2.33670338e+02]


            Iteration [   7]: Absolute Error = 0.1751838407107016,
            Percentage Error = 0.020703418780907538
            
Optimization Iteration[8/100]

Theta: [0.22217677 0.39602344 0.3970053  ... 2.0728967  1.20332688 1.04437586]

Gamma: [605.71883835 586.94596948 531.63380569 ... 252.65424225 234.23658558
 233.67033827]

Solving the optimization problem...
Set parameter TokenServer to value "licenses.rcc.uchicago.edu"
Read LP format model from file /scratch/local/jobs/50255475/tmphb8b6_lo.pyomo.lp
Reading time = 2.16 seconds
x1: 417600 rows, 834801 columns, 2083271 nonzeros
Gurobi Optimizer version 11.0.0 build v11.0.0rc2 (linux64 - "CentOS Linux 8")

CPU model: Intel(R) Xeon(R) Gold 6248R CPU @ 3.00GHz, instruction set [SSE2|AVX|AVX2|AVX512]
Thread count: 48 physical cores, 48 logical processors, using up to 32 threads

Optimize a model with 417600 rows, 834801 columns and 2083271 nonzeros
Model fingerprint: 0x6d006529
Model has 400 quadratic objective terms
Coefficient statistics:
  Matrix range     [1e+00, 9e+02]
  Objective range  [5e-04, 1e+03]
  QObjective range [2e+03, 2e+05]
  Bounds range     [3e-06, 1e+00]
  RHS range        [9e-11, 4e-01]
Presolve removed 208947 rows and 209294 columns
Presolve time: 0.81s
Presolved: 208653 rows, 625507 columns, 1249571 nonzeros
Presolved model has 400 quadratic objective terms
Ordering time: 1.17s

Barrier statistics:
 AA' NZ     : 6.241e+05
 Factor NZ  : 6.773e+07 (roughly 900 MB of memory)
 Factor Ops : 2.543e+10 (less than 1 second per iteration)
 Threads    : 32

                  Objective                Residual
Iter       Primal          Dual         Primal    Dual     Compl     Time
   0  -1.56829759e+11  1.10640369e+11  1.04e+06 1.13e-13  1.00e+06     5s
   1  -6.52408833e+10  6.33644919e+10  4.43e+04 3.08e+01  4.67e+04     7s
   2  -3.05857475e+10  3.06527278e+10  4.48e+02 1.24e-01  5.43e+02     9s
   3  -1.08844685e+10  1.09722358e+10  3.21e+00 1.48e-12  2.86e+01    11s
   4  -2.40137564e+09  2.49905615e+09  2.67e-01 1.25e-12  5.95e+00    16s
   5  -5.82501800e+08  6.48556703e+08  3.65e-02 2.86e-12  1.46e+00    21s
   6  -9.63214808e+07  1.09553061e+08  2.74e-03 1.40e-12  2.41e-01    26s
   7  -1.41136466e+07  1.68716501e+07  2.74e-09 1.59e-12  3.63e-02    30s
   8  -2.06947929e+06  2.45755389e+06  2.54e-13 1.21e-12  5.30e-03    33s
   9  -3.08444189e+05  3.77505066e+05  5.14e-14 2.87e-13  8.03e-04    35s
  10  -4.65068723e+04  5.45050066e+04  2.10e-14 5.13e-14  1.18e-04    37s
  11  -7.28527804e+03  8.48664466e+03  1.25e-14 9.35e-15  1.85e-05    39s
  12  -1.79800228e+03  1.94278796e+03  1.04e-14 2.69e-15  4.38e-06    42s
  13  -4.15962541e+02  1.08940673e+03  1.16e-15 6.66e-16  1.76e-06    44s
  14   4.24910506e+01  4.05653229e+02  6.52e-16 6.66e-16  4.25e-07    46s
  15   1.57033447e+02  2.81286150e+02  1.91e-16 6.66e-16  1.45e-07    49s
  16   1.98839607e+02  2.45307138e+02  1.65e-16 6.66e-16  5.44e-08    51s
  17   2.01681616e+02  2.43446915e+02  1.52e-16 6.66e-16  4.89e-08    52s
  18   2.13333243e+02  2.35946108e+02  1.18e-16 5.55e-16  2.65e-08    54s
  19   2.19273692e+02  2.32503037e+02  7.57e-17 4.44e-16  1.55e-08    56s
  20   2.23442995e+02  2.30266943e+02  1.47e-16 4.44e-16  7.99e-09    58s
  21   2.25173519e+02  2.29412790e+02  1.56e-16 4.44e-16  4.96e-09    60s
  22   2.26638602e+02  2.28722702e+02  1.39e-16 4.44e-16  2.44e-09    62s
  23   2.27319905e+02  2.28418077e+02  1.96e-16 4.44e-16  1.29e-09    63s
  24   2.27506019e+02  2.28337091e+02  2.05e-16 4.44e-16  9.73e-10    65s
  25   2.27753727e+02  2.28231224e+02  1.32e-16 4.44e-16  5.59e-10    67s
  26   2.27848887e+02  2.28191584e+02  1.53e-16 4.44e-16  4.01e-10    69s
  27   2.27946197e+02  2.28151196e+02  3.53e-16 4.44e-16  2.40e-10    70s
  28   2.28039977e+02  2.28112578e+02  2.30e-16 6.66e-16  8.50e-11    72s
  29   2.28063546e+02  2.28103249e+02  3.30e-16 4.44e-16  4.65e-11    74s
  30   2.28084288e+02  2.28095092e+02  2.50e-15 5.55e-16  1.26e-11    76s
  31   2.28089719e+02  2.28092959e+02  2.17e-15 6.66e-16  3.79e-12    79s
  32   2.28091319e+02  2.28092336e+02  2.58e-15 6.66e-16  1.19e-12    81s
  33   2.28091684e+02  2.28092194e+02  1.94e-15 5.55e-16  5.97e-13    83s
  34   2.28091993e+02  2.28092074e+02  5.20e-15 6.66e-16  9.46e-14    84s
  35   2.28092046e+02  2.28092053e+02  7.82e-15 6.66e-16  7.63e-15    86s

Barrier solved model in 35 iterations and 86.11 seconds (15.99 work units)
Optimal objective 2.28092046e+02

Done! Time elapsed: 117.10099649429321 seconds.
Starting HMC sampling...

                                                                                                                                                                                                                                                                                                                                
Finished sampling! Elapsed Time: 972.7738838195801 seconds

Checking sampler transitions treedepth.
272 of 16000 (1.70%) transitions hit the maximum treedepth limit of 10, or 2^10 leapfrog steps.
Trajectories that are prematurely terminated due to this limit will result in slow exploration.
For optimal performance, increase this limit.

Checking sampler transitions for divergences.
No divergent transitions found.

Checking E-BFMI - sampler transitions HMC potential energy.
E-BFMI satisfactory.

Rank-normalized split effective sample size satisfactory for all parameters.

Rank-normalized split R-hat values satisfactory for all parameters.

Processing complete.

Parameters from last iteration: [2.22176770e-01 3.96023436e-01 3.97005295e-01 ... 2.52654242e+02
 2.34236586e+02 2.33670338e+02]

Parameters from current iteration:
            [2.22058727e-01 3.90835607e-01 3.91788833e-01 ... 2.52668653e+02
 2.34234365e+02 2.33686200e+02]

Updated uncertain values: [2.22147259e-01 3.94726478e-01 3.95701179e-01 ... 2.52657845e+02
 2.34236030e+02 2.33674304e+02]


            Iteration [   8]: Absolute Error = 0.1629604878992268,
            Percentage Error = 0.013816730492666244
            
Optimization Iteration[9/100]

Theta: [0.22214726 0.39472648 0.39570118 ... 2.06775402 1.20245301 1.04418542]

Gamma: [605.78931766 587.01810285 531.68025321 ... 252.65784497 234.23603044
 233.67430364]

Solving the optimization problem...
Set parameter TokenServer to value "licenses.rcc.uchicago.edu"
Read LP format model from file /scratch/local/jobs/50255475/tmpgzccky8n.pyomo.lp
Reading time = 2.15 seconds
x1: 417600 rows, 834801 columns, 2083271 nonzeros
Gurobi Optimizer version 11.0.0 build v11.0.0rc2 (linux64 - "CentOS Linux 8")

CPU model: Intel(R) Xeon(R) Gold 6248R CPU @ 3.00GHz, instruction set [SSE2|AVX|AVX2|AVX512]
Thread count: 48 physical cores, 48 logical processors, using up to 32 threads

Optimize a model with 417600 rows, 834801 columns and 2083271 nonzeros
Model fingerprint: 0xa92215cd
Model has 400 quadratic objective terms
Coefficient statistics:
  Matrix range     [1e+00, 9e+02]
  Objective range  [7e-04, 1e+03]
  QObjective range [2e+03, 2e+05]
  Bounds range     [3e-06, 1e+00]
  RHS range        [9e-11, 4e-01]
Presolve removed 208947 rows and 209294 columns
Presolve time: 0.81s
Presolved: 208653 rows, 625507 columns, 1249571 nonzeros
Presolved model has 400 quadratic objective terms
Ordering time: 1.31s

Barrier statistics:
 AA' NZ     : 6.241e+05
 Factor NZ  : 6.773e+07 (roughly 900 MB of memory)
 Factor Ops : 2.543e+10 (less than 1 second per iteration)
 Threads    : 32

                  Objective                Residual
Iter       Primal          Dual         Primal    Dual     Compl     Time
   0  -1.56836457e+11  1.10640369e+11  1.04e+06 1.13e-13  1.00e+06     6s
   1  -6.52411686e+10  6.33644935e+10  4.43e+04 3.08e+01  4.67e+04     7s
   2  -3.05857511e+10  3.06527286e+10  4.48e+02 1.24e-01  5.43e+02     9s
   3  -1.08844688e+10  1.09722360e+10  3.21e+00 1.54e-12  2.86e+01    11s
   4  -2.40137568e+09  2.49905619e+09  2.67e-01 1.25e-12  5.95e+00    16s
   5  -5.82501813e+08  6.48556713e+08  3.65e-02 5.19e-12  1.46e+00    21s
   6  -9.63214843e+07  1.09553062e+08  2.74e-03 1.37e-12  2.41e-01    26s
   7  -1.41136485e+07  1.68716512e+07  2.74e-09 1.13e-12  3.63e-02    31s
   8  -2.06948059e+06  2.45755299e+06  2.56e-13 8.98e-13  5.30e-03    33s
   9  -3.08445364e+05  3.77504035e+05  3.89e-14 3.46e-13  8.03e-04    35s
  10  -4.65079877e+04  5.45038591e+04  2.21e-14 6.06e-14  1.18e-04    37s
  11  -7.28645696e+03  8.48539963e+03  1.25e-14 1.10e-14  1.85e-05    39s
  12  -1.79378866e+03  1.93554775e+03  1.03e-14 1.94e-15  4.37e-06    42s
  13  -4.19254805e+02  1.09408553e+03  1.26e-15 6.66e-16  1.77e-06    44s
  14   4.11685146e+01  4.02625553e+02  4.91e-16 4.85e-16  4.23e-07    47s
  15   1.55540072e+02  2.79592865e+02  1.93e-16 6.66e-16  1.45e-07    49s
  16   1.97148130e+02  2.43785514e+02  1.04e-16 5.55e-16  5.46e-08    51s
  17   2.00031265e+02  2.41890774e+02  8.67e-17 5.55e-16  4.90e-08    53s
  18   2.11821661e+02  2.34282081e+02  7.94e-17 4.44e-16  2.63e-08    55s
  19   2.17693907e+02  2.30877306e+02  6.38e-17 4.44e-16  1.54e-08    56s
  20   2.21877794e+02  2.28630601e+02  5.46e-17 4.44e-16  7.91e-09    58s
  21   2.23543457e+02  2.27808108e+02  2.99e-16 4.44e-16  4.99e-09    60s
  22   2.24959443e+02  2.27140076e+02  4.04e-16 4.44e-16  2.55e-09    62s
  23   2.25650966e+02  2.26829171e+02  1.74e-16 4.44e-16  1.38e-09    64s
  24   2.25820451e+02  2.26755067e+02  1.94e-16 4.44e-16  1.09e-09    65s
  25   2.26082428e+02  2.26642187e+02  2.99e-16 4.44e-16  6.55e-10    67s
  26   2.26167789e+02  2.26606053e+02  2.69e-16 4.44e-16  5.13e-10    69s
  27   2.26290941e+02  2.26554491e+02  4.64e-16 4.44e-16  3.09e-10    71s
  28   2.26384380e+02  2.26515838e+02  9.56e-16 4.44e-16  1.54e-10    73s
  29   2.26437852e+02  2.26494195e+02  3.39e-16 5.55e-16  6.60e-11    74s
  30   2.26461267e+02  2.26484943e+02  3.47e-16 6.66e-16  2.77e-11    76s
  31   2.26471094e+02  2.26481047e+02  1.91e-15 5.55e-16  1.17e-11    79s
  32   2.26475832e+02  2.26479194e+02  3.57e-15 5.55e-16  3.94e-12    81s
  33   2.26477130e+02  2.26478689e+02  3.03e-15 6.66e-16  1.83e-12    83s
  34   2.26478035e+02  2.26478337e+02  1.63e-15 6.66e-16  3.53e-13    84s
  35   2.26478233e+02  2.26478260e+02  2.01e-15 6.66e-16  3.13e-14    86s
  36   2.26478250e+02  2.26478253e+02  1.13e-15 6.66e-16  3.61e-15    88s

Barrier solved model in 36 iterations and 87.77 seconds (16.33 work units)
Optimal objective 2.26478250e+02

Done! Time elapsed: 118.77857995033264 seconds.
Starting HMC sampling...

                                                                                                                                                                                                                                                                                                                                
Finished sampling! Elapsed Time: 921.4759511947632 seconds

Checking sampler transitions treedepth.
87 of 16000 (0.54%) transitions hit the maximum treedepth limit of 10, or 2^10 leapfrog steps.
Trajectories that are prematurely terminated due to this limit will result in slow exploration.
For optimal performance, increase this limit.

Checking sampler transitions for divergences.
No divergent transitions found.

Checking E-BFMI - sampler transitions HMC potential energy.
E-BFMI satisfactory.

Rank-normalized split effective sample size satisfactory for all parameters.

Rank-normalized split R-hat values satisfactory for all parameters.

Processing complete.

Parameters from last iteration: [2.22147259e-01 3.94726478e-01 3.95701179e-01 ... 2.52657845e+02
 2.34236030e+02 2.33674304e+02]

Parameters from current iteration:
            [2.21493522e-01 3.89706391e-01 3.90656432e-01 ... 2.52763008e+02
 2.34334722e+02 2.33749115e+02]

Updated uncertain values: [2.21983825e-01 3.93471457e-01 3.94439992e-01 ... 2.52684136e+02
 2.34260703e+02 2.33693007e+02]


            Iteration [   9]: Absolute Error = 0.13835965739554013,
            Percentage Error = 0.007084004943027829
            
Optimization Iteration[10/100]

Theta: [0.22198383 0.39347146 0.39443999 ... 2.06474966 1.20239489 1.04459064]

Gamma: [605.75274414 586.97540382 531.64959251 ... 252.68413565 234.26070334
 233.69300656]

Solving the optimization problem...
Set parameter TokenServer to value "licenses.rcc.uchicago.edu"
Read LP format model from file /scratch/local/jobs/50255475/tmp1pp7ocun.pyomo.lp
Reading time = 2.15 seconds
x1: 417600 rows, 834801 columns, 2083271 nonzeros
Gurobi Optimizer version 11.0.0 build v11.0.0rc2 (linux64 - "CentOS Linux 8")

CPU model: Intel(R) Xeon(R) Gold 6248R CPU @ 3.00GHz, instruction set [SSE2|AVX|AVX2|AVX512]
Thread count: 48 physical cores, 48 logical processors, using up to 32 threads

Optimize a model with 417600 rows, 834801 columns and 2083271 nonzeros
Model fingerprint: 0x55dbf5d4
Model has 400 quadratic objective terms
Coefficient statistics:
  Matrix range     [1e+00, 9e+02]
  Objective range  [9e-04, 1e+03]
  QObjective range [2e+03, 2e+05]
  Bounds range     [3e-06, 1e+00]
  RHS range        [9e-11, 4e-01]
Presolve removed 208947 rows and 209294 columns
Presolve time: 0.83s
Presolved: 208653 rows, 625507 columns, 1249571 nonzeros
Presolved model has 400 quadratic objective terms
Ordering time: 1.13s

Barrier statistics:
 AA' NZ     : 6.241e+05
 Factor NZ  : 6.773e+07 (roughly 900 MB of memory)
 Factor Ops : 2.543e+10 (less than 1 second per iteration)
 Threads    : 32

                  Objective                Residual
Iter       Primal          Dual         Primal    Dual     Compl     Time
   0  -1.56839603e+11  1.10640369e+11  1.04e+06 1.13e-13  1.00e+06     5s
   1  -6.52413019e+10  6.33644936e+10  4.43e+04 3.08e+01  4.67e+04     7s
   2  -3.05857524e+10  3.06527286e+10  4.48e+02 1.24e-01  5.43e+02     9s
   3  -1.08844688e+10  1.09722361e+10  3.21e+00 1.45e-12  2.86e+01    11s
   4  -2.40137570e+09  2.49905622e+09  2.67e-01 1.23e-12  5.95e+00    16s
   5  -5.82501804e+08  6.48556710e+08  3.65e-02 4.78e-12  1.46e+00    21s
   6  -9.63214772e+07  1.09553056e+08  2.74e-03 1.62e-12  2.41e-01    26s
   7  -1.41136475e+07  1.68716489e+07  2.74e-09 1.95e-12  3.63e-02    31s
   8  -2.06948099e+06  2.45755278e+06  2.66e-13 8.57e-13  5.30e-03    33s
   9  -3.08445861e+05  3.77502680e+05  4.12e-14 3.46e-13  8.03e-04    35s
  10  -4.65086020e+04  5.45028758e+04  1.95e-14 6.64e-14  1.18e-04    37s
  11  -7.28717184e+03  8.48435544e+03  1.23e-14 8.64e-15  1.85e-05    39s
  12  -1.78995613e+03  1.92959715e+03  1.06e-14 2.49e-15  4.35e-06    42s
  13  -4.21486738e+02  1.09752521e+03  1.11e-15 6.66e-16  1.78e-06    44s
  14   4.02718245e+01  4.00547302e+02  4.81e-16 5.55e-16  4.22e-07    47s
  15   1.54453845e+02  2.78515162e+02  3.12e-16 6.66e-16  1.45e-07    49s
  16   1.96013227e+02  2.42726066e+02  1.31e-16 5.55e-16  5.47e-08    51s
  17   1.98945538e+02  2.40795461e+02  1.18e-16 5.55e-16  4.90e-08    53s
  18   2.11007543e+02  2.33007586e+02  8.15e-17 4.44e-16  2.58e-08    55s
  19   2.16783999e+02  2.29671706e+02  5.90e-17 4.44e-16  1.51e-08    57s
  20   2.20958401e+02  2.27439183e+02  6.09e-17 5.55e-16  7.59e-09    59s
  21   2.22572228e+02  2.26647456e+02  9.43e-17 4.44e-16  4.77e-09    60s
  22   2.23972477e+02  2.25990445e+02  1.95e-16 4.44e-16  2.36e-09    62s
  23   2.24463892e+02  2.25771088e+02  1.11e-16 5.55e-16  1.53e-09    64s
  24   2.24742637e+02  2.25649170e+02  1.13e-16 4.44e-16  1.06e-09    66s
  25   2.24921770e+02  2.25572032e+02  2.41e-16 4.44e-16  7.61e-10    68s
  26   2.25111076e+02  2.25491369e+02  2.15e-16 5.55e-16  4.45e-10    70s
  27   2.25178480e+02  2.25463171e+02  1.57e-16 4.44e-16  3.33e-10    71s
  28   2.25296640e+02  2.25414487e+02  5.99e-16 4.44e-16  1.38e-10    73s
  29   2.25345026e+02  2.25394829e+02  6.53e-16 4.44e-16  5.83e-11    75s
  30   2.25368796e+02  2.25385358e+02  9.15e-16 6.66e-16  1.94e-11    77s
  31   2.25376962e+02  2.25382159e+02  1.26e-15 6.66e-16  6.08e-12    79s
  32   2.25379386e+02  2.25381212e+02  7.83e-15 6.66e-16  2.14e-12    81s
  33   2.25380106e+02  2.25380931e+02  4.79e-15 5.55e-16  9.66e-13    83s
  34   2.25380489e+02  2.25380782e+02  3.10e-15 6.66e-16  3.43e-13    85s
  35   2.25380666e+02  2.25380713e+02  2.03e-15 6.66e-16  5.54e-14    87s
  36   2.25380699e+02  2.25380700e+02  1.22e-15 6.66e-16  1.28e-15    89s

Barrier solved model in 36 iterations and 88.74 seconds (16.33 work units)
Optimal objective 2.25380699e+02

Done! Time elapsed: 119.8996958732605 seconds.
Starting HMC sampling...

                                                                                                                                                                                                                                                                                                                                
Finished sampling! Elapsed Time: 701.855388879776 seconds

Checking sampler transitions treedepth.
13 of 16000 (0.08%) transitions hit the maximum treedepth limit of 10, or 2^10 leapfrog steps.
Trajectories that are prematurely terminated due to this limit will result in slow exploration.
For optimal performance, increase this limit.

Checking sampler transitions for divergences.
No divergent transitions found.

Checking E-BFMI - sampler transitions HMC potential energy.
E-BFMI satisfactory.

Rank-normalized split effective sample size satisfactory for all parameters.

Rank-normalized split R-hat values satisfactory for all parameters.

Processing complete.

Parameters from last iteration: [2.21983825e-01 3.93471457e-01 3.94439992e-01 ... 2.52684136e+02
 2.34260703e+02 2.33693007e+02]

Parameters from current iteration:
            [2.21629971e-01 3.89942039e-01 3.90892640e-01 ... 2.52670832e+02
 2.34243413e+02 2.33695516e+02]

Updated uncertain values: [2.21895362e-01 3.92589102e-01 3.93553154e-01 ... 2.52680810e+02
 2.34256381e+02 2.33693634e+02]


            Iteration [  10]: Absolute Error = 0.13475461240500408,
            Percentage Error = 0.0050741534691278395
            
Optimization Iteration[11/100]

Theta: [0.22189536 0.3925891  0.39355315 ... 2.06143813 1.20179535 1.04444013]

Gamma: [605.88680063 587.10304071 531.74977798 ... 252.68080979 234.25638078
 233.69363395]

Solving the optimization problem...
Set parameter TokenServer to value "licenses.rcc.uchicago.edu"
Read LP format model from file /scratch/local/jobs/50255475/tmpgnk08q3_.pyomo.lp
Reading time = 2.15 seconds
x1: 417600 rows, 834801 columns, 2083271 nonzeros
Gurobi Optimizer version 11.0.0 build v11.0.0rc2 (linux64 - "CentOS Linux 8")

CPU model: Intel(R) Xeon(R) Gold 6248R CPU @ 3.00GHz, instruction set [SSE2|AVX|AVX2|AVX512]
Thread count: 48 physical cores, 48 logical processors, using up to 32 threads

Optimize a model with 417600 rows, 834801 columns and 2083271 nonzeros
Model fingerprint: 0x479ba918
Model has 400 quadratic objective terms
Coefficient statistics:
  Matrix range     [1e+00, 9e+02]
  Objective range  [9e-04, 1e+03]
  QObjective range [2e+03, 2e+05]
  Bounds range     [3e-06, 1e+00]
  RHS range        [9e-11, 4e-01]
Presolve removed 208947 rows and 209294 columns
Presolve time: 0.81s
Presolved: 208653 rows, 625507 columns, 1249571 nonzeros
Presolved model has 400 quadratic objective terms
Ordering time: 0.81s

Barrier statistics:
 AA' NZ     : 6.241e+05
 Factor NZ  : 6.773e+07 (roughly 900 MB of memory)
 Factor Ops : 2.543e+10 (less than 1 second per iteration)
 Threads    : 32

                  Objective                Residual
Iter       Primal          Dual         Primal    Dual     Compl     Time
   0  -1.56841551e+11  1.10640369e+11  1.04e+06 1.13e-13  1.00e+06     6s
   1  -6.52413848e+10  6.33644938e+10  4.43e+04 3.08e+01  4.67e+04     8s
   2  -3.05857533e+10  3.06527287e+10  4.48e+02 1.24e-01  5.43e+02    10s
   3  -1.08844688e+10  1.09722361e+10  3.21e+00 1.49e-12  2.86e+01    12s
   4  -2.40137571e+09  2.49905624e+09  2.67e-01 1.25e-12  5.95e+00    17s
   5  -5.82501800e+08  6.48556713e+08  3.65e-02 3.22e-12  1.46e+00    21s
   6  -9.63214739e+07  1.09553054e+08  2.74e-03 1.32e-12  2.41e-01    26s
   7  -1.41136469e+07  1.68716475e+07  2.74e-09 1.57e-12  3.63e-02    31s
   8  -2.06948111e+06  2.45755191e+06  2.67e-13 1.07e-12  5.30e-03    34s
   9  -3.08446129e+05  3.77501530e+05  4.36e-14 4.32e-13  8.03e-04    36s
  10  -4.65089979e+04  5.45021246e+04  1.96e-14 6.32e-14  1.18e-04    38s
  11  -7.28766416e+03  8.48355171e+03  1.26e-14 8.35e-15  1.85e-05    39s
  12  -1.78762736e+03  1.92576893e+03  1.13e-14 2.26e-15  4.35e-06    43s
  13  -4.23554529e+02  1.10103286e+03  1.84e-15 8.88e-16  1.78e-06    45s
  14   3.94953277e+01  3.99112429e+02  5.60e-16 5.55e-16  4.21e-07    47s
  15   1.53606390e+02  2.77751596e+02  3.43e-16 7.77e-16  1.45e-07    50s
  16   1.95171549e+02  2.41939423e+02  1.32e-16 4.44e-16  5.48e-08    52s
  17   1.98127039e+02  2.39991873e+02  1.28e-16 6.66e-16  4.90e-08    54s
  18   2.10441766e+02  2.32038909e+02  7.74e-17 4.44e-16  2.53e-08    55s
  19   2.16121362e+02  2.28771762e+02  6.05e-17 4.44e-16  1.48e-08    57s
  20   2.20079130e+02  2.26661435e+02  5.10e-17 4.44e-16  7.71e-09    59s
  21   2.21713808e+02  2.25857644e+02  9.87e-17 4.44e-16  4.85e-09    61s
  22   2.23123952e+02  2.25194392e+02  2.23e-16 4.44e-16  2.42e-09    63s
  23   2.23645076e+02  2.24961151e+02  9.02e-17 5.55e-16  1.54e-09    65s
  24   2.23984221e+02  2.24812412e+02  2.82e-16 4.44e-16  9.70e-10    66s
  25   2.24199247e+02  2.24720508e+02  2.19e-16 4.44e-16  6.10e-10    68s
  26   2.24295173e+02  2.24680046e+02  2.43e-16 4.44e-16  4.51e-10    70s
  27   2.24407200e+02  2.24633007e+02  3.42e-16 4.44e-16  2.64e-10    72s
  28   2.24505688e+02  2.24592531e+02  2.55e-16 4.44e-16  1.02e-10    74s
  29   2.24507932e+02  2.24591632e+02  2.27e-16 5.55e-16  9.80e-11    76s
  30   2.24547522e+02  2.24575806e+02  7.97e-16 6.66e-16  3.31e-11    78s
  31   2.24561593e+02  2.24570284e+02  1.27e-15 6.66e-16  1.02e-11    80s
  32   2.24566373e+02  2.24568414e+02  3.44e-15 4.44e-16  2.39e-12    82s
  33   2.24567275e+02  2.24568063e+02  6.06e-15 5.55e-16  9.22e-13    84s
  34   2.24567644e+02  2.24567919e+02  8.19e-15 6.66e-16  3.22e-13    86s
  35   2.24567808e+02  2.24567855e+02  4.54e-15 6.66e-16  5.50e-14    88s
  36   2.24567841e+02  2.24567843e+02  7.03e-15 6.66e-16  1.41e-15    89s

Barrier solved model in 36 iterations and 89.39 seconds (16.33 work units)
Optimal objective 2.24567841e+02

Done! Time elapsed: 120.2754979133606 seconds.
Starting HMC sampling...

                                                                                                                                                                                                                                                                                                                                
Finished sampling! Elapsed Time: 1009.0968587398529 seconds

Checking sampler transitions treedepth.
91 of 16000 (0.57%) transitions hit the maximum treedepth limit of 10, or 2^10 leapfrog steps.
Trajectories that are prematurely terminated due to this limit will result in slow exploration.
For optimal performance, increase this limit.

Checking sampler transitions for divergences.
No divergent transitions found.

Checking E-BFMI - sampler transitions HMC potential energy.
E-BFMI satisfactory.

Rank-normalized split effective sample size satisfactory for all parameters.

Rank-normalized split R-hat values satisfactory for all parameters.

Processing complete.

Parameters from last iteration: [2.21895362e-01 3.92589102e-01 3.93553154e-01 ... 2.52680810e+02
 2.34256381e+02 2.33693634e+02]

Parameters from current iteration:
            [2.21810476e-01 3.90223683e-01 3.91174855e-01 ... 2.52679285e+02
 2.34273002e+02 2.33739094e+02]

Updated uncertain values: [2.21874140e-01 3.91997747e-01 3.92958579e-01 ... 2.52680429e+02
 2.34260536e+02 2.33704999e+02]


            Iteration [  11]: Absolute Error = 0.12761577779815525,
            Percentage Error = 0.0036361592036100172
            
Terminated. Sampling the final distribution...

                                                                                                                                                                                                                                                                                                                                
Solving the optimization problem...
Set parameter TokenServer to value "licenses.rcc.uchicago.edu"
Read LP format model from file /scratch/local/jobs/50255475/tmpc5mryxsz.pyomo.lp
Reading time = 2.14 seconds
x1: 417600 rows, 834801 columns, 2083271 nonzeros
Gurobi Optimizer version 11.0.0 build v11.0.0rc2 (linux64 - "CentOS Linux 8")

CPU model: Intel(R) Xeon(R) Gold 6248R CPU @ 3.00GHz, instruction set [SSE2|AVX|AVX2|AVX512]
Thread count: 48 physical cores, 48 logical processors, using up to 32 threads

Optimize a model with 417600 rows, 834801 columns and 2083271 nonzeros
Model fingerprint: 0xf6b5d97d
Model has 400 quadratic objective terms
Coefficient statistics:
  Matrix range     [1e+00, 9e+02]
  Objective range  [9e-04, 1e+03]
  QObjective range [2e+03, 2e+05]
  Bounds range     [2e-06, 1e+00]
  RHS range        [6e-10, 4e-01]
Presolve removed 209011 rows and 209422 columns
Presolve time: 0.80s
Presolved: 208589 rows, 625379 columns, 1249315 nonzeros
Presolved model has 400 quadratic objective terms
Ordering time: 0.99s

Barrier statistics:
 AA' NZ     : 6.239e+05
 Factor NZ  : 6.769e+07 (roughly 900 MB of memory)
 Factor Ops : 2.541e+10 (less than 1 second per iteration)
 Threads    : 32

                  Objective                Residual
Iter       Primal          Dual         Primal    Dual     Compl     Time
   0  -1.56846010e+11  1.10640510e+11  1.04e+06 1.13e-13  1.00e+06     6s
   1  -6.47925312e+10  6.29205370e+10  4.42e+04 3.07e+01  4.64e+04     8s
   2  -3.03865597e+10  3.04534779e+10  4.47e+02 1.24e-01  5.40e+02    10s
   3  -1.08294174e+10  1.09170487e+10  3.61e+00 1.65e-12  2.88e+01    12s
   4  -2.46838203e+09  2.56629577e+09  2.90e-01 1.24e-12  6.12e+00    17s
   5  -5.87259763e+08  6.54636954e+08  3.72e-02 2.94e-12  1.47e+00    21s
   6  -9.80923951e+07  1.11702765e+08  2.90e-03 1.49e-12  2.46e-01    26s
   7  -1.44943182e+07  1.73484815e+07  7.29e-06 1.99e-12  3.73e-02    31s
   8  -2.12684124e+06  2.53237400e+06  7.44e-12 5.85e-12  5.46e-03    33s
   9  -3.17356761e+05  3.89538819e+05  4.25e-14 3.75e-13  8.28e-04    36s
  10  -4.79597329e+04  5.62211813e+04  2.25e-14 5.82e-14  1.22e-04    37s
  11  -7.57898341e+03  8.67082606e+03  1.38e-14 8.86e-15  1.90e-05    39s
  12  -1.96191774e+03  1.95248537e+03  1.22e-14 2.06e-15  4.58e-06    43s
  13  -5.31293768e+02  1.09555055e+03  1.31e-15 8.88e-16  1.90e-06    44s
  14  -3.80983890e+01  3.32413462e+02  7.45e-16 8.26e-16  4.34e-07    47s
  15   7.55994959e+01  2.18611319e+02  3.10e-16 4.44e-16  1.67e-07    49s
  16   1.23110088e+02  1.76278448e+02  1.41e-16 4.44e-16  6.23e-08    51s
  17   1.38386003e+02  1.66422688e+02  2.12e-16 4.44e-16  3.28e-08    53s
  18   1.46254082e+02  1.61904047e+02  2.12e-16 5.55e-16  1.83e-08    55s
  19   1.47915484e+02  1.61020293e+02  1.96e-16 4.44e-16  1.53e-08    56s
  20   1.52039164e+02  1.58966666e+02  7.57e-17 4.44e-16  8.11e-09    58s
  21   1.53063931e+02  1.58442150e+02  5.10e-17 4.44e-16  6.30e-09    60s
  22   1.54764396e+02  1.57624830e+02  8.41e-17 5.55e-16  3.35e-09    62s
  23   1.55657052e+02  1.57201714e+02  7.24e-17 4.44e-16  1.81e-09    63s
  24   1.55935457e+02  1.57077211e+02  5.70e-17 4.44e-16  1.34e-09    65s
  25   1.56238513e+02  1.56944939e+02  7.03e-17 4.44e-16  8.27e-10    67s
  26   1.56437422e+02  1.56859550e+02  5.98e-17 4.44e-16  4.94e-10    69s
  27   1.56511547e+02  1.56828128e+02  8.76e-17 4.44e-16  3.71e-10    71s
  28   1.56634912e+02  1.56776728e+02  1.95e-16 4.44e-16  1.66e-10    73s
  29   1.56637704e+02  1.56775593e+02  1.84e-16 5.55e-16  1.61e-10    74s
  30   1.56682465e+02  1.56757329e+02  1.30e-16 5.55e-16  8.77e-11    76s
  31   1.56717358e+02  1.56743503e+02  1.77e-16 5.55e-16  3.06e-11    79s
  32   1.56727917e+02  1.56739343e+02  1.19e-15 6.66e-16  1.34e-11    81s
  33   1.56732321e+02  1.56737637e+02  2.05e-15 4.44e-16  6.23e-12    83s
  34   1.56734688e+02  1.56736725e+02  6.34e-15 4.44e-16  2.39e-12    84s
  35   1.56735876e+02  1.56736267e+02  1.30e-14 5.55e-16  4.57e-13    86s
  36   1.56736041e+02  1.56736203e+02  3.01e-15 6.66e-16  1.90e-13    88s
  37   1.56736130e+02  1.56736169e+02  1.04e-15 6.66e-16  4.53e-14    90s
  38   1.56736158e+02  1.56736158e+02  9.97e-16 6.66e-16  1.05e-16    92s

Barrier solved model in 38 iterations and 92.10 seconds (17.40 work units)
Optimal objective 1.56736158e+02

Done! Time elapsed: 122.493399143219 seconds.
min_result 0.057790986348344175 min_pe 5.2

Program ends Fri May 29 22:46:26 CDT 2026
Exit code: 0
Elapsed time: 17457 seconds
