Command: /project/lhansen/HMC_rep26_robust_mac/amazon-carbon-prices/.venv/bin/python pysrc/bash/shadow_price.py --id 58 --xi 2 --sites 1043
Working directory: /project/lhansen/HMC_rep26_robust_mac/amazon-carbon-prices
Program starts Fri May 29 17:56:19 CDT 2026

Data successfully loaded from /project/lhansen/HMC_rep26_robust_mac/amazon-carbon-prices/data/calibration
Waiting for Stan compile lock: /project/lhansen/HMC_rep26_robust_mac/amazon-carbon-prices/stan_model/adjusted.compile.lock
Using Stan model executable: /project/lhansen/HMC_rep26_robust_mac/amazon-carbon-prices/stan_model/adjusted
Optimization Iteration[1/100]

Theta: [0.19293399 0.39270684 0.39383513 ... 2.1961384  1.20930668 1.03223742]

Gamma: [605.85192903 587.02426052 531.68859839 ... 252.44623295 234.13249733
 233.63746894]

Solving the optimization problem...
Set parameter TokenServer to value "licenses.rcc.uchicago.edu"
Read LP format model from file /scratch/local/jobs/50255481/tmp71pd7ary.pyomo.lp
Reading time = 2.16 seconds
x1: 417600 rows, 834801 columns, 2083271 nonzeros
Gurobi Optimizer version 11.0.0 build v11.0.0rc2 (linux64 - "CentOS Linux 8")

CPU model: Intel(R) Xeon(R) Gold 6248R CPU @ 3.00GHz, instruction set [SSE2|AVX|AVX2|AVX512]
Thread count: 48 physical cores, 48 logical processors, using up to 32 threads

Optimize a model with 417600 rows, 834801 columns and 2083271 nonzeros
Model fingerprint: 0x92756377
Model has 400 quadratic objective terms
Coefficient statistics:
  Matrix range     [1e+00, 9e+02]
  Objective range  [1e-05, 1e+03]
  QObjective range [2e+03, 2e+05]
  Bounds range     [3e-06, 1e+00]
  RHS range        [9e-11, 4e-01]
Presolve removed 208947 rows and 209294 columns
Presolve time: 0.84s
Presolved: 208653 rows, 625507 columns, 1249571 nonzeros
Presolved model has 400 quadratic objective terms
Ordering time: 1.37s

Barrier statistics:
 AA' NZ     : 6.241e+05
 Factor NZ  : 6.773e+07 (roughly 900 MB of memory)
 Factor Ops : 2.543e+10 (less than 1 second per iteration)
 Threads    : 32

                  Objective                Residual
Iter       Primal          Dual         Primal    Dual     Compl     Time
   0  -1.62079658e+11  1.10640369e+11  1.04e+06 1.13e-13  1.00e+06     5s
   1  -6.54629632e+10  6.33635385e+10  4.43e+04 3.08e+01  4.67e+04     7s
   2  -3.05877938e+10  3.06522636e+10  4.48e+02 1.24e-01  5.43e+02     9s
   3  -1.08844296e+10  1.09720232e+10  3.21e+00 1.39e-12  2.86e+01    11s
   4  -2.40133244e+09  2.49893460e+09  2.67e-01 1.25e-12  5.95e+00    16s
   5  -5.82506833e+08  6.48522160e+08  3.65e-02 3.22e-12  1.46e+00    21s
   6  -9.63279755e+07  1.09543760e+08  2.74e-03 1.35e-12  2.41e-01    26s
   7  -1.41166313e+07  1.68695834e+07  2.74e-09 3.59e-12  3.63e-02    31s
   8  -2.07063835e+06  2.45657474e+06  2.64e-13 9.77e-13  5.30e-03    33s
   9  -3.08913387e+05  3.77340131e+05  3.90e-14 3.70e-13  8.03e-04    36s
  10  -4.66784789e+04  5.44761080e+04  1.93e-14 5.86e-14  1.18e-04    37s
  11  -7.33181828e+03  8.53298711e+03  1.22e-14 8.40e-15  1.86e-05    39s
  12  -1.44112319e+03  2.20716615e+03  1.01e-14 1.96e-15  4.27e-06    43s
  13  -2.58540472e+02  8.83335386e+02  2.19e-15 6.66e-16  1.34e-06    45s
  14   1.04748327e+02  4.34680402e+02  5.57e-16 6.66e-16  3.86e-07    47s
  15   2.16415042e+02  3.15908414e+02  1.93e-16 6.66e-16  1.16e-07    50s
  16   2.53136020e+02  2.95548238e+02  1.95e-16 4.44e-16  4.97e-08    52s
  17   2.55204301e+02  2.94312843e+02  1.74e-16 6.66e-16  4.58e-08    53s
  18   2.57231620e+02  2.93127097e+02  1.58e-16 6.66e-16  4.20e-08    55s
  19   2.61421058e+02  2.90982593e+02  1.51e-16 6.66e-16  3.46e-08    57s
  20   2.68069686e+02  2.87554261e+02  1.03e-16 6.66e-16  2.28e-08    59s
  21   2.76932995e+02  2.83468096e+02  7.63e-17 6.66e-16  7.65e-09    61s
  22   2.79870132e+02  2.82061991e+02  4.47e-17 6.66e-16  2.57e-09    63s
  23   2.80519821e+02  2.81790801e+02  1.60e-16 6.66e-16  1.49e-09    65s
  24   2.80897694e+02  2.81634111e+02  2.51e-16 4.44e-16  8.62e-10    67s
  25   2.81062184e+02  2.81567147e+02  1.53e-16 6.66e-16  5.91e-10    69s
  26   2.81234709e+02  2.81497866e+02  3.92e-16 4.44e-16  3.08e-10    70s
  27   2.81275579e+02  2.81481416e+02  3.33e-16 6.66e-16  2.41e-10    72s
  28   2.81363722e+02  2.81445881e+02  2.18e-16 6.66e-16  9.62e-11    74s
  29   2.81389187e+02  2.81435915e+02  4.22e-16 8.88e-16  5.47e-11    76s
  30   2.81411190e+02  2.81427279e+02  1.89e-15 4.44e-16  1.88e-11    78s
  31   2.81419235e+02  2.81424135e+02  1.99e-15 8.88e-16  5.74e-12    79s
  32   2.81421164e+02  2.81423385e+02  2.37e-15 6.66e-16  2.60e-12    81s
  33   2.81421888e+02  2.81423105e+02  2.25e-15 5.55e-16  1.42e-12    83s
  34   2.81422578e+02  2.81422838e+02  4.95e-15 6.66e-16  3.04e-13    85s
  35   2.81422756e+02  2.81422769e+02  6.63e-15 8.88e-16  1.57e-14    87s
  36   2.81422763e+02  2.81422766e+02  7.22e-15 6.66e-16  3.48e-15    89s

Barrier solved model in 36 iterations and 88.67 seconds (16.33 work units)
Optimal objective 2.81422763e+02

Done! Time elapsed: 119.27242279052734 seconds.
Starting HMC sampling...

                                                                                                                                                                                                                                                                                                                                
Finished sampling! Elapsed Time: 1051.390525817871 seconds

Checking sampler transitions treedepth.
145 of 16000 (0.91%) transitions hit the maximum treedepth limit of 10, or 2^10 leapfrog steps.
Trajectories that are prematurely terminated due to this limit will result in slow exploration.
For optimal performance, increase this limit.

Checking sampler transitions for divergences.
No divergent transitions found.

Checking E-BFMI - sampler transitions HMC potential energy.
E-BFMI satisfactory.

Rank-normalized split effective sample size satisfactory for all parameters.

Rank-normalized split R-hat values satisfactory for all parameters.

Processing complete.

Parameters from last iteration: [1.92933991e-01 3.92706841e-01 3.93835127e-01 ... 2.52446233e+02
 2.34132497e+02 2.33637469e+02]

Parameters from current iteration:
            [2.32670694e-01 4.02485724e-01 4.03444813e-01 ... 2.52680799e+02
 2.34247204e+02 2.33628513e+02]

Updated uncertain values: [2.02868167e-01 3.95151562e-01 3.96237549e-01 ... 2.52504875e+02
 2.34161174e+02 2.33635230e+02]


            Iteration [   1]: Absolute Error = 1.0572723026563153,
            Percentage Error = 0.13913616558144865
            
Optimization Iteration[2/100]

Theta: [0.20286817 0.39515156 0.39623755 ... 2.15890971 1.20776649 1.03624513]

Gamma: [605.7808672  586.99575255 531.71736606 ... 252.50487457 234.16117402
 233.63523005]

Solving the optimization problem...
Set parameter TokenServer to value "licenses.rcc.uchicago.edu"
Read LP format model from file /scratch/local/jobs/50255481/tmpr54dheyu.pyomo.lp
Reading time = 2.18 seconds
x1: 417600 rows, 834801 columns, 2083271 nonzeros
Gurobi Optimizer version 11.0.0 build v11.0.0rc2 (linux64 - "CentOS Linux 8")

CPU model: Intel(R) Xeon(R) Gold 6248R CPU @ 3.00GHz, instruction set [SSE2|AVX|AVX2|AVX512]
Thread count: 48 physical cores, 48 logical processors, using up to 32 threads

Optimize a model with 417600 rows, 834801 columns and 2083271 nonzeros
Model fingerprint: 0xed07eb9d
Model has 400 quadratic objective terms
Coefficient statistics:
  Matrix range     [1e+00, 9e+02]
  Objective range  [3e-05, 1e+03]
  QObjective range [2e+03, 2e+05]
  Bounds range     [3e-06, 1e+00]
  RHS range        [9e-11, 4e-01]
Presolve removed 208947 rows and 209294 columns
Presolve time: 0.81s
Presolved: 208653 rows, 625507 columns, 1249571 nonzeros
Presolved model has 400 quadratic objective terms
Ordering time: 0.90s

Barrier statistics:
 AA' NZ     : 6.241e+05
 Factor NZ  : 6.773e+07 (roughly 900 MB of memory)
 Factor Ops : 2.543e+10 (less than 1 second per iteration)
 Threads    : 32

                  Objective                Residual
Iter       Primal          Dual         Primal    Dual     Compl     Time
   0  -5.17441741e+10  1.08047797e+08  1.04e+06 4.47e+02  9.99e+05     6s
   1  -3.37365933e+09  4.61252643e+07  6.70e+04 1.05e-12  7.66e+04     8s
   2  -1.50695314e+07  7.46106009e+06  1.54e+02 1.77e-12  1.93e+02    10s
   3  -1.29228681e+06  1.26674694e+06  2.11e+00 3.11e-12  5.35e+00    12s
   4  -2.18210501e+05  2.90296804e+05  6.52e-02 2.35e-12  6.70e-01    14s
   5  -4.51715013e+04  5.92315635e+04  2.89e-03 1.22e-12  1.26e-01    16s
   6  -1.16453923e+04  1.49272352e+04  3.87e-04 2.41e-12  3.19e-02    18s
   7  -4.01779105e+03  5.33437545e+03  9.95e-05 3.78e-12  1.12e-02    20s
   8  -1.39781926e+03  2.67706886e+03  1.24e-05 1.49e-12  4.89e-03    22s
   9  -5.17386706e+02  1.23983406e+03  4.31e-06 7.92e-13  2.11e-03    23s
  10   1.96502467e+01  4.56994169e+02  4.15e-07 6.22e-13  5.24e-04    25s
  11   1.74603954e+02  3.34695306e+02  5.10e-09 4.55e-13  1.92e-04    28s
  12   2.25415316e+02  2.82000242e+02  1.02e-10 6.82e-13  6.78e-05    30s
  13   2.28931891e+02  2.79440601e+02  9.10e-11 5.68e-13  6.06e-05    31s
  14   2.33194079e+02  2.76422456e+02  7.76e-11 6.82e-13  5.18e-05    33s
  15   2.36851640e+02  2.73921991e+02  6.64e-11 5.68e-13  4.44e-05    35s
  16   2.39681798e+02  2.72086491e+02  5.36e-11 5.12e-13  3.88e-05    37s
  17   2.48707010e+02  2.66406997e+02  2.08e-11 4.55e-13  2.12e-05    39s
  18   2.53871742e+02  2.63458357e+02  1.00e-11 4.55e-13  1.15e-05    41s
  19   2.57057892e+02  2.61752406e+02  2.12e-12 6.82e-13  5.63e-06    43s
  20   2.58489254e+02  2.61072271e+02  9.50e-13 4.55e-13  3.10e-06    45s
  21   2.59049236e+02  2.60816866e+02  5.43e-13 4.55e-13  2.12e-06    47s
  22   2.59700249e+02  2.60528691e+02  1.90e-13 4.55e-13  9.93e-07    49s
  23   2.60027544e+02  2.60388793e+02  5.83e-14 6.82e-13  4.33e-07    51s
  24   2.60174600e+02  2.60327714e+02  1.33e-14 6.82e-13  1.84e-07    53s
  25   2.60236877e+02  2.60302624e+02  3.77e-15 9.09e-13  7.88e-08    55s
  26   2.60262041e+02  2.60292663e+02  1.76e-15 4.55e-13  3.67e-08    56s
  27   2.60262672e+02  2.60292415e+02  1.72e-15 6.82e-13  3.57e-08    58s
  28   2.60263675e+02  2.60292020e+02  1.62e-15 6.82e-13  3.40e-08    60s
  29   2.60275352e+02  2.60287438e+02  1.38e-15 9.09e-13  1.45e-08    62s
  30   2.60281499e+02  2.60285046e+02  2.87e-15 9.09e-13  4.25e-09    64s
  31   2.60283063e+02  2.60284438e+02  2.60e-15 1.14e-12  1.65e-09    66s
  32   2.60283827e+02  2.60284142e+02  1.15e-15 6.82e-13  3.78e-10    68s
  33   2.60283990e+02  2.60284079e+02  1.25e-15 6.82e-13  1.06e-10    70s
  34   2.60284053e+02  2.60284055e+02  1.47e-15 6.82e-13  2.54e-12    72s
  35   2.60284054e+02  2.60284054e+02  4.47e-15 6.82e-13  1.51e-14    74s

Barrier solved model in 35 iterations and 73.74 seconds (15.93 work units)
Optimal objective 2.60284054e+02

Done! Time elapsed: 107.05474781990051 seconds.
Starting HMC sampling...

                                                                                                                                                                                                                                                                                                                                
Finished sampling! Elapsed Time: 1112.2462511062622 seconds

Checking sampler transitions treedepth.
42 of 16000 (0.26%) transitions hit the maximum treedepth limit of 10, or 2^10 leapfrog steps.
Trajectories that are prematurely terminated due to this limit will result in slow exploration.
For optimal performance, increase this limit.

Checking sampler transitions for divergences.
No divergent transitions found.

Checking E-BFMI - sampler transitions HMC potential energy.
E-BFMI satisfactory.

Rank-normalized split effective sample size satisfactory for all parameters.

Rank-normalized split R-hat values satisfactory for all parameters.

Processing complete.

Parameters from last iteration: [2.02868167e-01 3.95151562e-01 3.96237549e-01 ... 2.52504875e+02
 2.34161174e+02 2.33635230e+02]

Parameters from current iteration:
            [2.29074372e-01 3.99003149e-01 3.99962881e-01 ... 2.52733553e+02
 2.34296099e+02 2.33725314e+02]

Updated uncertain values: [2.09419718e-01 3.96114459e-01 3.97168882e-01 ... 2.52562044e+02
 2.34194905e+02 2.33657751e+02]


            Iteration [   2]: Absolute Error = 0.6492025507811832,
            Percentage Error = 0.11448715952499955
            
Optimization Iteration[3/100]

Theta: [0.20941972 0.39611446 0.39716888 ... 2.13214369 1.20670263 1.03915567]

Gamma: [605.81112699 587.02070772 531.72025518 ... 252.56204429 234.19490539
 233.65775092]

Solving the optimization problem...
Set parameter TokenServer to value "licenses.rcc.uchicago.edu"
Read LP format model from file /scratch/local/jobs/50255481/tmpju1j2rnf.pyomo.lp
Reading time = 2.18 seconds
x1: 417600 rows, 834801 columns, 2083271 nonzeros
Gurobi Optimizer version 11.0.0 build v11.0.0rc2 (linux64 - "CentOS Linux 8")

CPU model: Intel(R) Xeon(R) Gold 6248R CPU @ 3.00GHz, instruction set [SSE2|AVX|AVX2|AVX512]
Thread count: 48 physical cores, 48 logical processors, using up to 32 threads

Optimize a model with 417600 rows, 834801 columns and 2083271 nonzeros
Model fingerprint: 0xac988b5c
Model has 400 quadratic objective terms
Coefficient statistics:
  Matrix range     [1e+00, 9e+02]
  Objective range  [5e-04, 1e+03]
  QObjective range [2e+03, 2e+05]
  Bounds range     [3e-06, 1e+00]
  RHS range        [9e-11, 4e-01]
Presolve removed 208947 rows and 209294 columns
Presolve time: 0.81s
Presolved: 208653 rows, 625507 columns, 1249571 nonzeros
Presolved model has 400 quadratic objective terms
Ordering time: 1.40s

Barrier statistics:
 AA' NZ     : 6.241e+05
 Factor NZ  : 6.773e+07 (roughly 900 MB of memory)
 Factor Ops : 2.543e+10 (less than 1 second per iteration)
 Threads    : 32

                  Objective                Residual
Iter       Primal          Dual         Primal    Dual     Compl     Time
   0  -1.62274253e+11  1.10640369e+11  1.04e+06 1.12e-13  1.00e+06     5s
   1  -6.54711784e+10  6.33635355e+10  4.43e+04 3.08e+01  4.67e+04     7s
   2  -3.05878762e+10  3.06522622e+10  4.48e+02 1.24e-01  5.43e+02     9s
   3  -1.08844300e+10  1.09720227e+10  3.21e+00 1.50e-12  2.86e+01    11s
   4  -2.40133262e+09  2.49893449e+09  2.67e-01 1.24e-12  5.95e+00    16s
   5  -5.82506801e+08  6.48521962e+08  3.65e-02 2.90e-12  1.46e+00    21s
   6  -9.63279883e+07  1.09543661e+08  2.74e-03 1.39e-12  2.41e-01    26s
   7  -1.41166673e+07  1.68695359e+07  2.74e-09 1.38e-12  3.63e-02    30s
   8  -2.07067530e+06  2.45653919e+06  2.89e-13 9.94e-13  5.30e-03    33s
   9  -3.08946606e+05  3.77295777e+05  4.23e-14 3.68e-13  8.03e-04    35s
  10  -4.67101044e+04  5.44369787e+04  1.93e-14 6.05e-14  1.18e-04    37s
  11  -7.36315106e+03  8.49554446e+03  1.38e-14 7.96e-15  1.86e-05    39s
  12  -1.40010026e+03  1.88576226e+03  9.57e-15 1.96e-15  3.85e-06    42s
  13  -3.08360045e+02  9.20641888e+02  1.21e-15 6.66e-16  1.44e-06    44s
  14   7.99825628e+01  4.00923227e+02  5.29e-16 5.55e-16  3.76e-07    46s
  15   1.82555048e+02  2.80783583e+02  2.18e-16 6.66e-16  1.15e-07    49s
  16   2.18523768e+02  2.59915158e+02  1.22e-16 6.66e-16  4.85e-08    51s
  17   2.25039855e+02  2.56389063e+02  1.04e-16 4.44e-16  3.67e-08    52s
  18   2.34984418e+02  2.51290688e+02  6.57e-17 4.44e-16  1.91e-08    54s
  19   2.40383549e+02  2.48481888e+02  2.56e-16 4.44e-16  9.48e-09    56s
  20   2.42982551e+02  2.47244979e+02  9.95e-17 4.44e-16  4.99e-09    58s
  21   2.44405319e+02  2.46605721e+02  1.01e-16 5.55e-16  2.58e-09    59s
  22   2.44959486e+02  2.46365538e+02  7.26e-17 4.44e-16  1.65e-09    61s
  23   2.45268077e+02  2.46234159e+02  1.45e-16 4.44e-16  1.13e-09    63s
  24   2.45450811e+02  2.46157161e+02  1.37e-16 4.44e-16  8.27e-10    65s
  25   2.45644549e+02  2.46076711e+02  1.29e-16 4.44e-16  5.06e-10    67s
  26   2.45801610e+02  2.46012093e+02  1.50e-16 8.88e-16  2.46e-10    68s
  27   2.45867291e+02  2.45985592e+02  2.35e-16 6.66e-16  1.39e-10    70s
  28   2.45922719e+02  2.45963473e+02  3.02e-16 5.55e-16  4.77e-11    72s
  29   2.45937793e+02  2.45957548e+02  9.39e-16 6.66e-16  2.31e-11    74s
  30   2.45944803e+02  2.45954814e+02  6.89e-16 5.55e-16  1.17e-11    76s
  31   2.45951242e+02  2.45952302e+02  1.69e-15 6.66e-16  1.24e-12    78s
  32   2.45951335e+02  2.45952266e+02  1.48e-15 6.66e-16  1.09e-12    80s
  33   2.45951748e+02  2.45952106e+02  1.06e-15 6.66e-16  4.18e-13    82s
  34   2.45951972e+02  2.45952019e+02  1.13e-15 6.66e-16  5.43e-14    84s
  35   2.45952003e+02  2.45952007e+02  4.23e-16 6.66e-16  4.80e-15    86s

Barrier solved model in 35 iterations and 85.78 seconds (15.99 work units)
Optimal objective 2.45952003e+02

Done! Time elapsed: 116.49502682685852 seconds.
Starting HMC sampling...

                                                                                                                                                                                                                                                                                                                                
Finished sampling! Elapsed Time: 1042.3365931510925 seconds

Checking sampler transitions treedepth.
139 of 16000 (0.87%) transitions hit the maximum treedepth limit of 10, or 2^10 leapfrog steps.
Trajectories that are prematurely terminated due to this limit will result in slow exploration.
For optimal performance, increase this limit.

Checking sampler transitions for divergences.
No divergent transitions found.

Checking E-BFMI - sampler transitions HMC potential energy.
E-BFMI satisfactory.

Rank-normalized split effective sample size satisfactory for all parameters.

Rank-normalized split R-hat values satisfactory for all parameters.

Processing complete.

Parameters from last iteration: [2.09419718e-01 3.96114459e-01 3.97168882e-01 ... 2.52562044e+02
 2.34194905e+02 2.33657751e+02]

Parameters from current iteration:
            [2.26818386e-01 3.94236029e-01 3.95181578e-01 ... 2.52728772e+02
 2.34327225e+02 2.33762927e+02]

Updated uncertain values: [2.13769385e-01 3.95644851e-01 3.96672056e-01 ... 2.52603726e+02
 2.34227985e+02 2.33684045e+02]


            Iteration [   3]: Absolute Error = 0.4679591444921698,
            Percentage Error = 0.0919032887378579
            
Optimization Iteration[4/100]

Theta: [0.21376939 0.39564485 0.39667206 ... 2.1128265  1.20572249 1.04098   ]

Gamma: [605.67805472 586.88808687 531.5996499  ... 252.60372629 234.22798523
 233.68404503]

Solving the optimization problem...
Set parameter TokenServer to value "licenses.rcc.uchicago.edu"
Read LP format model from file /scratch/local/jobs/50255481/tmp_ffea7w_.pyomo.lp
Reading time = 2.15 seconds
x1: 417600 rows, 834801 columns, 2083271 nonzeros
Gurobi Optimizer version 11.0.0 build v11.0.0rc2 (linux64 - "CentOS Linux 8")

CPU model: Intel(R) Xeon(R) Gold 6248R CPU @ 3.00GHz, instruction set [SSE2|AVX|AVX2|AVX512]
Thread count: 48 physical cores, 48 logical processors, using up to 32 threads

Optimize a model with 417600 rows, 834801 columns and 2083271 nonzeros
Model fingerprint: 0xf806d856
Model has 400 quadratic objective terms
Coefficient statistics:
  Matrix range     [1e+00, 9e+02]
  Objective range  [2e-03, 1e+03]
  QObjective range [2e+03, 2e+05]
  Bounds range     [3e-06, 1e+00]
  RHS range        [9e-11, 4e-01]
Presolve removed 208947 rows and 209294 columns
Presolve time: 0.81s
Presolved: 208653 rows, 625507 columns, 1249571 nonzeros
Presolved model has 400 quadratic objective terms
Ordering time: 1.26s

Barrier statistics:
 AA' NZ     : 6.241e+05
 Factor NZ  : 6.773e+07 (roughly 900 MB of memory)
 Factor Ops : 2.543e+10 (less than 1 second per iteration)
 Threads    : 32

                  Objective                Residual
Iter       Primal          Dual         Primal    Dual     Compl     Time
   0  -1.62329288e+11  1.10640369e+11  1.04e+06 1.13e-13  1.00e+06     5s
   1  -6.54735021e+10  6.33635351e+10  4.43e+04 3.08e+01  4.67e+04     7s
   2  -3.05878997e+10  3.06522619e+10  4.48e+02 1.24e-01  5.43e+02     9s
   3  -1.08844301e+10  1.09720226e+10  3.21e+00 1.76e-12  2.86e+01    11s
   4  -2.40133267e+09  2.49893447e+09  2.67e-01 1.25e-12  5.95e+00    16s
   5  -5.82506800e+08  6.48521920e+08  3.65e-02 2.22e-12  1.46e+00    21s
   6  -9.63279966e+07  1.09543641e+08  2.74e-03 1.47e-12  2.41e-01    25s
   7  -1.41166780e+07  1.68695232e+07  2.74e-09 1.58e-12  3.63e-02    30s
   8  -2.07068579e+06  2.45652944e+06  2.60e-13 8.99e-13  5.30e-03    33s
   9  -3.08956054e+05  3.77283474e+05  4.09e-14 2.69e-13  8.03e-04    35s
  10  -4.67190472e+04  5.44259966e+04  1.80e-14 5.47e-14  1.18e-04    37s
  11  -7.37175827e+03  8.48527169e+03  1.26e-14 9.66e-15  1.86e-05    39s
  12  -1.85632832e+03  1.95620655e+03  9.80e-15 2.20e-15  4.46e-06    42s
  13  -4.19816748e+02  1.06795478e+03  1.75e-15 6.66e-16  1.74e-06    44s
  14   4.80214051e+01  4.13272119e+02  5.63e-16 6.66e-16  4.28e-07    47s
  15   1.65135589e+02  2.75811840e+02  2.48e-16 4.44e-16  1.30e-07    49s
  16   2.05531958e+02  2.52240330e+02  1.57e-16 6.66e-16  5.47e-08    51s
  17   2.19849815e+02  2.44031172e+02  9.91e-17 6.66e-16  2.83e-08    53s
  18   2.25594284e+02  2.41023213e+02  3.94e-16 4.44e-16  1.81e-08    55s
  19   2.30260521e+02  2.38703422e+02  3.83e-16 4.44e-16  9.88e-09    56s
  20   2.33060439e+02  2.37405546e+02  3.66e-16 4.44e-16  5.09e-09    58s
  21   2.34289622e+02  2.36865357e+02  2.14e-16 6.66e-16  3.02e-09    60s
  22   2.35143437e+02  2.36499425e+02  1.87e-16 4.44e-16  1.59e-09    62s
  23   2.35399342e+02  2.36392413e+02  2.02e-16 6.66e-16  1.16e-09    64s
  24   2.35707788e+02  2.36264319e+02  3.01e-16 4.44e-16  6.52e-10    65s
  25   2.35889129e+02  2.36190115e+02  3.93e-16 4.44e-16  3.52e-10    67s
  26   2.35985610e+02  2.36151159e+02  3.14e-16 4.44e-16  1.94e-10    69s
  27   2.36052812e+02  2.36124300e+02  3.69e-16 8.88e-16  8.37e-11    71s
  28   2.36083095e+02  2.36112364e+02  7.22e-16 6.66e-16  3.43e-11    73s
  29   2.36096327e+02  2.36107198e+02  1.85e-15 6.66e-16  1.27e-11    74s
  30   2.36098984e+02  2.36106165e+02  9.48e-16 6.66e-16  8.41e-12    76s
  31   2.36102662e+02  2.36104738e+02  7.56e-16 6.66e-16  2.43e-12    78s
  32   2.36103668e+02  2.36104347e+02  1.39e-15 8.88e-16  7.96e-13    80s
  33   2.36104105e+02  2.36104178e+02  3.33e-15 6.66e-16  8.62e-14    82s
  34   2.36104154e+02  2.36104159e+02  1.54e-15 8.88e-16  5.84e-15    84s

Barrier solved model in 34 iterations and 84.43 seconds (15.80 work units)
Optimal objective 2.36104154e+02

Done! Time elapsed: 114.67644619941711 seconds.
Starting HMC sampling...

                                                                                                                                                                                                                                                                                                                                
Finished sampling! Elapsed Time: 986.6731033325195 seconds

Checking sampler transitions treedepth.
168 of 16000 (1.05%) transitions hit the maximum treedepth limit of 10, or 2^10 leapfrog steps.
Trajectories that are prematurely terminated due to this limit will result in slow exploration.
For optimal performance, increase this limit.

Checking sampler transitions for divergences.
No divergent transitions found.

Checking E-BFMI - sampler transitions HMC potential energy.
E-BFMI satisfactory.

Rank-normalized split effective sample size satisfactory for all parameters.

Rank-normalized split R-hat values satisfactory for all parameters.

Processing complete.

Parameters from last iteration: [2.13769385e-01 3.95644851e-01 3.96672056e-01 ... 2.52603726e+02
 2.34227985e+02 2.33684045e+02]

Parameters from current iteration:
            [2.24797655e-01 3.93022925e-01 3.93973036e-01 ... 2.52688486e+02
 2.34252396e+02 2.33646377e+02]

Updated uncertain values: [2.16526453e-01 3.94989370e-01 3.95997301e-01 ... 2.52624916e+02
 2.34234088e+02 2.33674628e+02]


            Iteration [   4]: Absolute Error = 0.25218503399412384,
            Percentage Error = 0.06970211585580312
            
Optimization Iteration[5/100]

Theta: [0.21652645 0.39498937 0.3959973  ... 2.09769873 1.20418633 1.04152656]

Gamma: [605.63427127 586.86491712 531.60039584 ... 252.62491626 234.23408791
 233.67462809]

Solving the optimization problem...
Set parameter TokenServer to value "licenses.rcc.uchicago.edu"
Read LP format model from file /scratch/local/jobs/50255481/tmpqx0z0n66.pyomo.lp
Reading time = 2.17 seconds
x1: 417600 rows, 834801 columns, 2083271 nonzeros
Gurobi Optimizer version 11.0.0 build v11.0.0rc2 (linux64 - "CentOS Linux 8")

CPU model: Intel(R) Xeon(R) Gold 6248R CPU @ 3.00GHz, instruction set [SSE2|AVX|AVX2|AVX512]
Thread count: 48 physical cores, 48 logical processors, using up to 32 threads

Optimize a model with 417600 rows, 834801 columns and 2083271 nonzeros
Model fingerprint: 0x3c79ebb4
Model has 400 quadratic objective terms
Coefficient statistics:
  Matrix range     [1e+00, 9e+02]
  Objective range  [2e-03, 1e+03]
  QObjective range [2e+03, 2e+05]
  Bounds range     [3e-06, 1e+00]
  RHS range        [9e-11, 4e-01]
Presolve removed 208947 rows and 209294 columns
Presolve time: 0.81s
Presolved: 208653 rows, 625507 columns, 1249571 nonzeros
Presolved model has 400 quadratic objective terms
Ordering time: 1.26s

Barrier statistics:
 AA' NZ     : 6.241e+05
 Factor NZ  : 6.773e+07 (roughly 900 MB of memory)
 Factor Ops : 2.543e+10 (less than 1 second per iteration)
 Threads    : 32

                  Objective                Residual
Iter       Primal          Dual         Primal    Dual     Compl     Time
   0  -1.62365602e+11  1.10640369e+11  1.04e+06 1.13e-13  1.00e+06     5s
   1  -6.54750364e+10  6.33635357e+10  4.43e+04 3.08e+01  4.67e+04     7s
   2  -3.05879155e+10  3.06522622e+10  4.48e+02 1.24e-01  5.43e+02     9s
   3  -1.08844303e+10  1.09720227e+10  3.21e+00 1.48e-12  2.86e+01    11s
   4  -2.40133275e+09  2.49893452e+09  2.67e-01 1.25e-12  5.95e+00    16s
   5  -5.82506793e+08  6.48521895e+08  3.65e-02 4.15e-12  1.46e+00    21s
   6  -9.63279935e+07  1.09543621e+08  2.74e-03 1.44e-12  2.41e-01    26s
   7  -1.41166836e+07  1.68695156e+07  2.74e-09 4.86e-12  3.63e-02    31s
   8  -2.07069249e+06  2.45652281e+06  2.41e-13 8.79e-13  5.30e-03    33s
   9  -3.08962405e+05  3.77275448e+05  5.03e-14 3.94e-13  8.03e-04    35s
  10  -4.67251300e+04  5.44186679e+04  2.05e-14 6.61e-14  1.18e-04    37s
  11  -7.37761580e+03  8.47835520e+03  1.23e-14 7.47e-15  1.86e-05    39s
  12  -1.84542888e+03  1.93267262e+03  9.41e-15 2.18e-15  4.42e-06    43s
  13  -4.34342580e+02  1.08479962e+03  1.01e-15 7.10e-16  1.78e-06    45s
  14   4.13839296e+01  4.03187410e+02  6.36e-16 5.42e-16  4.24e-07    47s
  15   1.58580995e+02  2.68731325e+02  2.24e-16 6.66e-16  1.29e-07    50s
  16   2.00983846e+02  2.44246061e+02  1.13e-16 6.66e-16  5.07e-08    52s
  17   2.07987874e+02  2.40290126e+02  1.13e-16 6.66e-16  3.78e-08    54s
  18   2.13619165e+02  2.37322042e+02  7.83e-17 4.44e-16  2.78e-08    55s
  19   2.22362011e+02  2.32529572e+02  7.09e-17 4.44e-16  1.19e-08    57s
  20   2.24866726e+02  2.31319942e+02  1.84e-16 4.44e-16  7.56e-09    59s
  21   2.27089806e+02  2.30284332e+02  1.65e-16 4.44e-16  3.74e-09    61s
  22   2.27499058e+02  2.30113334e+02  1.37e-16 4.44e-16  3.06e-09    62s
  23   2.28424751e+02  2.29707827e+02  2.11e-16 4.44e-16  1.50e-09    64s
  24   2.28703371e+02  2.29585555e+02  9.69e-17 6.66e-16  1.03e-09    66s
  25   2.29032594e+02  2.29445329e+02  1.74e-16 4.44e-16  4.83e-10    68s
  26   2.29171223e+02  2.29386857e+02  1.81e-16 4.44e-16  2.52e-10    69s
  27   2.29259696e+02  2.29350371e+02  4.42e-16 6.66e-16  1.06e-10    71s
  28   2.29293783e+02  2.29336759e+02  3.11e-16 4.44e-16  5.03e-11    73s
  29   2.29309446e+02  2.29330596e+02  5.99e-16 6.66e-16  2.48e-11    75s
  30   2.29317366e+02  2.29327472e+02  1.18e-15 6.66e-16  1.18e-11    77s
  31   2.29322871e+02  2.29325329e+02  3.32e-16 6.66e-16  2.88e-12    79s
  32   2.29323961e+02  2.29324905e+02  1.99e-15 6.66e-16  1.11e-12    81s
  33   2.29324498e+02  2.29324698e+02  1.32e-15 6.66e-16  2.34e-13    83s
  34   2.29324633e+02  2.29324646e+02  1.52e-15 1.11e-15  1.48e-14    85s
  35   2.29324642e+02  2.29324642e+02  5.36e-15 6.66e-16  2.16e-16    86s

Barrier solved model in 35 iterations and 86.43 seconds (16.00 work units)
Optimal objective 2.29324642e+02

Done! Time elapsed: 116.94995760917664 seconds.
Starting HMC sampling...

                                                                                                                                                                                                                                                                                                                                
Finished sampling! Elapsed Time: 859.9997420310974 seconds

Checking sampler transitions treedepth.
81 of 16000 (0.51%) transitions hit the maximum treedepth limit of 10, or 2^10 leapfrog steps.
Trajectories that are prematurely terminated due to this limit will result in slow exploration.
For optimal performance, increase this limit.

Checking sampler transitions for divergences.
No divergent transitions found.

Checking E-BFMI - sampler transitions HMC potential energy.
E-BFMI satisfactory.

Rank-normalized split effective sample size satisfactory for all parameters.

Rank-normalized split R-hat values satisfactory for all parameters.

Processing complete.

Parameters from last iteration: [2.16526453e-01 3.94989370e-01 3.95997301e-01 ... 2.52624916e+02
 2.34234088e+02 2.33674628e+02]

Parameters from current iteration:
            [2.22258341e-01 3.89679831e-01 3.90625402e-01 ... 2.52662846e+02
 2.34294765e+02 2.33766798e+02]

Updated uncertain values: [2.17959425e-01 3.93661985e-01 3.94654326e-01 ... 2.52634399e+02
 2.34249257e+02 2.33697670e+02]


            Iteration [   5]: Absolute Error = 0.23051344626890113,
            Percentage Error = 0.04643831306297148
            
Optimization Iteration[6/100]

Theta: [0.21795942 0.39366199 0.39465433 ... 2.0881257  1.20306564 1.04167003]

Gamma: [605.67152212 586.88430143 531.598944   ... 252.6343988  234.24925706
 233.69767045]

Solving the optimization problem...
Set parameter TokenServer to value "licenses.rcc.uchicago.edu"
Read LP format model from file /scratch/local/jobs/50255481/tmpgdz44_77.pyomo.lp
Reading time = 2.16 seconds
x1: 417600 rows, 834801 columns, 2083271 nonzeros
Gurobi Optimizer version 11.0.0 build v11.0.0rc2 (linux64 - "CentOS Linux 8")

CPU model: Intel(R) Xeon(R) Gold 6248R CPU @ 3.00GHz, instruction set [SSE2|AVX|AVX2|AVX512]
Thread count: 48 physical cores, 48 logical processors, using up to 32 threads

Optimize a model with 417600 rows, 834801 columns and 2083271 nonzeros
Model fingerprint: 0x3d3ec323
Model has 400 quadratic objective terms
Coefficient statistics:
  Matrix range     [1e+00, 9e+02]
  Objective range  [2e-03, 1e+03]
  QObjective range [2e+03, 2e+05]
  Bounds range     [3e-06, 1e+00]
  RHS range        [9e-11, 4e-01]
Presolve removed 208947 rows and 209294 columns
Presolve time: 0.81s
Presolved: 208653 rows, 625507 columns, 1249571 nonzeros
Presolved model has 400 quadratic objective terms
Ordering time: 0.98s

Barrier statistics:
 AA' NZ     : 6.241e+05
 Factor NZ  : 6.773e+07 (roughly 900 MB of memory)
 Factor Ops : 2.543e+10 (less than 1 second per iteration)
 Threads    : 32

                  Objective                Residual
Iter       Primal          Dual         Primal    Dual     Compl     Time
   0  -5.19392852e+10  1.08047801e+08  1.04e+06 4.47e+02  1.00e+06     5s
   1  -3.38860888e+09  4.61361946e+07  6.70e+04 1.12e-12  7.67e+04     7s
   2  -1.51114620e+07  7.46390367e+06  1.54e+02 2.03e-12  1.94e+02     9s
   3  -1.29291817e+06  1.26696613e+06  2.12e+00 3.13e-12  5.35e+00    11s
   4  -2.18310839e+05  2.90348226e+05  6.53e-02 1.69e-12  6.70e-01    13s
   5  -4.52364114e+04  5.92675754e+04  2.90e-03 1.17e-12  1.26e-01    15s
   6  -1.11579523e+04  1.40445095e+04  3.39e-04 1.07e-12  3.03e-02    17s
   7  -4.12743977e+03  4.89703354e+03  8.45e-05 7.78e-13  1.08e-02    19s
   8  -1.54774525e+03  2.61354664e+03  1.55e-05 9.58e-13  4.99e-03    21s
   9  -5.77656692e+02  1.16690922e+03  5.51e-06 7.85e-13  2.09e-03    23s
  10  -2.58639432e+01  4.46378207e+02  3.77e-07 3.86e-13  5.66e-04    25s
  11   1.40083659e+02  2.95460493e+02  1.99e-08 2.42e-13  1.86e-04    27s
  12   1.91056007e+02  2.46346984e+02  5.91e-10 4.55e-13  6.63e-05    29s
  13   1.95356818e+02  2.43197683e+02  5.09e-10 4.55e-13  5.74e-05    31s
  14   2.01261039e+02  2.39019554e+02  3.99e-10 4.07e-13  4.53e-05    32s
  15   2.02813827e+02  2.37970325e+02  3.71e-10 5.12e-13  4.21e-05    34s
  16   2.06054277e+02  2.35813869e+02  3.13e-10 5.68e-13  3.57e-05    36s
  17   2.09447307e+02  2.33594757e+02  1.72e-10 4.55e-13  2.90e-05    38s
  18   2.20322583e+02  2.27005727e+02  1.45e-11 6.82e-13  8.01e-06    40s
  19   2.21771335e+02  2.26267161e+02  8.16e-12 6.82e-13  5.39e-06    42s
  20   2.23340086e+02  2.25516897e+02  2.98e-12 5.68e-13  2.61e-06    44s
  21   2.24096281e+02  2.25170612e+02  1.12e-12 5.68e-13  1.29e-06    46s
  22   2.24268426e+02  2.25094105e+02  7.15e-13 4.55e-13  9.90e-07    48s
  23   2.24511921e+02  2.24988727e+02  3.30e-13 4.55e-13  5.72e-07    50s
  24   2.24691818e+02  2.24912255e+02  8.20e-14 6.82e-13  2.64e-07    52s
  25   2.24763747e+02  2.24882761e+02  2.85e-14 4.55e-13  1.43e-07    54s
  26   2.24811919e+02  2.24863424e+02  9.99e-15 6.82e-13  6.17e-08    55s
  27   2.24833021e+02  2.24855028e+02  2.51e-15 6.82e-13  2.64e-08    57s
  28   2.24844531e+02  2.24850532e+02  1.24e-15 6.82e-13  7.19e-09    60s
  29   2.24847347e+02  2.24849440e+02  4.16e-15 6.82e-13  2.51e-09    62s
  30   2.24848210e+02  2.24849106e+02  4.25e-15 6.82e-13  1.07e-09    63s
  31   2.24848487e+02  2.24848999e+02  8.14e-15 6.82e-13  6.14e-10    65s
  32   2.24848793e+02  2.24848880e+02  8.54e-15 6.82e-13  1.05e-10    67s
  33   2.24848839e+02  2.24848862e+02  1.32e-15 6.82e-13  2.77e-11    69s
  34   2.24848856e+02  2.24848856e+02  1.60e-15 6.82e-13  2.64e-13    71s

Barrier solved model in 34 iterations and 70.83 seconds (15.47 work units)
Optimal objective 2.24848856e+02

Done! Time elapsed: 101.34314489364624 seconds.
Starting HMC sampling...

                                                                                                                                                                                                                                                                                                                                
Finished sampling! Elapsed Time: 805.1991589069366 seconds

Checking sampler transitions treedepth.
55 of 16000 (0.34%) transitions hit the maximum treedepth limit of 10, or 2^10 leapfrog steps.
Trajectories that are prematurely terminated due to this limit will result in slow exploration.
For optimal performance, increase this limit.

Checking sampler transitions for divergences.
No divergent transitions found.

Checking E-BFMI - sampler transitions HMC potential energy.
E-BFMI satisfactory.

Rank-normalized split effective sample size satisfactory for all parameters.

Rank-normalized split R-hat values satisfactory for all parameters.

Processing complete.

Parameters from last iteration: [2.17959425e-01 3.93661985e-01 3.94654326e-01 ... 2.52634399e+02
 2.34249257e+02 2.33697670e+02]

Parameters from current iteration:
            [2.20748522e-01 3.87213085e-01 3.88153252e-01 ... 2.52651894e+02
 2.34229686e+02 2.33672695e+02]

Updated uncertain values: [2.18656699e-01 3.92049760e-01 3.93029058e-01 ... 2.52638772e+02
 2.34244364e+02 2.33691427e+02]


            Iteration [   6]: Absolute Error = 0.1932349708736183,
            Percentage Error = 0.030494046150903384
            
Optimization Iteration[7/100]

Theta: [0.2186567  0.39204976 0.39302906 ... 2.08027735 1.20203975 1.04168262]

Gamma: [605.73329306 586.93610373 531.62294583 ... 252.63877248 234.24436427
 233.69142659]

Solving the optimization problem...
Set parameter TokenServer to value "licenses.rcc.uchicago.edu"
Read LP format model from file /scratch/local/jobs/50255481/tmpi1v3bbhr.pyomo.lp
Reading time = 2.18 seconds
x1: 417600 rows, 834801 columns, 2083271 nonzeros
Gurobi Optimizer version 11.0.0 build v11.0.0rc2 (linux64 - "CentOS Linux 8")

CPU model: Intel(R) Xeon(R) Gold 6248R CPU @ 3.00GHz, instruction set [SSE2|AVX|AVX2|AVX512]
Thread count: 48 physical cores, 48 logical processors, using up to 32 threads

Optimize a model with 417600 rows, 834801 columns and 2083271 nonzeros
Model fingerprint: 0x30d493d5
Model has 400 quadratic objective terms
Coefficient statistics:
  Matrix range     [1e+00, 9e+02]
  Objective range  [9e-04, 1e+03]
  QObjective range [2e+03, 2e+05]
  Bounds range     [3e-06, 1e+00]
  RHS range        [9e-11, 4e-01]
Presolve removed 208947 rows and 209294 columns
Presolve time: 0.81s
Presolved: 208653 rows, 625507 columns, 1249571 nonzeros
Presolved model has 400 quadratic objective terms
Ordering time: 1.08s

Barrier statistics:
 AA' NZ     : 6.241e+05
 Factor NZ  : 6.773e+07 (roughly 900 MB of memory)
 Factor Ops : 2.543e+10 (less than 1 second per iteration)
 Threads    : 32

                  Objective                Residual
Iter       Primal          Dual         Primal    Dual     Compl     Time
   0  -1.62405065e+11  1.10640369e+11  1.04e+06 1.13e-13  1.00e+06     5s
   1  -6.54767035e+10  6.33635344e+10  4.43e+04 3.08e+01  4.67e+04     7s
   2  -3.05879319e+10  3.06522616e+10  4.48e+02 1.24e-01  5.43e+02     9s
   3  -1.08844303e+10  1.09720224e+10  3.21e+00 1.70e-12  2.86e+01    11s
   4  -2.40133276e+09  2.49893449e+09  2.67e-01 1.25e-12  5.95e+00    15s
   5  -5.82506772e+08  6.48521849e+08  3.65e-02 5.35e-12  1.46e+00    20s
   6  -9.63279879e+07  1.09543595e+08  2.74e-03 1.47e-12  2.41e-01    25s
   7  -1.41166893e+07  1.68695056e+07  2.74e-09 1.98e-12  3.63e-02    30s
   8  -2.07069952e+06  2.45651538e+06  2.96e-13 1.09e-12  5.30e-03    32s
   9  -3.08969015e+05  3.77266526e+05  3.95e-14 2.64e-13  8.03e-04    34s
  10  -4.67314778e+04  5.44105421e+04  2.02e-14 5.60e-14  1.18e-04    36s
  11  -7.38387398e+03  8.47067640e+03  1.23e-14 1.04e-14  1.86e-05    38s
  12  -1.82537057e+03  1.89823711e+03  9.76e-15 2.06e-15  4.36e-06    42s
  13  -4.50212193e+02  1.10281084e+03  2.24e-15 6.88e-16  1.82e-06    43s
  14   2.90996070e+01  4.03332468e+02  7.06e-16 5.30e-16  4.38e-07    46s
  15   1.50367951e+02  2.61128280e+02  2.05e-16 5.55e-16  1.30e-07    48s
  16   1.92968788e+02  2.37003433e+02  1.75e-16 6.66e-16  5.16e-08    50s
  17   1.99794299e+02  2.33111851e+02  1.55e-16 4.44e-16  3.90e-08    52s
  18   2.07117678e+02  2.28764518e+02  1.14e-16 6.66e-16  2.53e-08    54s
  19   2.13420742e+02  2.25558793e+02  8.63e-17 4.44e-16  1.42e-08    56s
  20   2.16612717e+02  2.24023608e+02  9.87e-17 4.44e-16  8.68e-09    58s
  21   2.18694166e+02  2.23074661e+02  2.38e-16 6.66e-16  5.13e-09    60s
  22   2.19748436e+02  2.22622701e+02  3.38e-16 4.44e-16  3.37e-09    61s
  23   2.20783376e+02  2.22168288e+02  3.78e-16 4.44e-16  1.62e-09    63s
  24   2.21244133e+02  2.21972660e+02  3.26e-16 4.44e-16  8.53e-10    65s
  25   2.21412424e+02  2.21902771e+02  1.17e-16 4.44e-16  5.74e-10    67s
  26   2.21548950e+02  2.21846853e+02  2.02e-16 4.44e-16  3.49e-10    68s
  27   2.21626247e+02  2.21815687e+02  2.18e-16 4.44e-16  2.22e-10    70s
  28   2.21731625e+02  2.21773386e+02  5.28e-16 6.66e-16  4.89e-11    72s
  29   2.21746083e+02  2.21767661e+02  1.27e-15 4.44e-16  2.53e-11    74s
  30   2.21756565e+02  2.21763550e+02  1.39e-15 6.66e-16  8.18e-12    76s
  31   2.21760346e+02  2.21762083e+02  4.96e-15 8.88e-16  2.03e-12    78s
  32   2.21761313e+02  2.21761709e+02  3.68e-15 6.66e-16  4.63e-13    80s
  33   2.21761477e+02  2.21761645e+02  1.53e-15 6.66e-16  1.98e-13    82s
  34   2.21761575e+02  2.21761608e+02  1.30e-15 6.66e-16  3.87e-14    84s
  35   2.21761597e+02  2.21761599e+02  2.24e-15 8.88e-16  2.63e-15    86s

Barrier solved model in 35 iterations and 85.64 seconds (15.99 work units)
Optimal objective 2.21761597e+02

Done! Time elapsed: 118.5789942741394 seconds.
Starting HMC sampling...

                                                                                                                                                                                                                                                                                                                                
Finished sampling! Elapsed Time: 1096.6631338596344 seconds

Checking sampler transitions treedepth.
143 of 16000 (0.89%) transitions hit the maximum treedepth limit of 10, or 2^10 leapfrog steps.
Trajectories that are prematurely terminated due to this limit will result in slow exploration.
For optimal performance, increase this limit.

Checking sampler transitions for divergences.
No divergent transitions found.

Checking E-BFMI - sampler transitions HMC potential energy.
E-BFMI satisfactory.

Rank-normalized split effective sample size satisfactory for all parameters.

Rank-normalized split R-hat values satisfactory for all parameters.

Processing complete.

Parameters from last iteration: [2.18656699e-01 3.92049760e-01 3.93029058e-01 ... 2.52638772e+02
 2.34244364e+02 2.33691427e+02]

Parameters from current iteration:
            [2.19768802e-01 3.86402218e-01 3.87343339e-01 ... 2.52752914e+02
 2.34280306e+02 2.33684383e+02]

Updated uncertain values: [2.18934725e-01 3.90637875e-01 3.91607628e-01 ... 2.52667308e+02
 2.34253350e+02 2.33689666e+02]


            Iteration [   7]: Absolute Error = 0.15634467714437505,
            Percentage Error = 0.019737618558364662
            
Optimization Iteration[8/100]

Theta: [0.21893472 0.39063787 0.39160763 ... 2.07405319 1.20122401 1.04170013]

Gamma: [605.78943186 586.99597303 531.66847816 ... 252.6673078  234.25334978
 233.68966582]

Solving the optimization problem...
Set parameter TokenServer to value "licenses.rcc.uchicago.edu"
Read LP format model from file /scratch/local/jobs/50255481/tmpntwe423p.pyomo.lp
Reading time = 2.20 seconds
x1: 417600 rows, 834801 columns, 2083271 nonzeros
Gurobi Optimizer version 11.0.0 build v11.0.0rc2 (linux64 - "CentOS Linux 8")

CPU model: Intel(R) Xeon(R) Gold 6248R CPU @ 3.00GHz, instruction set [SSE2|AVX|AVX2|AVX512]
Thread count: 48 physical cores, 48 logical processors, using up to 32 threads

Optimize a model with 417600 rows, 834801 columns and 2083271 nonzeros
Model fingerprint: 0x3770051e
Model has 400 quadratic objective terms
Coefficient statistics:
  Matrix range     [1e+00, 9e+02]
  Objective range  [1e-03, 1e+03]
  QObjective range [2e+03, 2e+05]
  Bounds range     [3e-06, 1e+00]
  RHS range        [9e-11, 4e-01]
Presolve removed 208947 rows and 209294 columns
Presolve time: 0.81s
Presolved: 208653 rows, 625507 columns, 1249571 nonzeros
Presolved model has 400 quadratic objective terms
Ordering time: 0.88s

Barrier statistics:
 AA' NZ     : 6.241e+05
 Factor NZ  : 6.773e+07 (roughly 900 MB of memory)
 Factor Ops : 2.543e+10 (less than 1 second per iteration)
 Threads    : 32

                  Objective                Residual
Iter       Primal          Dual         Primal    Dual     Compl     Time
   0  -1.62415899e+11  1.10640369e+11  1.04e+06 1.14e-13  1.00e+06     5s
   1  -6.54771632e+10  6.33635354e+10  4.43e+04 3.08e+01  4.67e+04     7s
   2  -3.05879370e+10  3.06522621e+10  4.48e+02 1.24e-01  5.43e+02     9s
   3  -1.08844305e+10  1.09720226e+10  3.21e+00 1.46e-12  2.86e+01    11s
   4  -2.40133279e+09  2.49893451e+09  2.67e-01 1.25e-12  5.95e+00    16s
   5  -5.82506781e+08  6.48521848e+08  3.65e-02 4.33e-12  1.46e+00    21s
   6  -9.63279907e+07  1.09543592e+08  2.74e-03 1.48e-12  2.41e-01    26s
   7  -1.41166917e+07  1.68695044e+07  2.74e-09 2.84e-12  3.63e-02    31s
   8  -2.07070158e+06  2.45651388e+06  2.74e-13 1.15e-12  5.30e-03    33s
   9  -3.08970757e+05  3.77264186e+05  4.00e-14 2.81e-13  8.03e-04    35s
  10  -4.67331324e+04  5.44084827e+04  1.96e-14 6.21e-14  1.18e-04    37s
  11  -7.38554284e+03  8.46864054e+03  1.35e-14 9.17e-15  1.86e-05    39s
  12  -1.81567308e+03  1.88463963e+03  1.09e-14 1.94e-15  4.33e-06    43s
  13  -4.53258235e+02  1.10633404e+03  1.43e-15 6.66e-16  1.83e-06    44s
  14   2.86995424e+01  3.96953680e+02  7.27e-16 6.66e-16  4.31e-07    47s
  15   1.48634100e+02  2.58771631e+02  3.98e-16 5.55e-16  1.29e-07    50s
  16   1.89999308e+02  2.35278059e+02  2.06e-16 6.66e-16  5.30e-08    52s
  17   2.01813403e+02  2.28510946e+02  1.02e-16 4.44e-16  3.13e-08    53s
  18   2.09892594e+02  2.24161055e+02  7.46e-17 4.44e-16  1.67e-08    55s
  19   2.14259105e+02  2.21999023e+02  1.36e-16 4.44e-16  9.06e-09    57s
  20   2.16711800e+02  2.20859578e+02  7.81e-17 4.44e-16  4.86e-09    59s
  21   2.17688986e+02  2.20445466e+02  1.18e-16 4.44e-16  3.23e-09    61s
  22   2.18783905e+02  2.19960765e+02  1.60e-16 4.44e-16  1.38e-09    62s
  23   2.18808367e+02  2.19950297e+02  1.61e-16 6.66e-16  1.34e-09    64s
  24   2.18850100e+02  2.19932534e+02  1.46e-16 6.66e-16  1.27e-09    66s
  25   2.19200128e+02  2.19784561e+02  2.32e-16 6.66e-16  6.84e-10    68s
  26   2.19374911e+02  2.19712237e+02  2.52e-16 4.44e-16  3.95e-10    70s
  27   2.19504980e+02  2.19659323e+02  4.00e-16 4.44e-16  1.81e-10    71s
  28   2.19510045e+02  2.19657288e+02  3.87e-16 6.66e-16  1.72e-10    73s
  29   2.19571938e+02  2.19632506e+02  4.20e-16 5.55e-16  7.09e-11    75s
  30   2.19588266e+02  2.19626065e+02  3.11e-16 4.44e-16  4.43e-11    77s
  31   2.19610285e+02  2.19617447e+02  1.33e-15 6.66e-16  8.39e-12    80s
  32   2.19613742e+02  2.19616102e+02  2.59e-15 6.66e-16  2.76e-12    82s
  33   2.19614917e+02  2.19615648e+02  8.69e-15 5.55e-16  8.56e-13    84s
  34   2.19615225e+02  2.19615529e+02  2.16e-15 6.66e-16  3.55e-13    86s
  35   2.19615404e+02  2.19615459e+02  3.87e-15 6.66e-16  6.43e-14    88s
  36   2.19615442e+02  2.19615445e+02  2.53e-15 7.77e-16  2.88e-15    89s

Barrier solved model in 36 iterations and 89.43 seconds (16.33 work units)
Optimal objective 2.19615442e+02

Done! Time elapsed: 119.99602913856506 seconds.
Starting HMC sampling...

                                                                                                                                                                                                                                                                                                                                
Finished sampling! Elapsed Time: 802.3505873680115 seconds

Checking sampler transitions treedepth.
54 of 16000 (0.34%) transitions hit the maximum treedepth limit of 10, or 2^10 leapfrog steps.
Trajectories that are prematurely terminated due to this limit will result in slow exploration.
For optimal performance, increase this limit.

Checking sampler transitions for divergences.
No divergent transitions found.

Checking E-BFMI - sampler transitions HMC potential energy.
E-BFMI satisfactory.

Rank-normalized split effective sample size satisfactory for all parameters.

Rank-normalized split R-hat values satisfactory for all parameters.

Processing complete.

Parameters from last iteration: [2.18934725e-01 3.90637875e-01 3.91607628e-01 ... 2.52667308e+02
 2.34253350e+02 2.33689666e+02]

Parameters from current iteration:
            [2.19525539e-01 3.85663484e-01 3.86601806e-01 ... 2.52699304e+02
 2.34286251e+02 2.33710868e+02]

Updated uncertain values: [2.19082428e-01 3.89394277e-01 3.90356172e-01 ... 2.52675307e+02
 2.34261575e+02 2.33694966e+02]


            Iteration [   8]: Absolute Error = 0.15542248265978742,
            Percentage Error = 0.013607074590764746
            
Optimization Iteration[9/100]

Theta: [0.21908243 0.38939428 0.39035617 ... 2.0690772  1.20025146 1.04135526]

Gamma: [605.6762444  586.91569916 531.62674871 ... 252.6753068  234.261575
 233.69496636]

Solving the optimization problem...
Set parameter TokenServer to value "licenses.rcc.uchicago.edu"
Read LP format model from file /scratch/local/jobs/50255481/tmpp5dwwfi2.pyomo.lp
Reading time = 2.19 seconds
x1: 417600 rows, 834801 columns, 2083271 nonzeros
Gurobi Optimizer version 11.0.0 build v11.0.0rc2 (linux64 - "CentOS Linux 8")

CPU model: Intel(R) Xeon(R) Gold 6248R CPU @ 3.00GHz, instruction set [SSE2|AVX|AVX2|AVX512]
Thread count: 48 physical cores, 48 logical processors, using up to 32 threads

Optimize a model with 417600 rows, 834801 columns and 2083271 nonzeros
Model fingerprint: 0x58eed3c5
Model has 400 quadratic objective terms
Coefficient statistics:
  Matrix range     [1e+00, 9e+02]
  Objective range  [9e-04, 1e+03]
  QObjective range [2e+03, 2e+05]
  Bounds range     [3e-06, 1e+00]
  RHS range        [9e-11, 4e-01]
Presolve removed 208947 rows and 209294 columns
Presolve time: 0.81s
Presolved: 208653 rows, 625507 columns, 1249571 nonzeros
Presolved model has 400 quadratic objective terms
Ordering time: 1.13s

Barrier statistics:
 AA' NZ     : 6.241e+05
 Factor NZ  : 6.773e+07 (roughly 900 MB of memory)
 Factor Ops : 2.543e+10 (less than 1 second per iteration)
 Threads    : 32

                  Objective                Residual
Iter       Primal          Dual         Primal    Dual     Compl     Time
   0  -1.62422745e+11  1.10640369e+11  1.04e+06 1.14e-13  1.00e+06     5s
   1  -6.54774542e+10  6.33635366e+10  4.43e+04 3.08e+01  4.67e+04     7s
   2  -3.05879404e+10  3.06522626e+10  4.48e+02 1.24e-01  5.43e+02     9s
   3  -1.08844307e+10  1.09720228e+10  3.21e+00 1.43e-12  2.86e+01    11s
   4  -2.40133284e+09  2.49893456e+09  2.67e-01 1.24e-12  5.95e+00    16s
   5  -5.82506781e+08  6.48521849e+08  3.65e-02 3.69e-12  1.46e+00    21s
   6  -9.63279863e+07  1.09543585e+08  2.74e-03 1.46e-12  2.41e-01    26s
   7  -1.41166921e+07  1.68695029e+07  2.74e-09 4.19e-12  3.63e-02    31s
   8  -2.07070272e+06  2.45651279e+06  2.72e-13 1.04e-12  5.30e-03    33s
   9  -3.08971857e+05  3.77262138e+05  3.64e-14 2.76e-13  8.03e-04    35s
  10  -4.67342663e+04  5.44067840e+04  1.85e-14 6.44e-14  1.18e-04    37s
  11  -7.38672659e+03  8.46701438e+03  1.36e-14 9.60e-15  1.86e-05    39s
  12  -1.81086528e+03  1.87706251e+03  1.01e-14 2.71e-15  4.32e-06    42s
  13  -4.57041061e+02  1.11222954e+03  9.33e-16 6.66e-16  1.84e-06    44s
  14   2.80106115e+01  3.92546354e+02  4.28e-16 6.66e-16  4.27e-07    47s
  15   1.47287724e+02  2.57057468e+02  2.29e-16 4.44e-16  1.29e-07    49s
  16   1.86667750e+02  2.34629070e+02  1.24e-16 6.66e-16  5.62e-08    51s
  17   1.97956850e+02  2.28201627e+02  9.80e-17 4.44e-16  3.54e-08    53s
  18   2.05068436e+02  2.24523589e+02  7.55e-17 4.44e-16  2.28e-08    54s
  19   2.12147055e+02  2.20866391e+02  8.11e-17 4.44e-16  1.02e-08    56s
  20   2.15393364e+02  2.19220011e+02  1.65e-16 4.44e-16  4.48e-09    58s
  21   2.16330174e+02  2.18784856e+02  2.10e-16 6.66e-16  2.87e-09    60s
  22   2.17213799e+02  2.18390295e+02  2.45e-16 4.44e-16  1.38e-09    61s
  23   2.17565659e+02  2.18238368e+02  1.33e-16 6.66e-16  7.88e-10    63s
  24   2.17803393e+02  2.18138471e+02  1.66e-16 4.44e-16  3.92e-10    65s
  25   2.17913275e+02  2.18093592e+02  1.34e-16 5.55e-16  2.11e-10    67s
  26   2.17983470e+02  2.18065251e+02  2.62e-16 4.44e-16  9.57e-11    69s
  27   2.17989648e+02  2.18062790e+02  2.31e-16 4.44e-16  8.56e-11    70s
  28   2.18024734e+02  2.18048915e+02  7.72e-16 5.55e-16  2.83e-11    72s
  29   2.18034888e+02  2.18044927e+02  2.33e-15 6.66e-16  1.18e-11    74s
  30   2.18040417e+02  2.18042768e+02  3.83e-15 6.66e-16  2.75e-12    76s
  31   2.18041372e+02  2.18042398e+02  5.17e-15 4.44e-16  1.20e-12    78s
  32   2.18041842e+02  2.18042216e+02  3.31e-15 6.66e-16  4.39e-13    80s
  33   2.18042026e+02  2.18042145e+02  4.66e-15 4.44e-16  1.40e-13    82s
  34   2.18042104e+02  2.18042115e+02  3.68e-15 6.66e-16  1.27e-14    84s

Barrier solved model in 34 iterations and 83.99 seconds (15.66 work units)
Optimal objective 2.18042104e+02

Done! Time elapsed: 114.41274785995483 seconds.
Starting HMC sampling...

                                                                                                                                                                                                                                                                                                                                
Finished sampling! Elapsed Time: 1008.9435119628906 seconds

Checking sampler transitions treedepth.
127 of 16000 (0.79%) transitions hit the maximum treedepth limit of 10, or 2^10 leapfrog steps.
Trajectories that are prematurely terminated due to this limit will result in slow exploration.
For optimal performance, increase this limit.

Checking sampler transitions for divergences.
No divergent transitions found.

Checking E-BFMI - sampler transitions HMC potential energy.
E-BFMI satisfactory.

Rank-normalized split effective sample size satisfactory for all parameters.

Rank-normalized split R-hat values satisfactory for all parameters.

Processing complete.

Parameters from last iteration: [2.19082428e-01 3.89394277e-01 3.90356172e-01 ... 2.52675307e+02
 2.34261575e+02 2.33694966e+02]

Parameters from current iteration:
            [2.18652831e-01 3.85711370e-01 3.86654891e-01 ... 2.52695273e+02
 2.34260302e+02 2.33664706e+02]

Updated uncertain values: [2.18975029e-01 3.88473550e-01 3.89430852e-01 ... 2.52680298e+02
 2.34261257e+02 2.33687401e+02]


            Iteration [   9]: Absolute Error = 0.10884918142301103,
            Percentage Error = 0.007907492059767063
            
Optimization Iteration[10/100]

Theta: [0.21897503 0.38847355 0.38943085 ... 2.06599414 1.20015897 1.04173336]

Gamma: [605.69501579 586.93560018 531.65249218 ... 252.68029834 234.26125672
 233.68740117]

Solving the optimization problem...
Set parameter TokenServer to value "licenses.rcc.uchicago.edu"
Read LP format model from file /scratch/local/jobs/50255481/tmpnx74dtky.pyomo.lp
Reading time = 2.15 seconds
x1: 417600 rows, 834801 columns, 2083271 nonzeros
Gurobi Optimizer version 11.0.0 build v11.0.0rc2 (linux64 - "CentOS Linux 8")

CPU model: Intel(R) Xeon(R) Gold 6248R CPU @ 3.00GHz, instruction set [SSE2|AVX|AVX2|AVX512]
Thread count: 48 physical cores, 48 logical processors, using up to 32 threads

Optimize a model with 417600 rows, 834801 columns and 2083271 nonzeros
Model fingerprint: 0x77df5581
Model has 400 quadratic objective terms
Coefficient statistics:
  Matrix range     [1e+00, 9e+02]
  Objective range  [6e-04, 1e+03]
  QObjective range [2e+03, 2e+05]
  Bounds range     [3e-06, 1e+00]
  RHS range        [9e-11, 4e-01]
Presolve removed 208947 rows and 209294 columns
Presolve time: 0.81s
Presolved: 208653 rows, 625507 columns, 1249571 nonzeros
Presolved model has 400 quadratic objective terms
Ordering time: 1.10s

Barrier statistics:
 AA' NZ     : 6.241e+05
 Factor NZ  : 6.773e+07 (roughly 900 MB of memory)
 Factor Ops : 2.543e+10 (less than 1 second per iteration)
 Threads    : 32

                  Objective                Residual
Iter       Primal          Dual         Primal    Dual     Compl     Time
   0  -1.62427092e+11  1.10640369e+11  1.04e+06 1.13e-13  1.00e+06     5s
   1  -6.54776378e+10  6.33635362e+10  4.43e+04 3.08e+01  4.67e+04     7s
   2  -3.05879421e+10  3.06522624e+10  4.48e+02 1.24e-01  5.43e+02     9s
   3  -1.08844306e+10  1.09720227e+10  3.21e+00 1.65e-12  2.86e+01    11s
   4  -2.40133284e+09  2.49893456e+09  2.67e-01 1.45e-12  5.95e+00    16s
   5  -5.82506772e+08  6.48521841e+08  3.65e-02 3.27e-12  1.46e+00    21s
   6  -9.63279817e+07  1.09543580e+08  2.74e-03 1.55e-12  2.41e-01    26s
   7  -1.41166919e+07  1.68695010e+07  2.74e-09 1.59e-12  3.63e-02    30s
   8  -2.07070338e+06  2.45651210e+06  2.39e-13 1.21e-12  5.30e-03    33s
   9  -3.08972512e+05  3.77260575e+05  4.85e-14 3.90e-13  8.03e-04    35s
  10  -4.67349837e+04  5.44055878e+04  2.19e-14 4.90e-14  1.18e-04    37s
  11  -7.38750995e+03  8.46587410e+03  1.27e-14 7.88e-15  1.86e-05    39s
  12  -1.81163252e+03  1.87582204e+03  9.74e-15 3.05e-15  4.32e-06    42s
  13  -4.62048498e+02  1.12118713e+03  9.98e-16 7.13e-16  1.85e-06    44s
  14   2.68359533e+01  3.90028332e+02  6.23e-16 6.66e-16  4.25e-07    46s
  15   1.46221355e+02  2.55858349e+02  2.10e-16 5.55e-16  1.28e-07    48s
  16   1.85752063e+02  2.33419505e+02  1.93e-16 6.66e-16  5.58e-08    51s
  17   1.96228583e+02  2.27458147e+02  1.24e-16 4.44e-16  3.66e-08    52s
  18   2.04077721e+02  2.23111055e+02  8.98e-17 4.44e-16  2.23e-08    54s
  19   2.10310129e+02  2.20066198e+02  6.16e-17 4.44e-16  1.14e-08    56s
  20   2.13518091e+02  2.18466331e+02  8.15e-17 4.44e-16  5.79e-09    58s
  21   2.15329372e+02  2.17624237e+02  6.53e-17 6.66e-16  2.69e-09    59s
  22   2.16084182e+02  2.17293464e+02  2.18e-16 4.44e-16  1.42e-09    61s
  23   2.16485923e+02  2.17122923e+02  1.61e-16 4.44e-16  7.46e-10    63s
  24   2.16565931e+02  2.17089724e+02  1.29e-16 4.44e-16  6.13e-10    65s
  25   2.16660400e+02  2.17050722e+02  1.64e-16 6.66e-16  4.57e-10    66s
  26   2.16787964e+02  2.16998605e+02  4.24e-16 4.44e-16  2.47e-10    68s
  27   2.16871528e+02  2.16964758e+02  2.72e-16 4.44e-16  1.09e-10    70s
  28   2.16913941e+02  2.16947879e+02  3.10e-16 6.66e-16  3.97e-11    72s
  29   2.16928254e+02  2.16942283e+02  1.96e-15 6.66e-16  1.64e-11    74s
  30   2.16934162e+02  2.16939988e+02  2.28e-15 8.88e-16  6.82e-12    76s
  31   2.16937531e+02  2.16938683e+02  2.85e-15 6.66e-16  1.35e-12    78s
  32   2.16938024e+02  2.16938493e+02  1.63e-15 4.44e-16  5.49e-13    80s
  33   2.16938196e+02  2.16938426e+02  2.12e-15 8.88e-16  2.70e-13    82s
  34   2.16938320e+02  2.16938378e+02  1.58e-15 6.66e-16  6.86e-14    84s
  35   2.16938360e+02  2.16938363e+02  1.26e-15 6.66e-16  3.04e-15    86s

Barrier solved model in 35 iterations and 85.54 seconds (15.99 work units)
Optimal objective 2.16938360e+02

Done! Time elapsed: 115.90921092033386 seconds.
Starting HMC sampling...

                                                                                                                                                                                                                                                                                                                                
Finished sampling! Elapsed Time: 1004.3407266139984 seconds

Checking sampler transitions treedepth.
222 of 16000 (1.39%) transitions hit the maximum treedepth limit of 10, or 2^10 leapfrog steps.
Trajectories that are prematurely terminated due to this limit will result in slow exploration.
For optimal performance, increase this limit.

Checking sampler transitions for divergences.
No divergent transitions found.

Checking E-BFMI - sampler transitions HMC potential energy.
E-BFMI satisfactory.

Rank-normalized split effective sample size satisfactory for all parameters.

Rank-normalized split R-hat values satisfactory for all parameters.

Processing complete.

Parameters from last iteration: [2.18975029e-01 3.88473550e-01 3.89430852e-01 ... 2.52680298e+02
 2.34261257e+02 2.33687401e+02]

Parameters from current iteration:
            [2.18922218e-01 3.85041560e-01 3.85979777e-01 ... 2.52673161e+02
 2.34300103e+02 2.33772487e+02]

Updated uncertain values: [2.18961826e-01 3.87615553e-01 3.88568083e-01 ... 2.52678514e+02
 2.34270968e+02 2.33708673e+02]


            Iteration [  10]: Absolute Error = 0.1977666953679318,
            Percentage Error = 0.004962126793976428
            
Terminated. Sampling the final distribution...

                                                                                                                                                                                                                                                                                                                                
Solving the optimization problem...
Set parameter TokenServer to value "licenses.rcc.uchicago.edu"
Read LP format model from file /scratch/local/jobs/50255481/tmpn30ha2ld.pyomo.lp
Reading time = 2.16 seconds
x1: 417600 rows, 834801 columns, 2083271 nonzeros
Gurobi Optimizer version 11.0.0 build v11.0.0rc2 (linux64 - "CentOS Linux 8")

CPU model: Intel(R) Xeon(R) Gold 6248R CPU @ 3.00GHz, instruction set [SSE2|AVX|AVX2|AVX512]
Thread count: 48 physical cores, 48 logical processors, using up to 32 threads

Optimize a model with 417600 rows, 834801 columns and 2083271 nonzeros
Model fingerprint: 0x1f8b318b
Model has 400 quadratic objective terms
Coefficient statistics:
  Matrix range     [1e+00, 9e+02]
  Objective range  [8e-05, 1e+03]
  QObjective range [2e+03, 2e+05]
  Bounds range     [2e-06, 1e+00]
  RHS range        [6e-10, 4e-01]
Presolve removed 209011 rows and 209422 columns
Presolve time: 0.81s
Presolved: 208589 rows, 625379 columns, 1249315 nonzeros
Presolved model has 400 quadratic objective terms
Ordering time: 1.15s

Barrier statistics:
 AA' NZ     : 6.239e+05
 Factor NZ  : 6.769e+07 (roughly 900 MB of memory)
 Factor Ops : 2.541e+10 (less than 1 second per iteration)
 Threads    : 32

                  Objective                Residual
Iter       Primal          Dual         Primal    Dual     Compl     Time
   0  -1.62435854e+11  1.10640510e+11  1.04e+06 1.13e-13  1.00e+06     5s
   1  -6.50284022e+10  6.29196404e+10  4.42e+04 3.07e+01  4.64e+04     7s
   2  -3.03887696e+10  3.04530390e+10  4.47e+02 1.24e-01  5.40e+02     9s
   3  -1.08293886e+10  1.09168430e+10  3.61e+00 1.38e-12  2.88e+01    11s
   4  -2.46833775e+09  2.56617170e+09  2.90e-01 1.37e-12  6.12e+00    16s
   5  -5.87262323e+08  6.54599270e+08  3.72e-02 2.28e-12  1.47e+00    21s
   6  -9.80972902e+07  1.11691225e+08  2.90e-03 1.38e-12  2.46e-01    25s
   7  -1.45004067e+07  1.73500335e+07  7.49e-06 1.12e-12  3.73e-02    30s
   8  -2.12852088e+06  2.53180885e+06  7.66e-12 1.53e-12  5.46e-03    33s
   9  -3.17960468e+05  3.89362236e+05  3.51e-14 3.58e-13  8.28e-04    35s
  10  -4.82065300e+04  5.61405252e+04  1.93e-14 7.34e-14  1.22e-04    37s
  11  -7.68700137e+03  8.64706564e+03  1.59e-14 9.76e-15  1.91e-05    39s
  12  -1.98600894e+03  1.88894029e+03  1.13e-14 3.33e-15  4.54e-06    42s
  13  -5.66572579e+02  1.09217941e+03  2.06e-15 7.56e-16  1.94e-06    44s
  14  -5.62085748e+01  3.21185788e+02  8.75e-16 7.06e-16  4.42e-07    46s
  15   6.34122219e+01  2.06461414e+02  2.38e-16 6.66e-16  1.68e-07    48s
  16   1.13235187e+02  1.63089973e+02  1.96e-16 6.66e-16  5.84e-08    50s
  17   1.20386097e+02  1.58745031e+02  1.56e-16 6.66e-16  4.49e-08    52s
  18   1.30803480e+02  1.52954925e+02  7.68e-17 6.66e-16  2.59e-08    54s
  19   1.36612513e+02  1.49776593e+02  7.50e-17 4.44e-16  1.54e-08    56s
  20   1.41076400e+02  1.47385566e+02  8.78e-17 4.44e-16  7.39e-09    57s
  21   1.43150166e+02  1.46324585e+02  7.59e-17 6.66e-16  3.72e-09    59s
  22   1.44054370e+02  1.45897326e+02  5.92e-17 5.55e-16  2.16e-09    61s
  23   1.44319298e+02  1.45777541e+02  5.12e-17 4.44e-16  1.71e-09    63s
  24   1.44764781e+02  1.45583839e+02  1.09e-16 4.44e-16  9.59e-10    65s
  25   1.45009018e+02  1.45479337e+02  8.33e-17 4.44e-16  5.51e-10    66s
  26   1.45025957e+02  1.45472234e+02  7.76e-17 8.88e-16  5.23e-10    68s
  27   1.45077084e+02  1.45450536e+02  7.13e-17 6.66e-16  4.37e-10    70s
  28   1.45214709e+02  1.45393023e+02  9.06e-17 4.44e-16  2.09e-10    72s
  29   1.45218454e+02  1.45391503e+02  8.63e-17 6.66e-16  2.03e-10    74s
  30   1.45277149e+02  1.45367546e+02  1.42e-16 6.66e-16  1.06e-10    76s
  31   1.45304884e+02  1.45356525e+02  1.90e-16 4.44e-16  6.05e-11    78s
  32   1.45329984e+02  1.45346716e+02  2.90e-16 8.88e-16  1.96e-11    80s
  33   1.45335564e+02  1.45344541e+02  1.07e-15 6.66e-16  1.05e-11    82s
  34   1.45339970e+02  1.45342837e+02  7.56e-15 6.66e-16  3.36e-12    84s
  35   1.45340988e+02  1.45342445e+02  6.54e-15 6.66e-16  1.71e-12    85s
  36   1.45341624e+02  1.45342201e+02  1.09e-14 5.55e-16  6.75e-13    87s
  37   1.45341944e+02  1.45342078e+02  3.76e-15 6.66e-16  1.57e-13    89s
  38   1.45342030e+02  1.45342045e+02  1.52e-15 6.66e-16  1.72e-14    91s
  39   1.45342040e+02  1.45342041e+02  1.43e-15 6.66e-16  1.49e-15    93s

Barrier solved model in 39 iterations and 93.06 seconds (17.61 work units)
Optimal objective 1.45342040e+02

Done! Time elapsed: 123.25622487068176 seconds.
min_result -0.04046650265215953 min_pe 5.8

Program ends Fri May 29 22:34:13 CDT 2026
Exit code: 0
Elapsed time: 16674 seconds
